../Drivers/CMSIS/Include/core_cm4.h:2059:26:ITM_SendChar	16	static,ignoring_inline_asm
../Core/Inc/vdp.h:92:6:initBitMap	24	static
../Core/Inc/vdp.h:101:6:swapRGBBytes	16	static
../Core/Inc/vdp.h:108:6:initColorMaps	160	static
../Core/Inc/vdp.h:136:6:setColorLevels	560	static
../Core/Src/main.c:105:5:_write	32	static
../Core/Src/main.c:119:5:main	8	static
../Core/Src/main.c:331:6:SystemClock_Config	88	static
../Core/Src/main.c:378:6:ADCCallback	32	static
../Core/Src/main.c:425:6:VSyncCallback	16	static
../Core/Src/main.c:451:6:SPIFullCallback	16	static
../Core/Src/main.c:455:6:DMAHalfComplete	16	static
../Core/Src/main.c:467:6:Error_Handler	4	static,ignoring_inline_asm
