../Drivers/CMSIS/Include/core_cm4.h:2059:26:ITM_SendChar	16	static,ignoring_inline_asm
../Core/Src/main.c:139:5:_write	32	static
../Core/Src/main.c:153:5:main	8	static
../Core/Src/main.c:385:6:SystemClock_Config	88	static
../Core/Src/main.c:432:6:ADCCallback	32	static
../Core/Src/main.c:479:6:VSyncCallback	16	static
../Core/Src/main.c:505:6:SPIFullCallback	16	static
../Core/Src/main.c:509:6:GPIODMAComplete	16	static
../Core/Src/main.c:515:6:handleEncoderInputs	16	static
../Core/Src/main.c:556:6:updateSetupState	4	static
../Core/Src/main.c:586:6:processSetupState	8	static
../Core/Src/main.c:635:6:cancelSetup	8	static
../Core/Src/main.c:639:6:initSetup	8	static
../Core/Src/main.c:649:6:Error_Handler	4	static,ignoring_inline_asm
