../Core/Inc/GFX_HW.h:13:7:constexpr GFX_HW::GFX_HW()	16	static
../Core/Inc/GFX_HW_PAR16.h:16:2:GFX_HW_PAR16::GFX_HW_PAR16(GPIO_TypeDef*, GPIO_TypeDef*, uint16_t, GPIO_TypeDef*, uint16_t, GPIO_TypeDef*, uint16_t, GPIO_TypeDef*, uint16_t, GPIO_TypeDef*, uint16_t)	24	static
../Core/Inc/GFX_HW_PAR16.h:37:15:virtual void GFX_HW_PAR16::reset(uint32_t)	16	static
../Core/Inc/GFX_HW_PAR16.h:52:15:virtual void GFX_HW_PAR16::sendCommand(uint8_t, const uint8_t*, uint8_t)	24	static
../Core/Inc/GFX_HW_PAR16.h:73:15:virtual void GFX_HW_PAR16::sendCommand16(uint16_t, const uint8_t*, uint8_t)	24	static
../Core/Inc/GFX_HW_PAR16.h:92:15:virtual void GFX_HW_PAR16::sendCommand16(uint16_t, uint16_t)	16	static
../Core/Inc/GFX_HW_PAR16.h:120:18:virtual uint8_t GFX_HW_PAR16::readcommand8(uint8_t, uint8_t)	24	static
../Core/Inc/GFX_HW_PAR16.h:155:19:virtual uint16_t GFX_HW_PAR16::readcommand16(uint8_t)	24	static
../Core/Inc/GFX_HW_PAR16.h:186:15:virtual void GFX_HW_PAR16::beginCommand()	16	static
../Core/Inc/GFX_HW_PAR16.h:194:15:virtual void GFX_HW_PAR16::writeCommand(uint8_t)	16	static
../Core/Inc/GFX_HW_PAR16.h:202:15:virtual void GFX_HW_PAR16::writeCommand16(uint16_t)	16	static
../Core/Inc/GFX_HW_PAR16.h:213:15:virtual void GFX_HW_PAR16::writeData(const uint8_t*, uint8_t)	24	static
../Core/Inc/GFX_HW_PAR16.h:228:15:virtual void GFX_HW_PAR16::write(uint8_t)	16	static
../Core/Inc/GFX_HW_PAR16.h:232:15:virtual void GFX_HW_PAR16::write16(uint16_t)	16	static,ignoring_inline_asm
../Core/Inc/GFX_HW_PAR16.h:252:15:virtual void GFX_HW_PAR16::end()	16	static
../Core/Inc/GFX_HW_PAR16.h:257:22:virtual void GFX_HW_PAR16::low(GPIO_TypeDef*, uint16_t)	24	static
../Core/Inc/GFX_HW_PAR16.h:261:22:virtual void GFX_HW_PAR16::high(GPIO_TypeDef*, uint16_t)	24	static
../Core/Inc/GFX_HW_PAR16.h:265:15:virtual void GFX_HW_PAR16::MY_Delay()	16	static,ignoring_inline_asm
../Core/Inc/GFX_HW_PAR16.h:269:15:virtual void GFX_HW_PAR16::MY_Delay1()	16	static,ignoring_inline_asm
../Core/Inc/GFX.h:36:2:GFX::GFX(GFX_HW&)	16	static
../Core/Inc/GFX.h:48:7:void GFX::drawFilledRectangle(uint16_t, uint16_t, uint16_t, uint16_t, uint16_t)	48	static
../Core/Inc/GFX.h:138:7:void GFX::fillTriangle(int16_t, int16_t, int16_t, int16_t, int16_t, int16_t, uint16_t)	80	static
../Core/Inc/GFX.h:219:7:void GFX::writeFastHLine(uint16_t, uint16_t, uint16_t, uint16_t)	48	static
../Core/Inc/GFX_ILI9325.h:157:2:GFX_ILI9325::GFX_ILI9325(GFX_HW&)	16	static
../Core/Inc/GFX_ILI9325.h:161:15:virtual void GFX_ILI9325::init()	24	static
../Core/Inc/GFX_ILI9325.h:185:15:virtual void GFX_ILI9325::cls()	16	static
../Core/Inc/GFX_ILI9325.h:189:15:virtual void GFX_ILI9325::setRotation(uint8_t)	24	static
../Core/Inc/GFX_ILI9325.h:221:15:virtual void GFX_ILI9325::setAddressWindow(uint16_t, uint16_t, uint16_t, uint16_t)	32	static
../Core/Inc/GFX_ILI9325.h:269:15:virtual void GFX_ILI9325::drawPixel(uint16_t, uint16_t, uint16_t)	40	static
../Core/Inc/GFX_ILI9325.h:277:22:virtual void GFX_ILI9325::pushPixel(uint16_t)	16	static
../Core/Inc/GFX_ILI9325.h:281:15:virtual void GFX_ILI9325::end()	16	static
../Core/Src/mymain.cpp:47:6:void vsync()	16	static
../Core/Src/mymain.cpp:52:6:void mysetup()	16	static
../Core/Src/mymain.cpp:59:6:void enableSetupGUI()	24	static
../Core/Src/mymain.cpp:72:6:void disableSetupGUI()	16	static
../Core/Src/mymain.cpp:77:6:void pushpixel(uint16_t)	16	static
../Core/Src/mymain.cpp:81:6:void initSetupColour(uint8_t)	40	static
../Core/Src/mymain.cpp:99:6:void drawVoltageSetting(uint16_t, float, float)	56	static
../Core/Src/mymain.cpp:115:6:void tuneY(uint8_t, int)	32	static
../Core/Src/mymain.cpp:121:6:void tuneRY(uint8_t, int)	32	static
../Core/Src/mymain.cpp:127:1:void __static_initialization_and_destruction_0(int, int)	48	static
../Core/Src/mymain.cpp:127:1:cpp)	8	static
