../Core/Src/main.c:387:6:ADCCallback	32	static
../Core/Src/main.c:460:6:SPIFullCallback	0	static
../Core/Src/main.c:464:6:GPIODMAComplete	0	static
../Core/Src/main.c:434:6:VSyncCallback	8	static
../Core/Inc/vdp.h:92:6:initBitMap	16	static
../Core/Inc/vdp.h:101:6:swapRGBBytes	0	static
../Core/Inc/vdp.h:136:6:setColorLevels	536	static
../Core/Inc/vdp.h:108:6:initColorMaps	144	static
../Core/Src/main.c:110:5:_write	4	static,ignoring_inline_asm
../Core/Src/main.c:340:6:SystemClock_Config	88	static,ignoring_inline_asm
../Core/Src/main.c:124:5:main	16	static,ignoring_inline_asm
../Core/Src/main.c:476:6:Error_Handler	0	static,ignoring_inline_asm
