../Core/Src/main.c:427:6:ADCCallback	32	static
../Core/Src/main.c:500:6:SPIFullCallback	0	static
../Core/Src/main.c:504:6:GPIODMAComplete	0	static
../Core/Src/main.c:474:6:VSyncCallback	8	static
../Core/Inc/vdp.h:92:6:initBitMap	16	static
../Core/Inc/vdp.h:101:6:swapRGBBytes	0	static
../Core/Inc/vdp.h:136:6:setColorLevels	536	static
../Core/Inc/vdp.h:108:6:initColorMaps	144	static
../Core/Src/main.c:135:5:_write	4	static,ignoring_inline_asm
../Core/Src/main.c:380:6:SystemClock_Config	88	static,ignoring_inline_asm
../Core/Src/main.c:510:6:handleEncoderInputs	16	static
../Core/Src/main.c:149:5:main	24	static,ignoring_inline_asm
../Core/Src/main.c:556:6:updateSetupState	0	static
../Core/Src/main.c:588:6:processSetupState	8	static
../Core/Src/main.c:626:6:cancelSetup	0	static
../Core/Src/main.c:630:6:initSetup	0	static
../Core/Src/main.c:634:6:tuneYL	0	static
../Core/Src/main.c:638:6:tuneYH	0	static
../Core/Src/main.c:642:6:tuneRYL	0	static
../Core/Src/main.c:646:6:tuneRYH	0	static
../Core/Src/main.c:656:6:Error_Handler	0	static,ignoring_inline_asm
