../Core/Src/main.c:432:6:ADCCallback	32	static
../Core/Src/main.c:505:6:SPIFullCallback	0	static
../Core/Src/main.c:509:6:GPIODMAComplete	0	static
../Core/Src/main.c:479:6:VSyncCallback	8	static
../Core/Src/main.c:139:5:_write	4	static,ignoring_inline_asm
../Core/Src/main.c:385:6:SystemClock_Config	88	static,ignoring_inline_asm
../Core/Src/main.c:515:6:handleEncoderInputs	24	static
../Core/Src/main.c:556:6:updateSetupState	0	static
../Core/Src/main.c:586:6:processSetupState	16	static
../Core/Src/main.c:153:5:main	16	static,ignoring_inline_asm
../Core/Src/main.c:635:6:cancelSetup	0	static
../Core/Src/main.c:639:6:initSetup	0	static
../Core/Src/main.c:649:6:Error_Handler	0	static,ignoring_inline_asm
