../Core/Inc/GFX_HW_SPI.h:227:15:virtual void GFX_HW_SPI::MY_Delay(uint32_t)	0	static,ignoring_inline_asm
../Core/Inc/GFX_ILI9341.h:158:15:virtual void GFX_ILI9341::cls()	0	static
../Core/Inc/GFX_ILI9341.h:191:15:virtual void GFX_ILI9341::setAddressWindow(uint16_t, uint16_t, uint16_t, uint16_t)	24	static
../Core/Inc/GFX_ILI9341.h:216:15:virtual void GFX_ILI9341::pushPixel(uint16_t)	0	static
../Core/Inc/GFX_ILI9341.h:220:15:virtual void GFX_ILI9341::end()	0	static
../Core/Inc/GFX_HW_SPI.h:198:15:virtual void GFX_HW_SPI::writeData(const uint8_t*, uint8_t)	0	static
../Core/Inc/GFX_ILI9341.h:137:15:virtual void GFX_ILI9341::init()	24	static
../Core/Inc/GFX_ILI9341.h:162:15:virtual void GFX_ILI9341::setRotation(uint8_t)	16	static
../Core/Inc/GFX_HW_SPI.h:24:15:virtual void GFX_HW_SPI::reset(uint32_t)	16	static,ignoring_inline_asm
../Core/Inc/GFX_HW_SPI.h:207:15:virtual void GFX_HW_SPI::write(uint8_t)	16	static
../Core/Inc/GFX_HW_SPI.h:211:15:virtual void GFX_HW_SPI::write16(uint16_t)	32	static
../Core/Inc/GFX_HW_SPI.h:218:15:virtual void GFX_HW_SPI::end()	8	static,ignoring_inline_asm
../Core/Inc/GFX_HW_SPI.h:172:15:virtual void GFX_HW_SPI::writeCommand(uint8_t)	16	static,ignoring_inline_asm
../Core/Inc/GFX_HW_SPI.h:162:15:virtual void GFX_HW_SPI::beginCommand()	16	static,ignoring_inline_asm
../Core/Inc/GFX_HW_SPI.h:110:18:virtual uint8_t GFX_HW_SPI::readcommand8(uint8_t, uint8_t)	32	static,ignoring_inline_asm
../Core/Inc/GFX_HW_SPI.h:135:19:virtual uint16_t GFX_HW_SPI::readcommand16(uint8_t)	32	static,ignoring_inline_asm
../Core/Inc/GFX_HW_SPI.h:37:15:virtual void GFX_HW_SPI::sendCommand(uint8_t, const uint8_t*, uint8_t)	32	static,ignoring_inline_asm
../Core/Inc/GFX_HW_SPI.h:184:15:virtual void GFX_HW_SPI::writeCommand16(uint16_t)	32	static,ignoring_inline_asm
../Core/Inc/GFX_HW_SPI.h:87:15:virtual void GFX_HW_SPI::sendCommand16(uint16_t, uint16_t)	40	static,ignoring_inline_asm
../Core/Inc/GFX_HW_SPI.h:62:15:virtual void GFX_HW_SPI::sendCommand16(uint16_t, const uint8_t*, uint8_t)	48	static,ignoring_inline_asm
../Core/Inc/GFX_ILI9341.h:210:15:virtual void GFX_ILI9341::drawPixel(uint16_t, uint16_t, uint16_t)	32	static
../Core/Inc/GFX.h:138:7:void GFX::fillTriangle(int16_t, int16_t, int16_t, int16_t, int16_t, int16_t, uint16_t)	88	static
../Core/Src/mymain.cpp:47:6:void vsync()	8	static
../Core/Src/mymain.cpp:52:6:void mysetup()	32	static
../Core/Src/mymain.cpp:59:6:void enableSetupGUI()	32	static
../Core/Src/mymain.cpp:72:6:void disableSetupGUI()	16	static
../Core/Src/mymain.cpp:77:6:void pushpixel(uint16_t)	0	static
../Core/Src/mymain.cpp:81:6:void initSetupColour(uint8_t)	48	static
../Core/Src/mymain.cpp:99:6:void drawVoltageSetting(uint16_t, float, float)	56	static
../Core/Src/mymain.cpp:115:6:void tuneY(uint8_t, int)	16	static
../Core/Src/mymain.cpp:121:6:void tuneRY(uint8_t, int)	16	static
../Core/Src/mymain.cpp:127:1:cpp)	4	static
