../Core/Src/stm32g4xx_it.c:74:6:NMI_Handler	8	static
../Core/Src/stm32g4xx_it.c:90:6:HardFault_Handler	0	static
../Core/Src/stm32g4xx_it.c:105:6:MemManage_Handler	0	static
../Core/Src/stm32g4xx_it.c:120:6:BusFault_Handler	0	static
../Core/Src/stm32g4xx_it.c:135:6:UsageFault_Handler	0	static
../Core/Src/stm32g4xx_it.c:150:6:SVC_Handler	0	static
../Core/Src/stm32g4xx_it.c:163:6:DebugMon_Handler	0	static
../Core/Src/stm32g4xx_it.c:176:6:PendSV_Handler	0	static
../Core/Src/stm32g4xx_it.c:189:6:SysTick_Handler	0	static
../Core/Src/stm32g4xx_it.c:210:6:DMA1_Channel1_IRQHandler	0	static
../Core/Src/stm32g4xx_it.c:224:6:DMA1_Channel2_IRQHandler	0	static
../Core/Src/stm32g4xx_it.c:238:6:TIM1_TRG_COM_TIM17_IRQHandler	0	static
../Core/Src/stm32g4xx_it.c:252:6:TIM2_IRQHandler	0	static
../Core/Src/stm32g4xx_it.c:266:6:TIM3_IRQHandler	0	static
../Core/Src/stm32g4xx_it.c:280:6:DMA2_Channel1_IRQHandler	0	static
../Core/Src/stm32g4xx_it.c:294:6:DMAMUX_OVR_IRQHandler	0	static
