../Core/Src/tim.c:126:6:MX_TIM2_Init	56	static
../Core/Src/tim.c:174:6:MX_TIM3_Init	96	static
../Core/Src/tim.c:251:6:MX_TIM4_Init	112	static
../Core/Src/tim.c:334:6:MX_TIM5_Init	24	static
../Core/Src/tim.c:599:6:HAL_TIM_Base_MspInit	80	static
../Core/Src/tim.c:732:6:HAL_TIM_Encoder_MspInit	48	static
../Core/Src/tim.c:770:6:HAL_TIM_OnePulse_MspInit	8	static
../Core/Src/tim.c:785:6:HAL_TIM_MspPostInit	48	static
../Core/Src/tim.c:38:6:MX_TIM1_Init	152	static
../Core/Src/tim.c:368:6:MX_TIM8_Init	128	static
../Core/Src/tim.c:449:6:MX_TIM16_Init	96	static
../Core/Src/tim.c:511:6:MX_TIM20_Init	152	static
../Core/Src/tim.c:875:6:HAL_TIM_Base_MspDeInit	8	static
../Core/Src/tim.c:972:6:HAL_TIM_Encoder_MspDeInit	8	static
../Core/Src/tim.c:997:6:HAL_TIM_OnePulse_MspDeInit	0	static
