../Core/Src/tim.c:126:6:MX_TIM2_Init	24	static
../Core/Src/tim.c:160:6:MX_TIM3_Init	96	static
../Core/Src/tim.c:237:6:MX_TIM4_Init	112	static
../Core/Src/tim.c:320:6:MX_TIM5_Init	24	static
../Core/Src/tim.c:585:6:HAL_TIM_Base_MspInit	80	static
../Core/Src/tim.c:718:6:HAL_TIM_OnePulse_MspInit	8	static
../Core/Src/tim.c:744:6:HAL_TIM_MspPostInit	48	static
../Core/Src/tim.c:38:6:MX_TIM1_Init	152	static
../Core/Src/tim.c:354:6:MX_TIM8_Init	128	static
../Core/Src/tim.c:435:6:MX_TIM16_Init	96	static
../Core/Src/tim.c:497:6:MX_TIM20_Init	152	static
../Core/Src/tim.c:834:6:HAL_TIM_Base_MspDeInit	8	static
../Core/Src/tim.c:931:6:HAL_TIM_OnePulse_MspDeInit	0	static
