Archive member included to satisfy reference by file (symbol)

c:/st/stm32cubeide_1.9.0/stm32cubeide/plugins/com.st.stm32cube.ide.mcu.externaltools.gnu-tools-for-stm32.10.3-2021.10.win32_1.0.0.202111181127/tools/bin/../lib/gcc/arm-none-eabi/10.3.1/../../../../arm-none-eabi/lib/thumb/v7e-m+fp/hard\libc_nano.a(lib_a-errno.o)
                              ./Core/Src/syscalls.o (__errno)
c:/st/stm32cubeide_1.9.0/stm32cubeide/plugins/com.st.stm32cube.ide.mcu.externaltools.gnu-tools-for-stm32.10.3-2021.10.win32_1.0.0.202111181127/tools/bin/../lib/gcc/arm-none-eabi/10.3.1/../../../../arm-none-eabi/lib/thumb/v7e-m+fp/hard\libc_nano.a(lib_a-exit.o)
                              c:/st/stm32cubeide_1.9.0/stm32cubeide/plugins/com.st.stm32cube.ide.mcu.externaltools.gnu-tools-for-stm32.10.3-2021.10.win32_1.0.0.202111181127/tools/bin/../lib/gcc/arm-none-eabi/10.3.1/../../../../arm-none-eabi/lib/thumb/v7e-m+fp/hard/crt0.o (exit)
c:/st/stm32cubeide_1.9.0/stm32cubeide/plugins/com.st.stm32cube.ide.mcu.externaltools.gnu-tools-for-stm32.10.3-2021.10.win32_1.0.0.202111181127/tools/bin/../lib/gcc/arm-none-eabi/10.3.1/../../../../arm-none-eabi/lib/thumb/v7e-m+fp/hard\libc_nano.a(lib_a-impure.o)
                              c:/st/stm32cubeide_1.9.0/stm32cubeide/plugins/com.st.stm32cube.ide.mcu.externaltools.gnu-tools-for-stm32.10.3-2021.10.win32_1.0.0.202111181127/tools/bin/../lib/gcc/arm-none-eabi/10.3.1/../../../../arm-none-eabi/lib/thumb/v7e-m+fp/hard\libc_nano.a(lib_a-exit.o) (_global_impure_ptr)
c:/st/stm32cubeide_1.9.0/stm32cubeide/plugins/com.st.stm32cube.ide.mcu.externaltools.gnu-tools-for-stm32.10.3-2021.10.win32_1.0.0.202111181127/tools/bin/../lib/gcc/arm-none-eabi/10.3.1/../../../../arm-none-eabi/lib/thumb/v7e-m+fp/hard\libc_nano.a(lib_a-init.o)
                              c:/st/stm32cubeide_1.9.0/stm32cubeide/plugins/com.st.stm32cube.ide.mcu.externaltools.gnu-tools-for-stm32.10.3-2021.10.win32_1.0.0.202111181127/tools/bin/../lib/gcc/arm-none-eabi/10.3.1/../../../../arm-none-eabi/lib/thumb/v7e-m+fp/hard/crt0.o (__libc_init_array)
c:/st/stm32cubeide_1.9.0/stm32cubeide/plugins/com.st.stm32cube.ide.mcu.externaltools.gnu-tools-for-stm32.10.3-2021.10.win32_1.0.0.202111181127/tools/bin/../lib/gcc/arm-none-eabi/10.3.1/../../../../arm-none-eabi/lib/thumb/v7e-m+fp/hard\libc_nano.a(lib_a-memset.o)
                              c:/st/stm32cubeide_1.9.0/stm32cubeide/plugins/com.st.stm32cube.ide.mcu.externaltools.gnu-tools-for-stm32.10.3-2021.10.win32_1.0.0.202111181127/tools/bin/../lib/gcc/arm-none-eabi/10.3.1/../../../../arm-none-eabi/lib/thumb/v7e-m+fp/hard/crt0.o (memset)
c:/st/stm32cubeide_1.9.0/stm32cubeide/plugins/com.st.stm32cube.ide.mcu.externaltools.gnu-tools-for-stm32.10.3-2021.10.win32_1.0.0.202111181127/tools/bin/../lib/gcc/arm-none-eabi/10.3.1/thumb/v7e-m+fp/hard\libgcc.a(_arm_muldf3.o)
                              ./Core/Src/mymain.o (__aeabi_dmul)
c:/st/stm32cubeide_1.9.0/stm32cubeide/plugins/com.st.stm32cube.ide.mcu.externaltools.gnu-tools-for-stm32.10.3-2021.10.win32_1.0.0.202111181127/tools/bin/../lib/gcc/arm-none-eabi/10.3.1/thumb/v7e-m+fp/hard\libgcc.a(_arm_addsubdf3.o)
                              ./Core/Src/mymain.o (__aeabi_dadd)
c:/st/stm32cubeide_1.9.0/stm32cubeide/plugins/com.st.stm32cube.ide.mcu.externaltools.gnu-tools-for-stm32.10.3-2021.10.win32_1.0.0.202111181127/tools/bin/../lib/gcc/arm-none-eabi/10.3.1/thumb/v7e-m+fp/hard\libgcc.a(_arm_fixunsdfsi.o)
                              ./Core/Src/mymain.o (__aeabi_d2uiz)
c:/st/stm32cubeide_1.9.0/stm32cubeide/plugins/com.st.stm32cube.ide.mcu.externaltools.gnu-tools-for-stm32.10.3-2021.10.win32_1.0.0.202111181127/tools/bin/../lib/gcc/arm-none-eabi/10.3.1/thumb/v7e-m+fp/hard\libgcc.a(_arm_truncdfsf2.o)
                              ./Core/Src/mymain.o (__aeabi_d2f)

Discarded input sections

 .text          0x0000000000000000        0x0 c:/st/stm32cubeide_1.9.0/stm32cubeide/plugins/com.st.stm32cube.ide.mcu.externaltools.gnu-tools-for-stm32.10.3-2021.10.win32_1.0.0.202111181127/tools/bin/../lib/gcc/arm-none-eabi/10.3.1/thumb/v7e-m+fp/hard/crti.o
 .data          0x0000000000000000        0x0 c:/st/stm32cubeide_1.9.0/stm32cubeide/plugins/com.st.stm32cube.ide.mcu.externaltools.gnu-tools-for-stm32.10.3-2021.10.win32_1.0.0.202111181127/tools/bin/../lib/gcc/arm-none-eabi/10.3.1/thumb/v7e-m+fp/hard/crti.o
 .bss           0x0000000000000000        0x0 c:/st/stm32cubeide_1.9.0/stm32cubeide/plugins/com.st.stm32cube.ide.mcu.externaltools.gnu-tools-for-stm32.10.3-2021.10.win32_1.0.0.202111181127/tools/bin/../lib/gcc/arm-none-eabi/10.3.1/thumb/v7e-m+fp/hard/crti.o
 .data          0x0000000000000000        0x4 c:/st/stm32cubeide_1.9.0/stm32cubeide/plugins/com.st.stm32cube.ide.mcu.externaltools.gnu-tools-for-stm32.10.3-2021.10.win32_1.0.0.202111181127/tools/bin/../lib/gcc/arm-none-eabi/10.3.1/thumb/v7e-m+fp/hard/crtbegin.o
[...]
Memory Configuration

Name             Origin             Length             Attributes
RAM              0x0000000020000000 0x0000000000020000 xrw
FLASH            0x0000000008000000 0x0000000000080000 xr
*default*        0x0000000000000000 0xffffffffffffffff

Linker script and memory map

LOAD c:/st/stm32cubeide_1.9.0/stm32cubeide/plugins/com.st.stm32cube.ide.mcu.externaltools.gnu-tools-for-stm32.10.3-2021.10.win32_1.0.0.202111181127/tools/bin/../lib/gcc/arm-none-eabi/10.3.1/thumb/v7e-m+fp/hard/crti.o
LOAD c:/st/stm32cubeide_1.9.0/stm32cubeide/plugins/com.st.stm32cube.ide.mcu.externaltools.gnu-tools-for-stm32.10.3-2021.10.win32_1.0.0.202111181127/tools/bin/../lib/gcc/arm-none-eabi/10.3.1/thumb/v7e-m+fp/hard/crtbegin.o
LOAD c:/st/stm32cubeide_1.9.0/stm32cubeide/plugins/com.st.stm32cube.ide.mcu.externaltools.gnu-tools-for-stm32.10.3-2021.10.win32_1.0.0.202111181127/tools/bin/../lib/gcc/arm-none-eabi/10.3.1/../../../../arm-none-eabi/lib/thumb/v7e-m+fp/hard/crt0.o
LOAD ./Core/Src/adc.o
LOAD ./Core/Src/comp.o
LOAD ./Core/Src/dma.o
LOAD ./Core/Src/gpio.o
LOAD ./Core/Src/main.o
LOAD ./Core/Src/mymain.o
LOAD ./Core/Src/spi.o
LOAD ./Core/Src/stm32g4xx_hal_msp.o
LOAD ./Core/Src/stm32g4xx_it.o
LOAD ./Core/Src/syscalls.o
LOAD ./Core/Src/sysmem.o
LOAD ./Core/Src/system_stm32g4xx.o
LOAD ./Core/Src/tim.o
LOAD ./Core/Src/vdp.o
LOAD ./Core/Startup/startup_stm32g474retx.o
LOAD ./Drivers/STM32G4xx_HAL_Driver/Src/stm32g4xx_hal.o
LOAD ./Drivers/STM32G4xx_HAL_Driver/Src/stm32g4xx_hal_adc.o
LOAD ./Drivers/STM32G4xx_HAL_Driver/Src/stm32g4xx_hal_adc_ex.o
LOAD ./Drivers/STM32G4xx_HAL_Driver/Src/stm32g4xx_hal_comp.o
LOAD ./Drivers/STM32G4xx_HAL_Driver/Src/stm32g4xx_hal_cortex.o
LOAD ./Drivers/STM32G4xx_HAL_Driver/Src/stm32g4xx_hal_dma.o
LOAD ./Drivers/STM32G4xx_HAL_Driver/Src/stm32g4xx_hal_dma_ex.o
LOAD ./Drivers/STM32G4xx_HAL_Driver/Src/stm32g4xx_hal_exti.o
LOAD ./Drivers/STM32G4xx_HAL_Driver/Src/stm32g4xx_hal_flash.o
LOAD ./Drivers/STM32G4xx_HAL_Driver/Src/stm32g4xx_hal_flash_ex.o
LOAD ./Drivers/STM32G4xx_HAL_Driver/Src/stm32g4xx_hal_flash_ramfunc.o
LOAD ./Drivers/STM32G4xx_HAL_Driver/Src/stm32g4xx_hal_gpio.o
LOAD ./Drivers/STM32G4xx_HAL_Driver/Src/stm32g4xx_hal_pwr.o
LOAD ./Drivers/STM32G4xx_HAL_Driver/Src/stm32g4xx_hal_pwr_ex.o
LOAD ./Drivers/STM32G4xx_HAL_Driver/Src/stm32g4xx_hal_rcc.o
LOAD ./Drivers/STM32G4xx_HAL_Driver/Src/stm32g4xx_hal_rcc_ex.o
LOAD ./Drivers/STM32G4xx_HAL_Driver/Src/stm32g4xx_hal_spi.o
LOAD ./Drivers/STM32G4xx_HAL_Driver/Src/stm32g4xx_hal_spi_ex.o
LOAD ./Drivers/STM32G4xx_HAL_Driver/Src/stm32g4xx_hal_tim.o
LOAD ./Drivers/STM32G4xx_HAL_Driver/Src/stm32g4xx_hal_tim_ex.o
LOAD ./Drivers/STM32G4xx_HAL_Driver/Src/stm32g4xx_ll_adc.o
START GROUP
LOAD c:/st/stm32cubeide_1.9.0/stm32cubeide/plugins/com.st.stm32cube.ide.mcu.externaltools.gnu-tools-for-stm32.10.3-2021.10.win32_1.0.0.202111181127/tools/bin/../lib/gcc/arm-none-eabi/10.3.1/../../../../arm-none-eabi/lib/thumb/v7e-m+fp/hard\libstdc++_nano.a
LOAD c:/st/stm32cubeide_1.9.0/stm32cubeide/plugins/com.st.stm32cube.ide.mcu.externaltools.gnu-tools-for-stm32.10.3-2021.10.win32_1.0.0.202111181127/tools/bin/../lib/gcc/arm-none-eabi/10.3.1/../../../../arm-none-eabi/lib/thumb/v7e-m+fp/hard\libsupc++_nano.a
END GROUP
LOAD c:/st/stm32cubeide_1.9.0/stm32cubeide/plugins/com.st.stm32cube.ide.mcu.externaltools.gnu-tools-for-stm32.10.3-2021.10.win32_1.0.0.202111181127/tools/bin/../lib/gcc/arm-none-eabi/10.3.1/../../../../arm-none-eabi/lib/thumb/v7e-m+fp/hard\libstdc++_nano.a
LOAD c:/st/stm32cubeide_1.9.0/stm32cubeide/plugins/com.st.stm32cube.ide.mcu.externaltools.gnu-tools-for-stm32.10.3-2021.10.win32_1.0.0.202111181127/tools/bin/../lib/gcc/arm-none-eabi/10.3.1/../../../../arm-none-eabi/lib/thumb/v7e-m+fp/hard\libm.a
LOAD c:/st/stm32cubeide_1.9.0/stm32cubeide/plugins/com.st.stm32cube.ide.mcu.externaltools.gnu-tools-for-stm32.10.3-2021.10.win32_1.0.0.202111181127/tools/bin/../lib/gcc/arm-none-eabi/10.3.1/../../../../arm-none-eabi/lib/thumb/v7e-m+fp/hard\libc_nano.a
START GROUP
LOAD c:/st/stm32cubeide_1.9.0/stm32cubeide/plugins/com.st.stm32cube.ide.mcu.externaltools.gnu-tools-for-stm32.10.3-2021.10.win32_1.0.0.202111181127/tools/bin/../lib/gcc/arm-none-eabi/10.3.1/thumb/v7e-m+fp/hard\libgcc.a
LOAD c:/st/stm32cubeide_1.9.0/stm32cubeide/plugins/com.st.stm32cube.ide.mcu.externaltools.gnu-tools-for-stm32.10.3-2021.10.win32_1.0.0.202111181127/tools/bin/../lib/gcc/arm-none-eabi/10.3.1/../../../../arm-none-eabi/lib/thumb/v7e-m+fp/hard\libc_nano.a
END GROUP
START GROUP
LOAD c:/st/stm32cubeide_1.9.0/stm32cubeide/plugins/com.st.stm32cube.ide.mcu.externaltools.gnu-tools-for-stm32.10.3-2021.10.win32_1.0.0.202111181127/tools/bin/../lib/gcc/arm-none-eabi/10.3.1/thumb/v7e-m+fp/hard\libgcc.a
LOAD c:/st/stm32cubeide_1.9.0/stm32cubeide/plugins/com.st.stm32cube.ide.mcu.externaltools.gnu-tools-for-stm32.10.3-2021.10.win32_1.0.0.202111181127/tools/bin/../lib/gcc/arm-none-eabi/10.3.1/../../../../arm-none-eabi/lib/thumb/v7e-m+fp/hard\libc_nano.a
LOAD c:/st/stm32cubeide_1.9.0/stm32cubeide/plugins/com.st.stm32cube.ide.mcu.externaltools.gnu-tools-for-stm32.10.3-2021.10.win32_1.0.0.202111181127/tools/bin/../lib/gcc/arm-none-eabi/10.3.1/../../../../arm-none-eabi/lib/thumb/v7e-m+fp/hard\libnosys.a
END GROUP
START GROUP
LOAD c:/st/stm32cubeide_1.9.0/stm32cubeide/plugins/com.st.stm32cube.ide.mcu.externaltools.gnu-tools-for-stm32.10.3-2021.10.win32_1.0.0.202111181127/tools/bin/../lib/gcc/arm-none-eabi/10.3.1/thumb/v7e-m+fp/hard\libgcc.a
LOAD c:/st/stm32cubeide_1.9.0/stm32cubeide/plugins/com.st.stm32cube.ide.mcu.externaltools.gnu-tools-for-stm32.10.3-2021.10.win32_1.0.0.202111181127/tools/bin/../lib/gcc/arm-none-eabi/10.3.1/../../../../arm-none-eabi/lib/thumb/v7e-m+fp/hard\libc_nano.a
LOAD c:/st/stm32cubeide_1.9.0/stm32cubeide/plugins/com.st.stm32cube.ide.mcu.externaltools.gnu-tools-for-stm32.10.3-2021.10.win32_1.0.0.202111181127/tools/bin/../lib/gcc/arm-none-eabi/10.3.1/../../../../arm-none-eabi/lib/thumb/v7e-m+fp/hard\libnosys.a
END GROUP
LOAD c:/st/stm32cubeide_1.9.0/stm32cubeide/plugins/com.st.stm32cube.ide.mcu.externaltools.gnu-tools-for-stm32.10.3-2021.10.win32_1.0.0.202111181127/tools/bin/../lib/gcc/arm-none-eabi/10.3.1/thumb/v7e-m+fp/hard/crtend.o
LOAD c:/st/stm32cubeide_1.9.0/stm32cubeide/plugins/com.st.stm32cube.ide.mcu.externaltools.gnu-tools-for-stm32.10.3-2021.10.win32_1.0.0.202111181127/tools/bin/../lib/gcc/arm-none-eabi/10.3.1/thumb/v7e-m+fp/hard/crtn.o
                0x0000000020020000                _estack = (ORIGIN (RAM) + LENGTH (RAM))
                0x0000000000000200                _Min_Heap_Size = 0x200
                0x0000000000000400                _Min_Stack_Size = 0x400

.isr_vector     0x0000000008000000      0x1d8
                0x0000000008000000                . = ALIGN (0x4)
 *(.isr_vector)
 .isr_vector    0x0000000008000000      0x1d8 ./Core/Startup/startup_stm32g474retx.o
                0x0000000008000000                g_pfnVectors
                0x00000000080001d8                . = ALIGN (0x4)

.text           0x00000000080001d8     0x8cd4
                0x00000000080001d8                . = ALIGN (0x4)
 *(.text)
 .text          0x00000000080001d8       0x40 c:/st/stm32cubeide_1.9.0/stm32cubeide/plugins/com.st.stm32cube.ide.mcu.externaltools.gnu-tools-for-stm32.10.3-2021.10.win32_1.0.0.202111181127/tools/bin/../lib/gcc/arm-none-eabi/10.3.1/thumb/v7e-m+fp/hard/crtbegin.o
 .text          0x0000000008000218      0x254 c:/st/stm32cubeide_1.9.0/stm32cubeide/plugins/com.st.stm32cube.ide.mcu.externaltools.gnu-tools-for-stm32.10.3-2021.10.win32_1.0.0.202111181127/tools/bin/../lib/gcc/arm-none-eabi/10.3.1/thumb/v7e-m+fp/hard\libgcc.a(_arm_muldf3.o)
                0x0000000008000218                __muldf3
                0x0000000008000218                __aeabi_dmul
 .text          0x000000000800046c      0x378 c:/st/stm32cubeide_1.9.0/stm32cubeide/plugins/com.st.stm32cube.ide.mcu.externaltools.gnu-tools-for-stm32.10.3-2021.10.win32_1.0.0.202111181127/tools/bin/../lib/gcc/arm-none-eabi/10.3.1/thumb/v7e-m+fp/hard\libgcc.a(_arm_addsubdf3.o)
                0x000000000800046c                __aeabi_drsub
                0x0000000008000474                __aeabi_dsub
                0x0000000008000474                __subdf3
                0x0000000008000478                __aeabi_dadd
                0x0000000008000478                __adddf3
                0x00000000080006f0                __floatunsidf
                0x00000000080006f0                __aeabi_ui2d
                0x0000000008000710                __floatsidf
                0x0000000008000710                __aeabi_i2d
                0x0000000008000734                __aeabi_f2d
                0x0000000008000734                __extendsfdf2
                0x0000000008000778                __floatundidf
                0x0000000008000778                __aeabi_ul2d
                0x0000000008000788                __floatdidf
                0x0000000008000788                __aeabi_l2d
 .text          0x00000000080007e4       0x40 c:/st/stm32cubeide_1.9.0/stm32cubeide/plugins/com.st.stm32cube.ide.mcu.externaltools.gnu-tools-for-stm32.10.3-2021.10.win32_1.0.0.202111181127/tools/bin/../lib/gcc/arm-none-eabi/10.3.1/thumb/v7e-m+fp/hard\libgcc.a(_arm_fixunsdfsi.o)
                0x00000000080007e4                __aeabi_d2uiz
                0x00000000080007e4                __fixunsdfsi
 .text          0x0000000008000824       0xa0 c:/st/stm32cubeide_1.9.0/stm32cubeide/plugins/com.st.stm32cube.ide.mcu.externaltools.gnu-tools-for-stm32.10.3-2021.10.win32_1.0.0.202111181127/tools/bin/../lib/gcc/arm-none-eabi/10.3.1/thumb/v7e-m+fp/hard\libgcc.a(_arm_truncdfsf2.o)
                0x0000000008000824                __truncdfsf2
                0x0000000008000824                __aeabi_d2f
 *(.text*)
 .text.MX_ADC1_Init
                0x00000000080008c4       0xb4 ./Core/Src/adc.o
                0x00000000080008c4                MX_ADC1_Init
 .text.MX_ADC2_Init
                0x0000000008000978       0x88 ./Core/Src/adc.o
                0x0000000008000978                MX_ADC2_Init
 .text.HAL_ADC_MspInit
                0x0000000008000a00      0x150 ./Core/Src/adc.o
                0x0000000008000a00                HAL_ADC_MspInit
 .text.MX_COMP1_Init
                0x0000000008000b50       0x38 ./Core/Src/comp.o
                0x0000000008000b50                MX_COMP1_Init
 .text.HAL_COMP_MspInit
                0x0000000008000b88       0x94 ./Core/Src/comp.o
                0x0000000008000b88                HAL_COMP_MspInit
 .text.MX_DMA_Init
                0x0000000008000c1c       0x88 ./Core/Src/dma.o
                0x0000000008000c1c                MX_DMA_Init
 .text.MX_GPIO_Init
                0x0000000008000ca4      0x160 ./Core/Src/gpio.o
                0x0000000008000ca4                MX_GPIO_Init
 .text.ADCCallback
                0x0000000008000e04       0xd8 ./Core/Src/main.o
                0x0000000008000e04                ADCCallback
 .text.SPIFullCallback
                0x0000000008000edc        0xc ./Core/Src/main.o
                0x0000000008000edc                SPIFullCallback
 .text.GPIODMAComplete
                0x0000000008000ee8       0x44 ./Core/Src/main.o
                0x0000000008000ee8                GPIODMAComplete
 .text.VSyncCallback
                0x0000000008000f2c       0x68 ./Core/Src/main.o
                0x0000000008000f2c                VSyncCallback
 *fill*         0x0000000008000f94        0x4 
 .text.SystemClock_Config
                0x0000000008000f98       0x90 ./Core/Src/main.o
                0x0000000008000f98                SystemClock_Config
 .text.handleEncoderInputs
                0x0000000008001028       0xc4 ./Core/Src/main.o
                0x0000000008001028                handleEncoderInputs
 .text.updateSetupState
                0x00000000080010ec       0x58 ./Core/Src/main.o
                0x00000000080010ec                updateSetupState
 .text.processSetupState
                0x0000000008001144       0xe0 ./Core/Src/main.o
                0x0000000008001144                processSetupState
 .text.startup.main
                0x0000000008001224      0x308 ./Core/Src/main.o
                0x0000000008001224                main
 .text.Error_Handler
                0x000000000800152c        0x4 ./Core/Src/main.o
                0x000000000800152c                Error_Handler
 .text._ZN10GFX_HW_SPI8MY_DelayEm
                0x0000000008001530       0x14 ./Core/Src/mymain.o
                0x0000000008001530                GFX_HW_SPI::MY_Delay(unsigned long)
 .text._ZN11GFX_ILI93413clsEv
                0x0000000008001544        0x4 ./Core/Src/mymain.o
                0x0000000008001544                GFX_ILI9341::cls()
 .text._ZN11GFX_ILI934116setAddressWindowEtttt
                0x0000000008001548       0x7c ./Core/Src/mymain.o
                0x0000000008001548                GFX_ILI9341::setAddressWindow(unsigned short, unsigned short, unsigned short, unsigned short)
 .text._ZN11GFX_ILI93419pushPixelEt
                0x00000000080015c4        0x8 ./Core/Src/mymain.o
                0x00000000080015c4                GFX_ILI9341::pushPixel(unsigned short)
 .text._ZN11GFX_ILI93413endEv
                0x00000000080015cc        0x8 ./Core/Src/mymain.o
                0x00000000080015cc                GFX_ILI9341::end()
 .text._ZN10GFX_HW_SPI9writeDataEPKhh
                0x00000000080015d4       0x10 ./Core/Src/mymain.o
                0x00000000080015d4                GFX_HW_SPI::writeData(unsigned char const*, unsigned char)
 .text._ZN11GFX_ILI93414initEv
                0x00000000080015e4       0x88 ./Core/Src/mymain.o
                0x00000000080015e4                GFX_ILI9341::init()
 .text._ZN11GFX_ILI934111setRotationEh
                0x000000000800166c       0x60 ./Core/Src/mymain.o
                0x000000000800166c                GFX_ILI9341::setRotation(unsigned char)
 .text._ZN10GFX_HW_SPI5resetEm
                0x00000000080016cc       0x64 ./Core/Src/mymain.o
                0x00000000080016cc                GFX_HW_SPI::reset(unsigned long)
 .text._ZN10GFX_HW_SPI5writeEh
                0x0000000008001730       0x38 ./Core/Src/mymain.o
                0x0000000008001730                GFX_HW_SPI::write(unsigned char)
 .text._ZN10GFX_HW_SPI7write16Et
                0x0000000008001768       0x6c ./Core/Src/mymain.o
                0x0000000008001768                GFX_HW_SPI::write16(unsigned short)
 .text._ZN10GFX_HW_SPI3endEv
                0x00000000080017d4       0x48 ./Core/Src/mymain.o
                0x00000000080017d4                GFX_HW_SPI::end()
 .text._ZN10GFX_HW_SPI12writeCommandEh
                0x000000000800181c       0x60 ./Core/Src/mymain.o
                0x000000000800181c                GFX_HW_SPI::writeCommand(unsigned char)
 .text._ZN10GFX_HW_SPI12beginCommandEv
                0x000000000800187c       0x68 ./Core/Src/mymain.o
                0x000000000800187c                GFX_HW_SPI::beginCommand()
 .text._ZN10GFX_HW_SPI12readcommand8Ehh
                0x00000000080018e4       0xa0 ./Core/Src/mymain.o
                0x00000000080018e4                GFX_HW_SPI::readcommand8(unsigned char, unsigned char)
 .text._ZN10GFX_HW_SPI13readcommand16Eh
                0x0000000008001984       0xa8 ./Core/Src/mymain.o
                0x0000000008001984                GFX_HW_SPI::readcommand16(unsigned char)
 .text._ZN10GFX_HW_SPI11sendCommandEhPKhh
                0x0000000008001a2c       0xb0 ./Core/Src/mymain.o
                0x0000000008001a2c                GFX_HW_SPI::sendCommand(unsigned char, unsigned char const*, unsigned char)
 .text._ZN10GFX_HW_SPI14writeCommand16Et
                0x0000000008001adc       0xbc ./Core/Src/mymain.o
                0x0000000008001adc                GFX_HW_SPI::writeCommand16(unsigned short)
 .text._ZN10GFX_HW_SPI13sendCommand16Ett
                0x0000000008001b98      0x104 ./Core/Src/mymain.o
                0x0000000008001b98                GFX_HW_SPI::sendCommand16(unsigned short, unsigned short)
 .text._ZN10GFX_HW_SPI13sendCommand16EtPKhh
                0x0000000008001c9c      0x10c ./Core/Src/mymain.o
                0x0000000008001c9c                GFX_HW_SPI::sendCommand16(unsigned short, unsigned char const*, unsigned char)
 .text._ZN11GFX_ILI93419drawPixelEttt
                0x0000000008001da8       0x9c ./Core/Src/mymain.o
                0x0000000008001da8                GFX_ILI9341::drawPixel(unsigned short, unsigned short, unsigned short)
 .text._ZN3GFX12fillTriangleEsssssst.constprop.0
                0x0000000008001e44      0x350 ./Core/Src/mymain.o
 .text.vsync    0x0000000008002194       0x74 ./Core/Src/mymain.o
                0x0000000008002194                vsync
 .text.mysetup  0x0000000008002208      0x134 ./Core/Src/mymain.o
                0x0000000008002208                mysetup
 .text.enableSetupGUI
                0x000000000800233c      0x18c ./Core/Src/mymain.o
                0x000000000800233c                enableSetupGUI
 .text.disableSetupGUI
                0x00000000080024c8       0xf8 ./Core/Src/mymain.o
                0x00000000080024c8                disableSetupGUI
 .text.initSetupColour
                0x00000000080025c0      0x168 ./Core/Src/mymain.o
                0x00000000080025c0                initSetupColour
 .text.drawVoltageSetting
                0x0000000008002728      0x16c ./Core/Src/mymain.o
                0x0000000008002728                drawVoltageSetting
 *fill*         0x0000000008002894        0x4 
 .text.tuneY    0x0000000008002898       0x6c ./Core/Src/mymain.o
                0x0000000008002898                tuneY
 *fill*         0x0000000008002904        0x4 
 .text.tuneRY   0x0000000008002908       0x6c ./Core/Src/mymain.o
                0x0000000008002908                tuneRY
 .text.startup._GLOBAL__sub_I_hwspi
                0x0000000008002974       0x54 ./Core/Src/mymain.o
 .text.MX_SPI2_Init
                0x00000000080029c8       0x50 ./Core/Src/spi.o
                0x00000000080029c8                MX_SPI2_Init
 .text.HAL_SPI_MspInit
                0x0000000008002a18       0xd4 ./Core/Src/spi.o
                0x0000000008002a18                HAL_SPI_MspInit
 .text.HAL_MspInit
                0x0000000008002aec       0x44 ./Core/Src/stm32g4xx_hal_msp.o
                0x0000000008002aec                HAL_MspInit
 .text.NMI_Handler
                0x0000000008002b30        0x8 ./Core/Src/stm32g4xx_it.o
                0x0000000008002b30                NMI_Handler
 .text.HardFault_Handler
                0x0000000008002b38        0x4 ./Core/Src/stm32g4xx_it.o
                0x0000000008002b38                HardFault_Handler
 .text.MemManage_Handler
                0x0000000008002b3c        0x4 ./Core/Src/stm32g4xx_it.o
                0x0000000008002b3c                MemManage_Handler
 .text.BusFault_Handler
                0x0000000008002b40        0x4 ./Core/Src/stm32g4xx_it.o
                0x0000000008002b40                BusFault_Handler
 .text.UsageFault_Handler
                0x0000000008002b44        0x4 ./Core/Src/stm32g4xx_it.o
                0x0000000008002b44                UsageFault_Handler
 .text.SVC_Handler
                0x0000000008002b48        0x4 ./Core/Src/stm32g4xx_it.o
                0x0000000008002b48                SVC_Handler
 .text.DebugMon_Handler
                0x0000000008002b4c        0x4 ./Core/Src/stm32g4xx_it.o
                0x0000000008002b4c                DebugMon_Handler
 .text.PendSV_Handler
                0x0000000008002b50        0x4 ./Core/Src/stm32g4xx_it.o
                0x0000000008002b50                PendSV_Handler
 .text.SysTick_Handler
                0x0000000008002b54        0x4 ./Core/Src/stm32g4xx_it.o
                0x0000000008002b54                SysTick_Handler
 .text.DMA1_Channel1_IRQHandler
                0x0000000008002b58        0xc ./Core/Src/stm32g4xx_it.o
                0x0000000008002b58                DMA1_Channel1_IRQHandler
 .text.DMA1_Channel2_IRQHandler
                0x0000000008002b64        0xc ./Core/Src/stm32g4xx_it.o
                0x0000000008002b64                DMA1_Channel2_IRQHandler
 .text.TIM1_TRG_COM_TIM17_IRQHandler
                0x0000000008002b70        0xc ./Core/Src/stm32g4xx_it.o
                0x0000000008002b70                TIM1_TRG_COM_TIM17_IRQHandler
 .text.TIM2_IRQHandler
                0x0000000008002b7c        0xc ./Core/Src/stm32g4xx_it.o
                0x0000000008002b7c                TIM2_IRQHandler
 .text.TIM3_IRQHandler
                0x0000000008002b88        0xc ./Core/Src/stm32g4xx_it.o
                0x0000000008002b88                TIM3_IRQHandler
 .text.DMA2_Channel1_IRQHandler
                0x0000000008002b94        0xc ./Core/Src/stm32g4xx_it.o
                0x0000000008002b94                DMA2_Channel1_IRQHandler
 .text.DMAMUX_OVR_IRQHandler
                0x0000000008002ba0        0xc ./Core/Src/stm32g4xx_it.o
                0x0000000008002ba0                DMAMUX_OVR_IRQHandler
 .text.SystemInit
                0x0000000008002bac       0x14 ./Core/Src/system_stm32g4xx.o
                0x0000000008002bac                SystemInit
 .text.MX_TIM2_Init
                0x0000000008002bc0       0x64 ./Core/Src/tim.o
                0x0000000008002bc0                MX_TIM2_Init
 *fill*         0x0000000008002c24        0x4 
 .text.MX_TIM3_Init
                0x0000000008002c28      0x158 ./Core/Src/tim.o
                0x0000000008002c28                MX_TIM3_Init
 .text.MX_TIM4_Init
                0x0000000008002d80      0x158 ./Core/Src/tim.o
                0x0000000008002d80                MX_TIM4_Init
 .text.MX_TIM5_Init
                0x0000000008002ed8       0x54 ./Core/Src/tim.o
                0x0000000008002ed8                MX_TIM5_Init
 *fill*         0x0000000008002f2c        0x4 
 .text.HAL_TIM_Base_MspInit
                0x0000000008002f30      0x1d0 ./Core/Src/tim.o
                0x0000000008002f30                HAL_TIM_Base_MspInit
 .text.HAL_TIM_Encoder_MspInit
                0x0000000008003100       0xa4 ./Core/Src/tim.o
                0x0000000008003100                HAL_TIM_Encoder_MspInit
 .text.HAL_TIM_OnePulse_MspInit
                0x00000000080031a4       0x2c ./Core/Src/tim.o
                0x00000000080031a4                HAL_TIM_OnePulse_MspInit
 .text.HAL_TIM_MspPostInit
                0x00000000080031d0      0x124 ./Core/Src/tim.o
                0x00000000080031d0                HAL_TIM_MspPostInit
 *fill*         0x00000000080032f4        0x4 
 .text.MX_TIM1_Init
                0x00000000080032f8      0x170 ./Core/Src/tim.o
                0x00000000080032f8                MX_TIM1_Init
 .text.MX_TIM8_Init
                0x0000000008003468      0x148 ./Core/Src/tim.o
                0x0000000008003468                MX_TIM8_Init
 .text.MX_TIM16_Init
                0x00000000080035b0      0x100 ./Core/Src/tim.o
                0x00000000080035b0                MX_TIM16_Init
 .text.MX_TIM20_Init
                0x00000000080036b0      0x178 ./Core/Src/tim.o
                0x00000000080036b0                MX_TIM20_Init
 .text.initBitMap
                0x0000000008003828       0x24 ./Core/Src/vdp.o
                0x0000000008003828                initBitMap
 .text.swapRGBBytes
                0x000000000800384c       0x7c ./Core/Src/vdp.o
                0x000000000800384c                swapRGBBytes
 .text.setColorLevels
                0x00000000080038c8      0x180 ./Core/Src/vdp.o
                0x00000000080038c8                setColorLevels
 .text.initColorMaps
                0x0000000008003a48      0x220 ./Core/Src/vdp.o
                0x0000000008003a48                initColorMaps
 .text.Reset_Handler
                0x0000000008003c68       0x50 ./Core/Startup/startup_stm32g474retx.o
                0x0000000008003c68                Reset_Handler
 .text.Default_Handler
                0x0000000008003cb8        0x2 ./Core/Startup/startup_stm32g474retx.o
                0x0000000008003cb8                RTC_Alarm_IRQHandler
                0x0000000008003cb8                EXTI2_IRQHandler
                0x0000000008003cb8                TIM8_TRG_COM_IRQHandler
                0x0000000008003cb8                TIM8_CC_IRQHandler
                0x0000000008003cb8                HRTIM1_Master_IRQHandler
                0x0000000008003cb8                SPI4_IRQHandler
                0x0000000008003cb8                FDCAN3_IT0_IRQHandler
                0x0000000008003cb8                TIM1_CC_IRQHandler
                0x0000000008003cb8                HRTIM1_FLT_IRQHandler
                0x0000000008003cb8                HRTIM1_TIMF_IRQHandler
                0x0000000008003cb8                USB_HP_IRQHandler
                0x0000000008003cb8                CORDIC_IRQHandler
                0x0000000008003cb8                HRTIM1_TIMD_IRQHandler
                0x0000000008003cb8                DMA2_Channel8_IRQHandler
                0x0000000008003cb8                EXTI3_IRQHandler
                0x0000000008003cb8                I2C3_ER_IRQHandler
                0x0000000008003cb8                EXTI0_IRQHandler
                0x0000000008003cb8                I2C2_EV_IRQHandler
                0x0000000008003cb8                FPU_IRQHandler
                0x0000000008003cb8                FDCAN1_IT1_IRQHandler
                0x0000000008003cb8                TIM1_UP_TIM16_IRQHandler
                0x0000000008003cb8                ADC1_2_IRQHandler
                0x0000000008003cb8                HRTIM1_TIME_IRQHandler
                0x0000000008003cb8                SPI1_IRQHandler
                0x0000000008003cb8                TIM6_DAC_IRQHandler
                0x0000000008003cb8                HRTIM1_TIMC_IRQHandler
                0x0000000008003cb8                TIM8_UP_IRQHandler
                0x0000000008003cb8                DMA2_Channel2_IRQHandler
                0x0000000008003cb8                DMA1_Channel4_IRQHandler
                0x0000000008003cb8                TIM20_TRG_COM_IRQHandler
                0x0000000008003cb8                USART3_IRQHandler
                0x0000000008003cb8                DMA1_Channel7_IRQHandler
                0x0000000008003cb8                UART5_IRQHandler
                0x0000000008003cb8                ADC3_IRQHandler
                0x0000000008003cb8                TIM4_IRQHandler
                0x0000000008003cb8                QUADSPI_IRQHandler
                0x0000000008003cb8                I2C1_EV_IRQHandler
                0x0000000008003cb8                DMA1_Channel6_IRQHandler
                0x0000000008003cb8                UART4_IRQHandler
                0x0000000008003cb8                DMA2_Channel4_IRQHandler
                0x0000000008003cb8                RCC_IRQHandler
                0x0000000008003cb8                TIM20_UP_IRQHandler
                0x0000000008003cb8                Default_Handler
                0x0000000008003cb8                DMA2_Channel7_IRQHandler
                0x0000000008003cb8                RTC_TAMP_LSECSS_IRQHandler
                0x0000000008003cb8                FMAC_IRQHandler
                0x0000000008003cb8                EXTI15_10_IRQHandler
                0x0000000008003cb8                DMA1_Channel8_IRQHandler
                0x0000000008003cb8                HRTIM1_TIMA_IRQHandler
                0x0000000008003cb8                TIM7_DAC_IRQHandler
                0x0000000008003cb8                FDCAN3_IT1_IRQHandler
                0x0000000008003cb8                TIM5_IRQHandler
                0x0000000008003cb8                UCPD1_IRQHandler
                0x0000000008003cb8                I2C3_EV_IRQHandler
                0x0000000008003cb8                EXTI9_5_IRQHandler
                0x0000000008003cb8                RTC_WKUP_IRQHandler
                0x0000000008003cb8                PVD_PVM_IRQHandler
                0x0000000008003cb8                SPI2_IRQHandler
                0x0000000008003cb8                ADC5_IRQHandler
                0x0000000008003cb8                DMA2_Channel5_IRQHandler
                0x0000000008003cb8                CRS_IRQHandler
                0x0000000008003cb8                DMA1_Channel5_IRQHandler
                0x0000000008003cb8                USB_LP_IRQHandler
                0x0000000008003cb8                EXTI4_IRQHandler
                0x0000000008003cb8                RNG_IRQHandler
                0x0000000008003cb8                HRTIM1_TIMB_IRQHandler
                0x0000000008003cb8                FDCAN2_IT1_IRQHandler
                0x0000000008003cb8                DMA1_Channel3_IRQHandler
                0x0000000008003cb8                ADC4_IRQHandler
                0x0000000008003cb8                WWDG_IRQHandler
                0x0000000008003cb8                I2C4_EV_IRQHandler
                0x0000000008003cb8                FDCAN2_IT0_IRQHandler
                0x0000000008003cb8                LPUART1_IRQHandler
                0x0000000008003cb8                DMA2_Channel6_IRQHandler
                0x0000000008003cb8                FDCAN1_IT0_IRQHandler
                0x0000000008003cb8                COMP7_IRQHandler
                0x0000000008003cb8                COMP1_2_3_IRQHandler
                0x0000000008003cb8                EXTI1_IRQHandler
                0x0000000008003cb8                USART2_IRQHandler
                0x0000000008003cb8                COMP4_5_6_IRQHandler
                0x0000000008003cb8                TIM20_BRK_IRQHandler
                0x0000000008003cb8                I2C2_ER_IRQHandler
                0x0000000008003cb8                TIM8_BRK_IRQHandler
                0x0000000008003cb8                FLASH_IRQHandler
                0x0000000008003cb8                TIM20_CC_IRQHandler
                0x0000000008003cb8                USART1_IRQHandler
                0x0000000008003cb8                SPI3_IRQHandler
                0x0000000008003cb8                I2C1_ER_IRQHandler
                0x0000000008003cb8                FMC_IRQHandler
                0x0000000008003cb8                LPTIM1_IRQHandler
                0x0000000008003cb8                I2C4_ER_IRQHandler
                0x0000000008003cb8                USBWakeUp_IRQHandler
                0x0000000008003cb8                SAI1_IRQHandler
                0x0000000008003cb8                DMA2_Channel3_IRQHandler
                0x0000000008003cb8                TIM1_BRK_TIM15_IRQHandler
 *fill*         0x0000000008003cba        0x2 
 .text.HAL_InitTick
                0x0000000008003cbc       0x4c ./Drivers/STM32G4xx_HAL_Driver/Src/stm32g4xx_hal.o
                0x0000000008003cbc                HAL_InitTick
 .text.HAL_Init
                0x0000000008003d08       0x30 ./Drivers/STM32G4xx_HAL_Driver/Src/stm32g4xx_hal.o
                0x0000000008003d08                HAL_Init
 .text.HAL_IncTick
                0x0000000008003d38       0x18 ./Drivers/STM32G4xx_HAL_Driver/Src/stm32g4xx_hal.o
                0x0000000008003d38                HAL_IncTick
 .text.HAL_GetTick
                0x0000000008003d50        0xc ./Drivers/STM32G4xx_HAL_Driver/Src/stm32g4xx_hal.o
                0x0000000008003d50                HAL_GetTick
 .text.HAL_Delay
                0x0000000008003d5c       0x24 ./Drivers/STM32G4xx_HAL_Driver/Src/stm32g4xx_hal.o
                0x0000000008003d5c                HAL_Delay
 .text.HAL_SYSCFG_VREFBUF_VoltageScalingConfig
                0x0000000008003d80       0x14 ./Drivers/STM32G4xx_HAL_Driver/Src/stm32g4xx_hal.o
                0x0000000008003d80                HAL_SYSCFG_VREFBUF_VoltageScalingConfig
 .text.HAL_SYSCFG_VREFBUF_HighImpedanceConfig
                0x0000000008003d94       0x14 ./Drivers/STM32G4xx_HAL_Driver/Src/stm32g4xx_hal.o
                0x0000000008003d94                HAL_SYSCFG_VREFBUF_HighImpedanceConfig
 .text.HAL_SYSCFG_EnableVREFBUF
                0x0000000008003da8       0x30 ./Drivers/STM32G4xx_HAL_Driver/Src/stm32g4xx_hal.o
                0x0000000008003da8                HAL_SYSCFG_EnableVREFBUF
 .text.ADC_DMAConvCplt
                0x0000000008003dd8       0x60 ./Drivers/STM32G4xx_HAL_Driver/Src/stm32g4xx_hal_adc.o
                0x0000000008003dd8                ADC_DMAConvCplt
 .text.ADC_DMAHalfConvCplt
                0x0000000008003e38        0x8 ./Drivers/STM32G4xx_HAL_Driver/Src/stm32g4xx_hal_adc.o
                0x0000000008003e38                ADC_DMAHalfConvCplt
 .text.ADC_DMAError
                0x0000000008003e40       0x18 ./Drivers/STM32G4xx_HAL_Driver/Src/stm32g4xx_hal_adc.o
                0x0000000008003e40                ADC_DMAError
 .text.HAL_ADC_ErrorCallback
                0x0000000008003e58        0x4 ./Drivers/STM32G4xx_HAL_Driver/Src/stm32g4xx_hal_adc.o
                0x0000000008003e58                HAL_ADC_ErrorCallback
 .text.HAL_ADC_ConvCpltCallback
                0x0000000008003e5c        0x4 ./Drivers/STM32G4xx_HAL_Driver/Src/stm32g4xx_hal_adc.o
                0x0000000008003e5c                HAL_ADC_ConvCpltCallback
 .text.HAL_ADC_ConvHalfCpltCallback
                0x0000000008003e60        0x4 ./Drivers/STM32G4xx_HAL_Driver/Src/stm32g4xx_hal_adc.o
                0x0000000008003e60                HAL_ADC_ConvHalfCpltCallback
 .text.HAL_ADC_LevelOutOfWindowCallback
                0x0000000008003e64        0x4 ./Drivers/STM32G4xx_HAL_Driver/Src/stm32g4xx_hal_adc.o
                0x0000000008003e64                HAL_ADC_LevelOutOfWindowCallback
 .text.HAL_ADC_Init
                0x0000000008003e68      0x2a8 ./Drivers/STM32G4xx_HAL_Driver/Src/stm32g4xx_hal_adc.o
                0x0000000008003e68                HAL_ADC_Init
 .text.HAL_ADC_RegisterCallback
                0x0000000008004110       0x84 ./Drivers/STM32G4xx_HAL_Driver/Src/stm32g4xx_hal_adc.o
                0x0000000008004110                HAL_ADC_RegisterCallback
 .text.HAL_ADC_ConfigChannel
                0x0000000008004194      0x530 ./Drivers/STM32G4xx_HAL_Driver/Src/stm32g4xx_hal_adc.o
                0x0000000008004194                HAL_ADC_ConfigChannel
 .text.ADC_ConversionStop
                0x00000000080046c4      0x108 ./Drivers/STM32G4xx_HAL_Driver/Src/stm32g4xx_hal_adc.o
                0x00000000080046c4                ADC_ConversionStop
 .text.ADC_Enable
                0x00000000080047cc       0x78 ./Drivers/STM32G4xx_HAL_Driver/Src/stm32g4xx_hal_adc.o
                0x00000000080047cc                ADC_Enable
 .text.ADC_Disable
                0x0000000008004844       0x74 ./Drivers/STM32G4xx_HAL_Driver/Src/stm32g4xx_hal_adc.o
                0x0000000008004844                ADC_Disable
 .text.HAL_ADCEx_MultiModeStart_DMA
                0x00000000080048b8      0x10c ./Drivers/STM32G4xx_HAL_Driver/Src/stm32g4xx_hal_adc_ex.o
                0x00000000080048b8                HAL_ADCEx_MultiModeStart_DMA
 .text.HAL_ADCEx_MultiModeStop_DMA
                0x00000000080049c4      0x12c ./Drivers/STM32G4xx_HAL_Driver/Src/stm32g4xx_hal_adc_ex.o
                0x00000000080049c4                HAL_ADCEx_MultiModeStop_DMA
 .text.HAL_ADCEx_InjectedConvCpltCallback
                0x0000000008004af0        0x4 ./Drivers/STM32G4xx_HAL_Driver/Src/stm32g4xx_hal_adc_ex.o
                0x0000000008004af0                HAL_ADCEx_InjectedConvCpltCallback
 .text.HAL_ADCEx_InjectedQueueOverflowCallback
                0x0000000008004af4        0x4 ./Drivers/STM32G4xx_HAL_Driver/Src/stm32g4xx_hal_adc_ex.o
                0x0000000008004af4                HAL_ADCEx_InjectedQueueOverflowCallback
 .text.HAL_ADCEx_LevelOutOfWindow2Callback
                0x0000000008004af8        0x4 ./Drivers/STM32G4xx_HAL_Driver/Src/stm32g4xx_hal_adc_ex.o
                0x0000000008004af8                HAL_ADCEx_LevelOutOfWindow2Callback
 .text.HAL_ADCEx_LevelOutOfWindow3Callback
                0x0000000008004afc        0x4 ./Drivers/STM32G4xx_HAL_Driver/Src/stm32g4xx_hal_adc_ex.o
                0x0000000008004afc                HAL_ADCEx_LevelOutOfWindow3Callback
 .text.HAL_ADCEx_EndOfSamplingCallback
                0x0000000008004b00        0x4 ./Drivers/STM32G4xx_HAL_Driver/Src/stm32g4xx_hal_adc_ex.o
                0x0000000008004b00                HAL_ADCEx_EndOfSamplingCallback
 .text.HAL_ADCEx_MultiModeConfigChannel
                0x0000000008004b04      0x164 ./Drivers/STM32G4xx_HAL_Driver/Src/stm32g4xx_hal_adc_ex.o
                0x0000000008004b04                HAL_ADCEx_MultiModeConfigChannel
 .text.HAL_COMP_Init
                0x0000000008004c68      0x2c4 ./Drivers/STM32G4xx_HAL_Driver/Src/stm32g4xx_hal_comp.o
                0x0000000008004c68                HAL_COMP_Init
 .text.HAL_COMP_Start
                0x0000000008004f2c       0x58 ./Drivers/STM32G4xx_HAL_Driver/Src/stm32g4xx_hal_comp.o
                0x0000000008004f2c                HAL_COMP_Start
 .text.HAL_NVIC_SetPriorityGrouping
                0x0000000008004f84       0x24 ./Drivers/STM32G4xx_HAL_Driver/Src/stm32g4xx_hal_cortex.o
                0x0000000008004f84                HAL_NVIC_SetPriorityGrouping
 .text.HAL_NVIC_SetPriority
                0x0000000008004fa8       0x7c ./Drivers/STM32G4xx_HAL_Driver/Src/stm32g4xx_hal_cortex.o
                0x0000000008004fa8                HAL_NVIC_SetPriority
 .text.HAL_NVIC_EnableIRQ
                0x0000000008005024       0x1c ./Drivers/STM32G4xx_HAL_Driver/Src/stm32g4xx_hal_cortex.o
                0x0000000008005024                HAL_NVIC_EnableIRQ
 .text.HAL_SYSTICK_Config
                0x0000000008005040       0x34 ./Drivers/STM32G4xx_HAL_Driver/Src/stm32g4xx_hal_cortex.o
                0x0000000008005040                HAL_SYSTICK_Config
 .text.HAL_DMA_Init
                0x0000000008005074      0x12c ./Drivers/STM32G4xx_HAL_Driver/Src/stm32g4xx_hal_dma.o
                0x0000000008005074                HAL_DMA_Init
 .text.HAL_DMA_Start_IT
                0x00000000080051a0       0xb4 ./Drivers/STM32G4xx_HAL_Driver/Src/stm32g4xx_hal_dma.o
                0x00000000080051a0                HAL_DMA_Start_IT
 .text.HAL_DMA_Abort
                0x0000000008005254       0x74 ./Drivers/STM32G4xx_HAL_Driver/Src/stm32g4xx_hal_dma.o
                0x0000000008005254                HAL_DMA_Abort
 .text.HAL_DMA_IRQHandler
                0x00000000080052c8       0x9c ./Drivers/STM32G4xx_HAL_Driver/Src/stm32g4xx_hal_dma.o
                0x00000000080052c8                HAL_DMA_IRQHandler
 .text.HAL_DMA_RegisterCallback
                0x0000000008005364       0x4c ./Drivers/STM32G4xx_HAL_Driver/Src/stm32g4xx_hal_dma.o
                0x0000000008005364                HAL_DMA_RegisterCallback
 .text.HAL_DMAEx_MUX_IRQHandler
                0x00000000080053b0       0x58 ./Drivers/STM32G4xx_HAL_Driver/Src/stm32g4xx_hal_dma_ex.o
                0x00000000080053b0                HAL_DMAEx_MUX_IRQHandler
 .text.HAL_GPIO_Init
                0x0000000008005408      0x1f0 ./Drivers/STM32G4xx_HAL_Driver/Src/stm32g4xx_hal_gpio.o
                0x0000000008005408                HAL_GPIO_Init
 .text.HAL_GPIO_ReadPin
                0x00000000080055f8        0xc ./Drivers/STM32G4xx_HAL_Driver/Src/stm32g4xx_hal_gpio.o
                0x00000000080055f8                HAL_GPIO_ReadPin
 .text.HAL_GPIO_WritePin
                0x0000000008005604        0xc ./Drivers/STM32G4xx_HAL_Driver/Src/stm32g4xx_hal_gpio.o
                0x0000000008005604                HAL_GPIO_WritePin
 .text.HAL_PWREx_ControlVoltageScaling
                0x0000000008005610       0xfc ./Drivers/STM32G4xx_HAL_Driver/Src/stm32g4xx_hal_pwr_ex.o
                0x0000000008005610                HAL_PWREx_ControlVoltageScaling
 .text.HAL_RCC_OscConfig
                0x000000000800570c      0x498 ./Drivers/STM32G4xx_HAL_Driver/Src/stm32g4xx_hal_rcc.o
                0x000000000800570c                HAL_RCC_OscConfig
 .text.HAL_RCC_GetSysClockFreq
                0x0000000008005ba4       0x70 ./Drivers/STM32G4xx_HAL_Driver/Src/stm32g4xx_hal_rcc.o
                0x0000000008005ba4                HAL_RCC_GetSysClockFreq
 .text.HAL_RCC_ClockConfig
                0x0000000008005c14      0x224 ./Drivers/STM32G4xx_HAL_Driver/Src/stm32g4xx_hal_rcc.o
                0x0000000008005c14                HAL_RCC_ClockConfig
 .text.HAL_RCC_EnableCSS
                0x0000000008005e38       0x10 ./Drivers/STM32G4xx_HAL_Driver/Src/stm32g4xx_hal_rcc.o
                0x0000000008005e38                HAL_RCC_EnableCSS
 .text.HAL_RCC_CSSCallback
                0x0000000008005e48        0x4 ./Drivers/STM32G4xx_HAL_Driver/Src/stm32g4xx_hal_rcc.o
                0x0000000008005e48                HAL_RCC_CSSCallback
 .text.HAL_RCC_NMI_IRQHandler
                0x0000000008005e4c       0x1c ./Drivers/STM32G4xx_HAL_Driver/Src/stm32g4xx_hal_rcc.o
                0x0000000008005e4c                HAL_RCC_NMI_IRQHandler
 .text.HAL_RCCEx_PeriphCLKConfig
                0x0000000008005e68      0x310 ./Drivers/STM32G4xx_HAL_Driver/Src/stm32g4xx_hal_rcc_ex.o
                0x0000000008005e68                HAL_RCCEx_PeriphCLKConfig
 .text.SPI_DMAHalfTransmitCplt
                0x0000000008006178        0x8 ./Drivers/STM32G4xx_HAL_Driver/Src/stm32g4xx_hal_spi.o
 .text.SPI_DMAError
                0x0000000008006180       0x20 ./Drivers/STM32G4xx_HAL_Driver/Src/stm32g4xx_hal_spi.o
 .text.SPI_WaitFifoStateUntilTimeout.constprop.0
                0x00000000080061a0       0xec ./Drivers/STM32G4xx_HAL_Driver/Src/stm32g4xx_hal_spi.o
 .text.HAL_SPI_AbortCpltCallback
                0x000000000800628c        0x4 ./Drivers/STM32G4xx_HAL_Driver/Src/stm32g4xx_hal_spi.o
                0x000000000800628c                HAL_SPI_AbortCpltCallback
 .text.HAL_SPI_TxCpltCallback
                0x0000000008006290        0x4 ./Drivers/STM32G4xx_HAL_Driver/Src/stm32g4xx_hal_spi.o
                0x0000000008006290                HAL_SPI_TxCpltCallback
 .text.HAL_SPI_RxCpltCallback
                0x0000000008006294        0x4 ./Drivers/STM32G4xx_HAL_Driver/Src/stm32g4xx_hal_spi.o
                0x0000000008006294                HAL_SPI_RxCpltCallback
 .text.HAL_SPI_TxRxCpltCallback
                0x0000000008006298        0x4 ./Drivers/STM32G4xx_HAL_Driver/Src/stm32g4xx_hal_spi.o
                0x0000000008006298                HAL_SPI_TxRxCpltCallback
 .text.HAL_SPI_TxHalfCpltCallback
                0x000000000800629c        0x4 ./Drivers/STM32G4xx_HAL_Driver/Src/stm32g4xx_hal_spi.o
                0x000000000800629c                HAL_SPI_TxHalfCpltCallback
 .text.HAL_SPI_RxHalfCpltCallback
                0x00000000080062a0        0x4 ./Drivers/STM32G4xx_HAL_Driver/Src/stm32g4xx_hal_spi.o
                0x00000000080062a0                HAL_SPI_RxHalfCpltCallback
 .text.HAL_SPI_TxRxHalfCpltCallback
                0x00000000080062a4        0x4 ./Drivers/STM32G4xx_HAL_Driver/Src/stm32g4xx_hal_spi.o
                0x00000000080062a4                HAL_SPI_TxRxHalfCpltCallback
 .text.HAL_SPI_ErrorCallback
                0x00000000080062a8        0x4 ./Drivers/STM32G4xx_HAL_Driver/Src/stm32g4xx_hal_spi.o
                0x00000000080062a8                HAL_SPI_ErrorCallback
 .text.SPI_EndRxTxTransaction
                0x00000000080062ac      0x140 ./Drivers/STM32G4xx_HAL_Driver/Src/stm32g4xx_hal_spi.o
 .text.SPI_WaitFlagStateUntilTimeout.constprop.0
                0x00000000080063ec       0xb8 ./Drivers/STM32G4xx_HAL_Driver/Src/stm32g4xx_hal_spi.o
 .text.SPI_EndRxTxTransaction.constprop.0
                0x00000000080064a4       0xf0 ./Drivers/STM32G4xx_HAL_Driver/Src/stm32g4xx_hal_spi.o
 .text.SPI_DMATransmitCplt
                0x0000000008006594       0x74 ./Drivers/STM32G4xx_HAL_Driver/Src/stm32g4xx_hal_spi.o
 .text.HAL_SPI_Init
                0x0000000008006608      0x150 ./Drivers/STM32G4xx_HAL_Driver/Src/stm32g4xx_hal_spi.o
                0x0000000008006608                HAL_SPI_Init
 .text.HAL_SPI_RegisterCallback
                0x0000000008006758       0xcc ./Drivers/STM32G4xx_HAL_Driver/Src/stm32g4xx_hal_spi.o
                0x0000000008006758                HAL_SPI_RegisterCallback
 .text.HAL_SPI_Transmit
                0x0000000008006824      0x2c4 ./Drivers/STM32G4xx_HAL_Driver/Src/stm32g4xx_hal_spi.o
                0x0000000008006824                HAL_SPI_Transmit
 .text.HAL_SPI_TransmitReceive
                0x0000000008006ae8      0x318 ./Drivers/STM32G4xx_HAL_Driver/Src/stm32g4xx_hal_spi.o
                0x0000000008006ae8                HAL_SPI_TransmitReceive
 .text.HAL_SPI_Receive
                0x0000000008006e00      0x350 ./Drivers/STM32G4xx_HAL_Driver/Src/stm32g4xx_hal_spi.o
                0x0000000008006e00                HAL_SPI_Receive
 .text.HAL_SPI_Transmit_DMA
                0x0000000008007150      0x114 ./Drivers/STM32G4xx_HAL_Driver/Src/stm32g4xx_hal_spi.o
                0x0000000008007150                HAL_SPI_Transmit_DMA
 .text.TIM_OC1_SetConfig
                0x0000000008007264       0x80 ./Drivers/STM32G4xx_HAL_Driver/Src/stm32g4xx_hal_tim.o
 .text.TIM_OC3_SetConfig
                0x00000000080072e4       0xa0 ./Drivers/STM32G4xx_HAL_Driver/Src/stm32g4xx_hal_tim.o
 .text.TIM_OC4_SetConfig
                0x0000000008007384       0xa4 ./Drivers/STM32G4xx_HAL_Driver/Src/stm32g4xx_hal_tim.o
 .text.HAL_TIM_PWM_MspInit
                0x0000000008007428        0x4 ./Drivers/STM32G4xx_HAL_Driver/Src/stm32g4xx_hal_tim.o
                0x0000000008007428                HAL_TIM_PWM_MspInit
 .text.HAL_TIM_IC_MspInit
                0x000000000800742c        0x4 ./Drivers/STM32G4xx_HAL_Driver/Src/stm32g4xx_hal_tim.o
                0x000000000800742c                HAL_TIM_IC_MspInit
 .text.HAL_TIM_PeriodElapsedCallback
                0x0000000008007430        0x4 ./Drivers/STM32G4xx_HAL_Driver/Src/stm32g4xx_hal_tim.o
                0x0000000008007430                HAL_TIM_PeriodElapsedCallback
 .text.HAL_TIM_PeriodElapsedHalfCpltCallback
                0x0000000008007434        0x4 ./Drivers/STM32G4xx_HAL_Driver/Src/stm32g4xx_hal_tim.o
                0x0000000008007434                HAL_TIM_PeriodElapsedHalfCpltCallback
 .text.HAL_TIM_OC_DelayElapsedCallback
                0x0000000008007438        0x4 ./Drivers/STM32G4xx_HAL_Driver/Src/stm32g4xx_hal_tim.o
                0x0000000008007438                HAL_TIM_OC_DelayElapsedCallback
 .text.HAL_TIM_IC_CaptureCallback
                0x000000000800743c        0x4 ./Drivers/STM32G4xx_HAL_Driver/Src/stm32g4xx_hal_tim.o
                0x000000000800743c                HAL_TIM_IC_CaptureCallback
 .text.HAL_TIM_IC_CaptureHalfCpltCallback
                0x0000000008007440        0x4 ./Drivers/STM32G4xx_HAL_Driver/Src/stm32g4xx_hal_tim.o
                0x0000000008007440                HAL_TIM_IC_CaptureHalfCpltCallback
 .text.HAL_TIM_PWM_PulseFinishedCallback
                0x0000000008007444        0x4 ./Drivers/STM32G4xx_HAL_Driver/Src/stm32g4xx_hal_tim.o
                0x0000000008007444                HAL_TIM_PWM_PulseFinishedCallback
 .text.HAL_TIM_PWM_PulseFinishedHalfCpltCallback
                0x0000000008007448        0x4 ./Drivers/STM32G4xx_HAL_Driver/Src/stm32g4xx_hal_tim.o
                0x0000000008007448                HAL_TIM_PWM_PulseFinishedHalfCpltCallback
 .text.HAL_TIM_TriggerCallback
                0x000000000800744c        0x4 ./Drivers/STM32G4xx_HAL_Driver/Src/stm32g4xx_hal_tim.o
                0x000000000800744c                HAL_TIM_TriggerCallback
 .text.HAL_TIM_TriggerHalfCpltCallback
                0x0000000008007450        0x4 ./Drivers/STM32G4xx_HAL_Driver/Src/stm32g4xx_hal_tim.o
                0x0000000008007450                HAL_TIM_TriggerHalfCpltCallback
 .text.HAL_TIM_ErrorCallback
                0x0000000008007454        0x4 ./Drivers/STM32G4xx_HAL_Driver/Src/stm32g4xx_hal_tim.o
                0x0000000008007454                HAL_TIM_ErrorCallback
 .text.HAL_TIM_Base_Init
                0x0000000008007458      0x1d8 ./Drivers/STM32G4xx_HAL_Driver/Src/stm32g4xx_hal_tim.o
                0x0000000008007458                HAL_TIM_Base_Init
 .text.HAL_TIM_Base_Start
                0x0000000008007630       0x78 ./Drivers/STM32G4xx_HAL_Driver/Src/stm32g4xx_hal_tim.o
                0x0000000008007630                HAL_TIM_Base_Start
 .text.HAL_TIM_Base_Start_IT
                0x00000000080076a8       0x84 ./Drivers/STM32G4xx_HAL_Driver/Src/stm32g4xx_hal_tim.o
                0x00000000080076a8                HAL_TIM_Base_Start_IT
 .text.HAL_TIM_PWM_Init
                0x000000000800772c      0x1d8 ./Drivers/STM32G4xx_HAL_Driver/Src/stm32g4xx_hal_tim.o
                0x000000000800772c                HAL_TIM_PWM_Init
 .text.HAL_TIM_IC_Init
                0x0000000008007904      0x1d8 ./Drivers/STM32G4xx_HAL_Driver/Src/stm32g4xx_hal_tim.o
                0x0000000008007904                HAL_TIM_IC_Init
 .text.HAL_TIM_OnePulse_Init
                0x0000000008007adc      0x1ac ./Drivers/STM32G4xx_HAL_Driver/Src/stm32g4xx_hal_tim.o
                0x0000000008007adc                HAL_TIM_OnePulse_Init
 .text.HAL_TIM_OnePulse_Start
                0x0000000008007c88       0xbc ./Drivers/STM32G4xx_HAL_Driver/Src/stm32g4xx_hal_tim.o
                0x0000000008007c88                HAL_TIM_OnePulse_Start
 .text.HAL_TIM_OnePulse_Start_IT
                0x0000000008007d44       0xcc ./Drivers/STM32G4xx_HAL_Driver/Src/stm32g4xx_hal_tim.o
                0x0000000008007d44                HAL_TIM_OnePulse_Start_IT
 .text.HAL_TIM_Encoder_Init
                0x0000000008007e10      0x1fc ./Drivers/STM32G4xx_HAL_Driver/Src/stm32g4xx_hal_tim.o
                0x0000000008007e10                HAL_TIM_Encoder_Init
 .text.HAL_TIM_Encoder_Start
                0x000000000800800c       0xc4 ./Drivers/STM32G4xx_HAL_Driver/Src/stm32g4xx_hal_tim.o
                0x000000000800800c                HAL_TIM_Encoder_Start
 .text.HAL_TIM_IRQHandler
                0x00000000080080d0      0x218 ./Drivers/STM32G4xx_HAL_Driver/Src/stm32g4xx_hal_tim.o
                0x00000000080080d0                HAL_TIM_IRQHandler
 .text.HAL_TIM_IC_ConfigChannel
                0x00000000080082e8      0x1bc ./Drivers/STM32G4xx_HAL_Driver/Src/stm32g4xx_hal_tim.o
                0x00000000080082e8                HAL_TIM_IC_ConfigChannel
 .text.HAL_TIM_ConfigClockSource
                0x00000000080084a4      0x1c8 ./Drivers/STM32G4xx_HAL_Driver/Src/stm32g4xx_hal_tim.o
                0x00000000080084a4                HAL_TIM_ConfigClockSource
 .text.HAL_TIM_SlaveConfigSynchro
                0x000000000800866c      0x164 ./Drivers/STM32G4xx_HAL_Driver/Src/stm32g4xx_hal_tim.o
                0x000000000800866c                HAL_TIM_SlaveConfigSynchro
 .text.HAL_TIM_RegisterCallback
                0x00000000080087d0      0x19c ./Drivers/STM32G4xx_HAL_Driver/Src/stm32g4xx_hal_tim.o
                0x00000000080087d0                HAL_TIM_RegisterCallback
 .text.TIM_OC2_SetConfig
                0x000000000800896c       0xa4 ./Drivers/STM32G4xx_HAL_Driver/Src/stm32g4xx_hal_tim.o
                0x000000000800896c                TIM_OC2_SetConfig
 .text.HAL_TIM_PWM_ConfigChannel
                0x0000000008008a10      0x20c ./Drivers/STM32G4xx_HAL_Driver/Src/stm32g4xx_hal_tim.o
                0x0000000008008a10                HAL_TIM_PWM_ConfigChannel
 .text.HAL_TIMEx_MasterConfigSynchronization
                0x0000000008008c1c       0xb8 ./Drivers/STM32G4xx_HAL_Driver/Src/stm32g4xx_hal_tim_ex.o
                0x0000000008008c1c                HAL_TIMEx_MasterConfigSynchronization
 .text.HAL_TIMEx_ConfigBreakDeadTime
                0x0000000008008cd4       0xa4 ./Drivers/STM32G4xx_HAL_Driver/Src/stm32g4xx_hal_tim_ex.o
                0x0000000008008cd4                HAL_TIMEx_ConfigBreakDeadTime
 .text.HAL_TIMEx_TISelection
                0x0000000008008d78       0xa4 ./Drivers/STM32G4xx_HAL_Driver/Src/stm32g4xx_hal_tim_ex.o
                0x0000000008008d78                HAL_TIMEx_TISelection
 .text.HAL_TIMEx_CommutCallback
                0x0000000008008e1c        0x4 ./Drivers/STM32G4xx_HAL_Driver/Src/stm32g4xx_hal_tim_ex.o
                0x0000000008008e1c                HAL_TIMEx_CommutCallback
 .text.HAL_TIMEx_CommutHalfCpltCallback
                0x0000000008008e20        0x4 ./Drivers/STM32G4xx_HAL_Driver/Src/stm32g4xx_hal_tim_ex.o
                0x0000000008008e20                HAL_TIMEx_CommutHalfCpltCallback
 .text.HAL_TIMEx_BreakCallback
                0x0000000008008e24        0x4 ./Drivers/STM32G4xx_HAL_Driver/Src/stm32g4xx_hal_tim_ex.o
                0x0000000008008e24                HAL_TIMEx_BreakCallback
 .text.HAL_TIMEx_Break2Callback
                0x0000000008008e28        0x4 ./Drivers/STM32G4xx_HAL_Driver/Src/stm32g4xx_hal_tim_ex.o
                0x0000000008008e28                HAL_TIMEx_Break2Callback
 .text.HAL_TIMEx_EncoderIndexCallback
                0x0000000008008e2c        0x4 ./Drivers/STM32G4xx_HAL_Driver/Src/stm32g4xx_hal_tim_ex.o
                0x0000000008008e2c                HAL_TIMEx_EncoderIndexCallback
 .text.HAL_TIMEx_DirectionChangeCallback
                0x0000000008008e30        0x4 ./Drivers/STM32G4xx_HAL_Driver/Src/stm32g4xx_hal_tim_ex.o
                0x0000000008008e30                HAL_TIMEx_DirectionChangeCallback
 .text.HAL_TIMEx_IndexErrorCallback
                0x0000000008008e34        0x4 ./Drivers/STM32G4xx_HAL_Driver/Src/stm32g4xx_hal_tim_ex.o
                0x0000000008008e34                HAL_TIMEx_IndexErrorCallback
 .text.HAL_TIMEx_TransitionErrorCallback
                0x0000000008008e38        0x4 ./Drivers/STM32G4xx_HAL_Driver/Src/stm32g4xx_hal_tim_ex.o
                0x0000000008008e38                HAL_TIMEx_TransitionErrorCallback
 .text.__libc_init_array
                0x0000000008008e3c       0x48 c:/st/stm32cubeide_1.9.0/stm32cubeide/plugins/com.st.stm32cube.ide.mcu.externaltools.gnu-tools-for-stm32.10.3-2021.10.win32_1.0.0.202111181127/tools/bin/../lib/gcc/arm-none-eabi/10.3.1/../../../../arm-none-eabi/lib/thumb/v7e-m+fp/hard\libc_nano.a(lib_a-init.o)
                0x0000000008008e3c                __libc_init_array
 .text.memset   0x0000000008008e84       0x10 c:/st/stm32cubeide_1.9.0/stm32cubeide/plugins/com.st.stm32cube.ide.mcu.externaltools.gnu-tools-for-stm32.10.3-2021.10.win32_1.0.0.202111181127/tools/bin/../lib/gcc/arm-none-eabi/10.3.1/../../../../arm-none-eabi/lib/thumb/v7e-m+fp/hard\libc_nano.a(lib_a-memset.o)
                0x0000000008008e84                memset
 *(.glue_7)
 .glue_7        0x0000000008008e94        0x0 linker stubs
 *(.glue_7t)
 .glue_7t       0x0000000008008e94        0x0 linker stubs
 *(.eh_frame)
 .eh_frame      0x0000000008008e94        0x0 c:/st/stm32cubeide_1.9.0/stm32cubeide/plugins/com.st.stm32cube.ide.mcu.externaltools.gnu-tools-for-stm32.10.3-2021.10.win32_1.0.0.202111181127/tools/bin/../lib/gcc/arm-none-eabi/10.3.1/thumb/v7e-m+fp/hard/crtbegin.o
 *(.init)
 .init          0x0000000008008e94        0x4 c:/st/stm32cubeide_1.9.0/stm32cubeide/plugins/com.st.stm32cube.ide.mcu.externaltools.gnu-tools-for-stm32.10.3-2021.10.win32_1.0.0.202111181127/tools/bin/../lib/gcc/arm-none-eabi/10.3.1/thumb/v7e-m+fp/hard/crti.o
                0x0000000008008e94                _init
 .init          0x0000000008008e98        0x8 c:/st/stm32cubeide_1.9.0/stm32cubeide/plugins/com.st.stm32cube.ide.mcu.externaltools.gnu-tools-for-stm32.10.3-2021.10.win32_1.0.0.202111181127/tools/bin/../lib/gcc/arm-none-eabi/10.3.1/thumb/v7e-m+fp/hard/crtn.o
 *(.fini)
 .fini          0x0000000008008ea0        0x4 c:/st/stm32cubeide_1.9.0/stm32cubeide/plugins/com.st.stm32cube.ide.mcu.externaltools.gnu-tools-for-stm32.10.3-2021.10.win32_1.0.0.202111181127/tools/bin/../lib/gcc/arm-none-eabi/10.3.1/thumb/v7e-m+fp/hard/crti.o
                0x0000000008008ea0                _fini
 .fini          0x0000000008008ea4        0x8 c:/st/stm32cubeide_1.9.0/stm32cubeide/plugins/com.st.stm32cube.ide.mcu.externaltools.gnu-tools-for-stm32.10.3-2021.10.win32_1.0.0.202111181127/tools/bin/../lib/gcc/arm-none-eabi/10.3.1/thumb/v7e-m+fp/hard/crtn.o
                0x0000000008008eac                . = ALIGN (0x4)
                0x0000000008008eac                _etext = .

.vfp11_veneer   0x0000000008008eac        0x0
 .vfp11_veneer  0x0000000008008eac        0x0 linker stubs

.v4_bx          0x0000000008008eac        0x0
 .v4_bx         0x0000000008008eac        0x0 linker stubs

.iplt           0x0000000008008eac        0x0
 .iplt          0x0000000008008eac        0x0 c:/st/stm32cubeide_1.9.0/stm32cubeide/plugins/com.st.stm32cube.ide.mcu.externaltools.gnu-tools-for-stm32.10.3-2021.10.win32_1.0.0.202111181127/tools/bin/../lib/gcc/arm-none-eabi/10.3.1/thumb/v7e-m+fp/hard/crtbegin.o

.rodata         0x0000000008008eac       0xe4
                0x0000000008008eac                . = ALIGN (0x4)
 *(.rodata)
 *(.rodata*)
 .rodata._ZTV10GFX_HW_SPI
                0x0000000008008eac       0x40 ./Core/Src/mymain.o
                0x0000000008008eac                vtable for GFX_HW_SPI
 .rodata._ZTV11GFX_ILI9341
                0x0000000008008eec       0x24 ./Core/Src/mymain.o
                0x0000000008008eec                vtable for GFX_ILI9341
 .rodata._ZL7initcmd
                0x0000000008008f10       0x6f ./Core/Src/mymain.o
 *fill*         0x0000000008008f7f        0x1 
 .rodata.AHBPrescTable
                0x0000000008008f80       0x10 ./Core/Src/system_stm32g4xx.o
                0x0000000008008f80                AHBPrescTable
                0x0000000008008f90                . = ALIGN (0x4)

.rel.dyn        0x0000000008008f90        0x0
 .rel.iplt      0x0000000008008f90        0x0 c:/st/stm32cubeide_1.9.0/stm32cubeide/plugins/com.st.stm32cube.ide.mcu.externaltools.gnu-tools-for-stm32.10.3-2021.10.win32_1.0.0.202111181127/tools/bin/../lib/gcc/arm-none-eabi/10.3.1/thumb/v7e-m+fp/hard/crtbegin.o

.ARM.extab      0x0000000008008f90        0x0
                0x0000000008008f90                . = ALIGN (0x4)
 *(.ARM.extab* .gnu.linkonce.armextab.*)
                0x0000000008008f90                . = ALIGN (0x4)

.ARM            0x0000000008008f90        0x0
                0x0000000008008f90                . = ALIGN (0x4)
                0x0000000008008f90                __exidx_start = .
 *(.ARM.exidx*)
                0x0000000008008f90                __exidx_end = .
                0x0000000008008f90                . = ALIGN (0x4)

.preinit_array  0x0000000008008f90        0x0
                0x0000000008008f90                . = ALIGN (0x4)
                0x0000000008008f90                PROVIDE (__preinit_array_start = .)
 *(.preinit_array*)
                0x0000000008008f90                PROVIDE (__preinit_array_end = .)
                0x0000000008008f90                . = ALIGN (0x4)

.init_array     0x0000000008008f90        0x8
                0x0000000008008f90                . = ALIGN (0x4)
                0x0000000008008f90                PROVIDE (__init_array_start = .)
 *(SORT_BY_NAME(.init_array.*))
 *(.init_array*)
 .init_array    0x0000000008008f90        0x4 c:/st/stm32cubeide_1.9.0/stm32cubeide/plugins/com.st.stm32cube.ide.mcu.externaltools.gnu-tools-for-stm32.10.3-2021.10.win32_1.0.0.202111181127/tools/bin/../lib/gcc/arm-none-eabi/10.3.1/thumb/v7e-m+fp/hard/crtbegin.o
 .init_array    0x0000000008008f94        0x4 ./Core/Src/mymain.o
                0x0000000008008f98                PROVIDE (__init_array_end = .)
                0x0000000008008f98                . = ALIGN (0x4)

.fini_array     0x0000000008008f98        0x4
                0x0000000008008f98                . = ALIGN (0x4)
                [!provide]                        PROVIDE (__fini_array_start = .)
 *(SORT_BY_NAME(.fini_array.*))
 *(.fini_array*)
 .fini_array    0x0000000008008f98        0x4 c:/st/stm32cubeide_1.9.0/stm32cubeide/plugins/com.st.stm32cube.ide.mcu.externaltools.gnu-tools-for-stm32.10.3-2021.10.win32_1.0.0.202111181127/tools/bin/../lib/gcc/arm-none-eabi/10.3.1/thumb/v7e-m+fp/hard/crtbegin.o
                [!provide]                        PROVIDE (__fini_array_end = .)
                0x0000000008008f9c                . = ALIGN (0x4)
                0x0000000008008f9c                _sidata = LOADADDR (.data)

.data           0x0000000020000000      0x130 load address 0x0000000008008f9c
                0x0000000020000000                . = ALIGN (0x4)
                0x0000000020000000                _sdata = .
 *(.data)
 *(.data*)
 .data.SystemCoreClock
                0x0000000020000000        0x4 ./Core/Src/system_stm32g4xx.o
                0x0000000020000000                SystemCoreClock
 .data.RYVolts  0x0000000020000004       0x40 ./Core/Src/vdp.o
                0x0000000020000004                RYVolts
 .data.RYVoltsDatasheet
                0x0000000020000044       0x40 ./Core/Src/vdp.o
                0x0000000020000044                RYVoltsDatasheet
 .data.YVolts   0x0000000020000084       0x40 ./Core/Src/vdp.o
                0x0000000020000084                YVolts
 .data.YVoltsDatasheet
                0x00000000200000c4       0x40 ./Core/Src/vdp.o
                0x00000000200000c4                YVoltsDatasheet
 .data.rgbMap   0x0000000020000104       0x22 ./Core/Src/vdp.o
                0x0000000020000104                rgbMap
 *fill*         0x0000000020000126        0x2 
 .data.uwTickFreq
                0x0000000020000128        0x4 ./Drivers/STM32G4xx_HAL_Driver/Src/stm32g4xx_hal.o
                0x0000000020000128                uwTickFreq
 .data.uwTickPrio
                0x000000002000012c        0x4 ./Drivers/STM32G4xx_HAL_Driver/Src/stm32g4xx_hal.o
                0x000000002000012c                uwTickPrio
 *(.RamFunc)
 *(.RamFunc*)
                0x0000000020000130                . = ALIGN (0x4)
                0x0000000020000130                _edata = .

.igot.plt       0x0000000020000130        0x0 load address 0x00000000080090cc
 .igot.plt      0x0000000020000130        0x0 c:/st/stm32cubeide_1.9.0/stm32cubeide/plugins/com.st.stm32cube.ide.mcu.externaltools.gnu-tools-for-stm32.10.3-2021.10.win32_1.0.0.202111181127/tools/bin/../lib/gcc/arm-none-eabi/10.3.1/thumb/v7e-m+fp/hard/crtbegin.o
                0x0000000020000130                . = ALIGN (0x4)

.bss            0x0000000020000130    0x193d8 load address 0x00000000080090cc
                0x0000000020000130                _sbss = .
                0x0000000020000130                __bss_start__ = _sbss
 *(.bss)
 .bss           0x0000000020000130       0x1c c:/st/stm32cubeide_1.9.0/stm32cubeide/plugins/com.st.stm32cube.ide.mcu.externaltools.gnu-tools-for-stm32.10.3-2021.10.win32_1.0.0.202111181127/tools/bin/../lib/gcc/arm-none-eabi/10.3.1/thumb/v7e-m+fp/hard/crtbegin.o
 *(.bss*)
 .bss.HAL_RCC_ADC12_CLK_ENABLED
                0x000000002000014c        0x4 ./Core/Src/adc.o
 .bss.hadc1     0x0000000020000150       0x98 ./Core/Src/adc.o
                0x0000000020000150                hadc1
 .bss.hadc2     0x00000000200001e8       0x98 ./Core/Src/adc.o
                0x00000000200001e8                hadc2
 .bss.hdma_adc1
                0x0000000020000280       0x60 ./Core/Src/adc.o
                0x0000000020000280                hdma_adc1
 .bss.hcomp1    0x00000000200002e0       0x24 ./Core/Src/comp.o
                0x00000000200002e0                hcomp1
 .bss.adcbuf    0x0000000020000304      0x800 ./Core/Src/main.o
                0x0000000020000304                adcbuf
 .bss.captureState
                0x0000000020000b04        0x1 ./Core/Src/main.o
                0x0000000020000b04                captureState
 .bss.dmaState  0x0000000020000b05        0x1 ./Core/Src/main.o
                0x0000000020000b05                dmaState
 *fill*         0x0000000020000b06        0x2 
 .bss.encoderButtonChangedTicks
                0x0000000020000b08        0x4 ./Core/Src/main.o
                0x0000000020000b08                encoderButtonChangedTicks
 .bss.encoderChanged
                0x0000000020000b0c        0x1 ./Core/Src/main.o
                0x0000000020000b0c                encoderChanged
 .bss.encoderClickedEvent
                0x0000000020000b0d        0x1 ./Core/Src/main.o
                0x0000000020000b0d                encoderClickedEvent
 .bss.encoderLongPressEvent
                0x0000000020000b0e        0x1 ./Core/Src/main.o
                0x0000000020000b0e                encoderLongPressEvent
 .bss.encoderPosition
                0x0000000020000b0f        0x1 ./Core/Src/main.o
                0x0000000020000b0f                encoderPosition
 .bss.frameReady
                0x0000000020000b10        0x1 ./Core/Src/main.o
                0x0000000020000b10                frameReady
 .bss.lastPressed
                0x0000000020000b11        0x1 ./Core/Src/main.o
                0x0000000020000b11                lastPressed
 .bss.line      0x0000000020000b12        0x2 ./Core/Src/main.o
                0x0000000020000b12                line
 .bss.pix       0x0000000020000b14        0x2 ./Core/Src/main.o
                0x0000000020000b14                pix
 .bss.raisedClickedEvent
                0x0000000020000b16        0x1 ./Core/Src/main.o
                0x0000000020000b16                raisedClickedEvent
 .bss.raisedLongPressEvent
                0x0000000020000b17        0x1 ./Core/Src/main.o
                0x0000000020000b17                raisedLongPressEvent
 .bss.rgbBuf    0x0000000020000b18    0x18000 ./Core/Src/main.o
                0x0000000020000b18                rgbBuf
 .bss.rgbBufIdx
                0x0000000020018b18        0x4 ./Core/Src/main.o
                0x0000000020018b18                rgbBufIdx
 .bss.rgbBufchunk
                0x0000000020018b1c        0x1 ./Core/Src/main.o
                0x0000000020018b1c                rgbBufchunk
 .bss.setupColour
                0x0000000020018b1d        0x1 ./Core/Src/main.o
                0x0000000020018b1d                setupColour
 .bss.setupState
                0x0000000020018b1e        0x1 ./Core/Src/main.o
                0x0000000020018b1e                setupState
 *fill*         0x0000000020018b1f        0x1 
 .bss.hwspi     0x0000000020018b20       0x1c ./Core/Src/mymain.o
                0x0000000020018b20                hwspi
 .bss.setupRYLevel
                0x0000000020018b3c        0x4 ./Core/Src/mymain.o
                0x0000000020018b3c                setupRYLevel
 .bss.setupYLevel
                0x0000000020018b40        0x4 ./Core/Src/mymain.o
                0x0000000020018b40                setupYLevel
 .bss.tft       0x0000000020018b44       0x10 ./Core/Src/mymain.o
                0x0000000020018b44                tft
 .bss.hdma_spi2_tx
                0x0000000020018b54       0x60 ./Core/Src/spi.o
                0x0000000020018b54                hdma_spi2_tx
 .bss.hspi2     0x0000000020018bb4       0x8c ./Core/Src/spi.o
                0x0000000020018bb4                hspi2
 .bss.hdma_tim20_ch1
                0x0000000020018c40       0x60 ./Core/Src/tim.o
                0x0000000020018c40                hdma_tim20_ch1
 .bss.htim1     0x0000000020018ca0       0xcc ./Core/Src/tim.o
                0x0000000020018ca0                htim1
 .bss.htim16    0x0000000020018d6c       0xcc ./Core/Src/tim.o
                0x0000000020018d6c                htim16
 .bss.htim2     0x0000000020018e38       0xcc ./Core/Src/tim.o
                0x0000000020018e38                htim2
 .bss.htim20    0x0000000020018f04       0xcc ./Core/Src/tim.o
                0x0000000020018f04                htim20
 .bss.htim3     0x0000000020018fd0       0xcc ./Core/Src/tim.o
                0x0000000020018fd0                htim3
 .bss.htim4     0x000000002001909c       0xcc ./Core/Src/tim.o
                0x000000002001909c                htim4
 .bss.htim5     0x0000000020019168       0xcc ./Core/Src/tim.o
                0x0000000020019168                htim5
 .bss.htim8     0x0000000020019234       0xcc ./Core/Src/tim.o
                0x0000000020019234                htim8
 .bss.RYMap     0x0000000020019300       0x80 ./Core/Src/vdp.o
                0x0000000020019300                RYMap
 .bss.YMap      0x0000000020019380       0x80 ./Core/Src/vdp.o
                0x0000000020019380                YMap
 .bss.bitMap    0x0000000020019400      0x100 ./Core/Src/vdp.o
                0x0000000020019400                bitMap
 .bss.offset    0x0000000020019500        0x4 ./Core/Src/vdp.o
                0x0000000020019500                offset
 .bss.uwTick    0x0000000020019504        0x4 ./Drivers/STM32G4xx_HAL_Driver/Src/stm32g4xx_hal.o
                0x0000000020019504                uwTick
 *(COMMON)
                0x0000000020019508                . = ALIGN (0x4)
                0x0000000020019508                _ebss = .
                0x0000000020019508                __bss_end__ = _ebss

._user_heap_stack
                0x0000000020019508      0x600 load address 0x00000000080090cc
                0x0000000020019508                . = ALIGN (0x8)
                [!provide]                        PROVIDE (end = .)
                0x0000000020019508                PROVIDE (_end = .)
                0x0000000020019708                . = (. + _Min_Heap_Size)
 *fill*         0x0000000020019508      0x200 
                0x0000000020019b08                . = (. + _Min_Stack_Size)
 *fill*         0x0000000020019708      0x400 
                0x0000000020019b08                . = ALIGN (0x8)

/DISCARD/
 libc.a(*)
 libm.a(*)
 libgcc.a(*)

.ARM.attributes
                0x0000000000000000       0x30
 *(.ARM.attributes)
 .ARM.attributes
                0x0000000000000000       0x1e c:/st/stm32cubeide_1.9.0/stm32cubeide/plugins/com.st.stm32cube.ide.mcu.externaltools.gnu-tools-for-stm32.10.3-2021.10.win32_1.0.0.202111181127/tools/bin/../lib/gcc/arm-none-eabi/10.3.1/thumb/v7e-m+fp/hard/crti.o
 .ARM.attributes
                0x000000000000001e       0x34 c:/st/stm32cubeide_1.9.0/stm32cubeide/plugins/com.st.stm32cube.ide.mcu.externaltools.gnu-tools-for-stm32.10.3-2021.10.win32_1.0.0.202111181127/tools/bin/../lib/gcc/arm-none-eabi/10.3.1/thumb/v7e-m+fp/hard/crtbegin.o
 .ARM.attributes
                0x0000000000000052       0x30 ./Core/Src/adc.o
 .ARM.attributes
                0x0000000000000082       0x30 ./Core/Src/comp.o
 .ARM.attributes
                0x00000000000000b2       0x30 ./Core/Src/dma.o
 .ARM.attributes
                0x00000000000000e2       0x30 ./Core/Src/gpio.o
 .ARM.attributes
                0x0000000000000112       0x30 ./Core/Src/main.o
 .ARM.attributes
                0x0000000000000142       0x30 ./Core/Src/mymain.o
 .ARM.attributes
                0x0000000000000172       0x30 ./Core/Src/spi.o
 .ARM.attributes
                0x00000000000001a2       0x30 ./Core/Src/stm32g4xx_hal_msp.o
 .ARM.attributes
                0x00000000000001d2       0x30 ./Core/Src/stm32g4xx_it.o
 .ARM.attributes
                0x0000000000000202       0x30 ./Core/Src/system_stm32g4xx.o
 .ARM.attributes
                0x0000000000000232       0x30 ./Core/Src/tim.o
 .ARM.attributes
                0x0000000000000262       0x30 ./Core/Src/vdp.o
 .ARM.attributes
                0x0000000000000292       0x21 ./Core/Startup/startup_stm32g474retx.o
 .ARM.attributes
                0x00000000000002b3       0x30 ./Drivers/STM32G4xx_HAL_Driver/Src/stm32g4xx_hal.o
 .ARM.attributes
                0x00000000000002e3       0x30 ./Drivers/STM32G4xx_HAL_Driver/Src/stm32g4xx_hal_adc.o
 .ARM.attributes
                0x0000000000000313       0x30 ./Drivers/STM32G4xx_HAL_Driver/Src/stm32g4xx_hal_adc_ex.o
 .ARM.attributes
                0x0000000000000343       0x30 ./Drivers/STM32G4xx_HAL_Driver/Src/stm32g4xx_hal_comp.o
 .ARM.attributes
                0x0000000000000373       0x30 ./Drivers/STM32G4xx_HAL_Driver/Src/stm32g4xx_hal_cortex.o
 .ARM.attributes
                0x00000000000003a3       0x30 ./Drivers/STM32G4xx_HAL_Driver/Src/stm32g4xx_hal_dma.o
 .ARM.attributes
                0x00000000000003d3       0x30 ./Drivers/STM32G4xx_HAL_Driver/Src/stm32g4xx_hal_dma_ex.o
 .ARM.attributes
                0x0000000000000403       0x30 ./Drivers/STM32G4xx_HAL_Driver/Src/stm32g4xx_hal_gpio.o
 .ARM.attributes
                0x0000000000000433       0x30 ./Drivers/STM32G4xx_HAL_Driver/Src/stm32g4xx_hal_pwr_ex.o
 .ARM.attributes
                0x0000000000000463       0x30 ./Drivers/STM32G4xx_HAL_Driver/Src/stm32g4xx_hal_rcc.o
 .ARM.attributes
                0x0000000000000493       0x30 ./Drivers/STM32G4xx_HAL_Driver/Src/stm32g4xx_hal_rcc_ex.o
 .ARM.attributes
                0x00000000000004c3       0x30 ./Drivers/STM32G4xx_HAL_Driver/Src/stm32g4xx_hal_spi.o
 .ARM.attributes
                0x00000000000004f3       0x30 ./Drivers/STM32G4xx_HAL_Driver/Src/stm32g4xx_hal_tim.o
 .ARM.attributes
                0x0000000000000523       0x30 ./Drivers/STM32G4xx_HAL_Driver/Src/stm32g4xx_hal_tim_ex.o
 .ARM.attributes
                0x0000000000000553       0x34 c:/st/stm32cubeide_1.9.0/stm32cubeide/plugins/com.st.stm32cube.ide.mcu.externaltools.gnu-tools-for-stm32.10.3-2021.10.win32_1.0.0.202111181127/tools/bin/../lib/gcc/arm-none-eabi/10.3.1/../../../../arm-none-eabi/lib/thumb/v7e-m+fp/hard\libc_nano.a(lib_a-init.o)
 .ARM.attributes
                0x0000000000000587       0x34 c:/st/stm32cubeide_1.9.0/stm32cubeide/plugins/com.st.stm32cube.ide.mcu.externaltools.gnu-tools-for-stm32.10.3-2021.10.win32_1.0.0.202111181127/tools/bin/../lib/gcc/arm-none-eabi/10.3.1/../../../../arm-none-eabi/lib/thumb/v7e-m+fp/hard\libc_nano.a(lib_a-memset.o)
 .ARM.attributes
                0x00000000000005bb       0x1e c:/st/stm32cubeide_1.9.0/stm32cubeide/plugins/com.st.stm32cube.ide.mcu.externaltools.gnu-tools-for-stm32.10.3-2021.10.win32_1.0.0.202111181127/tools/bin/../lib/gcc/arm-none-eabi/10.3.1/thumb/v7e-m+fp/hard\libgcc.a(_arm_muldf3.o)
 .ARM.attributes
                0x00000000000005d9       0x1e c:/st/stm32cubeide_1.9.0/stm32cubeide/plugins/com.st.stm32cube.ide.mcu.externaltools.gnu-tools-for-stm32.10.3-2021.10.win32_1.0.0.202111181127/tools/bin/../lib/gcc/arm-none-eabi/10.3.1/thumb/v7e-m+fp/hard\libgcc.a(_arm_addsubdf3.o)
 .ARM.attributes
                0x00000000000005f7       0x1e c:/st/stm32cubeide_1.9.0/stm32cubeide/plugins/com.st.stm32cube.ide.mcu.externaltools.gnu-tools-for-stm32.10.3-2021.10.win32_1.0.0.202111181127/tools/bin/../lib/gcc/arm-none-eabi/10.3.1/thumb/v7e-m+fp/hard\libgcc.a(_arm_fixunsdfsi.o)
 .ARM.attributes
                0x0000000000000615       0x1e c:/st/stm32cubeide_1.9.0/stm32cubeide/plugins/com.st.stm32cube.ide.mcu.externaltools.gnu-tools-for-stm32.10.3-2021.10.win32_1.0.0.202111181127/tools/bin/../lib/gcc/arm-none-eabi/10.3.1/thumb/v7e-m+fp/hard\libgcc.a(_arm_truncdfsf2.o)
 .ARM.attributes
                0x0000000000000633       0x1e c:/st/stm32cubeide_1.9.0/stm32cubeide/plugins/com.st.stm32cube.ide.mcu.externaltools.gnu-tools-for-stm32.10.3-2021.10.win32_1.0.0.202111181127/tools/bin/../lib/gcc/arm-none-eabi/10.3.1/thumb/v7e-m+fp/hard/crtn.o
OUTPUT(VDPDMA.elf elf32-littlearm)
LOAD linker stubs
LOAD c:/st/stm32cubeide_1.9.0/stm32cubeide/plugins/com.st.stm32cube.ide.mcu.externaltools.gnu-tools-for-stm32.10.3-2021.10.win32_1.0.0.202111181127/tools/bin/../lib/gcc/arm-none-eabi/10.3.1/../../../../arm-none-eabi/lib/thumb/v7e-m+fp/hard\libc.a
LOAD c:/st/stm32cubeide_1.9.0/stm32cubeide/plugins/com.st.stm32cube.ide.mcu.externaltools.gnu-tools-for-stm32.10.3-2021.10.win32_1.0.0.202111181127/tools/bin/../lib/gcc/arm-none-eabi/10.3.1/../../../../arm-none-eabi/lib/thumb/v7e-m+fp/hard\libm.a
LOAD c:/st/stm32cubeide_1.9.0/stm32cubeide/plugins/com.st.stm32cube.ide.mcu.externaltools.gnu-tools-for-stm32.10.3-2021.10.win32_1.0.0.202111181127/tools/bin/../lib/gcc/arm-none-eabi/10.3.1/thumb/v7e-m+fp/hard\libgcc.a

.comment        0x0000000000000000       0x50
 .comment       0x0000000000000000       0x50 ./Core/Src/adc.o
                                         0x51 (size before relaxing)
 .comment       0x0000000000000050       0x51 ./Core/Src/comp.o
 .comment       0x0000000000000050       0x51 ./Core/Src/dma.o
 .comment       0x0000000000000050       0x51 ./Core/Src/gpio.o
 .comment       0x0000000000000050       0x51 ./Core/Src/main.o
 .comment       0x0000000000000050       0x51 ./Core/Src/mymain.o
 .comment       0x0000000000000050       0x51 ./Core/Src/spi.o
 .comment       0x0000000000000050       0x51 ./Core/Src/stm32g4xx_hal_msp.o
 .comment       0x0000000000000050       0x51 ./Core/Src/stm32g4xx_it.o
 .comment       0x0000000000000050       0x51 ./Core/Src/system_stm32g4xx.o
 .comment       0x0000000000000050       0x51 ./Core/Src/tim.o
 .comment       0x0000000000000050       0x51 ./Core/Src/vdp.o
 .comment       0x0000000000000050       0x51 ./Drivers/STM32G4xx_HAL_Driver/Src/stm32g4xx_hal.o
 .comment       0x0000000000000050       0x51 ./Drivers/STM32G4xx_HAL_Driver/Src/stm32g4xx_hal_adc.o
 .comment       0x0000000000000050       0x51 ./Drivers/STM32G4xx_HAL_Driver/Src/stm32g4xx_hal_adc_ex.o
 .comment       0x0000000000000050       0x51 ./Drivers/STM32G4xx_HAL_Driver/Src/stm32g4xx_hal_comp.o
 .comment       0x0000000000000050       0x51 ./Drivers/STM32G4xx_HAL_Driver/Src/stm32g4xx_hal_cortex.o
 .comment       0x0000000000000050       0x51 ./Drivers/STM32G4xx_HAL_Driver/Src/stm32g4xx_hal_dma.o
 .comment       0x0000000000000050       0x51 ./Drivers/STM32G4xx_HAL_Driver/Src/stm32g4xx_hal_dma_ex.o
 .comment       0x0000000000000050       0x51 ./Drivers/STM32G4xx_HAL_Driver/Src/stm32g4xx_hal_gpio.o
 .comment       0x0000000000000050       0x51 ./Drivers/STM32G4xx_HAL_Driver/Src/stm32g4xx_hal_pwr_ex.o
 .comment       0x0000000000000050       0x51 ./Drivers/STM32G4xx_HAL_Driver/Src/stm32g4xx_hal_rcc.o
 .comment       0x0000000000000050       0x51 ./Drivers/STM32G4xx_HAL_Driver/Src/stm32g4xx_hal_rcc_ex.o
 .comment       0x0000000000000050       0x51 ./Drivers/STM32G4xx_HAL_Driver/Src/stm32g4xx_hal_spi.o
 .comment       0x0000000000000050       0x51 ./Drivers/STM32G4xx_HAL_Driver/Src/stm32g4xx_hal_tim.o
 .comment       0x0000000000000050       0x51 ./Drivers/STM32G4xx_HAL_Driver/Src/stm32g4xx_hal_tim_ex.o

.debug_frame    0x0000000000000000      0x170
 .debug_frame   0x0000000000000000       0x2c c:/st/stm32cubeide_1.9.0/stm32cubeide/plugins/com.st.stm32cube.ide.mcu.externaltools.gnu-tools-for-stm32.10.3-2021.10.win32_1.0.0.202111181127/tools/bin/../lib/gcc/arm-none-eabi/10.3.1/../../../../arm-none-eabi/lib/thumb/v7e-m+fp/hard\libc_nano.a(lib_a-init.o)
 .debug_frame   0x000000000000002c       0x20 c:/st/stm32cubeide_1.9.0/stm32cubeide/plugins/com.st.stm32cube.ide.mcu.externaltools.gnu-tools-for-stm32.10.3-2021.10.win32_1.0.0.202111181127/tools/bin/../lib/gcc/arm-none-eabi/10.3.1/../../../../arm-none-eabi/lib/thumb/v7e-m+fp/hard\libc_nano.a(lib_a-memset.o)
 .debug_frame   0x000000000000004c       0x30 c:/st/stm32cubeide_1.9.0/stm32cubeide/plugins/com.st.stm32cube.ide.mcu.externaltools.gnu-tools-for-stm32.10.3-2021.10.win32_1.0.0.202111181127/tools/bin/../lib/gcc/arm-none-eabi/10.3.1/thumb/v7e-m+fp/hard\libgcc.a(_arm_muldf3.o)
 .debug_frame   0x000000000000007c       0xac c:/st/stm32cubeide_1.9.0/stm32cubeide/plugins/com.st.stm32cube.ide.mcu.externaltools.gnu-tools-for-stm32.10.3-2021.10.win32_1.0.0.202111181127/tools/bin/../lib/gcc/arm-none-eabi/10.3.1/thumb/v7e-m+fp/hard\libgcc.a(_arm_addsubdf3.o)
 .debug_frame   0x0000000000000128       0x24 c:/st/stm32cubeide_1.9.0/stm32cubeide/plugins/com.st.stm32cube.ide.mcu.externaltools.gnu-tools-for-stm32.10.3-2021.10.win32_1.0.0.202111181127/tools/bin/../lib/gcc/arm-none-eabi/10.3.1/thumb/v7e-m+fp/hard\libgcc.a(_arm_fixunsdfsi.o)
 .debug_frame   0x000000000000014c       0x24 c:/st/stm32cubeide_1.9.0/stm32cubeide/plugins/com.st.stm32cube.ide.mcu.externaltools.gnu-tools-for-stm32.10.3-2021.10.win32_1.0.0.202111181127/tools/bin/../lib/gcc/arm-none-eabi/10.3.1/thumb/v7e-m+fp/hard\libgcc.a(_arm_truncdfsf2.o)
