Archive member included to satisfy reference by file (symbol)

c:/st/stm32cubeide_1.9.0/stm32cubeide/plugins/com.st.stm32cube.ide.mcu.externaltools.gnu-tools-for-stm32.10.3-2021.10.win32_1.0.0.202111181127/tools/bin/../lib/gcc/arm-none-eabi/10.3.1/../../../../arm-none-eabi/lib/thumb/v7e-m+fp/hard\libc_nano.a(lib_a-errno.o)
                              ./Core/Src/syscalls.o (__errno)
c:/st/stm32cubeide_1.9.0/stm32cubeide/plugins/com.st.stm32cube.ide.mcu.externaltools.gnu-tools-for-stm32.10.3-2021.10.win32_1.0.0.202111181127/tools/bin/../lib/gcc/arm-none-eabi/10.3.1/../../../../arm-none-eabi/lib/thumb/v7e-m+fp/hard\libc_nano.a(lib_a-exit.o)
                              c:/st/stm32cubeide_1.9.0/stm32cubeide/plugins/com.st.stm32cube.ide.mcu.externaltools.gnu-tools-for-stm32.10.3-2021.10.win32_1.0.0.202111181127/tools/bin/../lib/gcc/arm-none-eabi/10.3.1/../../../../arm-none-eabi/lib/thumb/v7e-m+fp/hard/crt0.o (exit)
c:/st/stm32cubeide_1.9.0/stm32cubeide/plugins/com.st.stm32cube.ide.mcu.externaltools.gnu-tools-for-stm32.10.3-2021.10.win32_1.0.0.202111181127/tools/bin/../lib/gcc/arm-none-eabi/10.3.1/../../../../arm-none-eabi/lib/thumb/v7e-m+fp/hard\libc_nano.a(lib_a-impure.o)
                              c:/st/stm32cubeide_1.9.0/stm32cubeide/plugins/com.st.stm32cube.ide.mcu.externaltools.gnu-tools-for-stm32.10.3-2021.10.win32_1.0.0.202111181127/tools/bin/../lib/gcc/arm-none-eabi/10.3.1/../../../../arm-none-eabi/lib/thumb/v7e-m+fp/hard\libc_nano.a(lib_a-exit.o) (_global_impure_ptr)
c:/st/stm32cubeide_1.9.0/stm32cubeide/plugins/com.st.stm32cube.ide.mcu.externaltools.gnu-tools-for-stm32.10.3-2021.10.win32_1.0.0.202111181127/tools/bin/../lib/gcc/arm-none-eabi/10.3.1/../../../../arm-none-eabi/lib/thumb/v7e-m+fp/hard\libc_nano.a(lib_a-init.o)
                              c:/st/stm32cubeide_1.9.0/stm32cubeide/plugins/com.st.stm32cube.ide.mcu.externaltools.gnu-tools-for-stm32.10.3-2021.10.win32_1.0.0.202111181127/tools/bin/../lib/gcc/arm-none-eabi/10.3.1/../../../../arm-none-eabi/lib/thumb/v7e-m+fp/hard/crt0.o (__libc_init_array)
c:/st/stm32cubeide_1.9.0/stm32cubeide/plugins/com.st.stm32cube.ide.mcu.externaltools.gnu-tools-for-stm32.10.3-2021.10.win32_1.0.0.202111181127/tools/bin/../lib/gcc/arm-none-eabi/10.3.1/../../../../arm-none-eabi/lib/thumb/v7e-m+fp/hard\libc_nano.a(lib_a-memset.o)
                              c:/st/stm32cubeide_1.9.0/stm32cubeide/plugins/com.st.stm32cube.ide.mcu.externaltools.gnu-tools-for-stm32.10.3-2021.10.win32_1.0.0.202111181127/tools/bin/../lib/gcc/arm-none-eabi/10.3.1/../../../../arm-none-eabi/lib/thumb/v7e-m+fp/hard/crt0.o (memset)

Discarded input sections

 .text          0x0000000000000000        0x0 c:/st/stm32cubeide_1.9.0/stm32cubeide/plugins/com.st.stm32cube.ide.mcu.externaltools.gnu-tools-for-stm32.10.3-2021.10.win32_1.0.0.202111181127/tools/bin/../lib/gcc/arm-none-eabi/10.3.1/thumb/v7e-m+fp/hard/crti.o
 .data          0x0000000000000000        0x0 c:/st/stm32cubeide_1.9.0/stm32cubeide/plugins/com.st.stm32cube.ide.mcu.externaltools.gnu-tools-for-stm32.10.3-2021.10.win32_1.0.0.202111181127/tools/bin/../lib/gcc/arm-none-eabi/10.3.1/thumb/v7e-m+fp/hard/crti.o
 .bss           0x0000000000000000        0x0 c:/st/stm32cubeide_1.9.0/stm32cubeide/plugins/com.st.stm32cube.ide.mcu.externaltools.gnu-tools-for-stm32.10.3-2021.10.win32_1.0.0.202111181127/tools/bin/../lib/gcc/arm-none-eabi/10.3.1/thumb/v7e-m+fp/hard/crti.o
 .data          0x0000000000000000        0x4 c:/st/stm32cubeide_1.9.0/stm32cubeide/plugins/com.st.stm32cube.ide.mcu.externaltools.gnu-tools-for-stm32.10.3-2021.10.win32_1.0.0.202111181127/tools/bin/../lib/gcc/arm-none-eabi/10.3.1/thumb/v7e-m+fp/hard/crtbegin.o
 .rodata        0x0000000000000000       0x24 c:/st/stm32cubeide_1.9.0/stm32cubeide/plugins/com.st.stm32cube.ide.mcu.externaltools.gnu-tools-for-stm32.10.3-2021.10.win32_1.0.0.202111181127/tools/bin/../lib/gcc/arm-none-eabi/10.3.1/thumb/v7e-m+fp/hard/crtbegin.o
 .text          0x0000000000000000       0x7c c:/st/stm32cubeide_1.9.0/stm32cubeide/plugins/com.st.stm32cube.ide.mcu.externaltools.gnu-tools-for-stm32.10.3-2021.10.win32_1.0.0.202111181127/tools/bin/../lib/gcc/arm-none-eabi/10.3.1/../../../../arm-none-eabi/lib/thumb/v7e-m+fp/hard/crt0.o
 .data          0x0000000000000000        0x0 c:/st/stm32cubeide_1.9.0/stm32cubeide/plugins/com.st.stm32cube.ide.mcu.externaltools.gnu-tools-for-stm32.10.3-2021.10.win32_1.0.0.202111181127/tools/bin/../lib/gcc/arm-none-eabi/10.3.1/../../../../arm-none-eabi/lib/thumb/v7e-m+fp/hard/crt0.o
 .bss           0x0000000000000000        0x0 c:/st/stm32cubeide_1.9.0/stm32cubeide/plugins/com.st.stm32cube.ide.mcu.externaltools.gnu-tools-for-stm32.10.3-2021.10.win32_1.0.0.202111181127/tools/bin/../lib/gcc/arm-none-eabi/10.3.1/../../../../arm-none-eabi/lib/thumb/v7e-m+fp/hard/crt0.o
[...]
Memory Configuration

Name             Origin             Length             Attributes
RAM              0x0000000020000000 0x0000000000020000 xrw
FLASH            0x0000000008000000 0x0000000000080000 xr
*default*        0x0000000000000000 0xffffffffffffffff

Linker script and memory map

LOAD c:/st/stm32cubeide_1.9.0/stm32cubeide/plugins/com.st.stm32cube.ide.mcu.externaltools.gnu-tools-for-stm32.10.3-2021.10.win32_1.0.0.202111181127/tools/bin/../lib/gcc/arm-none-eabi/10.3.1/thumb/v7e-m+fp/hard/crti.o
LOAD c:/st/stm32cubeide_1.9.0/stm32cubeide/plugins/com.st.stm32cube.ide.mcu.externaltools.gnu-tools-for-stm32.10.3-2021.10.win32_1.0.0.202111181127/tools/bin/../lib/gcc/arm-none-eabi/10.3.1/thumb/v7e-m+fp/hard/crtbegin.o
LOAD c:/st/stm32cubeide_1.9.0/stm32cubeide/plugins/com.st.stm32cube.ide.mcu.externaltools.gnu-tools-for-stm32.10.3-2021.10.win32_1.0.0.202111181127/tools/bin/../lib/gcc/arm-none-eabi/10.3.1/../../../../arm-none-eabi/lib/thumb/v7e-m+fp/hard/crt0.o
LOAD ./Core/Src/adc.o
LOAD ./Core/Src/comp.o
LOAD ./Core/Src/dma.o
LOAD ./Core/Src/gpio.o
LOAD ./Core/Src/main.o
LOAD ./Core/Src/mymain.o
LOAD ./Core/Src/spi.o
LOAD ./Core/Src/stm32g4xx_hal_msp.o
LOAD ./Core/Src/stm32g4xx_it.o
LOAD ./Core/Src/syscalls.o
LOAD ./Core/Src/sysmem.o
LOAD ./Core/Src/system_stm32g4xx.o
LOAD ./Core/Src/tim.o
LOAD ./Core/Startup/startup_stm32g474retx.o
LOAD ./Drivers/STM32G4xx_HAL_Driver/Src/stm32g4xx_hal.o
LOAD ./Drivers/STM32G4xx_HAL_Driver/Src/stm32g4xx_hal_adc.o
LOAD ./Drivers/STM32G4xx_HAL_Driver/Src/stm32g4xx_hal_adc_ex.o
LOAD ./Drivers/STM32G4xx_HAL_Driver/Src/stm32g4xx_hal_comp.o
LOAD ./Drivers/STM32G4xx_HAL_Driver/Src/stm32g4xx_hal_cortex.o
LOAD ./Drivers/STM32G4xx_HAL_Driver/Src/stm32g4xx_hal_dma.o
LOAD ./Drivers/STM32G4xx_HAL_Driver/Src/stm32g4xx_hal_dma_ex.o
LOAD ./Drivers/STM32G4xx_HAL_Driver/Src/stm32g4xx_hal_exti.o
LOAD ./Drivers/STM32G4xx_HAL_Driver/Src/stm32g4xx_hal_flash.o
LOAD ./Drivers/STM32G4xx_HAL_Driver/Src/stm32g4xx_hal_flash_ex.o
LOAD ./Drivers/STM32G4xx_HAL_Driver/Src/stm32g4xx_hal_flash_ramfunc.o
LOAD ./Drivers/STM32G4xx_HAL_Driver/Src/stm32g4xx_hal_gpio.o
LOAD ./Drivers/STM32G4xx_HAL_Driver/Src/stm32g4xx_hal_pwr.o
LOAD ./Drivers/STM32G4xx_HAL_Driver/Src/stm32g4xx_hal_pwr_ex.o
LOAD ./Drivers/STM32G4xx_HAL_Driver/Src/stm32g4xx_hal_rcc.o
LOAD ./Drivers/STM32G4xx_HAL_Driver/Src/stm32g4xx_hal_rcc_ex.o
LOAD ./Drivers/STM32G4xx_HAL_Driver/Src/stm32g4xx_hal_spi.o
LOAD ./Drivers/STM32G4xx_HAL_Driver/Src/stm32g4xx_hal_spi_ex.o
LOAD ./Drivers/STM32G4xx_HAL_Driver/Src/stm32g4xx_hal_tim.o
LOAD ./Drivers/STM32G4xx_HAL_Driver/Src/stm32g4xx_hal_tim_ex.o
LOAD ./Drivers/STM32G4xx_HAL_Driver/Src/stm32g4xx_ll_adc.o
START GROUP
LOAD c:/st/stm32cubeide_1.9.0/stm32cubeide/plugins/com.st.stm32cube.ide.mcu.externaltools.gnu-tools-for-stm32.10.3-2021.10.win32_1.0.0.202111181127/tools/bin/../lib/gcc/arm-none-eabi/10.3.1/../../../../arm-none-eabi/lib/thumb/v7e-m+fp/hard\libstdc++_nano.a
LOAD c:/st/stm32cubeide_1.9.0/stm32cubeide/plugins/com.st.stm32cube.ide.mcu.externaltools.gnu-tools-for-stm32.10.3-2021.10.win32_1.0.0.202111181127/tools/bin/../lib/gcc/arm-none-eabi/10.3.1/../../../../arm-none-eabi/lib/thumb/v7e-m+fp/hard\libsupc++_nano.a
END GROUP
LOAD c:/st/stm32cubeide_1.9.0/stm32cubeide/plugins/com.st.stm32cube.ide.mcu.externaltools.gnu-tools-for-stm32.10.3-2021.10.win32_1.0.0.202111181127/tools/bin/../lib/gcc/arm-none-eabi/10.3.1/../../../../arm-none-eabi/lib/thumb/v7e-m+fp/hard\libstdc++_nano.a
LOAD c:/st/stm32cubeide_1.9.0/stm32cubeide/plugins/com.st.stm32cube.ide.mcu.externaltools.gnu-tools-for-stm32.10.3-2021.10.win32_1.0.0.202111181127/tools/bin/../lib/gcc/arm-none-eabi/10.3.1/../../../../arm-none-eabi/lib/thumb/v7e-m+fp/hard\libm.a
LOAD c:/st/stm32cubeide_1.9.0/stm32cubeide/plugins/com.st.stm32cube.ide.mcu.externaltools.gnu-tools-for-stm32.10.3-2021.10.win32_1.0.0.202111181127/tools/bin/../lib/gcc/arm-none-eabi/10.3.1/../../../../arm-none-eabi/lib/thumb/v7e-m+fp/hard\libc_nano.a
START GROUP
LOAD c:/st/stm32cubeide_1.9.0/stm32cubeide/plugins/com.st.stm32cube.ide.mcu.externaltools.gnu-tools-for-stm32.10.3-2021.10.win32_1.0.0.202111181127/tools/bin/../lib/gcc/arm-none-eabi/10.3.1/thumb/v7e-m+fp/hard\libgcc.a
LOAD c:/st/stm32cubeide_1.9.0/stm32cubeide/plugins/com.st.stm32cube.ide.mcu.externaltools.gnu-tools-for-stm32.10.3-2021.10.win32_1.0.0.202111181127/tools/bin/../lib/gcc/arm-none-eabi/10.3.1/../../../../arm-none-eabi/lib/thumb/v7e-m+fp/hard\libc_nano.a
END GROUP
START GROUP
LOAD c:/st/stm32cubeide_1.9.0/stm32cubeide/plugins/com.st.stm32cube.ide.mcu.externaltools.gnu-tools-for-stm32.10.3-2021.10.win32_1.0.0.202111181127/tools/bin/../lib/gcc/arm-none-eabi/10.3.1/thumb/v7e-m+fp/hard\libgcc.a
LOAD c:/st/stm32cubeide_1.9.0/stm32cubeide/plugins/com.st.stm32cube.ide.mcu.externaltools.gnu-tools-for-stm32.10.3-2021.10.win32_1.0.0.202111181127/tools/bin/../lib/gcc/arm-none-eabi/10.3.1/../../../../arm-none-eabi/lib/thumb/v7e-m+fp/hard\libc_nano.a
LOAD c:/st/stm32cubeide_1.9.0/stm32cubeide/plugins/com.st.stm32cube.ide.mcu.externaltools.gnu-tools-for-stm32.10.3-2021.10.win32_1.0.0.202111181127/tools/bin/../lib/gcc/arm-none-eabi/10.3.1/../../../../arm-none-eabi/lib/thumb/v7e-m+fp/hard\libnosys.a
END GROUP
START GROUP
LOAD c:/st/stm32cubeide_1.9.0/stm32cubeide/plugins/com.st.stm32cube.ide.mcu.externaltools.gnu-tools-for-stm32.10.3-2021.10.win32_1.0.0.202111181127/tools/bin/../lib/gcc/arm-none-eabi/10.3.1/thumb/v7e-m+fp/hard\libgcc.a
LOAD c:/st/stm32cubeide_1.9.0/stm32cubeide/plugins/com.st.stm32cube.ide.mcu.externaltools.gnu-tools-for-stm32.10.3-2021.10.win32_1.0.0.202111181127/tools/bin/../lib/gcc/arm-none-eabi/10.3.1/../../../../arm-none-eabi/lib/thumb/v7e-m+fp/hard\libc_nano.a
LOAD c:/st/stm32cubeide_1.9.0/stm32cubeide/plugins/com.st.stm32cube.ide.mcu.externaltools.gnu-tools-for-stm32.10.3-2021.10.win32_1.0.0.202111181127/tools/bin/../lib/gcc/arm-none-eabi/10.3.1/../../../../arm-none-eabi/lib/thumb/v7e-m+fp/hard\libnosys.a
END GROUP
LOAD c:/st/stm32cubeide_1.9.0/stm32cubeide/plugins/com.st.stm32cube.ide.mcu.externaltools.gnu-tools-for-stm32.10.3-2021.10.win32_1.0.0.202111181127/tools/bin/../lib/gcc/arm-none-eabi/10.3.1/thumb/v7e-m+fp/hard/crtend.o
LOAD c:/st/stm32cubeide_1.9.0/stm32cubeide/plugins/com.st.stm32cube.ide.mcu.externaltools.gnu-tools-for-stm32.10.3-2021.10.win32_1.0.0.202111181127/tools/bin/../lib/gcc/arm-none-eabi/10.3.1/thumb/v7e-m+fp/hard/crtn.o
                0x0000000020020000                _estack = (ORIGIN (RAM) + LENGTH (RAM))
                0x0000000000000200                _Min_Heap_Size = 0x200
                0x0000000000000400                _Min_Stack_Size = 0x400

.isr_vector     0x0000000008000000      0x1d8
                0x0000000008000000                . = ALIGN (0x4)
 *(.isr_vector)
 .isr_vector    0x0000000008000000      0x1d8 ./Core/Startup/startup_stm32g474retx.o
                0x0000000008000000                g_pfnVectors
                0x00000000080001d8                . = ALIGN (0x4)

.text           0x00000000080001d8     0x7284
                0x00000000080001d8                . = ALIGN (0x4)
 *(.text)
 .text          0x00000000080001d8       0x40 c:/st/stm32cubeide_1.9.0/stm32cubeide/plugins/com.st.stm32cube.ide.mcu.externaltools.gnu-tools-for-stm32.10.3-2021.10.win32_1.0.0.202111181127/tools/bin/../lib/gcc/arm-none-eabi/10.3.1/thumb/v7e-m+fp/hard/crtbegin.o
 *(.text*)
 .text.MX_ADC1_Init
                0x0000000008000218       0xb4 ./Core/Src/adc.o
                0x0000000008000218                MX_ADC1_Init
 .text.MX_ADC2_Init
                0x00000000080002cc       0x88 ./Core/Src/adc.o
                0x00000000080002cc                MX_ADC2_Init
 .text.HAL_ADC_MspInit
                0x0000000008000354      0x150 ./Core/Src/adc.o
                0x0000000008000354                HAL_ADC_MspInit
 .text.MX_COMP1_Init
                0x00000000080004a4       0x38 ./Core/Src/comp.o
                0x00000000080004a4                MX_COMP1_Init
 .text.HAL_COMP_MspInit
                0x00000000080004dc       0x94 ./Core/Src/comp.o
                0x00000000080004dc                HAL_COMP_MspInit
 .text.MX_DMA_Init
                0x0000000008000570       0x88 ./Core/Src/dma.o
                0x0000000008000570                MX_DMA_Init
 .text.MX_GPIO_Init
                0x00000000080005f8      0x178 ./Core/Src/gpio.o
                0x00000000080005f8                MX_GPIO_Init
 .text.ADCCallback
                0x0000000008000770       0xd8 ./Core/Src/main.o
                0x0000000008000770                ADCCallback
 .text.SPIFullCallback
                0x0000000008000848        0xc ./Core/Src/main.o
                0x0000000008000848                SPIFullCallback
 .text.GPIODMAComplete
                0x0000000008000854       0x44 ./Core/Src/main.o
                0x0000000008000854                GPIODMAComplete
 .text.VSyncCallback
                0x0000000008000898       0x68 ./Core/Src/main.o
                0x0000000008000898                VSyncCallback
 .text.setColorLevels
                0x0000000008000900      0x180 ./Core/Src/main.o
                0x0000000008000900                setColorLevels
 .text.initColorMaps
                0x0000000008000a80      0x1c8 ./Core/Src/main.o
                0x0000000008000a80                initColorMaps
 .text.SystemClock_Config
                0x0000000008000c48       0x90 ./Core/Src/main.o
                0x0000000008000c48                SystemClock_Config
 .text.handleEncoderInputs
                0x0000000008000cd8       0xdc ./Core/Src/main.o
                0x0000000008000cd8                handleEncoderInputs
 .text.startup.main
                0x0000000008000db4      0x3a4 ./Core/Src/main.o
                0x0000000008000db4                main
 .text.Error_Handler
                0x0000000008001158        0x4 ./Core/Src/main.o
                0x0000000008001158                Error_Handler
 .text._ZN12GFX_HW_PAR163lowEP12GPIO_TypeDeft
                0x000000000800115c        0x4 ./Core/Src/mymain.o
                0x000000000800115c                GFX_HW_PAR16::low(GPIO_TypeDef*, unsigned short)
 .text._ZN12GFX_HW_PAR164highEP12GPIO_TypeDeft
                0x0000000008001160        0x4 ./Core/Src/mymain.o
                0x0000000008001160                GFX_HW_PAR16::high(GPIO_TypeDef*, unsigned short)
 .text._ZN12GFX_HW_PAR168MY_DelayEv
                0x0000000008001164        0x4 ./Core/Src/mymain.o
                0x0000000008001164                GFX_HW_PAR16::MY_Delay()
 .text._ZN12GFX_HW_PAR169MY_Delay1Ev
                0x0000000008001168        0x4 ./Core/Src/mymain.o
                0x0000000008001168                GFX_HW_PAR16::MY_Delay1()
 .text._ZN11GFX_ILI93253clsEv
                0x000000000800116c        0x4 ./Core/Src/mymain.o
                0x000000000800116c                GFX_ILI9325::cls()
 .text._ZN11GFX_ILI932516setAddressWindowEtttt
                0x0000000008001170       0xcc ./Core/Src/mymain.o
                0x0000000008001170                GFX_ILI9325::setAddressWindow(unsigned short, unsigned short, unsigned short, unsigned short)
 .text._ZN11GFX_ILI93259pushPixelEt
                0x000000000800123c        0x8 ./Core/Src/mymain.o
                0x000000000800123c                GFX_ILI9325::pushPixel(unsigned short)
 .text._ZN11GFX_ILI93253endEv
                0x0000000008001244       0x1c ./Core/Src/mymain.o
                0x0000000008001244                GFX_ILI9325::end()
 .text._ZN11GFX_ILI93254initEv
                0x0000000008001260       0x60 ./Core/Src/mymain.o
                0x0000000008001260                GFX_ILI9325::init()
 .text._ZN11GFX_ILI932511setRotationEh
                0x00000000080012c0       0x58 ./Core/Src/mymain.o
                0x00000000080012c0                GFX_ILI9325::setRotation(unsigned char)
 .text._ZN12GFX_HW_PAR167write16Et
                0x0000000008001318       0x58 ./Core/Src/mymain.o
                0x0000000008001318                GFX_HW_PAR16::write16(unsigned short)
 .text._ZN12GFX_HW_PAR163endEv
                0x0000000008001370       0x3c ./Core/Src/mymain.o
                0x0000000008001370                GFX_HW_PAR16::end()
 .text._ZN12GFX_HW_PAR1612beginCommandEv
                0x00000000080013ac       0x70 ./Core/Src/mymain.o
                0x00000000080013ac                GFX_HW_PAR16::beginCommand()
 .text._ZN12GFX_HW_PAR165writeEh
                0x000000000800141c       0x88 ./Core/Src/mymain.o
                0x000000000800141c                GFX_HW_PAR16::write(unsigned char)
 .text._ZN12GFX_HW_PAR1614writeCommand16Et
                0x00000000080014a4       0x90 ./Core/Src/mymain.o
                0x00000000080014a4                GFX_HW_PAR16::writeCommand16(unsigned short)
 .text._ZN12GFX_HW_PAR169writeDataEPKhh
                0x0000000008001534       0x84 ./Core/Src/mymain.o
                0x0000000008001534                GFX_HW_PAR16::writeData(unsigned char const*, unsigned char)
 .text._ZN12GFX_HW_PAR1613readcommand16Eh
                0x00000000080015b8      0x15c ./Core/Src/mymain.o
                0x00000000080015b8                GFX_HW_PAR16::readcommand16(unsigned char)
 .text._ZN12GFX_HW_PAR1612readcommand8Ehh
                0x0000000008001714      0x15c ./Core/Src/mymain.o
                0x0000000008001714                GFX_HW_PAR16::readcommand8(unsigned char, unsigned char)
 .text._ZN12GFX_HW_PAR165resetEm
                0x0000000008001870       0xd8 ./Core/Src/mymain.o
                0x0000000008001870                GFX_HW_PAR16::reset(unsigned long)
 .text._ZN12GFX_HW_PAR1613sendCommand16Ett
                0x0000000008001948      0x174 ./Core/Src/mymain.o
                0x0000000008001948                GFX_HW_PAR16::sendCommand16(unsigned short, unsigned short)
 .text._ZN12GFX_HW_PAR1612writeCommandEh
                0x0000000008001abc      0x10c ./Core/Src/mymain.o
                0x0000000008001abc                GFX_HW_PAR16::writeCommand(unsigned char)
 .text._ZN12GFX_HW_PAR1613sendCommand16EtPKhh
                0x0000000008001bc8      0x168 ./Core/Src/mymain.o
                0x0000000008001bc8                GFX_HW_PAR16::sendCommand16(unsigned short, unsigned char const*, unsigned char)
 .text._ZN12GFX_HW_PAR1611sendCommandEhPKhh
                0x0000000008001d30      0x178 ./Core/Src/mymain.o
                0x0000000008001d30                GFX_HW_PAR16::sendCommand(unsigned char, unsigned char const*, unsigned char)
 .text._ZN11GFX_ILI93259drawPixelEttt
                0x0000000008001ea8      0x11c ./Core/Src/mymain.o
                0x0000000008001ea8                GFX_ILI9325::drawPixel(unsigned short, unsigned short, unsigned short)
 .text.vsync    0x0000000008001fc4       0xdc ./Core/Src/mymain.o
                0x0000000008001fc4                vsync
 .text.mysetup  0x00000000080020a0      0x158 ./Core/Src/mymain.o
                0x00000000080020a0                mysetup
 .text.startup._GLOBAL__sub_I_hwspi
                0x00000000080021f8       0x70 ./Core/Src/mymain.o
 .text.MX_SPI2_Init
                0x0000000008002268       0x50 ./Core/Src/spi.o
                0x0000000008002268                MX_SPI2_Init
 .text.HAL_SPI_MspInit
                0x00000000080022b8       0xd4 ./Core/Src/spi.o
                0x00000000080022b8                HAL_SPI_MspInit
 .text.HAL_MspInit
                0x000000000800238c       0x44 ./Core/Src/stm32g4xx_hal_msp.o
                0x000000000800238c                HAL_MspInit
 .text.NMI_Handler
                0x00000000080023d0        0x8 ./Core/Src/stm32g4xx_it.o
                0x00000000080023d0                NMI_Handler
 .text.HardFault_Handler
                0x00000000080023d8        0x4 ./Core/Src/stm32g4xx_it.o
                0x00000000080023d8                HardFault_Handler
 .text.MemManage_Handler
                0x00000000080023dc        0x4 ./Core/Src/stm32g4xx_it.o
                0x00000000080023dc                MemManage_Handler
 .text.BusFault_Handler
                0x00000000080023e0        0x4 ./Core/Src/stm32g4xx_it.o
                0x00000000080023e0                BusFault_Handler
 .text.UsageFault_Handler
                0x00000000080023e4        0x4 ./Core/Src/stm32g4xx_it.o
                0x00000000080023e4                UsageFault_Handler
 .text.SVC_Handler
                0x00000000080023e8        0x4 ./Core/Src/stm32g4xx_it.o
                0x00000000080023e8                SVC_Handler
 .text.DebugMon_Handler
                0x00000000080023ec        0x4 ./Core/Src/stm32g4xx_it.o
                0x00000000080023ec                DebugMon_Handler
 .text.PendSV_Handler
                0x00000000080023f0        0x4 ./Core/Src/stm32g4xx_it.o
                0x00000000080023f0                PendSV_Handler
 .text.SysTick_Handler
                0x00000000080023f4        0x4 ./Core/Src/stm32g4xx_it.o
                0x00000000080023f4                SysTick_Handler
 .text.DMA1_Channel1_IRQHandler
                0x00000000080023f8        0xc ./Core/Src/stm32g4xx_it.o
                0x00000000080023f8                DMA1_Channel1_IRQHandler
 .text.DMA1_Channel2_IRQHandler
                0x0000000008002404        0xc ./Core/Src/stm32g4xx_it.o
                0x0000000008002404                DMA1_Channel2_IRQHandler
 .text.TIM1_TRG_COM_TIM17_IRQHandler
                0x0000000008002410        0xc ./Core/Src/stm32g4xx_it.o
                0x0000000008002410                TIM1_TRG_COM_TIM17_IRQHandler
 .text.TIM2_IRQHandler
                0x000000000800241c        0xc ./Core/Src/stm32g4xx_it.o
                0x000000000800241c                TIM2_IRQHandler
 .text.TIM3_IRQHandler
                0x0000000008002428        0xc ./Core/Src/stm32g4xx_it.o
                0x0000000008002428                TIM3_IRQHandler
 .text.DMA2_Channel1_IRQHandler
                0x0000000008002434        0xc ./Core/Src/stm32g4xx_it.o
                0x0000000008002434                DMA2_Channel1_IRQHandler
 .text.DMAMUX_OVR_IRQHandler
                0x0000000008002440        0xc ./Core/Src/stm32g4xx_it.o
                0x0000000008002440                DMAMUX_OVR_IRQHandler
 .text.SystemInit
                0x000000000800244c       0x14 ./Core/Src/system_stm32g4xx.o
                0x000000000800244c                SystemInit
 .text.MX_TIM2_Init
                0x0000000008002460       0x68 ./Core/Src/tim.o
                0x0000000008002460                MX_TIM2_Init
 .text.MX_TIM3_Init
                0x00000000080024c8      0x158 ./Core/Src/tim.o
                0x00000000080024c8                MX_TIM3_Init
 .text.MX_TIM4_Init
                0x0000000008002620      0x158 ./Core/Src/tim.o
                0x0000000008002620                MX_TIM4_Init
 .text.MX_TIM5_Init
                0x0000000008002778       0x54 ./Core/Src/tim.o
                0x0000000008002778                MX_TIM5_Init
 *fill*         0x00000000080027cc        0x4 
 .text.HAL_TIM_Base_MspInit
                0x00000000080027d0      0x1d0 ./Core/Src/tim.o
                0x00000000080027d0                HAL_TIM_Base_MspInit
 .text.HAL_TIM_Encoder_MspInit
                0x00000000080029a0       0xa4 ./Core/Src/tim.o
                0x00000000080029a0                HAL_TIM_Encoder_MspInit
 .text.HAL_TIM_OnePulse_MspInit
                0x0000000008002a44       0x2c ./Core/Src/tim.o
                0x0000000008002a44                HAL_TIM_OnePulse_MspInit
 .text.HAL_TIM_MspPostInit
                0x0000000008002a70      0x124 ./Core/Src/tim.o
                0x0000000008002a70                HAL_TIM_MspPostInit
 *fill*         0x0000000008002b94        0x4 
 .text.MX_TIM1_Init
                0x0000000008002b98      0x170 ./Core/Src/tim.o
                0x0000000008002b98                MX_TIM1_Init
 .text.MX_TIM8_Init
                0x0000000008002d08      0x148 ./Core/Src/tim.o
                0x0000000008002d08                MX_TIM8_Init
 .text.MX_TIM16_Init
                0x0000000008002e50      0x100 ./Core/Src/tim.o
                0x0000000008002e50                MX_TIM16_Init
 .text.MX_TIM20_Init
                0x0000000008002f50      0x178 ./Core/Src/tim.o
                0x0000000008002f50                MX_TIM20_Init
 .text.Reset_Handler
                0x00000000080030c8       0x50 ./Core/Startup/startup_stm32g474retx.o
                0x00000000080030c8                Reset_Handler
 .text.Default_Handler
                0x0000000008003118        0x2 ./Core/Startup/startup_stm32g474retx.o
                0x0000000008003118                RTC_Alarm_IRQHandler
                0x0000000008003118                EXTI2_IRQHandler
                0x0000000008003118                TIM8_TRG_COM_IRQHandler
                0x0000000008003118                TIM8_CC_IRQHandler
                0x0000000008003118                HRTIM1_Master_IRQHandler
                0x0000000008003118                SPI4_IRQHandler
                0x0000000008003118                FDCAN3_IT0_IRQHandler
                0x0000000008003118                TIM1_CC_IRQHandler
                0x0000000008003118                HRTIM1_FLT_IRQHandler
                0x0000000008003118                HRTIM1_TIMF_IRQHandler
                0x0000000008003118                USB_HP_IRQHandler
                0x0000000008003118                CORDIC_IRQHandler
                0x0000000008003118                HRTIM1_TIMD_IRQHandler
                0x0000000008003118                DMA2_Channel8_IRQHandler
                0x0000000008003118                EXTI3_IRQHandler
                0x0000000008003118                I2C3_ER_IRQHandler
                0x0000000008003118                EXTI0_IRQHandler
                0x0000000008003118                I2C2_EV_IRQHandler
                0x0000000008003118                FPU_IRQHandler
                0x0000000008003118                FDCAN1_IT1_IRQHandler
                0x0000000008003118                TIM1_UP_TIM16_IRQHandler
                0x0000000008003118                ADC1_2_IRQHandler
                0x0000000008003118                HRTIM1_TIME_IRQHandler
                0x0000000008003118                SPI1_IRQHandler
                0x0000000008003118                TIM6_DAC_IRQHandler
                0x0000000008003118                HRTIM1_TIMC_IRQHandler
                0x0000000008003118                TIM8_UP_IRQHandler
                0x0000000008003118                DMA2_Channel2_IRQHandler
                0x0000000008003118                DMA1_Channel4_IRQHandler
                0x0000000008003118                TIM20_TRG_COM_IRQHandler
                0x0000000008003118                USART3_IRQHandler
                0x0000000008003118                DMA1_Channel7_IRQHandler
                0x0000000008003118                UART5_IRQHandler
                0x0000000008003118                ADC3_IRQHandler
                0x0000000008003118                TIM4_IRQHandler
                0x0000000008003118                QUADSPI_IRQHandler
                0x0000000008003118                I2C1_EV_IRQHandler
                0x0000000008003118                DMA1_Channel6_IRQHandler
                0x0000000008003118                UART4_IRQHandler
                0x0000000008003118                DMA2_Channel4_IRQHandler
                0x0000000008003118                RCC_IRQHandler
                0x0000000008003118                TIM20_UP_IRQHandler
                0x0000000008003118                Default_Handler
                0x0000000008003118                DMA2_Channel7_IRQHandler
                0x0000000008003118                RTC_TAMP_LSECSS_IRQHandler
                0x0000000008003118                FMAC_IRQHandler
                0x0000000008003118                EXTI15_10_IRQHandler
                0x0000000008003118                DMA1_Channel8_IRQHandler
                0x0000000008003118                HRTIM1_TIMA_IRQHandler
                0x0000000008003118                TIM7_DAC_IRQHandler
                0x0000000008003118                FDCAN3_IT1_IRQHandler
                0x0000000008003118                TIM5_IRQHandler
                0x0000000008003118                UCPD1_IRQHandler
                0x0000000008003118                I2C3_EV_IRQHandler
                0x0000000008003118                EXTI9_5_IRQHandler
                0x0000000008003118                RTC_WKUP_IRQHandler
                0x0000000008003118                PVD_PVM_IRQHandler
                0x0000000008003118                SPI2_IRQHandler
                0x0000000008003118                ADC5_IRQHandler
                0x0000000008003118                DMA2_Channel5_IRQHandler
                0x0000000008003118                CRS_IRQHandler
                0x0000000008003118                DMA1_Channel5_IRQHandler
                0x0000000008003118                USB_LP_IRQHandler
                0x0000000008003118                EXTI4_IRQHandler
                0x0000000008003118                RNG_IRQHandler
                0x0000000008003118                HRTIM1_TIMB_IRQHandler
                0x0000000008003118                FDCAN2_IT1_IRQHandler
                0x0000000008003118                DMA1_Channel3_IRQHandler
                0x0000000008003118                ADC4_IRQHandler
                0x0000000008003118                WWDG_IRQHandler
                0x0000000008003118                I2C4_EV_IRQHandler
                0x0000000008003118                FDCAN2_IT0_IRQHandler
                0x0000000008003118                LPUART1_IRQHandler
                0x0000000008003118                DMA2_Channel6_IRQHandler
                0x0000000008003118                FDCAN1_IT0_IRQHandler
                0x0000000008003118                COMP7_IRQHandler
                0x0000000008003118                COMP1_2_3_IRQHandler
                0x0000000008003118                EXTI1_IRQHandler
                0x0000000008003118                USART2_IRQHandler
                0x0000000008003118                COMP4_5_6_IRQHandler
                0x0000000008003118                TIM20_BRK_IRQHandler
                0x0000000008003118                I2C2_ER_IRQHandler
                0x0000000008003118                TIM8_BRK_IRQHandler
                0x0000000008003118                FLASH_IRQHandler
                0x0000000008003118                TIM20_CC_IRQHandler
                0x0000000008003118                USART1_IRQHandler
                0x0000000008003118                SPI3_IRQHandler
                0x0000000008003118                I2C1_ER_IRQHandler
                0x0000000008003118                FMC_IRQHandler
                0x0000000008003118                LPTIM1_IRQHandler
                0x0000000008003118                I2C4_ER_IRQHandler
                0x0000000008003118                USBWakeUp_IRQHandler
                0x0000000008003118                SAI1_IRQHandler
                0x0000000008003118                DMA2_Channel3_IRQHandler
                0x0000000008003118                TIM1_BRK_TIM15_IRQHandler
 *fill*         0x000000000800311a        0x2 
 .text.HAL_InitTick
                0x000000000800311c       0x4c ./Drivers/STM32G4xx_HAL_Driver/Src/stm32g4xx_hal.o
                0x000000000800311c                HAL_InitTick
 .text.HAL_Init
                0x0000000008003168       0x30 ./Drivers/STM32G4xx_HAL_Driver/Src/stm32g4xx_hal.o
                0x0000000008003168                HAL_Init
 .text.HAL_IncTick
                0x0000000008003198       0x18 ./Drivers/STM32G4xx_HAL_Driver/Src/stm32g4xx_hal.o
                0x0000000008003198                HAL_IncTick
 .text.HAL_GetTick
                0x00000000080031b0        0xc ./Drivers/STM32G4xx_HAL_Driver/Src/stm32g4xx_hal.o
                0x00000000080031b0                HAL_GetTick
 .text.HAL_Delay
                0x00000000080031bc       0x24 ./Drivers/STM32G4xx_HAL_Driver/Src/stm32g4xx_hal.o
                0x00000000080031bc                HAL_Delay
 .text.HAL_SYSCFG_VREFBUF_VoltageScalingConfig
                0x00000000080031e0       0x14 ./Drivers/STM32G4xx_HAL_Driver/Src/stm32g4xx_hal.o
                0x00000000080031e0                HAL_SYSCFG_VREFBUF_VoltageScalingConfig
 .text.HAL_SYSCFG_VREFBUF_HighImpedanceConfig
                0x00000000080031f4       0x14 ./Drivers/STM32G4xx_HAL_Driver/Src/stm32g4xx_hal.o
                0x00000000080031f4                HAL_SYSCFG_VREFBUF_HighImpedanceConfig
 .text.HAL_SYSCFG_EnableVREFBUF
                0x0000000008003208       0x30 ./Drivers/STM32G4xx_HAL_Driver/Src/stm32g4xx_hal.o
                0x0000000008003208                HAL_SYSCFG_EnableVREFBUF
 .text.ADC_DMAConvCplt
                0x0000000008003238       0x60 ./Drivers/STM32G4xx_HAL_Driver/Src/stm32g4xx_hal_adc.o
                0x0000000008003238                ADC_DMAConvCplt
 .text.ADC_DMAHalfConvCplt
                0x0000000008003298        0x8 ./Drivers/STM32G4xx_HAL_Driver/Src/stm32g4xx_hal_adc.o
                0x0000000008003298                ADC_DMAHalfConvCplt
 .text.ADC_DMAError
                0x00000000080032a0       0x18 ./Drivers/STM32G4xx_HAL_Driver/Src/stm32g4xx_hal_adc.o
                0x00000000080032a0                ADC_DMAError
 .text.HAL_ADC_ErrorCallback
                0x00000000080032b8        0x4 ./Drivers/STM32G4xx_HAL_Driver/Src/stm32g4xx_hal_adc.o
                0x00000000080032b8                HAL_ADC_ErrorCallback
 .text.HAL_ADC_ConvCpltCallback
                0x00000000080032bc        0x4 ./Drivers/STM32G4xx_HAL_Driver/Src/stm32g4xx_hal_adc.o
                0x00000000080032bc                HAL_ADC_ConvCpltCallback
 .text.HAL_ADC_ConvHalfCpltCallback
                0x00000000080032c0        0x4 ./Drivers/STM32G4xx_HAL_Driver/Src/stm32g4xx_hal_adc.o
                0x00000000080032c0                HAL_ADC_ConvHalfCpltCallback
 .text.HAL_ADC_LevelOutOfWindowCallback
                0x00000000080032c4        0x4 ./Drivers/STM32G4xx_HAL_Driver/Src/stm32g4xx_hal_adc.o
                0x00000000080032c4                HAL_ADC_LevelOutOfWindowCallback
 .text.HAL_ADC_Init
                0x00000000080032c8      0x2a8 ./Drivers/STM32G4xx_HAL_Driver/Src/stm32g4xx_hal_adc.o
                0x00000000080032c8                HAL_ADC_Init
 .text.HAL_ADC_RegisterCallback
                0x0000000008003570       0x84 ./Drivers/STM32G4xx_HAL_Driver/Src/stm32g4xx_hal_adc.o
                0x0000000008003570                HAL_ADC_RegisterCallback
 .text.HAL_ADC_ConfigChannel
                0x00000000080035f4      0x530 ./Drivers/STM32G4xx_HAL_Driver/Src/stm32g4xx_hal_adc.o
                0x00000000080035f4                HAL_ADC_ConfigChannel
 .text.ADC_ConversionStop
                0x0000000008003b24      0x108 ./Drivers/STM32G4xx_HAL_Driver/Src/stm32g4xx_hal_adc.o
                0x0000000008003b24                ADC_ConversionStop
 .text.ADC_Enable
                0x0000000008003c2c       0x78 ./Drivers/STM32G4xx_HAL_Driver/Src/stm32g4xx_hal_adc.o
                0x0000000008003c2c                ADC_Enable
 .text.ADC_Disable
                0x0000000008003ca4       0x74 ./Drivers/STM32G4xx_HAL_Driver/Src/stm32g4xx_hal_adc.o
                0x0000000008003ca4                ADC_Disable
 .text.HAL_ADCEx_MultiModeStart_DMA
                0x0000000008003d18      0x10c ./Drivers/STM32G4xx_HAL_Driver/Src/stm32g4xx_hal_adc_ex.o
                0x0000000008003d18                HAL_ADCEx_MultiModeStart_DMA
 .text.HAL_ADCEx_MultiModeStop_DMA
                0x0000000008003e24      0x12c ./Drivers/STM32G4xx_HAL_Driver/Src/stm32g4xx_hal_adc_ex.o
                0x0000000008003e24                HAL_ADCEx_MultiModeStop_DMA
 .text.HAL_ADCEx_InjectedConvCpltCallback
                0x0000000008003f50        0x4 ./Drivers/STM32G4xx_HAL_Driver/Src/stm32g4xx_hal_adc_ex.o
                0x0000000008003f50                HAL_ADCEx_InjectedConvCpltCallback
 .text.HAL_ADCEx_InjectedQueueOverflowCallback
                0x0000000008003f54        0x4 ./Drivers/STM32G4xx_HAL_Driver/Src/stm32g4xx_hal_adc_ex.o
                0x0000000008003f54                HAL_ADCEx_InjectedQueueOverflowCallback
 .text.HAL_ADCEx_LevelOutOfWindow2Callback
                0x0000000008003f58        0x4 ./Drivers/STM32G4xx_HAL_Driver/Src/stm32g4xx_hal_adc_ex.o
                0x0000000008003f58                HAL_ADCEx_LevelOutOfWindow2Callback
 .text.HAL_ADCEx_LevelOutOfWindow3Callback
                0x0000000008003f5c        0x4 ./Drivers/STM32G4xx_HAL_Driver/Src/stm32g4xx_hal_adc_ex.o
                0x0000000008003f5c                HAL_ADCEx_LevelOutOfWindow3Callback
 .text.HAL_ADCEx_EndOfSamplingCallback
                0x0000000008003f60        0x4 ./Drivers/STM32G4xx_HAL_Driver/Src/stm32g4xx_hal_adc_ex.o
                0x0000000008003f60                HAL_ADCEx_EndOfSamplingCallback
 .text.HAL_ADCEx_MultiModeConfigChannel
                0x0000000008003f64      0x164 ./Drivers/STM32G4xx_HAL_Driver/Src/stm32g4xx_hal_adc_ex.o
                0x0000000008003f64                HAL_ADCEx_MultiModeConfigChannel
 .text.HAL_COMP_Init
                0x00000000080040c8      0x2c4 ./Drivers/STM32G4xx_HAL_Driver/Src/stm32g4xx_hal_comp.o
                0x00000000080040c8                HAL_COMP_Init
 .text.HAL_COMP_Start
                0x000000000800438c       0x58 ./Drivers/STM32G4xx_HAL_Driver/Src/stm32g4xx_hal_comp.o
                0x000000000800438c                HAL_COMP_Start
 .text.HAL_NVIC_SetPriorityGrouping
                0x00000000080043e4       0x24 ./Drivers/STM32G4xx_HAL_Driver/Src/stm32g4xx_hal_cortex.o
                0x00000000080043e4                HAL_NVIC_SetPriorityGrouping
 .text.HAL_NVIC_SetPriority
                0x0000000008004408       0x7c ./Drivers/STM32G4xx_HAL_Driver/Src/stm32g4xx_hal_cortex.o
                0x0000000008004408                HAL_NVIC_SetPriority
 .text.HAL_NVIC_EnableIRQ
                0x0000000008004484       0x1c ./Drivers/STM32G4xx_HAL_Driver/Src/stm32g4xx_hal_cortex.o
                0x0000000008004484                HAL_NVIC_EnableIRQ
 .text.HAL_SYSTICK_Config
                0x00000000080044a0       0x34 ./Drivers/STM32G4xx_HAL_Driver/Src/stm32g4xx_hal_cortex.o
                0x00000000080044a0                HAL_SYSTICK_Config
 .text.HAL_DMA_Init
                0x00000000080044d4      0x12c ./Drivers/STM32G4xx_HAL_Driver/Src/stm32g4xx_hal_dma.o
                0x00000000080044d4                HAL_DMA_Init
 .text.HAL_DMA_Start_IT
                0x0000000008004600       0xb4 ./Drivers/STM32G4xx_HAL_Driver/Src/stm32g4xx_hal_dma.o
                0x0000000008004600                HAL_DMA_Start_IT
 .text.HAL_DMA_Abort
                0x00000000080046b4       0x74 ./Drivers/STM32G4xx_HAL_Driver/Src/stm32g4xx_hal_dma.o
                0x00000000080046b4                HAL_DMA_Abort
 .text.HAL_DMA_IRQHandler
                0x0000000008004728       0x9c ./Drivers/STM32G4xx_HAL_Driver/Src/stm32g4xx_hal_dma.o
                0x0000000008004728                HAL_DMA_IRQHandler
 .text.HAL_DMA_RegisterCallback
                0x00000000080047c4       0x4c ./Drivers/STM32G4xx_HAL_Driver/Src/stm32g4xx_hal_dma.o
                0x00000000080047c4                HAL_DMA_RegisterCallback
 .text.HAL_DMAEx_MUX_IRQHandler
                0x0000000008004810       0x58 ./Drivers/STM32G4xx_HAL_Driver/Src/stm32g4xx_hal_dma_ex.o
                0x0000000008004810                HAL_DMAEx_MUX_IRQHandler
 .text.HAL_GPIO_Init
                0x0000000008004868      0x1f0 ./Drivers/STM32G4xx_HAL_Driver/Src/stm32g4xx_hal_gpio.o
                0x0000000008004868                HAL_GPIO_Init
 .text.HAL_GPIO_ReadPin
                0x0000000008004a58        0xc ./Drivers/STM32G4xx_HAL_Driver/Src/stm32g4xx_hal_gpio.o
                0x0000000008004a58                HAL_GPIO_ReadPin
 .text.HAL_GPIO_WritePin
                0x0000000008004a64        0xc ./Drivers/STM32G4xx_HAL_Driver/Src/stm32g4xx_hal_gpio.o
                0x0000000008004a64                HAL_GPIO_WritePin
 .text.HAL_PWREx_ControlVoltageScaling
                0x0000000008004a70       0xfc ./Drivers/STM32G4xx_HAL_Driver/Src/stm32g4xx_hal_pwr_ex.o
                0x0000000008004a70                HAL_PWREx_ControlVoltageScaling
 .text.HAL_RCC_OscConfig
                0x0000000008004b6c      0x498 ./Drivers/STM32G4xx_HAL_Driver/Src/stm32g4xx_hal_rcc.o
                0x0000000008004b6c                HAL_RCC_OscConfig
 .text.HAL_RCC_GetSysClockFreq
                0x0000000008005004       0x70 ./Drivers/STM32G4xx_HAL_Driver/Src/stm32g4xx_hal_rcc.o
                0x0000000008005004                HAL_RCC_GetSysClockFreq
 .text.HAL_RCC_ClockConfig
                0x0000000008005074      0x224 ./Drivers/STM32G4xx_HAL_Driver/Src/stm32g4xx_hal_rcc.o
                0x0000000008005074                HAL_RCC_ClockConfig
 .text.HAL_RCC_EnableCSS
                0x0000000008005298       0x10 ./Drivers/STM32G4xx_HAL_Driver/Src/stm32g4xx_hal_rcc.o
                0x0000000008005298                HAL_RCC_EnableCSS
 .text.HAL_RCC_CSSCallback
                0x00000000080052a8        0x4 ./Drivers/STM32G4xx_HAL_Driver/Src/stm32g4xx_hal_rcc.o
                0x00000000080052a8                HAL_RCC_CSSCallback
 .text.HAL_RCC_NMI_IRQHandler
                0x00000000080052ac       0x1c ./Drivers/STM32G4xx_HAL_Driver/Src/stm32g4xx_hal_rcc.o
                0x00000000080052ac                HAL_RCC_NMI_IRQHandler
 .text.HAL_RCCEx_PeriphCLKConfig
                0x00000000080052c8      0x310 ./Drivers/STM32G4xx_HAL_Driver/Src/stm32g4xx_hal_rcc_ex.o
                0x00000000080052c8                HAL_RCCEx_PeriphCLKConfig
 .text.HAL_SPI_AbortCpltCallback
                0x00000000080055d8        0x4 ./Drivers/STM32G4xx_HAL_Driver/Src/stm32g4xx_hal_spi.o
                0x00000000080055d8                HAL_SPI_AbortCpltCallback
 .text.HAL_SPI_TxCpltCallback
                0x00000000080055dc        0x4 ./Drivers/STM32G4xx_HAL_Driver/Src/stm32g4xx_hal_spi.o
                0x00000000080055dc                HAL_SPI_TxCpltCallback
 .text.HAL_SPI_RxCpltCallback
                0x00000000080055e0        0x4 ./Drivers/STM32G4xx_HAL_Driver/Src/stm32g4xx_hal_spi.o
                0x00000000080055e0                HAL_SPI_RxCpltCallback
 .text.HAL_SPI_TxRxCpltCallback
                0x00000000080055e4        0x4 ./Drivers/STM32G4xx_HAL_Driver/Src/stm32g4xx_hal_spi.o
                0x00000000080055e4                HAL_SPI_TxRxCpltCallback
 .text.HAL_SPI_TxHalfCpltCallback
                0x00000000080055e8        0x4 ./Drivers/STM32G4xx_HAL_Driver/Src/stm32g4xx_hal_spi.o
                0x00000000080055e8                HAL_SPI_TxHalfCpltCallback
 .text.HAL_SPI_RxHalfCpltCallback
                0x00000000080055ec        0x4 ./Drivers/STM32G4xx_HAL_Driver/Src/stm32g4xx_hal_spi.o
                0x00000000080055ec                HAL_SPI_RxHalfCpltCallback
 .text.HAL_SPI_TxRxHalfCpltCallback
                0x00000000080055f0        0x4 ./Drivers/STM32G4xx_HAL_Driver/Src/stm32g4xx_hal_spi.o
                0x00000000080055f0                HAL_SPI_TxRxHalfCpltCallback
 .text.HAL_SPI_ErrorCallback
                0x00000000080055f4        0x4 ./Drivers/STM32G4xx_HAL_Driver/Src/stm32g4xx_hal_spi.o
                0x00000000080055f4                HAL_SPI_ErrorCallback
 .text.HAL_SPI_Init
                0x00000000080055f8      0x150 ./Drivers/STM32G4xx_HAL_Driver/Src/stm32g4xx_hal_spi.o
                0x00000000080055f8                HAL_SPI_Init
 .text.HAL_SPI_RegisterCallback
                0x0000000008005748       0xcc ./Drivers/STM32G4xx_HAL_Driver/Src/stm32g4xx_hal_spi.o
                0x0000000008005748                HAL_SPI_RegisterCallback
 .text.TIM_OC1_SetConfig
                0x0000000008005814       0x80 ./Drivers/STM32G4xx_HAL_Driver/Src/stm32g4xx_hal_tim.o
 .text.TIM_OC3_SetConfig
                0x0000000008005894       0xa0 ./Drivers/STM32G4xx_HAL_Driver/Src/stm32g4xx_hal_tim.o
 .text.TIM_OC4_SetConfig
                0x0000000008005934       0xa4 ./Drivers/STM32G4xx_HAL_Driver/Src/stm32g4xx_hal_tim.o
 .text.HAL_TIM_PWM_MspInit
                0x00000000080059d8        0x4 ./Drivers/STM32G4xx_HAL_Driver/Src/stm32g4xx_hal_tim.o
                0x00000000080059d8                HAL_TIM_PWM_MspInit
 .text.HAL_TIM_IC_MspInit
                0x00000000080059dc        0x4 ./Drivers/STM32G4xx_HAL_Driver/Src/stm32g4xx_hal_tim.o
                0x00000000080059dc                HAL_TIM_IC_MspInit
 .text.HAL_TIM_PeriodElapsedCallback
                0x00000000080059e0        0x4 ./Drivers/STM32G4xx_HAL_Driver/Src/stm32g4xx_hal_tim.o
                0x00000000080059e0                HAL_TIM_PeriodElapsedCallback
 .text.HAL_TIM_PeriodElapsedHalfCpltCallback
                0x00000000080059e4        0x4 ./Drivers/STM32G4xx_HAL_Driver/Src/stm32g4xx_hal_tim.o
                0x00000000080059e4                HAL_TIM_PeriodElapsedHalfCpltCallback
 .text.HAL_TIM_OC_DelayElapsedCallback
                0x00000000080059e8        0x4 ./Drivers/STM32G4xx_HAL_Driver/Src/stm32g4xx_hal_tim.o
                0x00000000080059e8                HAL_TIM_OC_DelayElapsedCallback
 .text.HAL_TIM_IC_CaptureCallback
                0x00000000080059ec        0x4 ./Drivers/STM32G4xx_HAL_Driver/Src/stm32g4xx_hal_tim.o
                0x00000000080059ec                HAL_TIM_IC_CaptureCallback
 .text.HAL_TIM_IC_CaptureHalfCpltCallback
                0x00000000080059f0        0x4 ./Drivers/STM32G4xx_HAL_Driver/Src/stm32g4xx_hal_tim.o
                0x00000000080059f0                HAL_TIM_IC_CaptureHalfCpltCallback
 .text.HAL_TIM_PWM_PulseFinishedCallback
                0x00000000080059f4        0x4 ./Drivers/STM32G4xx_HAL_Driver/Src/stm32g4xx_hal_tim.o
                0x00000000080059f4                HAL_TIM_PWM_PulseFinishedCallback
 .text.HAL_TIM_PWM_PulseFinishedHalfCpltCallback
                0x00000000080059f8        0x4 ./Drivers/STM32G4xx_HAL_Driver/Src/stm32g4xx_hal_tim.o
                0x00000000080059f8                HAL_TIM_PWM_PulseFinishedHalfCpltCallback
 .text.HAL_TIM_TriggerCallback
                0x00000000080059fc        0x4 ./Drivers/STM32G4xx_HAL_Driver/Src/stm32g4xx_hal_tim.o
                0x00000000080059fc                HAL_TIM_TriggerCallback
 .text.HAL_TIM_TriggerHalfCpltCallback
                0x0000000008005a00        0x4 ./Drivers/STM32G4xx_HAL_Driver/Src/stm32g4xx_hal_tim.o
                0x0000000008005a00                HAL_TIM_TriggerHalfCpltCallback
 .text.HAL_TIM_ErrorCallback
                0x0000000008005a04        0x4 ./Drivers/STM32G4xx_HAL_Driver/Src/stm32g4xx_hal_tim.o
                0x0000000008005a04                HAL_TIM_ErrorCallback
 .text.HAL_TIM_Base_Init
                0x0000000008005a08      0x1d8 ./Drivers/STM32G4xx_HAL_Driver/Src/stm32g4xx_hal_tim.o
                0x0000000008005a08                HAL_TIM_Base_Init
 .text.HAL_TIM_Base_Start
                0x0000000008005be0       0x78 ./Drivers/STM32G4xx_HAL_Driver/Src/stm32g4xx_hal_tim.o
                0x0000000008005be0                HAL_TIM_Base_Start
 .text.HAL_TIM_Base_Start_IT
                0x0000000008005c58       0x84 ./Drivers/STM32G4xx_HAL_Driver/Src/stm32g4xx_hal_tim.o
                0x0000000008005c58                HAL_TIM_Base_Start_IT
 .text.HAL_TIM_PWM_Init
                0x0000000008005cdc      0x1d8 ./Drivers/STM32G4xx_HAL_Driver/Src/stm32g4xx_hal_tim.o
                0x0000000008005cdc                HAL_TIM_PWM_Init
 .text.HAL_TIM_IC_Init
                0x0000000008005eb4      0x1d8 ./Drivers/STM32G4xx_HAL_Driver/Src/stm32g4xx_hal_tim.o
                0x0000000008005eb4                HAL_TIM_IC_Init
 .text.HAL_TIM_OnePulse_Init
                0x000000000800608c      0x1ac ./Drivers/STM32G4xx_HAL_Driver/Src/stm32g4xx_hal_tim.o
                0x000000000800608c                HAL_TIM_OnePulse_Init
 .text.HAL_TIM_OnePulse_Start
                0x0000000008006238       0xbc ./Drivers/STM32G4xx_HAL_Driver/Src/stm32g4xx_hal_tim.o
                0x0000000008006238                HAL_TIM_OnePulse_Start
 .text.HAL_TIM_OnePulse_Start_IT
                0x00000000080062f4       0xcc ./Drivers/STM32G4xx_HAL_Driver/Src/stm32g4xx_hal_tim.o
                0x00000000080062f4                HAL_TIM_OnePulse_Start_IT
 .text.HAL_TIM_Encoder_Init
                0x00000000080063c0      0x1fc ./Drivers/STM32G4xx_HAL_Driver/Src/stm32g4xx_hal_tim.o
                0x00000000080063c0                HAL_TIM_Encoder_Init
 .text.HAL_TIM_Encoder_Start
                0x00000000080065bc       0xc4 ./Drivers/STM32G4xx_HAL_Driver/Src/stm32g4xx_hal_tim.o
                0x00000000080065bc                HAL_TIM_Encoder_Start
 .text.HAL_TIM_IRQHandler
                0x0000000008006680      0x218 ./Drivers/STM32G4xx_HAL_Driver/Src/stm32g4xx_hal_tim.o
                0x0000000008006680                HAL_TIM_IRQHandler
 .text.HAL_TIM_IC_ConfigChannel
                0x0000000008006898      0x1bc ./Drivers/STM32G4xx_HAL_Driver/Src/stm32g4xx_hal_tim.o
                0x0000000008006898                HAL_TIM_IC_ConfigChannel
 .text.HAL_TIM_ConfigClockSource
                0x0000000008006a54      0x1c8 ./Drivers/STM32G4xx_HAL_Driver/Src/stm32g4xx_hal_tim.o
                0x0000000008006a54                HAL_TIM_ConfigClockSource
 .text.HAL_TIM_SlaveConfigSynchro
                0x0000000008006c1c      0x164 ./Drivers/STM32G4xx_HAL_Driver/Src/stm32g4xx_hal_tim.o
                0x0000000008006c1c                HAL_TIM_SlaveConfigSynchro
 .text.HAL_TIM_RegisterCallback
                0x0000000008006d80      0x19c ./Drivers/STM32G4xx_HAL_Driver/Src/stm32g4xx_hal_tim.o
                0x0000000008006d80                HAL_TIM_RegisterCallback
 .text.TIM_OC2_SetConfig
                0x0000000008006f1c       0xa4 ./Drivers/STM32G4xx_HAL_Driver/Src/stm32g4xx_hal_tim.o
                0x0000000008006f1c                TIM_OC2_SetConfig
 .text.HAL_TIM_PWM_ConfigChannel
                0x0000000008006fc0      0x20c ./Drivers/STM32G4xx_HAL_Driver/Src/stm32g4xx_hal_tim.o
                0x0000000008006fc0                HAL_TIM_PWM_ConfigChannel
 .text.HAL_TIMEx_MasterConfigSynchronization
                0x00000000080071cc       0xb8 ./Drivers/STM32G4xx_HAL_Driver/Src/stm32g4xx_hal_tim_ex.o
                0x00000000080071cc                HAL_TIMEx_MasterConfigSynchronization
 .text.HAL_TIMEx_ConfigBreakDeadTime
                0x0000000008007284       0xa4 ./Drivers/STM32G4xx_HAL_Driver/Src/stm32g4xx_hal_tim_ex.o
                0x0000000008007284                HAL_TIMEx_ConfigBreakDeadTime
 .text.HAL_TIMEx_TISelection
                0x0000000008007328       0xa4 ./Drivers/STM32G4xx_HAL_Driver/Src/stm32g4xx_hal_tim_ex.o
                0x0000000008007328                HAL_TIMEx_TISelection
 .text.HAL_TIMEx_CommutCallback
                0x00000000080073cc        0x4 ./Drivers/STM32G4xx_HAL_Driver/Src/stm32g4xx_hal_tim_ex.o
                0x00000000080073cc                HAL_TIMEx_CommutCallback
 .text.HAL_TIMEx_CommutHalfCpltCallback
                0x00000000080073d0        0x4 ./Drivers/STM32G4xx_HAL_Driver/Src/stm32g4xx_hal_tim_ex.o
                0x00000000080073d0                HAL_TIMEx_CommutHalfCpltCallback
 .text.HAL_TIMEx_BreakCallback
                0x00000000080073d4        0x4 ./Drivers/STM32G4xx_HAL_Driver/Src/stm32g4xx_hal_tim_ex.o
                0x00000000080073d4                HAL_TIMEx_BreakCallback
 .text.HAL_TIMEx_Break2Callback
                0x00000000080073d8        0x4 ./Drivers/STM32G4xx_HAL_Driver/Src/stm32g4xx_hal_tim_ex.o
                0x00000000080073d8                HAL_TIMEx_Break2Callback
 .text.HAL_TIMEx_EncoderIndexCallback
                0x00000000080073dc        0x4 ./Drivers/STM32G4xx_HAL_Driver/Src/stm32g4xx_hal_tim_ex.o
                0x00000000080073dc                HAL_TIMEx_EncoderIndexCallback
 .text.HAL_TIMEx_DirectionChangeCallback
                0x00000000080073e0        0x4 ./Drivers/STM32G4xx_HAL_Driver/Src/stm32g4xx_hal_tim_ex.o
                0x00000000080073e0                HAL_TIMEx_DirectionChangeCallback
 .text.HAL_TIMEx_IndexErrorCallback
                0x00000000080073e4        0x4 ./Drivers/STM32G4xx_HAL_Driver/Src/stm32g4xx_hal_tim_ex.o
                0x00000000080073e4                HAL_TIMEx_IndexErrorCallback
 .text.HAL_TIMEx_TransitionErrorCallback
                0x00000000080073e8        0x4 ./Drivers/STM32G4xx_HAL_Driver/Src/stm32g4xx_hal_tim_ex.o
                0x00000000080073e8                HAL_TIMEx_TransitionErrorCallback
 .text.__libc_init_array
                0x00000000080073ec       0x48 c:/st/stm32cubeide_1.9.0/stm32cubeide/plugins/com.st.stm32cube.ide.mcu.externaltools.gnu-tools-for-stm32.10.3-2021.10.win32_1.0.0.202111181127/tools/bin/../lib/gcc/arm-none-eabi/10.3.1/../../../../arm-none-eabi/lib/thumb/v7e-m+fp/hard\libc_nano.a(lib_a-init.o)
                0x00000000080073ec                __libc_init_array
 .text.memset   0x0000000008007434       0x10 c:/st/stm32cubeide_1.9.0/stm32cubeide/plugins/com.st.stm32cube.ide.mcu.externaltools.gnu-tools-for-stm32.10.3-2021.10.win32_1.0.0.202111181127/tools/bin/../lib/gcc/arm-none-eabi/10.3.1/../../../../arm-none-eabi/lib/thumb/v7e-m+fp/hard\libc_nano.a(lib_a-memset.o)
                0x0000000008007434                memset
 *(.glue_7)
 .glue_7        0x0000000008007444        0x0 linker stubs
 *(.glue_7t)
 .glue_7t       0x0000000008007444        0x0 linker stubs
 *(.eh_frame)
 .eh_frame      0x0000000008007444        0x0 c:/st/stm32cubeide_1.9.0/stm32cubeide/plugins/com.st.stm32cube.ide.mcu.externaltools.gnu-tools-for-stm32.10.3-2021.10.win32_1.0.0.202111181127/tools/bin/../lib/gcc/arm-none-eabi/10.3.1/thumb/v7e-m+fp/hard/crtbegin.o
 *(.init)
 .init          0x0000000008007444        0x4 c:/st/stm32cubeide_1.9.0/stm32cubeide/plugins/com.st.stm32cube.ide.mcu.externaltools.gnu-tools-for-stm32.10.3-2021.10.win32_1.0.0.202111181127/tools/bin/../lib/gcc/arm-none-eabi/10.3.1/thumb/v7e-m+fp/hard/crti.o
                0x0000000008007444                _init
 .init          0x0000000008007448        0x8 c:/st/stm32cubeide_1.9.0/stm32cubeide/plugins/com.st.stm32cube.ide.mcu.externaltools.gnu-tools-for-stm32.10.3-2021.10.win32_1.0.0.202111181127/tools/bin/../lib/gcc/arm-none-eabi/10.3.1/thumb/v7e-m+fp/hard/crtn.o
 *(.fini)
 .fini          0x0000000008007450        0x4 c:/st/stm32cubeide_1.9.0/stm32cubeide/plugins/com.st.stm32cube.ide.mcu.externaltools.gnu-tools-for-stm32.10.3-2021.10.win32_1.0.0.202111181127/tools/bin/../lib/gcc/arm-none-eabi/10.3.1/thumb/v7e-m+fp/hard/crti.o
                0x0000000008007450                _fini
 .fini          0x0000000008007454        0x8 c:/st/stm32cubeide_1.9.0/stm32cubeide/plugins/com.st.stm32cube.ide.mcu.externaltools.gnu-tools-for-stm32.10.3-2021.10.win32_1.0.0.202111181127/tools/bin/../lib/gcc/arm-none-eabi/10.3.1/thumb/v7e-m+fp/hard/crtn.o
                0x000000000800745c                . = ALIGN (0x4)
                0x000000000800745c                _etext = .

.vfp11_veneer   0x000000000800745c        0x0
 .vfp11_veneer  0x000000000800745c        0x0 linker stubs

.v4_bx          0x000000000800745c        0x0
 .v4_bx         0x000000000800745c        0x0 linker stubs

.iplt           0x000000000800745c        0x0
 .iplt          0x000000000800745c        0x0 c:/st/stm32cubeide_1.9.0/stm32cubeide/plugins/com.st.stm32cube.ide.mcu.externaltools.gnu-tools-for-stm32.10.3-2021.10.win32_1.0.0.202111181127/tools/bin/../lib/gcc/arm-none-eabi/10.3.1/thumb/v7e-m+fp/hard/crtbegin.o

.rodata         0x000000000800745c      0x14c
                0x000000000800745c                . = ALIGN (0x4)
 *(.rodata)
 *(.rodata*)
 .rodata._ZTV12GFX_HW_PAR16
                0x000000000800745c       0x4c ./Core/Src/mymain.o
                0x000000000800745c                vtable for GFX_HW_PAR16
 .rodata._ZTV11GFX_ILI9325
                0x00000000080074a8       0x24 ./Core/Src/mymain.o
                0x00000000080074a8                vtable for GFX_ILI9325
 .rodata._ZL17ILI932x_regValues
                0x00000000080074cc       0xcc ./Core/Src/mymain.o
 .rodata.AHBPrescTable
                0x0000000008007598       0x10 ./Core/Src/system_stm32g4xx.o
                0x0000000008007598                AHBPrescTable
                0x00000000080075a8                . = ALIGN (0x4)

.rel.dyn        0x00000000080075a8        0x0
 .rel.iplt      0x00000000080075a8        0x0 c:/st/stm32cubeide_1.9.0/stm32cubeide/plugins/com.st.stm32cube.ide.mcu.externaltools.gnu-tools-for-stm32.10.3-2021.10.win32_1.0.0.202111181127/tools/bin/../lib/gcc/arm-none-eabi/10.3.1/thumb/v7e-m+fp/hard/crtbegin.o

.ARM.extab      0x00000000080075a8        0x0
                0x00000000080075a8                . = ALIGN (0x4)
 *(.ARM.extab* .gnu.linkonce.armextab.*)
                0x00000000080075a8                . = ALIGN (0x4)

.ARM            0x00000000080075a8        0x0
                0x00000000080075a8                . = ALIGN (0x4)
                0x00000000080075a8                __exidx_start = .
 *(.ARM.exidx*)
                0x00000000080075a8                __exidx_end = .
                0x00000000080075a8                . = ALIGN (0x4)

.preinit_array  0x00000000080075a8        0x0
                0x00000000080075a8                . = ALIGN (0x4)
                0x00000000080075a8                PROVIDE (__preinit_array_start = .)
 *(.preinit_array*)
                0x00000000080075a8                PROVIDE (__preinit_array_end = .)
                0x00000000080075a8                . = ALIGN (0x4)

.init_array     0x00000000080075a8        0x8
                0x00000000080075a8                . = ALIGN (0x4)
                0x00000000080075a8                PROVIDE (__init_array_start = .)
 *(SORT_BY_NAME(.init_array.*))
 *(.init_array*)
 .init_array    0x00000000080075a8        0x4 c:/st/stm32cubeide_1.9.0/stm32cubeide/plugins/com.st.stm32cube.ide.mcu.externaltools.gnu-tools-for-stm32.10.3-2021.10.win32_1.0.0.202111181127/tools/bin/../lib/gcc/arm-none-eabi/10.3.1/thumb/v7e-m+fp/hard/crtbegin.o
 .init_array    0x00000000080075ac        0x4 ./Core/Src/mymain.o
                0x00000000080075b0                PROVIDE (__init_array_end = .)
                0x00000000080075b0                . = ALIGN (0x4)

.fini_array     0x00000000080075b0        0x4
                0x00000000080075b0                . = ALIGN (0x4)
                [!provide]                        PROVIDE (__fini_array_start = .)
 *(SORT_BY_NAME(.fini_array.*))
 *(.fini_array*)
 .fini_array    0x00000000080075b0        0x4 c:/st/stm32cubeide_1.9.0/stm32cubeide/plugins/com.st.stm32cube.ide.mcu.externaltools.gnu-tools-for-stm32.10.3-2021.10.win32_1.0.0.202111181127/tools/bin/../lib/gcc/arm-none-eabi/10.3.1/thumb/v7e-m+fp/hard/crtbegin.o
                [!provide]                        PROVIDE (__fini_array_end = .)
                0x00000000080075b4                . = ALIGN (0x4)
                0x00000000080075b4                _sidata = LOADADDR (.data)

.data           0x0000000020000000       0x30 load address 0x00000000080075b4
                0x0000000020000000                . = ALIGN (0x4)
                0x0000000020000000                _sdata = .
 *(.data)
 *(.data*)
 .data.rgbMap   0x0000000020000000       0x22 ./Core/Src/main.o
                0x0000000020000000                rgbMap
 *fill*         0x0000000020000022        0x2 
 .data.SystemCoreClock
                0x0000000020000024        0x4 ./Core/Src/system_stm32g4xx.o
                0x0000000020000024                SystemCoreClock
 .data.uwTickFreq
                0x0000000020000028        0x4 ./Drivers/STM32G4xx_HAL_Driver/Src/stm32g4xx_hal.o
                0x0000000020000028                uwTickFreq
 .data.uwTickPrio
                0x000000002000002c        0x4 ./Drivers/STM32G4xx_HAL_Driver/Src/stm32g4xx_hal.o
                0x000000002000002c                uwTickPrio
 *(.RamFunc)
 *(.RamFunc*)
                0x0000000020000030                . = ALIGN (0x4)
                0x0000000020000030                _edata = .

.igot.plt       0x0000000020000030        0x0 load address 0x00000000080075e4
 .igot.plt      0x0000000020000030        0x0 c:/st/stm32cubeide_1.9.0/stm32cubeide/plugins/com.st.stm32cube.ide.mcu.externaltools.gnu-tools-for-stm32.10.3-2021.10.win32_1.0.0.202111181127/tools/bin/../lib/gcc/arm-none-eabi/10.3.1/thumb/v7e-m+fp/hard/crtbegin.o
                0x0000000020000030                . = ALIGN (0x4)

.bss            0x0000000020000030    0x193dc load address 0x00000000080075e4
                0x0000000020000030                _sbss = .
                0x0000000020000030                __bss_start__ = _sbss
 *(.bss)
 .bss           0x0000000020000030       0x1c c:/st/stm32cubeide_1.9.0/stm32cubeide/plugins/com.st.stm32cube.ide.mcu.externaltools.gnu-tools-for-stm32.10.3-2021.10.win32_1.0.0.202111181127/tools/bin/../lib/gcc/arm-none-eabi/10.3.1/thumb/v7e-m+fp/hard/crtbegin.o
 *(.bss*)
 .bss.HAL_RCC_ADC12_CLK_ENABLED
                0x000000002000004c        0x4 ./Core/Src/adc.o
 .bss.hadc1     0x0000000020000050       0x98 ./Core/Src/adc.o
                0x0000000020000050                hadc1
 .bss.hadc2     0x00000000200000e8       0x98 ./Core/Src/adc.o
                0x00000000200000e8                hadc2
 .bss.hdma_adc1
                0x0000000020000180       0x60 ./Core/Src/adc.o
                0x0000000020000180                hdma_adc1
 .bss.hcomp1    0x00000000200001e0       0x24 ./Core/Src/comp.o
                0x00000000200001e0                hcomp1
 .bss.RYMap     0x0000000020000204       0x80 ./Core/Src/main.o
                0x0000000020000204                RYMap
 .bss.YMap      0x0000000020000284       0x80 ./Core/Src/main.o
                0x0000000020000284                YMap
 .bss.adcbuf    0x0000000020000304      0x800 ./Core/Src/main.o
                0x0000000020000304                adcbuf
 .bss.bitMap    0x0000000020000b04      0x100 ./Core/Src/main.o
                0x0000000020000b04                bitMap
 .bss.buttonEvents
                0x0000000020000c04        0x1 ./Core/Src/main.o
                0x0000000020000c04                buttonEvents
 .bss.buttonLastEvents
                0x0000000020000c05        0x1 ./Core/Src/main.o
                0x0000000020000c05                buttonLastEvents
 .bss.captureState
                0x0000000020000c06        0x1 ./Core/Src/main.o
                0x0000000020000c06                captureState
 .bss.dmaState  0x0000000020000c07        0x1 ./Core/Src/main.o
                0x0000000020000c07                dmaState
 .bss.encoderButton
                0x0000000020000c08        0x1 ./Core/Src/main.o
                0x0000000020000c08                encoderButton
 *fill*         0x0000000020000c09        0x3 
 .bss.encoderButtonChanged
                0x0000000020000c0c        0x4 ./Core/Src/main.o
                0x0000000020000c0c                encoderButtonChanged
 .bss.encoderChanged
                0x0000000020000c10        0x1 ./Core/Src/main.o
                0x0000000020000c10                encoderChanged
 .bss.encoderLongPress
                0x0000000020000c11        0x1 ./Core/Src/main.o
                0x0000000020000c11                encoderLongPress
 .bss.encoderPosition
                0x0000000020000c12        0x1 ./Core/Src/main.o
                0x0000000020000c12                encoderPosition
 .bss.encoderPressed
                0x0000000020000c13        0x1 ./Core/Src/main.o
                0x0000000020000c13                encoderPressed
 .bss.frameReady
                0x0000000020000c14        0x1 ./Core/Src/main.o
                0x0000000020000c14                frameReady
 *fill*         0x0000000020000c15        0x1 
 .bss.line      0x0000000020000c16        0x2 ./Core/Src/main.o
                0x0000000020000c16                line
 .bss.pix       0x0000000020000c18        0x2 ./Core/Src/main.o
                0x0000000020000c18                pix
 *fill*         0x0000000020000c1a        0x2 
 .bss.rgbBuf    0x0000000020000c1c    0x18000 ./Core/Src/main.o
                0x0000000020000c1c                rgbBuf
 .bss.rgbBufIdx
                0x0000000020018c1c        0x4 ./Core/Src/main.o
                0x0000000020018c1c                rgbBufIdx
 .bss.rgbBufchunk
                0x0000000020018c20        0x1 ./Core/Src/main.o
                0x0000000020018c20                rgbBufchunk
 .bss.setupColour
                0x0000000020018c21        0x1 ./Core/Src/main.o
                0x0000000020018c21                setupColour
 .bss.setupLevel
                0x0000000020018c22        0x1 ./Core/Src/main.o
                0x0000000020018c22                setupLevel
 .bss.setupState
                0x0000000020018c23        0x1 ./Core/Src/main.o
                0x0000000020018c23                setupState
 .bss.hwspi     0x0000000020018c24       0x28 ./Core/Src/mymain.o
                0x0000000020018c24                hwspi
 .bss.tft       0x0000000020018c4c       0x10 ./Core/Src/mymain.o
                0x0000000020018c4c                tft
 .bss.hdma_spi2_tx
                0x0000000020018c5c       0x60 ./Core/Src/spi.o
                0x0000000020018c5c                hdma_spi2_tx
 .bss.hspi2     0x0000000020018cbc       0x8c ./Core/Src/spi.o
                0x0000000020018cbc                hspi2
 .bss.hdma_tim20_ch1
                0x0000000020018d48       0x60 ./Core/Src/tim.o
                0x0000000020018d48                hdma_tim20_ch1
 .bss.htim1     0x0000000020018da8       0xcc ./Core/Src/tim.o
                0x0000000020018da8                htim1
 .bss.htim16    0x0000000020018e74       0xcc ./Core/Src/tim.o
                0x0000000020018e74                htim16
 .bss.htim2     0x0000000020018f40       0xcc ./Core/Src/tim.o
                0x0000000020018f40                htim2
 .bss.htim20    0x000000002001900c       0xcc ./Core/Src/tim.o
                0x000000002001900c                htim20
 .bss.htim3     0x00000000200190d8       0xcc ./Core/Src/tim.o
                0x00000000200190d8                htim3
 .bss.htim4     0x00000000200191a4       0xcc ./Core/Src/tim.o
                0x00000000200191a4                htim4
 .bss.htim5     0x0000000020019270       0xcc ./Core/Src/tim.o
                0x0000000020019270                htim5
 .bss.htim8     0x000000002001933c       0xcc ./Core/Src/tim.o
                0x000000002001933c                htim8
 .bss.uwTick    0x0000000020019408        0x4 ./Drivers/STM32G4xx_HAL_Driver/Src/stm32g4xx_hal.o
                0x0000000020019408                uwTick
 *(COMMON)
                0x000000002001940c                . = ALIGN (0x4)
                0x000000002001940c                _ebss = .
                0x000000002001940c                __bss_end__ = _ebss

._user_heap_stack
                0x000000002001940c      0x604 load address 0x00000000080075e4
                0x0000000020019410                . = ALIGN (0x8)
 *fill*         0x000000002001940c        0x4 
                [!provide]                        PROVIDE (end = .)
                0x0000000020019410                PROVIDE (_end = .)
                0x0000000020019610                . = (. + _Min_Heap_Size)
 *fill*         0x0000000020019410      0x200 
                0x0000000020019a10                . = (. + _Min_Stack_Size)
 *fill*         0x0000000020019610      0x400 
                0x0000000020019a10                . = ALIGN (0x8)

/DISCARD/
 libc.a(*)
 libm.a(*)
 libgcc.a(*)

.ARM.attributes
                0x0000000000000000       0x30
 *(.ARM.attributes)
 .ARM.attributes
                0x0000000000000000       0x1e c:/st/stm32cubeide_1.9.0/stm32cubeide/plugins/com.st.stm32cube.ide.mcu.externaltools.gnu-tools-for-stm32.10.3-2021.10.win32_1.0.0.202111181127/tools/bin/../lib/gcc/arm-none-eabi/10.3.1/thumb/v7e-m+fp/hard/crti.o
 .ARM.attributes
                0x000000000000001e       0x34 c:/st/stm32cubeide_1.9.0/stm32cubeide/plugins/com.st.stm32cube.ide.mcu.externaltools.gnu-tools-for-stm32.10.3-2021.10.win32_1.0.0.202111181127/tools/bin/../lib/gcc/arm-none-eabi/10.3.1/thumb/v7e-m+fp/hard/crtbegin.o
 .ARM.attributes
                0x0000000000000052       0x30 ./Core/Src/adc.o
 .ARM.attributes
                0x0000000000000082       0x30 ./Core/Src/comp.o
 .ARM.attributes
                0x00000000000000b2       0x30 ./Core/Src/dma.o
 .ARM.attributes
                0x00000000000000e2       0x30 ./Core/Src/gpio.o
 .ARM.attributes
                0x0000000000000112       0x30 ./Core/Src/main.o
 .ARM.attributes
                0x0000000000000142       0x30 ./Core/Src/mymain.o
 .ARM.attributes
                0x0000000000000172       0x30 ./Core/Src/spi.o
 .ARM.attributes
                0x00000000000001a2       0x30 ./Core/Src/stm32g4xx_hal_msp.o
 .ARM.attributes
                0x00000000000001d2       0x30 ./Core/Src/stm32g4xx_it.o
 .ARM.attributes
                0x0000000000000202       0x30 ./Core/Src/system_stm32g4xx.o
 .ARM.attributes
                0x0000000000000232       0x30 ./Core/Src/tim.o
 .ARM.attributes
                0x0000000000000262       0x21 ./Core/Startup/startup_stm32g474retx.o
 .ARM.attributes
                0x0000000000000283       0x30 ./Drivers/STM32G4xx_HAL_Driver/Src/stm32g4xx_hal.o
 .ARM.attributes
                0x00000000000002b3       0x30 ./Drivers/STM32G4xx_HAL_Driver/Src/stm32g4xx_hal_adc.o
 .ARM.attributes
                0x00000000000002e3       0x30 ./Drivers/STM32G4xx_HAL_Driver/Src/stm32g4xx_hal_adc_ex.o
 .ARM.attributes
                0x0000000000000313       0x30 ./Drivers/STM32G4xx_HAL_Driver/Src/stm32g4xx_hal_comp.o
 .ARM.attributes
                0x0000000000000343       0x30 ./Drivers/STM32G4xx_HAL_Driver/Src/stm32g4xx_hal_cortex.o
 .ARM.attributes
                0x0000000000000373       0x30 ./Drivers/STM32G4xx_HAL_Driver/Src/stm32g4xx_hal_dma.o
 .ARM.attributes
                0x00000000000003a3       0x30 ./Drivers/STM32G4xx_HAL_Driver/Src/stm32g4xx_hal_dma_ex.o
 .ARM.attributes
                0x00000000000003d3       0x30 ./Drivers/STM32G4xx_HAL_Driver/Src/stm32g4xx_hal_gpio.o
 .ARM.attributes
                0x0000000000000403       0x30 ./Drivers/STM32G4xx_HAL_Driver/Src/stm32g4xx_hal_pwr_ex.o
 .ARM.attributes
                0x0000000000000433       0x30 ./Drivers/STM32G4xx_HAL_Driver/Src/stm32g4xx_hal_rcc.o
 .ARM.attributes
                0x0000000000000463       0x30 ./Drivers/STM32G4xx_HAL_Driver/Src/stm32g4xx_hal_rcc_ex.o
 .ARM.attributes
                0x0000000000000493       0x30 ./Drivers/STM32G4xx_HAL_Driver/Src/stm32g4xx_hal_spi.o
 .ARM.attributes
                0x00000000000004c3       0x30 ./Drivers/STM32G4xx_HAL_Driver/Src/stm32g4xx_hal_tim.o
 .ARM.attributes
                0x00000000000004f3       0x30 ./Drivers/STM32G4xx_HAL_Driver/Src/stm32g4xx_hal_tim_ex.o
 .ARM.attributes
                0x0000000000000523       0x34 c:/st/stm32cubeide_1.9.0/stm32cubeide/plugins/com.st.stm32cube.ide.mcu.externaltools.gnu-tools-for-stm32.10.3-2021.10.win32_1.0.0.202111181127/tools/bin/../lib/gcc/arm-none-eabi/10.3.1/../../../../arm-none-eabi/lib/thumb/v7e-m+fp/hard\libc_nano.a(lib_a-init.o)
 .ARM.attributes
                0x0000000000000557       0x34 c:/st/stm32cubeide_1.9.0/stm32cubeide/plugins/com.st.stm32cube.ide.mcu.externaltools.gnu-tools-for-stm32.10.3-2021.10.win32_1.0.0.202111181127/tools/bin/../lib/gcc/arm-none-eabi/10.3.1/../../../../arm-none-eabi/lib/thumb/v7e-m+fp/hard\libc_nano.a(lib_a-memset.o)
 .ARM.attributes
                0x000000000000058b       0x1e c:/st/stm32cubeide_1.9.0/stm32cubeide/plugins/com.st.stm32cube.ide.mcu.externaltools.gnu-tools-for-stm32.10.3-2021.10.win32_1.0.0.202111181127/tools/bin/../lib/gcc/arm-none-eabi/10.3.1/thumb/v7e-m+fp/hard/crtn.o
OUTPUT(VDPDMA.elf elf32-littlearm)
LOAD linker stubs
LOAD c:/st/stm32cubeide_1.9.0/stm32cubeide/plugins/com.st.stm32cube.ide.mcu.externaltools.gnu-tools-for-stm32.10.3-2021.10.win32_1.0.0.202111181127/tools/bin/../lib/gcc/arm-none-eabi/10.3.1/../../../../arm-none-eabi/lib/thumb/v7e-m+fp/hard\libc.a
LOAD c:/st/stm32cubeide_1.9.0/stm32cubeide/plugins/com.st.stm32cube.ide.mcu.externaltools.gnu-tools-for-stm32.10.3-2021.10.win32_1.0.0.202111181127/tools/bin/../lib/gcc/arm-none-eabi/10.3.1/../../../../arm-none-eabi/lib/thumb/v7e-m+fp/hard\libm.a
LOAD c:/st/stm32cubeide_1.9.0/stm32cubeide/plugins/com.st.stm32cube.ide.mcu.externaltools.gnu-tools-for-stm32.10.3-2021.10.win32_1.0.0.202111181127/tools/bin/../lib/gcc/arm-none-eabi/10.3.1/thumb/v7e-m+fp/hard\libgcc.a

.comment        0x0000000000000000       0x50
 .comment       0x0000000000000000       0x50 ./Core/Src/adc.o
                                         0x51 (size before relaxing)
 .comment       0x0000000000000050       0x51 ./Core/Src/comp.o
 .comment       0x0000000000000050       0x51 ./Core/Src/dma.o
 .comment       0x0000000000000050       0x51 ./Core/Src/gpio.o
 .comment       0x0000000000000050       0x51 ./Core/Src/main.o
 .comment       0x0000000000000050       0x51 ./Core/Src/mymain.o
 .comment       0x0000000000000050       0x51 ./Core/Src/spi.o
 .comment       0x0000000000000050       0x51 ./Core/Src/stm32g4xx_hal_msp.o
 .comment       0x0000000000000050       0x51 ./Core/Src/stm32g4xx_it.o
 .comment       0x0000000000000050       0x51 ./Core/Src/system_stm32g4xx.o
 .comment       0x0000000000000050       0x51 ./Core/Src/tim.o
 .comment       0x0000000000000050       0x51 ./Drivers/STM32G4xx_HAL_Driver/Src/stm32g4xx_hal.o
 .comment       0x0000000000000050       0x51 ./Drivers/STM32G4xx_HAL_Driver/Src/stm32g4xx_hal_adc.o
 .comment       0x0000000000000050       0x51 ./Drivers/STM32G4xx_HAL_Driver/Src/stm32g4xx_hal_adc_ex.o
 .comment       0x0000000000000050       0x51 ./Drivers/STM32G4xx_HAL_Driver/Src/stm32g4xx_hal_comp.o
 .comment       0x0000000000000050       0x51 ./Drivers/STM32G4xx_HAL_Driver/Src/stm32g4xx_hal_cortex.o
 .comment       0x0000000000000050       0x51 ./Drivers/STM32G4xx_HAL_Driver/Src/stm32g4xx_hal_dma.o
 .comment       0x0000000000000050       0x51 ./Drivers/STM32G4xx_HAL_Driver/Src/stm32g4xx_hal_dma_ex.o
 .comment       0x0000000000000050       0x51 ./Drivers/STM32G4xx_HAL_Driver/Src/stm32g4xx_hal_gpio.o
 .comment       0x0000000000000050       0x51 ./Drivers/STM32G4xx_HAL_Driver/Src/stm32g4xx_hal_pwr_ex.o
 .comment       0x0000000000000050       0x51 ./Drivers/STM32G4xx_HAL_Driver/Src/stm32g4xx_hal_rcc.o
 .comment       0x0000000000000050       0x51 ./Drivers/STM32G4xx_HAL_Driver/Src/stm32g4xx_hal_rcc_ex.o
 .comment       0x0000000000000050       0x51 ./Drivers/STM32G4xx_HAL_Driver/Src/stm32g4xx_hal_spi.o
 .comment       0x0000000000000050       0x51 ./Drivers/STM32G4xx_HAL_Driver/Src/stm32g4xx_hal_tim.o
 .comment       0x0000000000000050       0x51 ./Drivers/STM32G4xx_HAL_Driver/Src/stm32g4xx_hal_tim_ex.o

.debug_frame    0x0000000000000000       0x4c
 .debug_frame   0x0000000000000000       0x2c c:/st/stm32cubeide_1.9.0/stm32cubeide/plugins/com.st.stm32cube.ide.mcu.externaltools.gnu-tools-for-stm32.10.3-2021.10.win32_1.0.0.202111181127/tools/bin/../lib/gcc/arm-none-eabi/10.3.1/../../../../arm-none-eabi/lib/thumb/v7e-m+fp/hard\libc_nano.a(lib_a-init.o)
 .debug_frame   0x000000000000002c       0x20 c:/st/stm32cubeide_1.9.0/stm32cubeide/plugins/com.st.stm32cube.ide.mcu.externaltools.gnu-tools-for-stm32.10.3-2021.10.win32_1.0.0.202111181127/tools/bin/../lib/gcc/arm-none-eabi/10.3.1/../../../../arm-none-eabi/lib/thumb/v7e-m+fp/hard\libc_nano.a(lib_a-memset.o)
