Archive member included to satisfy reference by file (symbol)

c:/st/stm32cubeide_1.9.0/stm32cubeide/plugins/com.st.stm32cube.ide.mcu.externaltools.gnu-tools-for-stm32.10.3-2021.10.win32_1.0.0.202111181127/tools/bin/../lib/gcc/arm-none-eabi/10.3.1/../../../../arm-none-eabi/lib/thumb/v7e-m+fp/hard\libc_nano.a(lib_a-errno.o)
                              ./Core/Src/syscalls.o (__errno)
c:/st/stm32cubeide_1.9.0/stm32cubeide/plugins/com.st.stm32cube.ide.mcu.externaltools.gnu-tools-for-stm32.10.3-2021.10.win32_1.0.0.202111181127/tools/bin/../lib/gcc/arm-none-eabi/10.3.1/../../../../arm-none-eabi/lib/thumb/v7e-m+fp/hard\libc_nano.a(lib_a-exit.o)
                              c:/st/stm32cubeide_1.9.0/stm32cubeide/plugins/com.st.stm32cube.ide.mcu.externaltools.gnu-tools-for-stm32.10.3-2021.10.win32_1.0.0.202111181127/tools/bin/../lib/gcc/arm-none-eabi/10.3.1/../../../../arm-none-eabi/lib/thumb/v7e-m+fp/hard/crt0.o (exit)
c:/st/stm32cubeide_1.9.0/stm32cubeide/plugins/com.st.stm32cube.ide.mcu.externaltools.gnu-tools-for-stm32.10.3-2021.10.win32_1.0.0.202111181127/tools/bin/../lib/gcc/arm-none-eabi/10.3.1/../../../../arm-none-eabi/lib/thumb/v7e-m+fp/hard\libc_nano.a(lib_a-impure.o)
                              c:/st/stm32cubeide_1.9.0/stm32cubeide/plugins/com.st.stm32cube.ide.mcu.externaltools.gnu-tools-for-stm32.10.3-2021.10.win32_1.0.0.202111181127/tools/bin/../lib/gcc/arm-none-eabi/10.3.1/../../../../arm-none-eabi/lib/thumb/v7e-m+fp/hard\libc_nano.a(lib_a-exit.o) (_global_impure_ptr)
c:/st/stm32cubeide_1.9.0/stm32cubeide/plugins/com.st.stm32cube.ide.mcu.externaltools.gnu-tools-for-stm32.10.3-2021.10.win32_1.0.0.202111181127/tools/bin/../lib/gcc/arm-none-eabi/10.3.1/../../../../arm-none-eabi/lib/thumb/v7e-m+fp/hard\libc_nano.a(lib_a-init.o)
                              c:/st/stm32cubeide_1.9.0/stm32cubeide/plugins/com.st.stm32cube.ide.mcu.externaltools.gnu-tools-for-stm32.10.3-2021.10.win32_1.0.0.202111181127/tools/bin/../lib/gcc/arm-none-eabi/10.3.1/../../../../arm-none-eabi/lib/thumb/v7e-m+fp/hard/crt0.o (__libc_init_array)
c:/st/stm32cubeide_1.9.0/stm32cubeide/plugins/com.st.stm32cube.ide.mcu.externaltools.gnu-tools-for-stm32.10.3-2021.10.win32_1.0.0.202111181127/tools/bin/../lib/gcc/arm-none-eabi/10.3.1/../../../../arm-none-eabi/lib/thumb/v7e-m+fp/hard\libc_nano.a(lib_a-memset.o)
                              c:/st/stm32cubeide_1.9.0/stm32cubeide/plugins/com.st.stm32cube.ide.mcu.externaltools.gnu-tools-for-stm32.10.3-2021.10.win32_1.0.0.202111181127/tools/bin/../lib/gcc/arm-none-eabi/10.3.1/../../../../arm-none-eabi/lib/thumb/v7e-m+fp/hard/crt0.o (memset)

Discarded input sections

 .text          0x0000000000000000        0x0 c:/st/stm32cubeide_1.9.0/stm32cubeide/plugins/com.st.stm32cube.ide.mcu.externaltools.gnu-tools-for-stm32.10.3-2021.10.win32_1.0.0.202111181127/tools/bin/../lib/gcc/arm-none-eabi/10.3.1/thumb/v7e-m+fp/hard/crti.o
 .data          0x0000000000000000        0x0 c:/st/stm32cubeide_1.9.0/stm32cubeide/plugins/com.st.stm32cube.ide.mcu.externaltools.gnu-tools-for-stm32.10.3-2021.10.win32_1.0.0.202111181127/tools/bin/../lib/gcc/arm-none-eabi/10.3.1/thumb/v7e-m+fp/hard/crti.o
 .bss           0x0000000000000000        0x0 c:/st/stm32cubeide_1.9.0/stm32cubeide/plugins/com.st.stm32cube.ide.mcu.externaltools.gnu-tools-for-stm32.10.3-2021.10.win32_1.0.0.202111181127/tools/bin/../lib/gcc/arm-none-eabi/10.3.1/thumb/v7e-m+fp/hard/crti.o
 .data          0x0000000000000000        0x4 c:/st/stm32cubeide_1.9.0/stm32cubeide/plugins/com.st.stm32cube.ide.mcu.externaltools.gnu-tools-for-stm32.10.3-2021.10.win32_1.0.0.202111181127/tools/bin/../lib/gcc/arm-none-eabi/10.3.1/thumb/v7e-m+fp/hard/crtbegin.o
 .rodata        0x0000000000000000       0x24 c:/st/stm32cubeide_1.9.0/stm32cubeide/plugins/com.st.stm32cube.ide.mcu.externaltools.gnu-tools-for-stm32.10.3-2021.10.win32_1.0.0.202111181127/tools/bin/../lib/gcc/arm-none-eabi/10.3.1/thumb/v7e-m+fp/hard/crtbegin.o
 .text          0x0000000000000000       0x7c c:/st/stm32cubeide_1.9.0/stm32cubeide/plugins/com.st.stm32cube.ide.mcu.externaltools.gnu-tools-for-stm32.10.3-2021.10.win32_1.0.0.202111181127/tools/bin/../lib/gcc/arm-none-eabi/10.3.1/../../../../arm-none-eabi/lib/thumb/v7e-m+fp/hard/crt0.o
 .data          0x0000000000000000        0x0 c:/st/stm32cubeide_1.9.0/stm32cubeide/plugins/com.st.stm32cube.ide.mcu.externaltools.gnu-tools-for-stm32.10.3-2021.10.win32_1.0.0.202111181127/tools/bin/../lib/gcc/arm-none-eabi/10.3.1/../../../../arm-none-eabi/lib/thumb/v7e-m+fp/hard/crt0.o
 .bss           0x0000000000000000        0x0 c:/st/stm32cubeide_1.9.0/stm32cubeide/plugins/com.st.stm32cube.ide.mcu.externaltools.gnu-tools-for-stm32.10.3-2021.10.win32_1.0.0.202111181127/tools/bin/../lib/gcc/arm-none-eabi/10.3.1/../../../../arm-none-eabi/lib/thumb/v7e-m+fp/hard/crt0.o
[...]
Memory Configuration

Name             Origin             Length             Attributes
RAM              0x0000000020000000 0x0000000000020000 xrw
FLASH            0x0000000008000000 0x0000000000080000 xr
*default*        0x0000000000000000 0xffffffffffffffff

Linker script and memory map

LOAD c:/st/stm32cubeide_1.9.0/stm32cubeide/plugins/com.st.stm32cube.ide.mcu.externaltools.gnu-tools-for-stm32.10.3-2021.10.win32_1.0.0.202111181127/tools/bin/../lib/gcc/arm-none-eabi/10.3.1/thumb/v7e-m+fp/hard/crti.o
LOAD c:/st/stm32cubeide_1.9.0/stm32cubeide/plugins/com.st.stm32cube.ide.mcu.externaltools.gnu-tools-for-stm32.10.3-2021.10.win32_1.0.0.202111181127/tools/bin/../lib/gcc/arm-none-eabi/10.3.1/thumb/v7e-m+fp/hard/crtbegin.o
LOAD c:/st/stm32cubeide_1.9.0/stm32cubeide/plugins/com.st.stm32cube.ide.mcu.externaltools.gnu-tools-for-stm32.10.3-2021.10.win32_1.0.0.202111181127/tools/bin/../lib/gcc/arm-none-eabi/10.3.1/../../../../arm-none-eabi/lib/thumb/v7e-m+fp/hard/crt0.o
LOAD ./Core/Src/adc.o
LOAD ./Core/Src/comp.o
LOAD ./Core/Src/dma.o
LOAD ./Core/Src/gpio.o
LOAD ./Core/Src/main.o
LOAD ./Core/Src/mymain.o
LOAD ./Core/Src/spi.o
LOAD ./Core/Src/stm32g4xx_hal_msp.o
LOAD ./Core/Src/stm32g4xx_it.o
LOAD ./Core/Src/syscalls.o
LOAD ./Core/Src/sysmem.o
LOAD ./Core/Src/system_stm32g4xx.o
LOAD ./Core/Src/tim.o
LOAD ./Core/Startup/startup_stm32g474retx.o
LOAD ./Drivers/STM32G4xx_HAL_Driver/Src/stm32g4xx_hal.o
LOAD ./Drivers/STM32G4xx_HAL_Driver/Src/stm32g4xx_hal_adc.o
LOAD ./Drivers/STM32G4xx_HAL_Driver/Src/stm32g4xx_hal_adc_ex.o
LOAD ./Drivers/STM32G4xx_HAL_Driver/Src/stm32g4xx_hal_comp.o
LOAD ./Drivers/STM32G4xx_HAL_Driver/Src/stm32g4xx_hal_cortex.o
LOAD ./Drivers/STM32G4xx_HAL_Driver/Src/stm32g4xx_hal_dma.o
LOAD ./Drivers/STM32G4xx_HAL_Driver/Src/stm32g4xx_hal_dma_ex.o
LOAD ./Drivers/STM32G4xx_HAL_Driver/Src/stm32g4xx_hal_exti.o
LOAD ./Drivers/STM32G4xx_HAL_Driver/Src/stm32g4xx_hal_flash.o
LOAD ./Drivers/STM32G4xx_HAL_Driver/Src/stm32g4xx_hal_flash_ex.o
LOAD ./Drivers/STM32G4xx_HAL_Driver/Src/stm32g4xx_hal_flash_ramfunc.o
LOAD ./Drivers/STM32G4xx_HAL_Driver/Src/stm32g4xx_hal_gpio.o
LOAD ./Drivers/STM32G4xx_HAL_Driver/Src/stm32g4xx_hal_pwr.o
LOAD ./Drivers/STM32G4xx_HAL_Driver/Src/stm32g4xx_hal_pwr_ex.o
LOAD ./Drivers/STM32G4xx_HAL_Driver/Src/stm32g4xx_hal_rcc.o
LOAD ./Drivers/STM32G4xx_HAL_Driver/Src/stm32g4xx_hal_rcc_ex.o
LOAD ./Drivers/STM32G4xx_HAL_Driver/Src/stm32g4xx_hal_spi.o
LOAD ./Drivers/STM32G4xx_HAL_Driver/Src/stm32g4xx_hal_spi_ex.o
LOAD ./Drivers/STM32G4xx_HAL_Driver/Src/stm32g4xx_hal_tim.o
LOAD ./Drivers/STM32G4xx_HAL_Driver/Src/stm32g4xx_hal_tim_ex.o
LOAD ./Drivers/STM32G4xx_HAL_Driver/Src/stm32g4xx_ll_adc.o
START GROUP
LOAD c:/st/stm32cubeide_1.9.0/stm32cubeide/plugins/com.st.stm32cube.ide.mcu.externaltools.gnu-tools-for-stm32.10.3-2021.10.win32_1.0.0.202111181127/tools/bin/../lib/gcc/arm-none-eabi/10.3.1/../../../../arm-none-eabi/lib/thumb/v7e-m+fp/hard\libstdc++_nano.a
LOAD c:/st/stm32cubeide_1.9.0/stm32cubeide/plugins/com.st.stm32cube.ide.mcu.externaltools.gnu-tools-for-stm32.10.3-2021.10.win32_1.0.0.202111181127/tools/bin/../lib/gcc/arm-none-eabi/10.3.1/../../../../arm-none-eabi/lib/thumb/v7e-m+fp/hard\libsupc++_nano.a
END GROUP
LOAD c:/st/stm32cubeide_1.9.0/stm32cubeide/plugins/com.st.stm32cube.ide.mcu.externaltools.gnu-tools-for-stm32.10.3-2021.10.win32_1.0.0.202111181127/tools/bin/../lib/gcc/arm-none-eabi/10.3.1/../../../../arm-none-eabi/lib/thumb/v7e-m+fp/hard\libstdc++_nano.a
LOAD c:/st/stm32cubeide_1.9.0/stm32cubeide/plugins/com.st.stm32cube.ide.mcu.externaltools.gnu-tools-for-stm32.10.3-2021.10.win32_1.0.0.202111181127/tools/bin/../lib/gcc/arm-none-eabi/10.3.1/../../../../arm-none-eabi/lib/thumb/v7e-m+fp/hard\libm.a
LOAD c:/st/stm32cubeide_1.9.0/stm32cubeide/plugins/com.st.stm32cube.ide.mcu.externaltools.gnu-tools-for-stm32.10.3-2021.10.win32_1.0.0.202111181127/tools/bin/../lib/gcc/arm-none-eabi/10.3.1/../../../../arm-none-eabi/lib/thumb/v7e-m+fp/hard\libc_nano.a
START GROUP
LOAD c:/st/stm32cubeide_1.9.0/stm32cubeide/plugins/com.st.stm32cube.ide.mcu.externaltools.gnu-tools-for-stm32.10.3-2021.10.win32_1.0.0.202111181127/tools/bin/../lib/gcc/arm-none-eabi/10.3.1/thumb/v7e-m+fp/hard\libgcc.a
LOAD c:/st/stm32cubeide_1.9.0/stm32cubeide/plugins/com.st.stm32cube.ide.mcu.externaltools.gnu-tools-for-stm32.10.3-2021.10.win32_1.0.0.202111181127/tools/bin/../lib/gcc/arm-none-eabi/10.3.1/../../../../arm-none-eabi/lib/thumb/v7e-m+fp/hard\libc_nano.a
END GROUP
START GROUP
LOAD c:/st/stm32cubeide_1.9.0/stm32cubeide/plugins/com.st.stm32cube.ide.mcu.externaltools.gnu-tools-for-stm32.10.3-2021.10.win32_1.0.0.202111181127/tools/bin/../lib/gcc/arm-none-eabi/10.3.1/thumb/v7e-m+fp/hard\libgcc.a
LOAD c:/st/stm32cubeide_1.9.0/stm32cubeide/plugins/com.st.stm32cube.ide.mcu.externaltools.gnu-tools-for-stm32.10.3-2021.10.win32_1.0.0.202111181127/tools/bin/../lib/gcc/arm-none-eabi/10.3.1/../../../../arm-none-eabi/lib/thumb/v7e-m+fp/hard\libc_nano.a
LOAD c:/st/stm32cubeide_1.9.0/stm32cubeide/plugins/com.st.stm32cube.ide.mcu.externaltools.gnu-tools-for-stm32.10.3-2021.10.win32_1.0.0.202111181127/tools/bin/../lib/gcc/arm-none-eabi/10.3.1/../../../../arm-none-eabi/lib/thumb/v7e-m+fp/hard\libnosys.a
END GROUP
START GROUP
LOAD c:/st/stm32cubeide_1.9.0/stm32cubeide/plugins/com.st.stm32cube.ide.mcu.externaltools.gnu-tools-for-stm32.10.3-2021.10.win32_1.0.0.202111181127/tools/bin/../lib/gcc/arm-none-eabi/10.3.1/thumb/v7e-m+fp/hard\libgcc.a
LOAD c:/st/stm32cubeide_1.9.0/stm32cubeide/plugins/com.st.stm32cube.ide.mcu.externaltools.gnu-tools-for-stm32.10.3-2021.10.win32_1.0.0.202111181127/tools/bin/../lib/gcc/arm-none-eabi/10.3.1/../../../../arm-none-eabi/lib/thumb/v7e-m+fp/hard\libc_nano.a
LOAD c:/st/stm32cubeide_1.9.0/stm32cubeide/plugins/com.st.stm32cube.ide.mcu.externaltools.gnu-tools-for-stm32.10.3-2021.10.win32_1.0.0.202111181127/tools/bin/../lib/gcc/arm-none-eabi/10.3.1/../../../../arm-none-eabi/lib/thumb/v7e-m+fp/hard\libnosys.a
END GROUP
LOAD c:/st/stm32cubeide_1.9.0/stm32cubeide/plugins/com.st.stm32cube.ide.mcu.externaltools.gnu-tools-for-stm32.10.3-2021.10.win32_1.0.0.202111181127/tools/bin/../lib/gcc/arm-none-eabi/10.3.1/thumb/v7e-m+fp/hard/crtend.o
LOAD c:/st/stm32cubeide_1.9.0/stm32cubeide/plugins/com.st.stm32cube.ide.mcu.externaltools.gnu-tools-for-stm32.10.3-2021.10.win32_1.0.0.202111181127/tools/bin/../lib/gcc/arm-none-eabi/10.3.1/thumb/v7e-m+fp/hard/crtn.o
                0x0000000020020000                _estack = (ORIGIN (RAM) + LENGTH (RAM))
                0x0000000000000200                _Min_Heap_Size = 0x200
                0x0000000000000400                _Min_Stack_Size = 0x400

.isr_vector     0x0000000008000000      0x1d8
                0x0000000008000000                . = ALIGN (0x4)
 *(.isr_vector)
 .isr_vector    0x0000000008000000      0x1d8 ./Core/Startup/startup_stm32g474retx.o
                0x0000000008000000                g_pfnVectors
                0x00000000080001d8                . = ALIGN (0x4)

.text           0x00000000080001d8     0x79e4
                0x00000000080001d8                . = ALIGN (0x4)
 *(.text)
 .text          0x00000000080001d8       0x40 c:/st/stm32cubeide_1.9.0/stm32cubeide/plugins/com.st.stm32cube.ide.mcu.externaltools.gnu-tools-for-stm32.10.3-2021.10.win32_1.0.0.202111181127/tools/bin/../lib/gcc/arm-none-eabi/10.3.1/thumb/v7e-m+fp/hard/crtbegin.o
 *(.text*)
 .text.MX_ADC1_Init
                0x0000000008000218       0xb4 ./Core/Src/adc.o
                0x0000000008000218                MX_ADC1_Init
 .text.MX_ADC2_Init
                0x00000000080002cc       0x88 ./Core/Src/adc.o
                0x00000000080002cc                MX_ADC2_Init
 .text.HAL_ADC_MspInit
                0x0000000008000354      0x150 ./Core/Src/adc.o
                0x0000000008000354                HAL_ADC_MspInit
 .text.MX_COMP1_Init
                0x00000000080004a4       0x38 ./Core/Src/comp.o
                0x00000000080004a4                MX_COMP1_Init
 .text.HAL_COMP_MspInit
                0x00000000080004dc       0x94 ./Core/Src/comp.o
                0x00000000080004dc                HAL_COMP_MspInit
 .text.MX_DMA_Init
                0x0000000008000570       0x88 ./Core/Src/dma.o
                0x0000000008000570                MX_DMA_Init
 .text.MX_GPIO_Init
                0x00000000080005f8      0x178 ./Core/Src/gpio.o
                0x00000000080005f8                MX_GPIO_Init
 .text.ADCCallback
                0x0000000008000770       0xd8 ./Core/Src/main.o
                0x0000000008000770                ADCCallback
 .text.SPIFullCallback
                0x0000000008000848        0xc ./Core/Src/main.o
                0x0000000008000848                SPIFullCallback
 .text.GPIODMAComplete
                0x0000000008000854       0x44 ./Core/Src/main.o
                0x0000000008000854                GPIODMAComplete
 .text.VSyncCallback
                0x0000000008000898       0x68 ./Core/Src/main.o
                0x0000000008000898                VSyncCallback
 .text.setColorLevels
                0x0000000008000900      0x180 ./Core/Src/main.o
                0x0000000008000900                setColorLevels
 .text.initColorMaps
                0x0000000008000a80      0x1c8 ./Core/Src/main.o
                0x0000000008000a80                initColorMaps
 .text.SystemClock_Config
                0x0000000008000c48       0x90 ./Core/Src/main.o
                0x0000000008000c48                SystemClock_Config
 .text.startup.main
                0x0000000008000cd8      0x300 ./Core/Src/main.o
                0x0000000008000cd8                main
 .text.Error_Handler
                0x0000000008000fd8        0x4 ./Core/Src/main.o
                0x0000000008000fd8                Error_Handler
 .text._ZN10GFX_HW_SPI8MY_DelayEm
                0x0000000008000fdc       0x14 ./Core/Src/mymain.o
                0x0000000008000fdc                GFX_HW_SPI::MY_Delay(unsigned long)
 .text._ZN11GFX_ILI93413clsEv
                0x0000000008000ff0        0x4 ./Core/Src/mymain.o
                0x0000000008000ff0                GFX_ILI9341::cls()
 .text._ZN11GFX_ILI934116setAddressWindowEtttt
                0x0000000008000ff4       0x7c ./Core/Src/mymain.o
                0x0000000008000ff4                GFX_ILI9341::setAddressWindow(unsigned short, unsigned short, unsigned short, unsigned short)
 .text._ZN11GFX_ILI93419pushPixelEt
                0x0000000008001070        0x8 ./Core/Src/mymain.o
                0x0000000008001070                GFX_ILI9341::pushPixel(unsigned short)
 .text._ZN11GFX_ILI93413endEv
                0x0000000008001078        0x8 ./Core/Src/mymain.o
                0x0000000008001078                GFX_ILI9341::end()
 .text._ZN11GFX_ILI93414initEv
                0x0000000008001080       0x88 ./Core/Src/mymain.o
                0x0000000008001080                GFX_ILI9341::init()
 .text._ZN11GFX_ILI934111setRotationEh
                0x0000000008001108       0x60 ./Core/Src/mymain.o
                0x0000000008001108                GFX_ILI9341::setRotation(unsigned char)
 .text._ZN10GFX_HW_SPI9writeDataEPKhh
                0x0000000008001168       0x10 ./Core/Src/mymain.o
                0x0000000008001168                GFX_HW_SPI::writeData(unsigned char const*, unsigned char)
 .text._ZN10GFX_HW_SPI5resetEm
                0x0000000008001178       0x64 ./Core/Src/mymain.o
                0x0000000008001178                GFX_HW_SPI::reset(unsigned long)
 .text._ZN10GFX_HW_SPI5writeEh
                0x00000000080011dc       0x38 ./Core/Src/mymain.o
                0x00000000080011dc                GFX_HW_SPI::write(unsigned char)
 .text._ZN10GFX_HW_SPI7write16Et
                0x0000000008001214       0x6c ./Core/Src/mymain.o
                0x0000000008001214                GFX_HW_SPI::write16(unsigned short)
 .text._ZN10GFX_HW_SPI3endEv
                0x0000000008001280       0x48 ./Core/Src/mymain.o
                0x0000000008001280                GFX_HW_SPI::end()
 .text._ZN10GFX_HW_SPI12writeCommandEh
                0x00000000080012c8       0x60 ./Core/Src/mymain.o
                0x00000000080012c8                GFX_HW_SPI::writeCommand(unsigned char)
 .text._ZN10GFX_HW_SPI12beginCommandEv
                0x0000000008001328       0x68 ./Core/Src/mymain.o
                0x0000000008001328                GFX_HW_SPI::beginCommand()
 .text._ZN10GFX_HW_SPI12readcommand8Ehh
                0x0000000008001390       0xa0 ./Core/Src/mymain.o
                0x0000000008001390                GFX_HW_SPI::readcommand8(unsigned char, unsigned char)
 .text._ZN10GFX_HW_SPI13readcommand16Eh
                0x0000000008001430       0xa8 ./Core/Src/mymain.o
                0x0000000008001430                GFX_HW_SPI::readcommand16(unsigned char)
 .text._ZN10GFX_HW_SPI11sendCommandEhPKhh
                0x00000000080014d8       0xb0 ./Core/Src/mymain.o
                0x00000000080014d8                GFX_HW_SPI::sendCommand(unsigned char, unsigned char const*, unsigned char)
 .text._ZN10GFX_HW_SPI14writeCommand16Et
                0x0000000008001588       0xbc ./Core/Src/mymain.o
                0x0000000008001588                GFX_HW_SPI::writeCommand16(unsigned short)
 .text._ZN10GFX_HW_SPI13sendCommand16Ett
                0x0000000008001644      0x104 ./Core/Src/mymain.o
                0x0000000008001644                GFX_HW_SPI::sendCommand16(unsigned short, unsigned short)
 .text._ZN10GFX_HW_SPI13sendCommand16EtPKhh
                0x0000000008001748      0x10c ./Core/Src/mymain.o
                0x0000000008001748                GFX_HW_SPI::sendCommand16(unsigned short, unsigned char const*, unsigned char)
 .text._ZN11GFX_ILI93419drawPixelEttt
                0x0000000008001854       0x9c ./Core/Src/mymain.o
                0x0000000008001854                GFX_ILI9341::drawPixel(unsigned short, unsigned short, unsigned short)
 .text.mysetup  0x00000000080018f0      0x12c ./Core/Src/mymain.o
                0x00000000080018f0                mysetup
 .text.setLeftWindow
                0x0000000008001a1c      0x170 ./Core/Src/mymain.o
                0x0000000008001a1c                setLeftWindow
 .text.vsync    0x0000000008001b8c       0x74 ./Core/Src/mymain.o
                0x0000000008001b8c                vsync
 .text.startup._GLOBAL__sub_I_hwspi
                0x0000000008001c00       0x54 ./Core/Src/mymain.o
 .text.MX_SPI2_Init
                0x0000000008001c54       0x50 ./Core/Src/spi.o
                0x0000000008001c54                MX_SPI2_Init
 .text.HAL_SPI_MspInit
                0x0000000008001ca4       0xd4 ./Core/Src/spi.o
                0x0000000008001ca4                HAL_SPI_MspInit
 .text.HAL_MspInit
                0x0000000008001d78       0x30 ./Core/Src/stm32g4xx_hal_msp.o
                0x0000000008001d78                HAL_MspInit
 .text.NMI_Handler
                0x0000000008001da8        0x8 ./Core/Src/stm32g4xx_it.o
                0x0000000008001da8                NMI_Handler
 .text.HardFault_Handler
                0x0000000008001db0        0x4 ./Core/Src/stm32g4xx_it.o
                0x0000000008001db0                HardFault_Handler
 .text.MemManage_Handler
                0x0000000008001db4        0x4 ./Core/Src/stm32g4xx_it.o
                0x0000000008001db4                MemManage_Handler
 .text.BusFault_Handler
                0x0000000008001db8        0x4 ./Core/Src/stm32g4xx_it.o
                0x0000000008001db8                BusFault_Handler
 .text.UsageFault_Handler
                0x0000000008001dbc        0x4 ./Core/Src/stm32g4xx_it.o
                0x0000000008001dbc                UsageFault_Handler
 .text.SVC_Handler
                0x0000000008001dc0        0x4 ./Core/Src/stm32g4xx_it.o
                0x0000000008001dc0                SVC_Handler
 .text.DebugMon_Handler
                0x0000000008001dc4        0x4 ./Core/Src/stm32g4xx_it.o
                0x0000000008001dc4                DebugMon_Handler
 .text.PendSV_Handler
                0x0000000008001dc8        0x4 ./Core/Src/stm32g4xx_it.o
                0x0000000008001dc8                PendSV_Handler
 .text.SysTick_Handler
                0x0000000008001dcc        0x4 ./Core/Src/stm32g4xx_it.o
                0x0000000008001dcc                SysTick_Handler
 .text.DMA1_Channel1_IRQHandler
                0x0000000008001dd0        0xc ./Core/Src/stm32g4xx_it.o
                0x0000000008001dd0                DMA1_Channel1_IRQHandler
 .text.DMA1_Channel2_IRQHandler
                0x0000000008001ddc        0xc ./Core/Src/stm32g4xx_it.o
                0x0000000008001ddc                DMA1_Channel2_IRQHandler
 .text.TIM1_TRG_COM_TIM17_IRQHandler
                0x0000000008001de8        0xc ./Core/Src/stm32g4xx_it.o
                0x0000000008001de8                TIM1_TRG_COM_TIM17_IRQHandler
 .text.TIM3_IRQHandler
                0x0000000008001df4        0xc ./Core/Src/stm32g4xx_it.o
                0x0000000008001df4                TIM3_IRQHandler
 .text.DMA2_Channel1_IRQHandler
                0x0000000008001e00        0xc ./Core/Src/stm32g4xx_it.o
                0x0000000008001e00                DMA2_Channel1_IRQHandler
 .text.DMAMUX_OVR_IRQHandler
                0x0000000008001e0c        0xc ./Core/Src/stm32g4xx_it.o
                0x0000000008001e0c                DMAMUX_OVR_IRQHandler
 .text.SystemInit
                0x0000000008001e18       0x14 ./Core/Src/system_stm32g4xx.o
                0x0000000008001e18                SystemInit
 .text.MX_TIM2_Init
                0x0000000008001e2c       0x80 ./Core/Src/tim.o
                0x0000000008001e2c                MX_TIM2_Init
 *fill*         0x0000000008001eac        0x4 
 .text.MX_TIM3_Init
                0x0000000008001eb0      0x158 ./Core/Src/tim.o
                0x0000000008001eb0                MX_TIM3_Init
 .text.MX_TIM4_Init
                0x0000000008002008      0x158 ./Core/Src/tim.o
                0x0000000008002008                MX_TIM4_Init
 .text.MX_TIM5_Init
                0x0000000008002160       0x54 ./Core/Src/tim.o
                0x0000000008002160                MX_TIM5_Init
 *fill*         0x00000000080021b4        0x4 
 .text.HAL_TIM_Base_MspInit
                0x00000000080021b8      0x1d0 ./Core/Src/tim.o
                0x00000000080021b8                HAL_TIM_Base_MspInit
 .text.HAL_TIM_Encoder_MspInit
                0x0000000008002388       0x90 ./Core/Src/tim.o
                0x0000000008002388                HAL_TIM_Encoder_MspInit
 .text.HAL_TIM_OnePulse_MspInit
                0x0000000008002418       0x2c ./Core/Src/tim.o
                0x0000000008002418                HAL_TIM_OnePulse_MspInit
 *fill*         0x0000000008002444        0x4 
 .text.HAL_TIM_MspPostInit
                0x0000000008002448      0x124 ./Core/Src/tim.o
                0x0000000008002448                HAL_TIM_MspPostInit
 *fill*         0x000000000800256c        0x4 
 .text.MX_TIM1_Init
                0x0000000008002570      0x170 ./Core/Src/tim.o
                0x0000000008002570                MX_TIM1_Init
 .text.MX_TIM8_Init
                0x00000000080026e0      0x148 ./Core/Src/tim.o
                0x00000000080026e0                MX_TIM8_Init
 .text.MX_TIM16_Init
                0x0000000008002828      0x100 ./Core/Src/tim.o
                0x0000000008002828                MX_TIM16_Init
 .text.MX_TIM20_Init
                0x0000000008002928      0x178 ./Core/Src/tim.o
                0x0000000008002928                MX_TIM20_Init
 .text.Reset_Handler
                0x0000000008002aa0       0x50 ./Core/Startup/startup_stm32g474retx.o
                0x0000000008002aa0                Reset_Handler
 .text.Default_Handler
                0x0000000008002af0        0x2 ./Core/Startup/startup_stm32g474retx.o
                0x0000000008002af0                RTC_Alarm_IRQHandler
                0x0000000008002af0                EXTI2_IRQHandler
                0x0000000008002af0                TIM8_TRG_COM_IRQHandler
                0x0000000008002af0                TIM8_CC_IRQHandler
                0x0000000008002af0                HRTIM1_Master_IRQHandler
                0x0000000008002af0                SPI4_IRQHandler
                0x0000000008002af0                FDCAN3_IT0_IRQHandler
                0x0000000008002af0                TIM1_CC_IRQHandler
                0x0000000008002af0                HRTIM1_FLT_IRQHandler
                0x0000000008002af0                HRTIM1_TIMF_IRQHandler
                0x0000000008002af0                USB_HP_IRQHandler
                0x0000000008002af0                CORDIC_IRQHandler
                0x0000000008002af0                HRTIM1_TIMD_IRQHandler
                0x0000000008002af0                DMA2_Channel8_IRQHandler
                0x0000000008002af0                EXTI3_IRQHandler
                0x0000000008002af0                I2C3_ER_IRQHandler
                0x0000000008002af0                EXTI0_IRQHandler
                0x0000000008002af0                I2C2_EV_IRQHandler
                0x0000000008002af0                FPU_IRQHandler
                0x0000000008002af0                FDCAN1_IT1_IRQHandler
                0x0000000008002af0                TIM1_UP_TIM16_IRQHandler
                0x0000000008002af0                ADC1_2_IRQHandler
                0x0000000008002af0                HRTIM1_TIME_IRQHandler
                0x0000000008002af0                SPI1_IRQHandler
                0x0000000008002af0                TIM6_DAC_IRQHandler
                0x0000000008002af0                HRTIM1_TIMC_IRQHandler
                0x0000000008002af0                TIM8_UP_IRQHandler
                0x0000000008002af0                DMA2_Channel2_IRQHandler
                0x0000000008002af0                DMA1_Channel4_IRQHandler
                0x0000000008002af0                TIM20_TRG_COM_IRQHandler
                0x0000000008002af0                USART3_IRQHandler
                0x0000000008002af0                DMA1_Channel7_IRQHandler
                0x0000000008002af0                UART5_IRQHandler
                0x0000000008002af0                ADC3_IRQHandler
                0x0000000008002af0                TIM4_IRQHandler
                0x0000000008002af0                QUADSPI_IRQHandler
                0x0000000008002af0                I2C1_EV_IRQHandler
                0x0000000008002af0                DMA1_Channel6_IRQHandler
                0x0000000008002af0                UART4_IRQHandler
                0x0000000008002af0                DMA2_Channel4_IRQHandler
                0x0000000008002af0                RCC_IRQHandler
                0x0000000008002af0                TIM20_UP_IRQHandler
                0x0000000008002af0                Default_Handler
                0x0000000008002af0                DMA2_Channel7_IRQHandler
                0x0000000008002af0                RTC_TAMP_LSECSS_IRQHandler
                0x0000000008002af0                FMAC_IRQHandler
                0x0000000008002af0                EXTI15_10_IRQHandler
                0x0000000008002af0                DMA1_Channel8_IRQHandler
                0x0000000008002af0                HRTIM1_TIMA_IRQHandler
                0x0000000008002af0                TIM7_DAC_IRQHandler
                0x0000000008002af0                FDCAN3_IT1_IRQHandler
                0x0000000008002af0                TIM5_IRQHandler
                0x0000000008002af0                UCPD1_IRQHandler
                0x0000000008002af0                I2C3_EV_IRQHandler
                0x0000000008002af0                EXTI9_5_IRQHandler
                0x0000000008002af0                RTC_WKUP_IRQHandler
                0x0000000008002af0                PVD_PVM_IRQHandler
                0x0000000008002af0                SPI2_IRQHandler
                0x0000000008002af0                ADC5_IRQHandler
                0x0000000008002af0                DMA2_Channel5_IRQHandler
                0x0000000008002af0                CRS_IRQHandler
                0x0000000008002af0                DMA1_Channel5_IRQHandler
                0x0000000008002af0                USB_LP_IRQHandler
                0x0000000008002af0                EXTI4_IRQHandler
                0x0000000008002af0                RNG_IRQHandler
                0x0000000008002af0                HRTIM1_TIMB_IRQHandler
                0x0000000008002af0                FDCAN2_IT1_IRQHandler
                0x0000000008002af0                DMA1_Channel3_IRQHandler
                0x0000000008002af0                ADC4_IRQHandler
                0x0000000008002af0                WWDG_IRQHandler
                0x0000000008002af0                I2C4_EV_IRQHandler
                0x0000000008002af0                FDCAN2_IT0_IRQHandler
                0x0000000008002af0                LPUART1_IRQHandler
                0x0000000008002af0                DMA2_Channel6_IRQHandler
                0x0000000008002af0                FDCAN1_IT0_IRQHandler
                0x0000000008002af0                TIM2_IRQHandler
                0x0000000008002af0                COMP7_IRQHandler
                0x0000000008002af0                COMP1_2_3_IRQHandler
                0x0000000008002af0                EXTI1_IRQHandler
                0x0000000008002af0                USART2_IRQHandler
                0x0000000008002af0                COMP4_5_6_IRQHandler
                0x0000000008002af0                TIM20_BRK_IRQHandler
                0x0000000008002af0                I2C2_ER_IRQHandler
                0x0000000008002af0                TIM8_BRK_IRQHandler
                0x0000000008002af0                FLASH_IRQHandler
                0x0000000008002af0                TIM20_CC_IRQHandler
                0x0000000008002af0                USART1_IRQHandler
                0x0000000008002af0                SPI3_IRQHandler
                0x0000000008002af0                I2C1_ER_IRQHandler
                0x0000000008002af0                FMC_IRQHandler
                0x0000000008002af0                LPTIM1_IRQHandler
                0x0000000008002af0                I2C4_ER_IRQHandler
                0x0000000008002af0                USBWakeUp_IRQHandler
                0x0000000008002af0                SAI1_IRQHandler
                0x0000000008002af0                DMA2_Channel3_IRQHandler
                0x0000000008002af0                TIM1_BRK_TIM15_IRQHandler
 *fill*         0x0000000008002af2        0x2 
 .text.HAL_InitTick
                0x0000000008002af4       0x4c ./Drivers/STM32G4xx_HAL_Driver/Src/stm32g4xx_hal.o
                0x0000000008002af4                HAL_InitTick
 .text.HAL_Init
                0x0000000008002b40       0x30 ./Drivers/STM32G4xx_HAL_Driver/Src/stm32g4xx_hal.o
                0x0000000008002b40                HAL_Init
 .text.HAL_IncTick
                0x0000000008002b70       0x18 ./Drivers/STM32G4xx_HAL_Driver/Src/stm32g4xx_hal.o
                0x0000000008002b70                HAL_IncTick
 .text.HAL_GetTick
                0x0000000008002b88        0xc ./Drivers/STM32G4xx_HAL_Driver/Src/stm32g4xx_hal.o
                0x0000000008002b88                HAL_GetTick
 .text.HAL_Delay
                0x0000000008002b94       0x24 ./Drivers/STM32G4xx_HAL_Driver/Src/stm32g4xx_hal.o
                0x0000000008002b94                HAL_Delay
 .text.ADC_DMAConvCplt
                0x0000000008002bb8       0x60 ./Drivers/STM32G4xx_HAL_Driver/Src/stm32g4xx_hal_adc.o
                0x0000000008002bb8                ADC_DMAConvCplt
 .text.ADC_DMAHalfConvCplt
                0x0000000008002c18        0x8 ./Drivers/STM32G4xx_HAL_Driver/Src/stm32g4xx_hal_adc.o
                0x0000000008002c18                ADC_DMAHalfConvCplt
 .text.ADC_DMAError
                0x0000000008002c20       0x18 ./Drivers/STM32G4xx_HAL_Driver/Src/stm32g4xx_hal_adc.o
                0x0000000008002c20                ADC_DMAError
 .text.HAL_ADC_ErrorCallback
                0x0000000008002c38        0x4 ./Drivers/STM32G4xx_HAL_Driver/Src/stm32g4xx_hal_adc.o
                0x0000000008002c38                HAL_ADC_ErrorCallback
 .text.HAL_ADC_ConvCpltCallback
                0x0000000008002c3c        0x4 ./Drivers/STM32G4xx_HAL_Driver/Src/stm32g4xx_hal_adc.o
                0x0000000008002c3c                HAL_ADC_ConvCpltCallback
 .text.HAL_ADC_ConvHalfCpltCallback
                0x0000000008002c40        0x4 ./Drivers/STM32G4xx_HAL_Driver/Src/stm32g4xx_hal_adc.o
                0x0000000008002c40                HAL_ADC_ConvHalfCpltCallback
 .text.HAL_ADC_LevelOutOfWindowCallback
                0x0000000008002c44        0x4 ./Drivers/STM32G4xx_HAL_Driver/Src/stm32g4xx_hal_adc.o
                0x0000000008002c44                HAL_ADC_LevelOutOfWindowCallback
 .text.HAL_ADC_Init
                0x0000000008002c48      0x2a8 ./Drivers/STM32G4xx_HAL_Driver/Src/stm32g4xx_hal_adc.o
                0x0000000008002c48                HAL_ADC_Init
 .text.HAL_ADC_RegisterCallback
                0x0000000008002ef0       0x84 ./Drivers/STM32G4xx_HAL_Driver/Src/stm32g4xx_hal_adc.o
                0x0000000008002ef0                HAL_ADC_RegisterCallback
 .text.HAL_ADC_ConfigChannel
                0x0000000008002f74      0x530 ./Drivers/STM32G4xx_HAL_Driver/Src/stm32g4xx_hal_adc.o
                0x0000000008002f74                HAL_ADC_ConfigChannel
 .text.ADC_ConversionStop
                0x00000000080034a4      0x108 ./Drivers/STM32G4xx_HAL_Driver/Src/stm32g4xx_hal_adc.o
                0x00000000080034a4                ADC_ConversionStop
 .text.ADC_Enable
                0x00000000080035ac       0x78 ./Drivers/STM32G4xx_HAL_Driver/Src/stm32g4xx_hal_adc.o
                0x00000000080035ac                ADC_Enable
 .text.ADC_Disable
                0x0000000008003624       0x74 ./Drivers/STM32G4xx_HAL_Driver/Src/stm32g4xx_hal_adc.o
                0x0000000008003624                ADC_Disable
 .text.HAL_ADCEx_MultiModeStart_DMA
                0x0000000008003698      0x10c ./Drivers/STM32G4xx_HAL_Driver/Src/stm32g4xx_hal_adc_ex.o
                0x0000000008003698                HAL_ADCEx_MultiModeStart_DMA
 .text.HAL_ADCEx_MultiModeStop_DMA
                0x00000000080037a4      0x12c ./Drivers/STM32G4xx_HAL_Driver/Src/stm32g4xx_hal_adc_ex.o
                0x00000000080037a4                HAL_ADCEx_MultiModeStop_DMA
 .text.HAL_ADCEx_InjectedConvCpltCallback
                0x00000000080038d0        0x4 ./Drivers/STM32G4xx_HAL_Driver/Src/stm32g4xx_hal_adc_ex.o
                0x00000000080038d0                HAL_ADCEx_InjectedConvCpltCallback
 .text.HAL_ADCEx_InjectedQueueOverflowCallback
                0x00000000080038d4        0x4 ./Drivers/STM32G4xx_HAL_Driver/Src/stm32g4xx_hal_adc_ex.o
                0x00000000080038d4                HAL_ADCEx_InjectedQueueOverflowCallback
 .text.HAL_ADCEx_LevelOutOfWindow2Callback
                0x00000000080038d8        0x4 ./Drivers/STM32G4xx_HAL_Driver/Src/stm32g4xx_hal_adc_ex.o
                0x00000000080038d8                HAL_ADCEx_LevelOutOfWindow2Callback
 .text.HAL_ADCEx_LevelOutOfWindow3Callback
                0x00000000080038dc        0x4 ./Drivers/STM32G4xx_HAL_Driver/Src/stm32g4xx_hal_adc_ex.o
                0x00000000080038dc                HAL_ADCEx_LevelOutOfWindow3Callback
 .text.HAL_ADCEx_EndOfSamplingCallback
                0x00000000080038e0        0x4 ./Drivers/STM32G4xx_HAL_Driver/Src/stm32g4xx_hal_adc_ex.o
                0x00000000080038e0                HAL_ADCEx_EndOfSamplingCallback
 .text.HAL_ADCEx_MultiModeConfigChannel
                0x00000000080038e4      0x164 ./Drivers/STM32G4xx_HAL_Driver/Src/stm32g4xx_hal_adc_ex.o
                0x00000000080038e4                HAL_ADCEx_MultiModeConfigChannel
 .text.HAL_COMP_Init
                0x0000000008003a48      0x2c4 ./Drivers/STM32G4xx_HAL_Driver/Src/stm32g4xx_hal_comp.o
                0x0000000008003a48                HAL_COMP_Init
 .text.HAL_COMP_Start
                0x0000000008003d0c       0x58 ./Drivers/STM32G4xx_HAL_Driver/Src/stm32g4xx_hal_comp.o
                0x0000000008003d0c                HAL_COMP_Start
 .text.HAL_NVIC_SetPriorityGrouping
                0x0000000008003d64       0x24 ./Drivers/STM32G4xx_HAL_Driver/Src/stm32g4xx_hal_cortex.o
                0x0000000008003d64                HAL_NVIC_SetPriorityGrouping
 .text.HAL_NVIC_SetPriority
                0x0000000008003d88       0x7c ./Drivers/STM32G4xx_HAL_Driver/Src/stm32g4xx_hal_cortex.o
                0x0000000008003d88                HAL_NVIC_SetPriority
 .text.HAL_NVIC_EnableIRQ
                0x0000000008003e04       0x1c ./Drivers/STM32G4xx_HAL_Driver/Src/stm32g4xx_hal_cortex.o
                0x0000000008003e04                HAL_NVIC_EnableIRQ
 .text.HAL_SYSTICK_Config
                0x0000000008003e20       0x34 ./Drivers/STM32G4xx_HAL_Driver/Src/stm32g4xx_hal_cortex.o
                0x0000000008003e20                HAL_SYSTICK_Config
 .text.HAL_DMA_Init
                0x0000000008003e54      0x12c ./Drivers/STM32G4xx_HAL_Driver/Src/stm32g4xx_hal_dma.o
                0x0000000008003e54                HAL_DMA_Init
 .text.HAL_DMA_Start_IT
                0x0000000008003f80       0xb4 ./Drivers/STM32G4xx_HAL_Driver/Src/stm32g4xx_hal_dma.o
                0x0000000008003f80                HAL_DMA_Start_IT
 .text.HAL_DMA_Abort
                0x0000000008004034       0x74 ./Drivers/STM32G4xx_HAL_Driver/Src/stm32g4xx_hal_dma.o
                0x0000000008004034                HAL_DMA_Abort
 .text.HAL_DMA_IRQHandler
                0x00000000080040a8       0x9c ./Drivers/STM32G4xx_HAL_Driver/Src/stm32g4xx_hal_dma.o
                0x00000000080040a8                HAL_DMA_IRQHandler
 .text.HAL_DMA_RegisterCallback
                0x0000000008004144       0x4c ./Drivers/STM32G4xx_HAL_Driver/Src/stm32g4xx_hal_dma.o
                0x0000000008004144                HAL_DMA_RegisterCallback
 .text.HAL_DMAEx_MUX_IRQHandler
                0x0000000008004190       0x58 ./Drivers/STM32G4xx_HAL_Driver/Src/stm32g4xx_hal_dma_ex.o
                0x0000000008004190                HAL_DMAEx_MUX_IRQHandler
 .text.HAL_GPIO_Init
                0x00000000080041e8      0x1f0 ./Drivers/STM32G4xx_HAL_Driver/Src/stm32g4xx_hal_gpio.o
                0x00000000080041e8                HAL_GPIO_Init
 .text.HAL_GPIO_WritePin
                0x00000000080043d8        0xc ./Drivers/STM32G4xx_HAL_Driver/Src/stm32g4xx_hal_gpio.o
                0x00000000080043d8                HAL_GPIO_WritePin
 .text.HAL_PWREx_ControlVoltageScaling
                0x00000000080043e4       0xfc ./Drivers/STM32G4xx_HAL_Driver/Src/stm32g4xx_hal_pwr_ex.o
                0x00000000080043e4                HAL_PWREx_ControlVoltageScaling
 .text.HAL_RCC_OscConfig
                0x00000000080044e0      0x498 ./Drivers/STM32G4xx_HAL_Driver/Src/stm32g4xx_hal_rcc.o
                0x00000000080044e0                HAL_RCC_OscConfig
 .text.HAL_RCC_GetSysClockFreq
                0x0000000008004978       0x70 ./Drivers/STM32G4xx_HAL_Driver/Src/stm32g4xx_hal_rcc.o
                0x0000000008004978                HAL_RCC_GetSysClockFreq
 .text.HAL_RCC_ClockConfig
                0x00000000080049e8      0x224 ./Drivers/STM32G4xx_HAL_Driver/Src/stm32g4xx_hal_rcc.o
                0x00000000080049e8                HAL_RCC_ClockConfig
 .text.HAL_RCC_EnableCSS
                0x0000000008004c0c       0x10 ./Drivers/STM32G4xx_HAL_Driver/Src/stm32g4xx_hal_rcc.o
                0x0000000008004c0c                HAL_RCC_EnableCSS
 .text.HAL_RCC_CSSCallback
                0x0000000008004c1c        0x4 ./Drivers/STM32G4xx_HAL_Driver/Src/stm32g4xx_hal_rcc.o
                0x0000000008004c1c                HAL_RCC_CSSCallback
 .text.HAL_RCC_NMI_IRQHandler
                0x0000000008004c20       0x1c ./Drivers/STM32G4xx_HAL_Driver/Src/stm32g4xx_hal_rcc.o
                0x0000000008004c20                HAL_RCC_NMI_IRQHandler
 .text.HAL_RCCEx_PeriphCLKConfig
                0x0000000008004c3c      0x310 ./Drivers/STM32G4xx_HAL_Driver/Src/stm32g4xx_hal_rcc_ex.o
                0x0000000008004c3c                HAL_RCCEx_PeriphCLKConfig
 .text.SPI_DMAHalfTransmitCplt
                0x0000000008004f4c        0x8 ./Drivers/STM32G4xx_HAL_Driver/Src/stm32g4xx_hal_spi.o
 .text.SPI_DMAError
                0x0000000008004f54       0x20 ./Drivers/STM32G4xx_HAL_Driver/Src/stm32g4xx_hal_spi.o
 .text.SPI_WaitFifoStateUntilTimeout.constprop.0
                0x0000000008004f74       0xec ./Drivers/STM32G4xx_HAL_Driver/Src/stm32g4xx_hal_spi.o
 .text.HAL_SPI_AbortCpltCallback
                0x0000000008005060        0x4 ./Drivers/STM32G4xx_HAL_Driver/Src/stm32g4xx_hal_spi.o
                0x0000000008005060                HAL_SPI_AbortCpltCallback
 .text.HAL_SPI_TxCpltCallback
                0x0000000008005064        0x4 ./Drivers/STM32G4xx_HAL_Driver/Src/stm32g4xx_hal_spi.o
                0x0000000008005064                HAL_SPI_TxCpltCallback
 .text.HAL_SPI_RxCpltCallback
                0x0000000008005068        0x4 ./Drivers/STM32G4xx_HAL_Driver/Src/stm32g4xx_hal_spi.o
                0x0000000008005068                HAL_SPI_RxCpltCallback
 .text.HAL_SPI_TxRxCpltCallback
                0x000000000800506c        0x4 ./Drivers/STM32G4xx_HAL_Driver/Src/stm32g4xx_hal_spi.o
                0x000000000800506c                HAL_SPI_TxRxCpltCallback
 .text.HAL_SPI_TxHalfCpltCallback
                0x0000000008005070        0x4 ./Drivers/STM32G4xx_HAL_Driver/Src/stm32g4xx_hal_spi.o
                0x0000000008005070                HAL_SPI_TxHalfCpltCallback
 .text.HAL_SPI_RxHalfCpltCallback
                0x0000000008005074        0x4 ./Drivers/STM32G4xx_HAL_Driver/Src/stm32g4xx_hal_spi.o
                0x0000000008005074                HAL_SPI_RxHalfCpltCallback
 .text.HAL_SPI_TxRxHalfCpltCallback
                0x0000000008005078        0x4 ./Drivers/STM32G4xx_HAL_Driver/Src/stm32g4xx_hal_spi.o
                0x0000000008005078                HAL_SPI_TxRxHalfCpltCallback
 .text.HAL_SPI_ErrorCallback
                0x000000000800507c        0x4 ./Drivers/STM32G4xx_HAL_Driver/Src/stm32g4xx_hal_spi.o
                0x000000000800507c                HAL_SPI_ErrorCallback
 .text.SPI_EndRxTxTransaction
                0x0000000008005080      0x140 ./Drivers/STM32G4xx_HAL_Driver/Src/stm32g4xx_hal_spi.o
 .text.SPI_WaitFlagStateUntilTimeout.constprop.0
                0x00000000080051c0       0xb8 ./Drivers/STM32G4xx_HAL_Driver/Src/stm32g4xx_hal_spi.o
 .text.SPI_EndRxTxTransaction.constprop.0
                0x0000000008005278       0xf0 ./Drivers/STM32G4xx_HAL_Driver/Src/stm32g4xx_hal_spi.o
 .text.SPI_DMATransmitCplt
                0x0000000008005368       0x74 ./Drivers/STM32G4xx_HAL_Driver/Src/stm32g4xx_hal_spi.o
 .text.HAL_SPI_Init
                0x00000000080053dc      0x150 ./Drivers/STM32G4xx_HAL_Driver/Src/stm32g4xx_hal_spi.o
                0x00000000080053dc                HAL_SPI_Init
 .text.HAL_SPI_RegisterCallback
                0x000000000800552c       0xcc ./Drivers/STM32G4xx_HAL_Driver/Src/stm32g4xx_hal_spi.o
                0x000000000800552c                HAL_SPI_RegisterCallback
 .text.HAL_SPI_Transmit
                0x00000000080055f8      0x2c4 ./Drivers/STM32G4xx_HAL_Driver/Src/stm32g4xx_hal_spi.o
                0x00000000080055f8                HAL_SPI_Transmit
 .text.HAL_SPI_TransmitReceive
                0x00000000080058bc      0x318 ./Drivers/STM32G4xx_HAL_Driver/Src/stm32g4xx_hal_spi.o
                0x00000000080058bc                HAL_SPI_TransmitReceive
 .text.HAL_SPI_Receive
                0x0000000008005bd4      0x350 ./Drivers/STM32G4xx_HAL_Driver/Src/stm32g4xx_hal_spi.o
                0x0000000008005bd4                HAL_SPI_Receive
 .text.HAL_SPI_Transmit_DMA
                0x0000000008005f24      0x114 ./Drivers/STM32G4xx_HAL_Driver/Src/stm32g4xx_hal_spi.o
                0x0000000008005f24                HAL_SPI_Transmit_DMA
 .text.TIM_OC1_SetConfig
                0x0000000008006038       0x80 ./Drivers/STM32G4xx_HAL_Driver/Src/stm32g4xx_hal_tim.o
 .text.TIM_OC3_SetConfig
                0x00000000080060b8       0xa0 ./Drivers/STM32G4xx_HAL_Driver/Src/stm32g4xx_hal_tim.o
 .text.TIM_OC4_SetConfig
                0x0000000008006158       0xa4 ./Drivers/STM32G4xx_HAL_Driver/Src/stm32g4xx_hal_tim.o
 .text.HAL_TIM_PWM_MspInit
                0x00000000080061fc        0x4 ./Drivers/STM32G4xx_HAL_Driver/Src/stm32g4xx_hal_tim.o
                0x00000000080061fc                HAL_TIM_PWM_MspInit
 .text.HAL_TIM_IC_MspInit
                0x0000000008006200        0x4 ./Drivers/STM32G4xx_HAL_Driver/Src/stm32g4xx_hal_tim.o
                0x0000000008006200                HAL_TIM_IC_MspInit
 .text.HAL_TIM_PeriodElapsedCallback
                0x0000000008006204        0x4 ./Drivers/STM32G4xx_HAL_Driver/Src/stm32g4xx_hal_tim.o
                0x0000000008006204                HAL_TIM_PeriodElapsedCallback
 .text.HAL_TIM_PeriodElapsedHalfCpltCallback
                0x0000000008006208        0x4 ./Drivers/STM32G4xx_HAL_Driver/Src/stm32g4xx_hal_tim.o
                0x0000000008006208                HAL_TIM_PeriodElapsedHalfCpltCallback
 .text.HAL_TIM_OC_DelayElapsedCallback
                0x000000000800620c        0x4 ./Drivers/STM32G4xx_HAL_Driver/Src/stm32g4xx_hal_tim.o
                0x000000000800620c                HAL_TIM_OC_DelayElapsedCallback
 .text.HAL_TIM_IC_CaptureCallback
                0x0000000008006210        0x4 ./Drivers/STM32G4xx_HAL_Driver/Src/stm32g4xx_hal_tim.o
                0x0000000008006210                HAL_TIM_IC_CaptureCallback
 .text.HAL_TIM_IC_CaptureHalfCpltCallback
                0x0000000008006214        0x4 ./Drivers/STM32G4xx_HAL_Driver/Src/stm32g4xx_hal_tim.o
                0x0000000008006214                HAL_TIM_IC_CaptureHalfCpltCallback
 .text.HAL_TIM_PWM_PulseFinishedCallback
                0x0000000008006218        0x4 ./Drivers/STM32G4xx_HAL_Driver/Src/stm32g4xx_hal_tim.o
                0x0000000008006218                HAL_TIM_PWM_PulseFinishedCallback
 .text.HAL_TIM_PWM_PulseFinishedHalfCpltCallback
                0x000000000800621c        0x4 ./Drivers/STM32G4xx_HAL_Driver/Src/stm32g4xx_hal_tim.o
                0x000000000800621c                HAL_TIM_PWM_PulseFinishedHalfCpltCallback
 .text.HAL_TIM_TriggerCallback
                0x0000000008006220        0x4 ./Drivers/STM32G4xx_HAL_Driver/Src/stm32g4xx_hal_tim.o
                0x0000000008006220                HAL_TIM_TriggerCallback
 .text.HAL_TIM_TriggerHalfCpltCallback
                0x0000000008006224        0x4 ./Drivers/STM32G4xx_HAL_Driver/Src/stm32g4xx_hal_tim.o
                0x0000000008006224                HAL_TIM_TriggerHalfCpltCallback
 .text.HAL_TIM_ErrorCallback
                0x0000000008006228        0x4 ./Drivers/STM32G4xx_HAL_Driver/Src/stm32g4xx_hal_tim.o
                0x0000000008006228                HAL_TIM_ErrorCallback
 .text.HAL_TIM_Base_Init
                0x000000000800622c      0x1d8 ./Drivers/STM32G4xx_HAL_Driver/Src/stm32g4xx_hal_tim.o
                0x000000000800622c                HAL_TIM_Base_Init
 .text.HAL_TIM_Base_Start
                0x0000000008006404       0x78 ./Drivers/STM32G4xx_HAL_Driver/Src/stm32g4xx_hal_tim.o
                0x0000000008006404                HAL_TIM_Base_Start
 .text.HAL_TIM_Base_Start_IT
                0x000000000800647c       0x84 ./Drivers/STM32G4xx_HAL_Driver/Src/stm32g4xx_hal_tim.o
                0x000000000800647c                HAL_TIM_Base_Start_IT
 .text.HAL_TIM_PWM_Init
                0x0000000008006500      0x1d8 ./Drivers/STM32G4xx_HAL_Driver/Src/stm32g4xx_hal_tim.o
                0x0000000008006500                HAL_TIM_PWM_Init
 .text.HAL_TIM_IC_Init
                0x00000000080066d8      0x1d8 ./Drivers/STM32G4xx_HAL_Driver/Src/stm32g4xx_hal_tim.o
                0x00000000080066d8                HAL_TIM_IC_Init
 .text.HAL_TIM_OnePulse_Init
                0x00000000080068b0      0x1ac ./Drivers/STM32G4xx_HAL_Driver/Src/stm32g4xx_hal_tim.o
                0x00000000080068b0                HAL_TIM_OnePulse_Init
 .text.HAL_TIM_OnePulse_Start
                0x0000000008006a5c       0xbc ./Drivers/STM32G4xx_HAL_Driver/Src/stm32g4xx_hal_tim.o
                0x0000000008006a5c                HAL_TIM_OnePulse_Start
 .text.HAL_TIM_OnePulse_Start_IT
                0x0000000008006b18       0xcc ./Drivers/STM32G4xx_HAL_Driver/Src/stm32g4xx_hal_tim.o
                0x0000000008006b18                HAL_TIM_OnePulse_Start_IT
 .text.HAL_TIM_Encoder_Init
                0x0000000008006be4      0x1fc ./Drivers/STM32G4xx_HAL_Driver/Src/stm32g4xx_hal_tim.o
                0x0000000008006be4                HAL_TIM_Encoder_Init
 .text.HAL_TIM_IRQHandler
                0x0000000008006de0      0x218 ./Drivers/STM32G4xx_HAL_Driver/Src/stm32g4xx_hal_tim.o
                0x0000000008006de0                HAL_TIM_IRQHandler
 .text.HAL_TIM_IC_ConfigChannel
                0x0000000008006ff8      0x1bc ./Drivers/STM32G4xx_HAL_Driver/Src/stm32g4xx_hal_tim.o
                0x0000000008006ff8                HAL_TIM_IC_ConfigChannel
 .text.HAL_TIM_ConfigClockSource
                0x00000000080071b4      0x1c8 ./Drivers/STM32G4xx_HAL_Driver/Src/stm32g4xx_hal_tim.o
                0x00000000080071b4                HAL_TIM_ConfigClockSource
 .text.HAL_TIM_SlaveConfigSynchro
                0x000000000800737c      0x164 ./Drivers/STM32G4xx_HAL_Driver/Src/stm32g4xx_hal_tim.o
                0x000000000800737c                HAL_TIM_SlaveConfigSynchro
 .text.HAL_TIM_RegisterCallback
                0x00000000080074e0      0x19c ./Drivers/STM32G4xx_HAL_Driver/Src/stm32g4xx_hal_tim.o
                0x00000000080074e0                HAL_TIM_RegisterCallback
 .text.TIM_OC2_SetConfig
                0x000000000800767c       0xa4 ./Drivers/STM32G4xx_HAL_Driver/Src/stm32g4xx_hal_tim.o
                0x000000000800767c                TIM_OC2_SetConfig
 .text.HAL_TIM_PWM_ConfigChannel
                0x0000000008007720      0x20c ./Drivers/STM32G4xx_HAL_Driver/Src/stm32g4xx_hal_tim.o
                0x0000000008007720                HAL_TIM_PWM_ConfigChannel
 .text.HAL_TIMEx_MasterConfigSynchronization
                0x000000000800792c       0xb8 ./Drivers/STM32G4xx_HAL_Driver/Src/stm32g4xx_hal_tim_ex.o
                0x000000000800792c                HAL_TIMEx_MasterConfigSynchronization
 .text.HAL_TIMEx_ConfigBreakDeadTime
                0x00000000080079e4       0xa4 ./Drivers/STM32G4xx_HAL_Driver/Src/stm32g4xx_hal_tim_ex.o
                0x00000000080079e4                HAL_TIMEx_ConfigBreakDeadTime
 .text.HAL_TIMEx_TISelection
                0x0000000008007a88       0xa4 ./Drivers/STM32G4xx_HAL_Driver/Src/stm32g4xx_hal_tim_ex.o
                0x0000000008007a88                HAL_TIMEx_TISelection
 .text.HAL_TIMEx_CommutCallback
                0x0000000008007b2c        0x4 ./Drivers/STM32G4xx_HAL_Driver/Src/stm32g4xx_hal_tim_ex.o
                0x0000000008007b2c                HAL_TIMEx_CommutCallback
 .text.HAL_TIMEx_CommutHalfCpltCallback
                0x0000000008007b30        0x4 ./Drivers/STM32G4xx_HAL_Driver/Src/stm32g4xx_hal_tim_ex.o
                0x0000000008007b30                HAL_TIMEx_CommutHalfCpltCallback
 .text.HAL_TIMEx_BreakCallback
                0x0000000008007b34        0x4 ./Drivers/STM32G4xx_HAL_Driver/Src/stm32g4xx_hal_tim_ex.o
                0x0000000008007b34                HAL_TIMEx_BreakCallback
 .text.HAL_TIMEx_Break2Callback
                0x0000000008007b38        0x4 ./Drivers/STM32G4xx_HAL_Driver/Src/stm32g4xx_hal_tim_ex.o
                0x0000000008007b38                HAL_TIMEx_Break2Callback
 .text.HAL_TIMEx_EncoderIndexCallback
                0x0000000008007b3c        0x4 ./Drivers/STM32G4xx_HAL_Driver/Src/stm32g4xx_hal_tim_ex.o
                0x0000000008007b3c                HAL_TIMEx_EncoderIndexCallback
 .text.HAL_TIMEx_DirectionChangeCallback
                0x0000000008007b40        0x4 ./Drivers/STM32G4xx_HAL_Driver/Src/stm32g4xx_hal_tim_ex.o
                0x0000000008007b40                HAL_TIMEx_DirectionChangeCallback
 .text.HAL_TIMEx_IndexErrorCallback
                0x0000000008007b44        0x4 ./Drivers/STM32G4xx_HAL_Driver/Src/stm32g4xx_hal_tim_ex.o
                0x0000000008007b44                HAL_TIMEx_IndexErrorCallback
 .text.HAL_TIMEx_TransitionErrorCallback
                0x0000000008007b48        0x4 ./Drivers/STM32G4xx_HAL_Driver/Src/stm32g4xx_hal_tim_ex.o
                0x0000000008007b48                HAL_TIMEx_TransitionErrorCallback
 .text.__libc_init_array
                0x0000000008007b4c       0x48 c:/st/stm32cubeide_1.9.0/stm32cubeide/plugins/com.st.stm32cube.ide.mcu.externaltools.gnu-tools-for-stm32.10.3-2021.10.win32_1.0.0.202111181127/tools/bin/../lib/gcc/arm-none-eabi/10.3.1/../../../../arm-none-eabi/lib/thumb/v7e-m+fp/hard\libc_nano.a(lib_a-init.o)
                0x0000000008007b4c                __libc_init_array
 .text.memset   0x0000000008007b94       0x10 c:/st/stm32cubeide_1.9.0/stm32cubeide/plugins/com.st.stm32cube.ide.mcu.externaltools.gnu-tools-for-stm32.10.3-2021.10.win32_1.0.0.202111181127/tools/bin/../lib/gcc/arm-none-eabi/10.3.1/../../../../arm-none-eabi/lib/thumb/v7e-m+fp/hard\libc_nano.a(lib_a-memset.o)
                0x0000000008007b94                memset
 *(.glue_7)
 .glue_7        0x0000000008007ba4        0x0 linker stubs
 *(.glue_7t)
 .glue_7t       0x0000000008007ba4        0x0 linker stubs
 *(.eh_frame)
 .eh_frame      0x0000000008007ba4        0x0 c:/st/stm32cubeide_1.9.0/stm32cubeide/plugins/com.st.stm32cube.ide.mcu.externaltools.gnu-tools-for-stm32.10.3-2021.10.win32_1.0.0.202111181127/tools/bin/../lib/gcc/arm-none-eabi/10.3.1/thumb/v7e-m+fp/hard/crtbegin.o
 *(.init)
 .init          0x0000000008007ba4        0x4 c:/st/stm32cubeide_1.9.0/stm32cubeide/plugins/com.st.stm32cube.ide.mcu.externaltools.gnu-tools-for-stm32.10.3-2021.10.win32_1.0.0.202111181127/tools/bin/../lib/gcc/arm-none-eabi/10.3.1/thumb/v7e-m+fp/hard/crti.o
                0x0000000008007ba4                _init
 .init          0x0000000008007ba8        0x8 c:/st/stm32cubeide_1.9.0/stm32cubeide/plugins/com.st.stm32cube.ide.mcu.externaltools.gnu-tools-for-stm32.10.3-2021.10.win32_1.0.0.202111181127/tools/bin/../lib/gcc/arm-none-eabi/10.3.1/thumb/v7e-m+fp/hard/crtn.o
 *(.fini)
 .fini          0x0000000008007bb0        0x4 c:/st/stm32cubeide_1.9.0/stm32cubeide/plugins/com.st.stm32cube.ide.mcu.externaltools.gnu-tools-for-stm32.10.3-2021.10.win32_1.0.0.202111181127/tools/bin/../lib/gcc/arm-none-eabi/10.3.1/thumb/v7e-m+fp/hard/crti.o
                0x0000000008007bb0                _fini
 .fini          0x0000000008007bb4        0x8 c:/st/stm32cubeide_1.9.0/stm32cubeide/plugins/com.st.stm32cube.ide.mcu.externaltools.gnu-tools-for-stm32.10.3-2021.10.win32_1.0.0.202111181127/tools/bin/../lib/gcc/arm-none-eabi/10.3.1/thumb/v7e-m+fp/hard/crtn.o
                0x0000000008007bbc                . = ALIGN (0x4)
                0x0000000008007bbc                _etext = .

.vfp11_veneer   0x0000000008007bbc        0x0
 .vfp11_veneer  0x0000000008007bbc        0x0 linker stubs

.v4_bx          0x0000000008007bbc        0x0
 .v4_bx         0x0000000008007bbc        0x0 linker stubs

.iplt           0x0000000008007bbc        0x0
 .iplt          0x0000000008007bbc        0x0 c:/st/stm32cubeide_1.9.0/stm32cubeide/plugins/com.st.stm32cube.ide.mcu.externaltools.gnu-tools-for-stm32.10.3-2021.10.win32_1.0.0.202111181127/tools/bin/../lib/gcc/arm-none-eabi/10.3.1/thumb/v7e-m+fp/hard/crtbegin.o

.rodata         0x0000000008007bbc      0x108
                0x0000000008007bbc                . = ALIGN (0x4)
 *(.rodata)
 .rodata        0x0000000008007bbc       0x22 ./Core/Src/mymain.o
 *(.rodata*)
 *fill*         0x0000000008007bde        0x2 
 .rodata._ZTV10GFX_HW_SPI
                0x0000000008007be0       0x40 ./Core/Src/mymain.o
                0x0000000008007be0                vtable for GFX_HW_SPI
 .rodata._ZTV11GFX_ILI9341
                0x0000000008007c20       0x24 ./Core/Src/mymain.o
                0x0000000008007c20                vtable for GFX_ILI9341
 .rodata._ZL7initcmd
                0x0000000008007c44       0x6f ./Core/Src/mymain.o
 *fill*         0x0000000008007cb3        0x1 
 .rodata.AHBPrescTable
                0x0000000008007cb4       0x10 ./Core/Src/system_stm32g4xx.o
                0x0000000008007cb4                AHBPrescTable
                0x0000000008007cc4                . = ALIGN (0x4)

.rel.dyn        0x0000000008007cc4        0x0
 .rel.iplt      0x0000000008007cc4        0x0 c:/st/stm32cubeide_1.9.0/stm32cubeide/plugins/com.st.stm32cube.ide.mcu.externaltools.gnu-tools-for-stm32.10.3-2021.10.win32_1.0.0.202111181127/tools/bin/../lib/gcc/arm-none-eabi/10.3.1/thumb/v7e-m+fp/hard/crtbegin.o

.ARM.extab      0x0000000008007cc4        0x0
                0x0000000008007cc4                . = ALIGN (0x4)
 *(.ARM.extab* .gnu.linkonce.armextab.*)
                0x0000000008007cc4                . = ALIGN (0x4)

.ARM            0x0000000008007cc4        0x0
                0x0000000008007cc4                . = ALIGN (0x4)
                0x0000000008007cc4                __exidx_start = .
 *(.ARM.exidx*)
                0x0000000008007cc4                __exidx_end = .
                0x0000000008007cc4                . = ALIGN (0x4)

.preinit_array  0x0000000008007cc4        0x0
                0x0000000008007cc4                . = ALIGN (0x4)
                0x0000000008007cc4                PROVIDE (__preinit_array_start = .)
 *(.preinit_array*)
                0x0000000008007cc4                PROVIDE (__preinit_array_end = .)
                0x0000000008007cc4                . = ALIGN (0x4)

.init_array     0x0000000008007cc4        0x8
                0x0000000008007cc4                . = ALIGN (0x4)
                0x0000000008007cc4                PROVIDE (__init_array_start = .)
 *(SORT_BY_NAME(.init_array.*))
 *(.init_array*)
 .init_array    0x0000000008007cc4        0x4 c:/st/stm32cubeide_1.9.0/stm32cubeide/plugins/com.st.stm32cube.ide.mcu.externaltools.gnu-tools-for-stm32.10.3-2021.10.win32_1.0.0.202111181127/tools/bin/../lib/gcc/arm-none-eabi/10.3.1/thumb/v7e-m+fp/hard/crtbegin.o
 .init_array    0x0000000008007cc8        0x4 ./Core/Src/mymain.o
                0x0000000008007ccc                PROVIDE (__init_array_end = .)
                0x0000000008007ccc                . = ALIGN (0x4)

.fini_array     0x0000000008007ccc        0x4
                0x0000000008007ccc                . = ALIGN (0x4)
                [!provide]                        PROVIDE (__fini_array_start = .)
 *(SORT_BY_NAME(.fini_array.*))
 *(.fini_array*)
 .fini_array    0x0000000008007ccc        0x4 c:/st/stm32cubeide_1.9.0/stm32cubeide/plugins/com.st.stm32cube.ide.mcu.externaltools.gnu-tools-for-stm32.10.3-2021.10.win32_1.0.0.202111181127/tools/bin/../lib/gcc/arm-none-eabi/10.3.1/thumb/v7e-m+fp/hard/crtbegin.o
                [!provide]                        PROVIDE (__fini_array_end = .)
                0x0000000008007cd0                . = ALIGN (0x4)
                0x0000000008007cd0                _sidata = LOADADDR (.data)

.data           0x0000000020000000       0x30 load address 0x0000000008007cd0
                0x0000000020000000                . = ALIGN (0x4)
                0x0000000020000000                _sdata = .
 *(.data)
 *(.data*)
 .data.rgbMap   0x0000000020000000       0x22 ./Core/Src/main.o
                0x0000000020000000                rgbMap
 *fill*         0x0000000020000022        0x2 
 .data.SystemCoreClock
                0x0000000020000024        0x4 ./Core/Src/system_stm32g4xx.o
                0x0000000020000024                SystemCoreClock
 .data.uwTickFreq
                0x0000000020000028        0x4 ./Drivers/STM32G4xx_HAL_Driver/Src/stm32g4xx_hal.o
                0x0000000020000028                uwTickFreq
 .data.uwTickPrio
                0x000000002000002c        0x4 ./Drivers/STM32G4xx_HAL_Driver/Src/stm32g4xx_hal.o
                0x000000002000002c                uwTickPrio
 *(.RamFunc)
 *(.RamFunc*)
                0x0000000020000030                . = ALIGN (0x4)
                0x0000000020000030                _edata = .

.igot.plt       0x0000000020000030        0x0 load address 0x0000000008007d00
 .igot.plt      0x0000000020000030        0x0 c:/st/stm32cubeide_1.9.0/stm32cubeide/plugins/com.st.stm32cube.ide.mcu.externaltools.gnu-tools-for-stm32.10.3-2021.10.win32_1.0.0.202111181127/tools/bin/../lib/gcc/arm-none-eabi/10.3.1/thumb/v7e-m+fp/hard/crtbegin.o
                0x0000000020000030                . = ALIGN (0x4)

.bss            0x0000000020000030    0x193c0 load address 0x0000000008007d00
                0x0000000020000030                _sbss = .
                0x0000000020000030                __bss_start__ = _sbss
 *(.bss)
 .bss           0x0000000020000030       0x1c c:/st/stm32cubeide_1.9.0/stm32cubeide/plugins/com.st.stm32cube.ide.mcu.externaltools.gnu-tools-for-stm32.10.3-2021.10.win32_1.0.0.202111181127/tools/bin/../lib/gcc/arm-none-eabi/10.3.1/thumb/v7e-m+fp/hard/crtbegin.o
 *(.bss*)
 .bss.HAL_RCC_ADC12_CLK_ENABLED
                0x000000002000004c        0x4 ./Core/Src/adc.o
 .bss.hadc1     0x0000000020000050       0x98 ./Core/Src/adc.o
                0x0000000020000050                hadc1
 .bss.hadc2     0x00000000200000e8       0x98 ./Core/Src/adc.o
                0x00000000200000e8                hadc2
 .bss.hdma_adc1
                0x0000000020000180       0x60 ./Core/Src/adc.o
                0x0000000020000180                hdma_adc1
 .bss.hcomp1    0x00000000200001e0       0x24 ./Core/Src/comp.o
                0x00000000200001e0                hcomp1
 .bss.RYMap     0x0000000020000204       0x80 ./Core/Src/main.o
                0x0000000020000204                RYMap
 .bss.YMap      0x0000000020000284       0x80 ./Core/Src/main.o
                0x0000000020000284                YMap
 .bss.adcbuf    0x0000000020000304      0x800 ./Core/Src/main.o
                0x0000000020000304                adcbuf
 .bss.bitMap    0x0000000020000b04      0x100 ./Core/Src/main.o
                0x0000000020000b04                bitMap
 .bss.captureState
                0x0000000020000c04        0x1 ./Core/Src/main.o
                0x0000000020000c04                captureState
 .bss.dmaState  0x0000000020000c05        0x1 ./Core/Src/main.o
                0x0000000020000c05                dmaState
 .bss.frameReady
                0x0000000020000c06        0x1 ./Core/Src/main.o
                0x0000000020000c06                frameReady
 *fill*         0x0000000020000c07        0x1 
 .bss.line      0x0000000020000c08        0x2 ./Core/Src/main.o
                0x0000000020000c08                line
 .bss.pix       0x0000000020000c0a        0x2 ./Core/Src/main.o
                0x0000000020000c0a                pix
 .bss.rgbBuf    0x0000000020000c0c    0x18000 ./Core/Src/main.o
                0x0000000020000c0c                rgbBuf
 .bss.rgbBufIdx
                0x0000000020018c0c        0x4 ./Core/Src/main.o
                0x0000000020018c0c                rgbBufIdx
 .bss.rgbBufchunk
                0x0000000020018c10        0x1 ./Core/Src/main.o
                0x0000000020018c10                rgbBufchunk
 *fill*         0x0000000020018c11        0x3 
 .bss.hwspi     0x0000000020018c14       0x1c ./Core/Src/mymain.o
                0x0000000020018c14                hwspi
 .bss.tft       0x0000000020018c30       0x10 ./Core/Src/mymain.o
                0x0000000020018c30                tft
 .bss.hdma_spi2_tx
                0x0000000020018c40       0x60 ./Core/Src/spi.o
                0x0000000020018c40                hdma_spi2_tx
 .bss.hspi2     0x0000000020018ca0       0x8c ./Core/Src/spi.o
                0x0000000020018ca0                hspi2
 .bss.hdma_tim20_ch1
                0x0000000020018d2c       0x60 ./Core/Src/tim.o
                0x0000000020018d2c                hdma_tim20_ch1
 .bss.htim1     0x0000000020018d8c       0xcc ./Core/Src/tim.o
                0x0000000020018d8c                htim1
 .bss.htim16    0x0000000020018e58       0xcc ./Core/Src/tim.o
                0x0000000020018e58                htim16
 .bss.htim2     0x0000000020018f24       0xcc ./Core/Src/tim.o
                0x0000000020018f24                htim2
 .bss.htim20    0x0000000020018ff0       0xcc ./Core/Src/tim.o
                0x0000000020018ff0                htim20
 .bss.htim3     0x00000000200190bc       0xcc ./Core/Src/tim.o
                0x00000000200190bc                htim3
 .bss.htim4     0x0000000020019188       0xcc ./Core/Src/tim.o
                0x0000000020019188                htim4
 .bss.htim5     0x0000000020019254       0xcc ./Core/Src/tim.o
                0x0000000020019254                htim5
 .bss.htim8     0x0000000020019320       0xcc ./Core/Src/tim.o
                0x0000000020019320                htim8
 .bss.uwTick    0x00000000200193ec        0x4 ./Drivers/STM32G4xx_HAL_Driver/Src/stm32g4xx_hal.o
                0x00000000200193ec                uwTick
 *(COMMON)
                0x00000000200193f0                . = ALIGN (0x4)
                0x00000000200193f0                _ebss = .
                0x00000000200193f0                __bss_end__ = _ebss

._user_heap_stack
                0x00000000200193f0      0x600 load address 0x0000000008007d00
                0x00000000200193f0                . = ALIGN (0x8)
                [!provide]                        PROVIDE (end = .)
                0x00000000200193f0                PROVIDE (_end = .)
                0x00000000200195f0                . = (. + _Min_Heap_Size)
 *fill*         0x00000000200193f0      0x200 
                0x00000000200199f0                . = (. + _Min_Stack_Size)
 *fill*         0x00000000200195f0      0x400 
                0x00000000200199f0                . = ALIGN (0x8)

/DISCARD/
 libc.a(*)
 libm.a(*)
 libgcc.a(*)

.ARM.attributes
                0x0000000000000000       0x30
 *(.ARM.attributes)
 .ARM.attributes
                0x0000000000000000       0x1e c:/st/stm32cubeide_1.9.0/stm32cubeide/plugins/com.st.stm32cube.ide.mcu.externaltools.gnu-tools-for-stm32.10.3-2021.10.win32_1.0.0.202111181127/tools/bin/../lib/gcc/arm-none-eabi/10.3.1/thumb/v7e-m+fp/hard/crti.o
 .ARM.attributes
                0x000000000000001e       0x34 c:/st/stm32cubeide_1.9.0/stm32cubeide/plugins/com.st.stm32cube.ide.mcu.externaltools.gnu-tools-for-stm32.10.3-2021.10.win32_1.0.0.202111181127/tools/bin/../lib/gcc/arm-none-eabi/10.3.1/thumb/v7e-m+fp/hard/crtbegin.o
 .ARM.attributes
                0x0000000000000052       0x30 ./Core/Src/adc.o
 .ARM.attributes
                0x0000000000000082       0x30 ./Core/Src/comp.o
 .ARM.attributes
                0x00000000000000b2       0x30 ./Core/Src/dma.o
 .ARM.attributes
                0x00000000000000e2       0x30 ./Core/Src/gpio.o
 .ARM.attributes
                0x0000000000000112       0x30 ./Core/Src/main.o
 .ARM.attributes
                0x0000000000000142       0x30 ./Core/Src/mymain.o
 .ARM.attributes
                0x0000000000000172       0x30 ./Core/Src/spi.o
 .ARM.attributes
                0x00000000000001a2       0x30 ./Core/Src/stm32g4xx_hal_msp.o
 .ARM.attributes
                0x00000000000001d2       0x30 ./Core/Src/stm32g4xx_it.o
 .ARM.attributes
                0x0000000000000202       0x30 ./Core/Src/system_stm32g4xx.o
 .ARM.attributes
                0x0000000000000232       0x30 ./Core/Src/tim.o
 .ARM.attributes
                0x0000000000000262       0x21 ./Core/Startup/startup_stm32g474retx.o
 .ARM.attributes
                0x0000000000000283       0x30 ./Drivers/STM32G4xx_HAL_Driver/Src/stm32g4xx_hal.o
 .ARM.attributes
                0x00000000000002b3       0x30 ./Drivers/STM32G4xx_HAL_Driver/Src/stm32g4xx_hal_adc.o
 .ARM.attributes
                0x00000000000002e3       0x30 ./Drivers/STM32G4xx_HAL_Driver/Src/stm32g4xx_hal_adc_ex.o
 .ARM.attributes
                0x0000000000000313       0x30 ./Drivers/STM32G4xx_HAL_Driver/Src/stm32g4xx_hal_comp.o
 .ARM.attributes
                0x0000000000000343       0x30 ./Drivers/STM32G4xx_HAL_Driver/Src/stm32g4xx_hal_cortex.o
 .ARM.attributes
                0x0000000000000373       0x30 ./Drivers/STM32G4xx_HAL_Driver/Src/stm32g4xx_hal_dma.o
 .ARM.attributes
                0x00000000000003a3       0x30 ./Drivers/STM32G4xx_HAL_Driver/Src/stm32g4xx_hal_dma_ex.o
 .ARM.attributes
                0x00000000000003d3       0x30 ./Drivers/STM32G4xx_HAL_Driver/Src/stm32g4xx_hal_gpio.o
 .ARM.attributes
                0x0000000000000403       0x30 ./Drivers/STM32G4xx_HAL_Driver/Src/stm32g4xx_hal_pwr_ex.o
 .ARM.attributes
                0x0000000000000433       0x30 ./Drivers/STM32G4xx_HAL_Driver/Src/stm32g4xx_hal_rcc.o
 .ARM.attributes
                0x0000000000000463       0x30 ./Drivers/STM32G4xx_HAL_Driver/Src/stm32g4xx_hal_rcc_ex.o
 .ARM.attributes
                0x0000000000000493       0x30 ./Drivers/STM32G4xx_HAL_Driver/Src/stm32g4xx_hal_spi.o
 .ARM.attributes
                0x00000000000004c3       0x30 ./Drivers/STM32G4xx_HAL_Driver/Src/stm32g4xx_hal_tim.o
 .ARM.attributes
                0x00000000000004f3       0x30 ./Drivers/STM32G4xx_HAL_Driver/Src/stm32g4xx_hal_tim_ex.o
 .ARM.attributes
                0x0000000000000523       0x34 c:/st/stm32cubeide_1.9.0/stm32cubeide/plugins/com.st.stm32cube.ide.mcu.externaltools.gnu-tools-for-stm32.10.3-2021.10.win32_1.0.0.202111181127/tools/bin/../lib/gcc/arm-none-eabi/10.3.1/../../../../arm-none-eabi/lib/thumb/v7e-m+fp/hard\libc_nano.a(lib_a-init.o)
 .ARM.attributes
                0x0000000000000557       0x34 c:/st/stm32cubeide_1.9.0/stm32cubeide/plugins/com.st.stm32cube.ide.mcu.externaltools.gnu-tools-for-stm32.10.3-2021.10.win32_1.0.0.202111181127/tools/bin/../lib/gcc/arm-none-eabi/10.3.1/../../../../arm-none-eabi/lib/thumb/v7e-m+fp/hard\libc_nano.a(lib_a-memset.o)
 .ARM.attributes
                0x000000000000058b       0x1e c:/st/stm32cubeide_1.9.0/stm32cubeide/plugins/com.st.stm32cube.ide.mcu.externaltools.gnu-tools-for-stm32.10.3-2021.10.win32_1.0.0.202111181127/tools/bin/../lib/gcc/arm-none-eabi/10.3.1/thumb/v7e-m+fp/hard/crtn.o
OUTPUT(VDPDMA.elf elf32-littlearm)
LOAD linker stubs
LOAD c:/st/stm32cubeide_1.9.0/stm32cubeide/plugins/com.st.stm32cube.ide.mcu.externaltools.gnu-tools-for-stm32.10.3-2021.10.win32_1.0.0.202111181127/tools/bin/../lib/gcc/arm-none-eabi/10.3.1/../../../../arm-none-eabi/lib/thumb/v7e-m+fp/hard\libc.a
LOAD c:/st/stm32cubeide_1.9.0/stm32cubeide/plugins/com.st.stm32cube.ide.mcu.externaltools.gnu-tools-for-stm32.10.3-2021.10.win32_1.0.0.202111181127/tools/bin/../lib/gcc/arm-none-eabi/10.3.1/../../../../arm-none-eabi/lib/thumb/v7e-m+fp/hard\libm.a
LOAD c:/st/stm32cubeide_1.9.0/stm32cubeide/plugins/com.st.stm32cube.ide.mcu.externaltools.gnu-tools-for-stm32.10.3-2021.10.win32_1.0.0.202111181127/tools/bin/../lib/gcc/arm-none-eabi/10.3.1/thumb/v7e-m+fp/hard\libgcc.a

.comment        0x0000000000000000       0x50
 .comment       0x0000000000000000       0x50 ./Core/Src/adc.o
                                         0x51 (size before relaxing)
 .comment       0x0000000000000050       0x51 ./Core/Src/comp.o
 .comment       0x0000000000000050       0x51 ./Core/Src/dma.o
 .comment       0x0000000000000050       0x51 ./Core/Src/gpio.o
 .comment       0x0000000000000050       0x51 ./Core/Src/main.o
 .comment       0x0000000000000050       0x51 ./Core/Src/mymain.o
 .comment       0x0000000000000050       0x51 ./Core/Src/spi.o
 .comment       0x0000000000000050       0x51 ./Core/Src/stm32g4xx_hal_msp.o
 .comment       0x0000000000000050       0x51 ./Core/Src/stm32g4xx_it.o
 .comment       0x0000000000000050       0x51 ./Core/Src/system_stm32g4xx.o
 .comment       0x0000000000000050       0x51 ./Core/Src/tim.o
 .comment       0x0000000000000050       0x51 ./Drivers/STM32G4xx_HAL_Driver/Src/stm32g4xx_hal.o
 .comment       0x0000000000000050       0x51 ./Drivers/STM32G4xx_HAL_Driver/Src/stm32g4xx_hal_adc.o
 .comment       0x0000000000000050       0x51 ./Drivers/STM32G4xx_HAL_Driver/Src/stm32g4xx_hal_adc_ex.o
 .comment       0x0000000000000050       0x51 ./Drivers/STM32G4xx_HAL_Driver/Src/stm32g4xx_hal_comp.o
 .comment       0x0000000000000050       0x51 ./Drivers/STM32G4xx_HAL_Driver/Src/stm32g4xx_hal_cortex.o
 .comment       0x0000000000000050       0x51 ./Drivers/STM32G4xx_HAL_Driver/Src/stm32g4xx_hal_dma.o
 .comment       0x0000000000000050       0x51 ./Drivers/STM32G4xx_HAL_Driver/Src/stm32g4xx_hal_dma_ex.o
 .comment       0x0000000000000050       0x51 ./Drivers/STM32G4xx_HAL_Driver/Src/stm32g4xx_hal_gpio.o
 .comment       0x0000000000000050       0x51 ./Drivers/STM32G4xx_HAL_Driver/Src/stm32g4xx_hal_pwr_ex.o
 .comment       0x0000000000000050       0x51 ./Drivers/STM32G4xx_HAL_Driver/Src/stm32g4xx_hal_rcc.o
 .comment       0x0000000000000050       0x51 ./Drivers/STM32G4xx_HAL_Driver/Src/stm32g4xx_hal_rcc_ex.o
 .comment       0x0000000000000050       0x51 ./Drivers/STM32G4xx_HAL_Driver/Src/stm32g4xx_hal_spi.o
 .comment       0x0000000000000050       0x51 ./Drivers/STM32G4xx_HAL_Driver/Src/stm32g4xx_hal_tim.o
 .comment       0x0000000000000050       0x51 ./Drivers/STM32G4xx_HAL_Driver/Src/stm32g4xx_hal_tim_ex.o

.debug_frame    0x0000000000000000       0x4c
 .debug_frame   0x0000000000000000       0x2c c:/st/stm32cubeide_1.9.0/stm32cubeide/plugins/com.st.stm32cube.ide.mcu.externaltools.gnu-tools-for-stm32.10.3-2021.10.win32_1.0.0.202111181127/tools/bin/../lib/gcc/arm-none-eabi/10.3.1/../../../../arm-none-eabi/lib/thumb/v7e-m+fp/hard\libc_nano.a(lib_a-init.o)
 .debug_frame   0x000000000000002c       0x20 c:/st/stm32cubeide_1.9.0/stm32cubeide/plugins/com.st.stm32cube.ide.mcu.externaltools.gnu-tools-for-stm32.10.3-2021.10.win32_1.0.0.202111181127/tools/bin/../lib/gcc/arm-none-eabi/10.3.1/../../../../arm-none-eabi/lib/thumb/v7e-m+fp/hard\libc_nano.a(lib_a-memset.o)
