Archive member included to satisfy reference by file (symbol)

c:/st/stm32cubeide_1.9.0/stm32cubeide/plugins/com.st.stm32cube.ide.mcu.externaltools.gnu-tools-for-stm32.10.3-2021.10.win32_1.0.0.202111181127/tools/bin/../lib/gcc/arm-none-eabi/10.3.1/../../../../arm-none-eabi/lib/thumb/v7e-m+fp/hard\libstdc++_nano.a(pure.o)
                              ./Core/Src/mymain.o (__cxa_pure_virtual)
c:/st/stm32cubeide_1.9.0/stm32cubeide/plugins/com.st.stm32cube.ide.mcu.externaltools.gnu-tools-for-stm32.10.3-2021.10.win32_1.0.0.202111181127/tools/bin/../lib/gcc/arm-none-eabi/10.3.1/../../../../arm-none-eabi/lib/thumb/v7e-m+fp/hard\libstdc++_nano.a(eh_terminate.o)
                              c:/st/stm32cubeide_1.9.0/stm32cubeide/plugins/com.st.stm32cube.ide.mcu.externaltools.gnu-tools-for-stm32.10.3-2021.10.win32_1.0.0.202111181127/tools/bin/../lib/gcc/arm-none-eabi/10.3.1/../../../../arm-none-eabi/lib/thumb/v7e-m+fp/hard\libstdc++_nano.a(pure.o) (std::terminate())
c:/st/stm32cubeide_1.9.0/stm32cubeide/plugins/com.st.stm32cube.ide.mcu.externaltools.gnu-tools-for-stm32.10.3-2021.10.win32_1.0.0.202111181127/tools/bin/../lib/gcc/arm-none-eabi/10.3.1/../../../../arm-none-eabi/lib/thumb/v7e-m+fp/hard\libstdc++_nano.a(eh_unex_handler.o)
                              c:/st/stm32cubeide_1.9.0/stm32cubeide/plugins/com.st.stm32cube.ide.mcu.externaltools.gnu-tools-for-stm32.10.3-2021.10.win32_1.0.0.202111181127/tools/bin/../lib/gcc/arm-none-eabi/10.3.1/../../../../arm-none-eabi/lib/thumb/v7e-m+fp/hard\libstdc++_nano.a(eh_terminate.o) (__cxxabiv1::__unexpected_handler)
c:/st/stm32cubeide_1.9.0/stm32cubeide/plugins/com.st.stm32cube.ide.mcu.externaltools.gnu-tools-for-stm32.10.3-2021.10.win32_1.0.0.202111181127/tools/bin/../lib/gcc/arm-none-eabi/10.3.1/../../../../arm-none-eabi/lib/thumb/v7e-m+fp/hard\libstdc++_nano.a(eh_term_handler.o)
                              c:/st/stm32cubeide_1.9.0/stm32cubeide/plugins/com.st.stm32cube.ide.mcu.externaltools.gnu-tools-for-stm32.10.3-2021.10.win32_1.0.0.202111181127/tools/bin/../lib/gcc/arm-none-eabi/10.3.1/../../../../arm-none-eabi/lib/thumb/v7e-m+fp/hard\libstdc++_nano.a(eh_terminate.o) (__cxxabiv1::__terminate_handler)
c:/st/stm32cubeide_1.9.0/stm32cubeide/plugins/com.st.stm32cube.ide.mcu.externaltools.gnu-tools-for-stm32.10.3-2021.10.win32_1.0.0.202111181127/tools/bin/../lib/gcc/arm-none-eabi/10.3.1/../../../../arm-none-eabi/lib/thumb/v7e-m+fp/hard\libc_nano.a(lib_a-abort.o)
                              c:/st/stm32cubeide_1.9.0/stm32cubeide/plugins/com.st.stm32cube.ide.mcu.externaltools.gnu-tools-for-stm32.10.3-2021.10.win32_1.0.0.202111181127/tools/bin/../lib/gcc/arm-none-eabi/10.3.1/../../../../arm-none-eabi/lib/thumb/v7e-m+fp/hard\libstdc++_nano.a(eh_terminate.o) (abort)
c:/st/stm32cubeide_1.9.0/stm32cubeide/plugins/com.st.stm32cube.ide.mcu.externaltools.gnu-tools-for-stm32.10.3-2021.10.win32_1.0.0.202111181127/tools/bin/../lib/gcc/arm-none-eabi/10.3.1/../../../../arm-none-eabi/lib/thumb/v7e-m+fp/hard\libc_nano.a(lib_a-errno.o)
                              ./Core/Src/syscalls.o (__errno)
c:/st/stm32cubeide_1.9.0/stm32cubeide/plugins/com.st.stm32cube.ide.mcu.externaltools.gnu-tools-for-stm32.10.3-2021.10.win32_1.0.0.202111181127/tools/bin/../lib/gcc/arm-none-eabi/10.3.1/../../../../arm-none-eabi/lib/thumb/v7e-m+fp/hard\libc_nano.a(lib_a-exit.o)
                              c:/st/stm32cubeide_1.9.0/stm32cubeide/plugins/com.st.stm32cube.ide.mcu.externaltools.gnu-tools-for-stm32.10.3-2021.10.win32_1.0.0.202111181127/tools/bin/../lib/gcc/arm-none-eabi/10.3.1/../../../../arm-none-eabi/lib/thumb/v7e-m+fp/hard/crt0.o (exit)
c:/st/stm32cubeide_1.9.0/stm32cubeide/plugins/com.st.stm32cube.ide.mcu.externaltools.gnu-tools-for-stm32.10.3-2021.10.win32_1.0.0.202111181127/tools/bin/../lib/gcc/arm-none-eabi/10.3.1/../../../../arm-none-eabi/lib/thumb/v7e-m+fp/hard\libc_nano.a(lib_a-impure.o)
                              c:/st/stm32cubeide_1.9.0/stm32cubeide/plugins/com.st.stm32cube.ide.mcu.externaltools.gnu-tools-for-stm32.10.3-2021.10.win32_1.0.0.202111181127/tools/bin/../lib/gcc/arm-none-eabi/10.3.1/../../../../arm-none-eabi/lib/thumb/v7e-m+fp/hard\libc_nano.a(lib_a-exit.o) (_global_impure_ptr)
c:/st/stm32cubeide_1.9.0/stm32cubeide/plugins/com.st.stm32cube.ide.mcu.externaltools.gnu-tools-for-stm32.10.3-2021.10.win32_1.0.0.202111181127/tools/bin/../lib/gcc/arm-none-eabi/10.3.1/../../../../arm-none-eabi/lib/thumb/v7e-m+fp/hard\libc_nano.a(lib_a-init.o)
                              c:/st/stm32cubeide_1.9.0/stm32cubeide/plugins/com.st.stm32cube.ide.mcu.externaltools.gnu-tools-for-stm32.10.3-2021.10.win32_1.0.0.202111181127/tools/bin/../lib/gcc/arm-none-eabi/10.3.1/../../../../arm-none-eabi/lib/thumb/v7e-m+fp/hard/crt0.o (__libc_init_array)
[...]
Memory Configuration

Name             Origin             Length             Attributes
RAM              0x0000000020000000 0x0000000000020000 xrw
FLASH            0x0000000008000000 0x0000000000080000 xr
*default*        0x0000000000000000 0xffffffffffffffff

Linker script and memory map

LOAD c:/st/stm32cubeide_1.9.0/stm32cubeide/plugins/com.st.stm32cube.ide.mcu.externaltools.gnu-tools-for-stm32.10.3-2021.10.win32_1.0.0.202111181127/tools/bin/../lib/gcc/arm-none-eabi/10.3.1/thumb/v7e-m+fp/hard/crti.o
LOAD c:/st/stm32cubeide_1.9.0/stm32cubeide/plugins/com.st.stm32cube.ide.mcu.externaltools.gnu-tools-for-stm32.10.3-2021.10.win32_1.0.0.202111181127/tools/bin/../lib/gcc/arm-none-eabi/10.3.1/thumb/v7e-m+fp/hard/crtbegin.o
LOAD c:/st/stm32cubeide_1.9.0/stm32cubeide/plugins/com.st.stm32cube.ide.mcu.externaltools.gnu-tools-for-stm32.10.3-2021.10.win32_1.0.0.202111181127/tools/bin/../lib/gcc/arm-none-eabi/10.3.1/../../../../arm-none-eabi/lib/thumb/v7e-m+fp/hard/crt0.o
LOAD ./Core/Src/adc.o
LOAD ./Core/Src/comp.o
LOAD ./Core/Src/dma.o
LOAD ./Core/Src/gpio.o
LOAD ./Core/Src/main.o
LOAD ./Core/Src/mymain.o
LOAD ./Core/Src/spi.o
LOAD ./Core/Src/stm32g4xx_hal_msp.o
LOAD ./Core/Src/stm32g4xx_it.o
LOAD ./Core/Src/syscalls.o
LOAD ./Core/Src/sysmem.o
LOAD ./Core/Src/system_stm32g4xx.o
LOAD ./Core/Src/tim.o
LOAD ./Core/Startup/startup_stm32g474retx.o
LOAD ./Drivers/STM32G4xx_HAL_Driver/Src/stm32g4xx_hal.o
LOAD ./Drivers/STM32G4xx_HAL_Driver/Src/stm32g4xx_hal_adc.o
LOAD ./Drivers/STM32G4xx_HAL_Driver/Src/stm32g4xx_hal_adc_ex.o
LOAD ./Drivers/STM32G4xx_HAL_Driver/Src/stm32g4xx_hal_comp.o
LOAD ./Drivers/STM32G4xx_HAL_Driver/Src/stm32g4xx_hal_cortex.o
LOAD ./Drivers/STM32G4xx_HAL_Driver/Src/stm32g4xx_hal_dma.o
LOAD ./Drivers/STM32G4xx_HAL_Driver/Src/stm32g4xx_hal_dma_ex.o
LOAD ./Drivers/STM32G4xx_HAL_Driver/Src/stm32g4xx_hal_exti.o
LOAD ./Drivers/STM32G4xx_HAL_Driver/Src/stm32g4xx_hal_flash.o
LOAD ./Drivers/STM32G4xx_HAL_Driver/Src/stm32g4xx_hal_flash_ex.o
LOAD ./Drivers/STM32G4xx_HAL_Driver/Src/stm32g4xx_hal_flash_ramfunc.o
LOAD ./Drivers/STM32G4xx_HAL_Driver/Src/stm32g4xx_hal_gpio.o
LOAD ./Drivers/STM32G4xx_HAL_Driver/Src/stm32g4xx_hal_pwr.o
LOAD ./Drivers/STM32G4xx_HAL_Driver/Src/stm32g4xx_hal_pwr_ex.o
LOAD ./Drivers/STM32G4xx_HAL_Driver/Src/stm32g4xx_hal_rcc.o
LOAD ./Drivers/STM32G4xx_HAL_Driver/Src/stm32g4xx_hal_rcc_ex.o
LOAD ./Drivers/STM32G4xx_HAL_Driver/Src/stm32g4xx_hal_spi.o
LOAD ./Drivers/STM32G4xx_HAL_Driver/Src/stm32g4xx_hal_spi_ex.o
LOAD ./Drivers/STM32G4xx_HAL_Driver/Src/stm32g4xx_hal_tim.o
LOAD ./Drivers/STM32G4xx_HAL_Driver/Src/stm32g4xx_hal_tim_ex.o
LOAD ./Drivers/STM32G4xx_HAL_Driver/Src/stm32g4xx_ll_adc.o
START GROUP
LOAD c:/st/stm32cubeide_1.9.0/stm32cubeide/plugins/com.st.stm32cube.ide.mcu.externaltools.gnu-tools-for-stm32.10.3-2021.10.win32_1.0.0.202111181127/tools/bin/../lib/gcc/arm-none-eabi/10.3.1/../../../../arm-none-eabi/lib/thumb/v7e-m+fp/hard\libstdc++_nano.a
LOAD c:/st/stm32cubeide_1.9.0/stm32cubeide/plugins/com.st.stm32cube.ide.mcu.externaltools.gnu-tools-for-stm32.10.3-2021.10.win32_1.0.0.202111181127/tools/bin/../lib/gcc/arm-none-eabi/10.3.1/../../../../arm-none-eabi/lib/thumb/v7e-m+fp/hard\libsupc++_nano.a
END GROUP
LOAD c:/st/stm32cubeide_1.9.0/stm32cubeide/plugins/com.st.stm32cube.ide.mcu.externaltools.gnu-tools-for-stm32.10.3-2021.10.win32_1.0.0.202111181127/tools/bin/../lib/gcc/arm-none-eabi/10.3.1/../../../../arm-none-eabi/lib/thumb/v7e-m+fp/hard\libstdc++_nano.a
LOAD c:/st/stm32cubeide_1.9.0/stm32cubeide/plugins/com.st.stm32cube.ide.mcu.externaltools.gnu-tools-for-stm32.10.3-2021.10.win32_1.0.0.202111181127/tools/bin/../lib/gcc/arm-none-eabi/10.3.1/../../../../arm-none-eabi/lib/thumb/v7e-m+fp/hard\libm.a
LOAD c:/st/stm32cubeide_1.9.0/stm32cubeide/plugins/com.st.stm32cube.ide.mcu.externaltools.gnu-tools-for-stm32.10.3-2021.10.win32_1.0.0.202111181127/tools/bin/../lib/gcc/arm-none-eabi/10.3.1/../../../../arm-none-eabi/lib/thumb/v7e-m+fp/hard\libc_nano.a
START GROUP
LOAD c:/st/stm32cubeide_1.9.0/stm32cubeide/plugins/com.st.stm32cube.ide.mcu.externaltools.gnu-tools-for-stm32.10.3-2021.10.win32_1.0.0.202111181127/tools/bin/../lib/gcc/arm-none-eabi/10.3.1/thumb/v7e-m+fp/hard\libgcc.a
LOAD c:/st/stm32cubeide_1.9.0/stm32cubeide/plugins/com.st.stm32cube.ide.mcu.externaltools.gnu-tools-for-stm32.10.3-2021.10.win32_1.0.0.202111181127/tools/bin/../lib/gcc/arm-none-eabi/10.3.1/../../../../arm-none-eabi/lib/thumb/v7e-m+fp/hard\libc_nano.a
END GROUP
START GROUP
LOAD c:/st/stm32cubeide_1.9.0/stm32cubeide/plugins/com.st.stm32cube.ide.mcu.externaltools.gnu-tools-for-stm32.10.3-2021.10.win32_1.0.0.202111181127/tools/bin/../lib/gcc/arm-none-eabi/10.3.1/thumb/v7e-m+fp/hard\libgcc.a
LOAD c:/st/stm32cubeide_1.9.0/stm32cubeide/plugins/com.st.stm32cube.ide.mcu.externaltools.gnu-tools-for-stm32.10.3-2021.10.win32_1.0.0.202111181127/tools/bin/../lib/gcc/arm-none-eabi/10.3.1/../../../../arm-none-eabi/lib/thumb/v7e-m+fp/hard\libc_nano.a
LOAD c:/st/stm32cubeide_1.9.0/stm32cubeide/plugins/com.st.stm32cube.ide.mcu.externaltools.gnu-tools-for-stm32.10.3-2021.10.win32_1.0.0.202111181127/tools/bin/../lib/gcc/arm-none-eabi/10.3.1/../../../../arm-none-eabi/lib/thumb/v7e-m+fp/hard\libnosys.a
END GROUP
START GROUP
LOAD c:/st/stm32cubeide_1.9.0/stm32cubeide/plugins/com.st.stm32cube.ide.mcu.externaltools.gnu-tools-for-stm32.10.3-2021.10.win32_1.0.0.202111181127/tools/bin/../lib/gcc/arm-none-eabi/10.3.1/thumb/v7e-m+fp/hard\libgcc.a
LOAD c:/st/stm32cubeide_1.9.0/stm32cubeide/plugins/com.st.stm32cube.ide.mcu.externaltools.gnu-tools-for-stm32.10.3-2021.10.win32_1.0.0.202111181127/tools/bin/../lib/gcc/arm-none-eabi/10.3.1/../../../../arm-none-eabi/lib/thumb/v7e-m+fp/hard\libc_nano.a
LOAD c:/st/stm32cubeide_1.9.0/stm32cubeide/plugins/com.st.stm32cube.ide.mcu.externaltools.gnu-tools-for-stm32.10.3-2021.10.win32_1.0.0.202111181127/tools/bin/../lib/gcc/arm-none-eabi/10.3.1/../../../../arm-none-eabi/lib/thumb/v7e-m+fp/hard\libnosys.a
END GROUP
LOAD c:/st/stm32cubeide_1.9.0/stm32cubeide/plugins/com.st.stm32cube.ide.mcu.externaltools.gnu-tools-for-stm32.10.3-2021.10.win32_1.0.0.202111181127/tools/bin/../lib/gcc/arm-none-eabi/10.3.1/thumb/v7e-m+fp/hard/crtend.o
LOAD c:/st/stm32cubeide_1.9.0/stm32cubeide/plugins/com.st.stm32cube.ide.mcu.externaltools.gnu-tools-for-stm32.10.3-2021.10.win32_1.0.0.202111181127/tools/bin/../lib/gcc/arm-none-eabi/10.3.1/thumb/v7e-m+fp/hard/crtn.o
                0x0000000020020000                _estack = (ORIGIN (RAM) + LENGTH (RAM))
                0x0000000000000200                _Min_Heap_Size = 0x200
                0x0000000000000400                _Min_Stack_Size = 0x400

.isr_vector     0x0000000008000000      0x1d8
                0x0000000008000000                . = ALIGN (0x4)
 *(.isr_vector)
 .isr_vector    0x0000000008000000      0x1d8 ./Core/Startup/startup_stm32g474retx.o
                0x0000000008000000                g_pfnVectors
                0x00000000080001d8                . = ALIGN (0x4)

.text           0x00000000080001d8     0x9f94
                0x00000000080001d8                . = ALIGN (0x4)
 *(.text)
 .text          0x00000000080001d8       0x40 c:/st/stm32cubeide_1.9.0/stm32cubeide/plugins/com.st.stm32cube.ide.mcu.externaltools.gnu-tools-for-stm32.10.3-2021.10.win32_1.0.0.202111181127/tools/bin/../lib/gcc/arm-none-eabi/10.3.1/thumb/v7e-m+fp/hard/crtbegin.o
 *(.text*)
 .text.MX_ADC1_Init
                0x0000000008000218      0x100 ./Core/Src/adc.o
                0x0000000008000218                MX_ADC1_Init
 .text.MX_ADC2_Init
                0x0000000008000318       0xc0 ./Core/Src/adc.o
                0x0000000008000318                MX_ADC2_Init
 .text.HAL_ADC_MspInit
                0x00000000080003d8      0x1a8 ./Core/Src/adc.o
                0x00000000080003d8                HAL_ADC_MspInit
 .text.MX_COMP1_Init
                0x0000000008000580       0x50 ./Core/Src/comp.o
                0x0000000008000580                MX_COMP1_Init
 .text.HAL_COMP_MspInit
                0x00000000080005d0       0xbc ./Core/Src/comp.o
                0x00000000080005d0                HAL_COMP_MspInit
 .text.MX_DMA_Init
                0x000000000800068c       0x9c ./Core/Src/dma.o
                0x000000000800068c                MX_DMA_Init
 .text.MX_GPIO_Init
                0x0000000008000728      0x1a4 ./Core/Src/gpio.o
                0x0000000008000728                MX_GPIO_Init
 .text.initBitMap
                0x00000000080008cc       0x5c ./Core/Src/main.o
                0x00000000080008cc                initBitMap
 .text.initColorMaps
                0x0000000008000928       0xe0 ./Core/Src/main.o
                0x0000000008000928                initColorMaps
 .text.setColorLevels
                0x0000000008000a08      0x3dc ./Core/Src/main.o
                0x0000000008000a08                setColorLevels
 .text.main     0x0000000008000de4      0x350 ./Core/Src/main.o
                0x0000000008000de4                main
 .text.SystemClock_Config
                0x0000000008001134       0x98 ./Core/Src/main.o
                0x0000000008001134                SystemClock_Config
 .text.ADCCallback
                0x00000000080011cc      0x130 ./Core/Src/main.o
                0x00000000080011cc                ADCCallback
 .text.VSyncCallback
                0x00000000080012fc       0x80 ./Core/Src/main.o
                0x00000000080012fc                VSyncCallback
 .text.SPIFullCallback
                0x000000000800137c       0x20 ./Core/Src/main.o
                0x000000000800137c                SPIFullCallback
 .text.GPIODMAComplete
                0x000000000800139c       0x68 ./Core/Src/main.o
                0x000000000800139c                GPIODMAComplete
 .text.Error_Handler
                0x0000000008001404        0xa ./Core/Src/main.o
                0x0000000008001404                Error_Handler
 *fill*         0x000000000800140e        0x2 
 .text._ZN6GFX_HWC2Ev
                0x0000000008001410       0x20 ./Core/Src/mymain.o
                0x0000000008001410                GFX_HW::GFX_HW()
                0x0000000008001410                GFX_HW::GFX_HW()
 .text._ZN12GFX_HW_PAR16C2EP12GPIO_TypeDefS1_tS1_tS1_tS1_tS1_t
                0x0000000008001430       0xbc ./Core/Src/mymain.o
                0x0000000008001430                GFX_HW_PAR16::GFX_HW_PAR16(GPIO_TypeDef*, GPIO_TypeDef*, unsigned short, GPIO_TypeDef*, unsigned short, GPIO_TypeDef*, unsigned short, GPIO_TypeDef*, unsigned short, GPIO_TypeDef*, unsigned short)
                0x0000000008001430                GFX_HW_PAR16::GFX_HW_PAR16(GPIO_TypeDef*, GPIO_TypeDef*, unsigned short, GPIO_TypeDef*, unsigned short, GPIO_TypeDef*, unsigned short, GPIO_TypeDef*, unsigned short, GPIO_TypeDef*, unsigned short)
 .text._ZN12GFX_HW_PAR165resetEm
                0x00000000080014ec       0xaa ./Core/Src/mymain.o
                0x00000000080014ec                GFX_HW_PAR16::reset(unsigned long)
 .text._ZN12GFX_HW_PAR1611sendCommandEhPKhh
                0x0000000008001596       0xe8 ./Core/Src/mymain.o
                0x0000000008001596                GFX_HW_PAR16::sendCommand(unsigned char, unsigned char const*, unsigned char)
 .text._ZN12GFX_HW_PAR1613sendCommand16EtPKhh
                0x000000000800167e       0xdc ./Core/Src/mymain.o
                0x000000000800167e                GFX_HW_PAR16::sendCommand16(unsigned short, unsigned char const*, unsigned char)
 .text._ZN12GFX_HW_PAR1613sendCommand16Ett
                0x000000000800175a      0x13c ./Core/Src/mymain.o
                0x000000000800175a                GFX_HW_PAR16::sendCommand16(unsigned short, unsigned short)
 .text._ZN12GFX_HW_PAR1612readcommand8Ehh
                0x0000000008001896      0x136 ./Core/Src/mymain.o
                0x0000000008001896                GFX_HW_PAR16::readcommand8(unsigned char, unsigned char)
 .text._ZN12GFX_HW_PAR1613readcommand16Eh
                0x00000000080019cc      0x130 ./Core/Src/mymain.o
                0x00000000080019cc                GFX_HW_PAR16::readcommand16(unsigned char)
 .text._ZN12GFX_HW_PAR1612beginCommandEv
                0x0000000008001afc       0x5c ./Core/Src/mymain.o
                0x0000000008001afc                GFX_HW_PAR16::beginCommand()
 .text._ZN12GFX_HW_PAR1612writeCommandEh
                0x0000000008001b58       0x64 ./Core/Src/mymain.o
                0x0000000008001b58                GFX_HW_PAR16::writeCommand(unsigned char)
 .text._ZN12GFX_HW_PAR1614writeCommand16Et
                0x0000000008001bbc       0x7c ./Core/Src/mymain.o
                0x0000000008001bbc                GFX_HW_PAR16::writeCommand16(unsigned short)
 .text._ZN12GFX_HW_PAR169writeDataEPKhh
                0x0000000008001c38       0x72 ./Core/Src/mymain.o
                0x0000000008001c38                GFX_HW_PAR16::writeData(unsigned char const*, unsigned char)
 .text._ZN12GFX_HW_PAR165writeEh
                0x0000000008001caa       0x24 ./Core/Src/mymain.o
                0x0000000008001caa                GFX_HW_PAR16::write(unsigned char)
 .text._ZN12GFX_HW_PAR167write16Et
                0x0000000008001cce       0x60 ./Core/Src/mymain.o
                0x0000000008001cce                GFX_HW_PAR16::write16(unsigned short)
 .text._ZN12GFX_HW_PAR163endEv
                0x0000000008001d2e       0x38 ./Core/Src/mymain.o
                0x0000000008001d2e                GFX_HW_PAR16::end()
 .text._ZN12GFX_HW_PAR163lowEP12GPIO_TypeDeft
                0x0000000008001d66       0x20 ./Core/Src/mymain.o
                0x0000000008001d66                GFX_HW_PAR16::low(GPIO_TypeDef*, unsigned short)
 .text._ZN12GFX_HW_PAR164highEP12GPIO_TypeDeft
                0x0000000008001d86       0x20 ./Core/Src/mymain.o
                0x0000000008001d86                GFX_HW_PAR16::high(GPIO_TypeDef*, unsigned short)
 .text._ZN12GFX_HW_PAR168MY_DelayEv
                0x0000000008001da6       0x16 ./Core/Src/mymain.o
                0x0000000008001da6                GFX_HW_PAR16::MY_Delay()
 .text._ZN12GFX_HW_PAR169MY_Delay1Ev
                0x0000000008001dbc       0x16 ./Core/Src/mymain.o
                0x0000000008001dbc                GFX_HW_PAR16::MY_Delay1()
 *fill*         0x0000000008001dd2        0x2 
 .text._ZN3GFXC2ER6GFX_HW
                0x0000000008001dd4       0x28 ./Core/Src/mymain.o
                0x0000000008001dd4                GFX::GFX(GFX_HW&)
                0x0000000008001dd4                GFX::GFX(GFX_HW&)
 .text._ZN11GFX_ILI9325C2ER6GFX_HW
                0x0000000008001dfc       0x30 ./Core/Src/mymain.o
                0x0000000008001dfc                GFX_ILI9325::GFX_ILI9325(GFX_HW&)
                0x0000000008001dfc                GFX_ILI9325::GFX_ILI9325(GFX_HW&)
 .text._ZN11GFX_ILI93254initEv
                0x0000000008001e2c       0x94 ./Core/Src/mymain.o
                0x0000000008001e2c                GFX_ILI9325::init()
 .text._ZN11GFX_ILI93253clsEv
                0x0000000008001ec0       0x14 ./Core/Src/mymain.o
                0x0000000008001ec0                GFX_ILI9325::cls()
 .text._ZN11GFX_ILI932511setRotationEh
                0x0000000008001ed4       0xb8 ./Core/Src/mymain.o
                0x0000000008001ed4                GFX_ILI9325::setRotation(unsigned char)
 .text._ZN11GFX_ILI932516setAddressWindowEtttt
                0x0000000008001f8c      0x184 ./Core/Src/mymain.o
                0x0000000008001f8c                GFX_ILI9325::setAddressWindow(unsigned short, unsigned short, unsigned short, unsigned short)
 .text._ZN11GFX_ILI93259drawPixelEttt
                0x0000000008002110       0x80 ./Core/Src/mymain.o
                0x0000000008002110                GFX_ILI9325::drawPixel(unsigned short, unsigned short, unsigned short)
 .text._ZN11GFX_ILI93259pushPixelEt
                0x0000000008002190       0x28 ./Core/Src/mymain.o
                0x0000000008002190                GFX_ILI9325::pushPixel(unsigned short)
 .text._ZN11GFX_ILI93253endEv
                0x00000000080021b8       0x36 ./Core/Src/mymain.o
                0x00000000080021b8                GFX_ILI9325::end()
 *fill*         0x00000000080021ee        0x2 
 .text.mysetup  0x00000000080021f0       0x5c ./Core/Src/mymain.o
                0x00000000080021f0                mysetup
 .text.setLeftWindow
                0x000000000800224c       0xbc ./Core/Src/mymain.o
                0x000000000800224c                setLeftWindow
 .text.vsync    0x0000000008002308       0x28 ./Core/Src/mymain.o
                0x0000000008002308                vsync
 .text._Z41__static_initialization_and_destruction_0ii
                0x0000000008002330       0x70 ./Core/Src/mymain.o
 .text._GLOBAL__sub_I_hwspi
                0x00000000080023a0       0x10 ./Core/Src/mymain.o
 .text.MX_SPI1_Init
                0x00000000080023b0       0x7c ./Core/Src/spi.o
                0x00000000080023b0                MX_SPI1_Init
 .text.HAL_SPI_MspInit
                0x000000000800242c      0x13c ./Core/Src/spi.o
                0x000000000800242c                HAL_SPI_MspInit
 .text.HAL_MspInit
                0x0000000008002568       0x48 ./Core/Src/stm32g4xx_hal_msp.o
                0x0000000008002568                HAL_MspInit
 .text.NMI_Handler
                0x00000000080025b0        0xa ./Core/Src/stm32g4xx_it.o
                0x00000000080025b0                NMI_Handler
 .text.HardFault_Handler
                0x00000000080025ba        0x6 ./Core/Src/stm32g4xx_it.o
                0x00000000080025ba                HardFault_Handler
 .text.MemManage_Handler
                0x00000000080025c0        0x6 ./Core/Src/stm32g4xx_it.o
                0x00000000080025c0                MemManage_Handler
 .text.BusFault_Handler
                0x00000000080025c6        0x6 ./Core/Src/stm32g4xx_it.o
                0x00000000080025c6                BusFault_Handler
 .text.UsageFault_Handler
                0x00000000080025cc        0x6 ./Core/Src/stm32g4xx_it.o
                0x00000000080025cc                UsageFault_Handler
 .text.SVC_Handler
                0x00000000080025d2        0xe ./Core/Src/stm32g4xx_it.o
                0x00000000080025d2                SVC_Handler
 .text.DebugMon_Handler
                0x00000000080025e0        0xe ./Core/Src/stm32g4xx_it.o
                0x00000000080025e0                DebugMon_Handler
 .text.PendSV_Handler
                0x00000000080025ee        0xe ./Core/Src/stm32g4xx_it.o
                0x00000000080025ee                PendSV_Handler
 .text.SysTick_Handler
                0x00000000080025fc        0xc ./Core/Src/stm32g4xx_it.o
                0x00000000080025fc                SysTick_Handler
 .text.DMA1_Channel1_IRQHandler
                0x0000000008002608       0x14 ./Core/Src/stm32g4xx_it.o
                0x0000000008002608                DMA1_Channel1_IRQHandler
 .text.DMA1_Channel2_IRQHandler
                0x000000000800261c       0x14 ./Core/Src/stm32g4xx_it.o
                0x000000000800261c                DMA1_Channel2_IRQHandler
 .text.TIM1_TRG_COM_TIM17_IRQHandler
                0x0000000008002630       0x14 ./Core/Src/stm32g4xx_it.o
                0x0000000008002630                TIM1_TRG_COM_TIM17_IRQHandler
 .text.TIM3_IRQHandler
                0x0000000008002644       0x14 ./Core/Src/stm32g4xx_it.o
                0x0000000008002644                TIM3_IRQHandler
 .text.DMA2_Channel1_IRQHandler
                0x0000000008002658       0x14 ./Core/Src/stm32g4xx_it.o
                0x0000000008002658                DMA2_Channel1_IRQHandler
 .text.DMAMUX_OVR_IRQHandler
                0x000000000800266c       0x14 ./Core/Src/stm32g4xx_it.o
                0x000000000800266c                DMAMUX_OVR_IRQHandler
 .text._getpid  0x0000000008002680       0x10 ./Core/Src/syscalls.o
                0x0000000008002680                _getpid
 .text._kill    0x0000000008002690       0x20 ./Core/Src/syscalls.o
                0x0000000008002690                _kill
 .text._exit    0x00000000080026b0       0x14 ./Core/Src/syscalls.o
                0x00000000080026b0                _exit
 .text.SystemInit
                0x00000000080026c4       0x24 ./Core/Src/system_stm32g4xx.o
                0x00000000080026c4                SystemInit
 .text.MX_TIM1_Init
                0x00000000080026e8      0x1a0 ./Core/Src/tim.o
                0x00000000080026e8                MX_TIM1_Init
 .text.MX_TIM2_Init
                0x0000000008002888       0x74 ./Core/Src/tim.o
                0x0000000008002888                MX_TIM2_Init
 .text.MX_TIM3_Init
                0x00000000080028fc      0x168 ./Core/Src/tim.o
                0x00000000080028fc                MX_TIM3_Init
 .text.MX_TIM4_Init
                0x0000000008002a64      0x190 ./Core/Src/tim.o
                0x0000000008002a64                MX_TIM4_Init
 .text.MX_TIM5_Init
                0x0000000008002bf4       0x74 ./Core/Src/tim.o
                0x0000000008002bf4                MX_TIM5_Init
 .text.MX_TIM8_Init
                0x0000000008002c68      0x174 ./Core/Src/tim.o
                0x0000000008002c68                MX_TIM8_Init
 .text.MX_TIM16_Init
                0x0000000008002ddc      0x104 ./Core/Src/tim.o
                0x0000000008002ddc                MX_TIM16_Init
 .text.MX_TIM20_Init
                0x0000000008002ee0      0x1a4 ./Core/Src/tim.o
                0x0000000008002ee0                MX_TIM20_Init
 .text.HAL_TIM_Base_MspInit
                0x0000000008003084      0x244 ./Core/Src/tim.o
                0x0000000008003084                HAL_TIM_Base_MspInit
 .text.HAL_TIM_OnePulse_MspInit
                0x00000000080032c8       0x64 ./Core/Src/tim.o
                0x00000000080032c8                HAL_TIM_OnePulse_MspInit
 .text.HAL_TIM_MspPostInit
                0x000000000800332c      0x150 ./Core/Src/tim.o
                0x000000000800332c                HAL_TIM_MspPostInit
 .text.Reset_Handler
                0x000000000800347c       0x50 ./Core/Startup/startup_stm32g474retx.o
                0x000000000800347c                Reset_Handler
 .text.Default_Handler
                0x00000000080034cc        0x2 ./Core/Startup/startup_stm32g474retx.o
                0x00000000080034cc                RTC_Alarm_IRQHandler
                0x00000000080034cc                EXTI2_IRQHandler
                0x00000000080034cc                TIM8_TRG_COM_IRQHandler
                0x00000000080034cc                TIM8_CC_IRQHandler
                0x00000000080034cc                HRTIM1_Master_IRQHandler
                0x00000000080034cc                SPI4_IRQHandler
                0x00000000080034cc                FDCAN3_IT0_IRQHandler
                0x00000000080034cc                TIM1_CC_IRQHandler
                0x00000000080034cc                HRTIM1_FLT_IRQHandler
                0x00000000080034cc                HRTIM1_TIMF_IRQHandler
                0x00000000080034cc                USB_HP_IRQHandler
                0x00000000080034cc                CORDIC_IRQHandler
                0x00000000080034cc                HRTIM1_TIMD_IRQHandler
                0x00000000080034cc                DMA2_Channel8_IRQHandler
                0x00000000080034cc                EXTI3_IRQHandler
                0x00000000080034cc                I2C3_ER_IRQHandler
                0x00000000080034cc                EXTI0_IRQHandler
                0x00000000080034cc                I2C2_EV_IRQHandler
                0x00000000080034cc                FPU_IRQHandler
                0x00000000080034cc                FDCAN1_IT1_IRQHandler
                0x00000000080034cc                TIM1_UP_TIM16_IRQHandler
                0x00000000080034cc                ADC1_2_IRQHandler
                0x00000000080034cc                HRTIM1_TIME_IRQHandler
                0x00000000080034cc                SPI1_IRQHandler
                0x00000000080034cc                TIM6_DAC_IRQHandler
                0x00000000080034cc                HRTIM1_TIMC_IRQHandler
                0x00000000080034cc                TIM8_UP_IRQHandler
                0x00000000080034cc                DMA2_Channel2_IRQHandler
                0x00000000080034cc                DMA1_Channel4_IRQHandler
                0x00000000080034cc                TIM20_TRG_COM_IRQHandler
                0x00000000080034cc                USART3_IRQHandler
                0x00000000080034cc                DMA1_Channel7_IRQHandler
                0x00000000080034cc                UART5_IRQHandler
                0x00000000080034cc                ADC3_IRQHandler
                0x00000000080034cc                TIM4_IRQHandler
                0x00000000080034cc                QUADSPI_IRQHandler
                0x00000000080034cc                I2C1_EV_IRQHandler
                0x00000000080034cc                DMA1_Channel6_IRQHandler
                0x00000000080034cc                UART4_IRQHandler
                0x00000000080034cc                DMA2_Channel4_IRQHandler
                0x00000000080034cc                RCC_IRQHandler
                0x00000000080034cc                TIM20_UP_IRQHandler
                0x00000000080034cc                Default_Handler
                0x00000000080034cc                DMA2_Channel7_IRQHandler
                0x00000000080034cc                RTC_TAMP_LSECSS_IRQHandler
                0x00000000080034cc                FMAC_IRQHandler
                0x00000000080034cc                EXTI15_10_IRQHandler
                0x00000000080034cc                DMA1_Channel8_IRQHandler
                0x00000000080034cc                HRTIM1_TIMA_IRQHandler
                0x00000000080034cc                TIM7_DAC_IRQHandler
                0x00000000080034cc                FDCAN3_IT1_IRQHandler
                0x00000000080034cc                TIM5_IRQHandler
                0x00000000080034cc                UCPD1_IRQHandler
                0x00000000080034cc                I2C3_EV_IRQHandler
                0x00000000080034cc                EXTI9_5_IRQHandler
                0x00000000080034cc                RTC_WKUP_IRQHandler
                0x00000000080034cc                PVD_PVM_IRQHandler
                0x00000000080034cc                SPI2_IRQHandler
                0x00000000080034cc                ADC5_IRQHandler
                0x00000000080034cc                DMA2_Channel5_IRQHandler
                0x00000000080034cc                CRS_IRQHandler
                0x00000000080034cc                DMA1_Channel5_IRQHandler
                0x00000000080034cc                USB_LP_IRQHandler
                0x00000000080034cc                EXTI4_IRQHandler
                0x00000000080034cc                RNG_IRQHandler
                0x00000000080034cc                HRTIM1_TIMB_IRQHandler
                0x00000000080034cc                FDCAN2_IT1_IRQHandler
                0x00000000080034cc                DMA1_Channel3_IRQHandler
                0x00000000080034cc                ADC4_IRQHandler
                0x00000000080034cc                WWDG_IRQHandler
                0x00000000080034cc                I2C4_EV_IRQHandler
                0x00000000080034cc                FDCAN2_IT0_IRQHandler
                0x00000000080034cc                LPUART1_IRQHandler
                0x00000000080034cc                DMA2_Channel6_IRQHandler
                0x00000000080034cc                FDCAN1_IT0_IRQHandler
                0x00000000080034cc                TIM2_IRQHandler
                0x00000000080034cc                COMP7_IRQHandler
                0x00000000080034cc                COMP1_2_3_IRQHandler
                0x00000000080034cc                EXTI1_IRQHandler
                0x00000000080034cc                USART2_IRQHandler
                0x00000000080034cc                COMP4_5_6_IRQHandler
                0x00000000080034cc                TIM20_BRK_IRQHandler
                0x00000000080034cc                I2C2_ER_IRQHandler
                0x00000000080034cc                TIM8_BRK_IRQHandler
                0x00000000080034cc                FLASH_IRQHandler
                0x00000000080034cc                TIM20_CC_IRQHandler
                0x00000000080034cc                USART1_IRQHandler
                0x00000000080034cc                SPI3_IRQHandler
                0x00000000080034cc                I2C1_ER_IRQHandler
                0x00000000080034cc                FMC_IRQHandler
                0x00000000080034cc                LPTIM1_IRQHandler
                0x00000000080034cc                I2C4_ER_IRQHandler
                0x00000000080034cc                USBWakeUp_IRQHandler
                0x00000000080034cc                SAI1_IRQHandler
                0x00000000080034cc                DMA2_Channel3_IRQHandler
                0x00000000080034cc                TIM1_BRK_TIM15_IRQHandler
 *fill*         0x00000000080034ce        0x2 
 .text.HAL_Init
                0x00000000080034d0       0x40 ./Drivers/STM32G4xx_HAL_Driver/Src/stm32g4xx_hal.o
                0x00000000080034d0                HAL_Init
 .text.HAL_InitTick
                0x0000000008003510       0x74 ./Drivers/STM32G4xx_HAL_Driver/Src/stm32g4xx_hal.o
                0x0000000008003510                HAL_InitTick
 .text.HAL_IncTick
                0x0000000008003584       0x24 ./Drivers/STM32G4xx_HAL_Driver/Src/stm32g4xx_hal.o
                0x0000000008003584                HAL_IncTick
 .text.HAL_GetTick
                0x00000000080035a8       0x18 ./Drivers/STM32G4xx_HAL_Driver/Src/stm32g4xx_hal.o
                0x00000000080035a8                HAL_GetTick
 .text.HAL_Delay
                0x00000000080035c0       0x44 ./Drivers/STM32G4xx_HAL_Driver/Src/stm32g4xx_hal.o
                0x00000000080035c0                HAL_Delay
 .text.LL_ADC_SetCommonClock
                0x0000000008003604       0x26 ./Drivers/STM32G4xx_HAL_Driver/Src/stm32g4xx_hal_adc.o
 .text.LL_ADC_SetCommonPathInternalCh
                0x000000000800362a       0x26 ./Drivers/STM32G4xx_HAL_Driver/Src/stm32g4xx_hal_adc.o
 .text.LL_ADC_GetCommonPathInternalCh
                0x0000000008003650       0x1c ./Drivers/STM32G4xx_HAL_Driver/Src/stm32g4xx_hal_adc.o
 .text.LL_ADC_SetOffset
                0x000000000800366c       0x48 ./Drivers/STM32G4xx_HAL_Driver/Src/stm32g4xx_hal_adc.o
 .text.LL_ADC_GetOffsetChannel
                0x00000000080036b4       0x2c ./Drivers/STM32G4xx_HAL_Driver/Src/stm32g4xx_hal_adc.o
 .text.LL_ADC_SetOffsetState
                0x00000000080036e0       0x36 ./Drivers/STM32G4xx_HAL_Driver/Src/stm32g4xx_hal_adc.o
 .text.LL_ADC_SetOffsetSign
                0x0000000008003716       0x36 ./Drivers/STM32G4xx_HAL_Driver/Src/stm32g4xx_hal_adc.o
 .text.LL_ADC_SetOffsetSaturation
                0x000000000800374c       0x36 ./Drivers/STM32G4xx_HAL_Driver/Src/stm32g4xx_hal_adc.o
 .text.LL_ADC_SetSamplingTimeCommonConfig
                0x0000000008003782       0x26 ./Drivers/STM32G4xx_HAL_Driver/Src/stm32g4xx_hal_adc.o
 .text.LL_ADC_REG_IsTriggerSourceSWStart
                0x00000000080037a8       0x26 ./Drivers/STM32G4xx_HAL_Driver/Src/stm32g4xx_hal_adc.o
 .text.LL_ADC_REG_SetSequencerRanks
                0x00000000080037ce       0x58 ./Drivers/STM32G4xx_HAL_Driver/Src/stm32g4xx_hal_adc.o
 .text.LL_ADC_SetChannelSamplingTime
                0x0000000008003826       0x56 ./Drivers/STM32G4xx_HAL_Driver/Src/stm32g4xx_hal_adc.o
 .text.LL_ADC_SetChannelSingleDiff
                0x000000000800387c       0x50 ./Drivers/STM32G4xx_HAL_Driver/Src/stm32g4xx_hal_adc.o
 .text.LL_ADC_DisableDeepPowerDown
                0x00000000080038cc       0x24 ./Drivers/STM32G4xx_HAL_Driver/Src/stm32g4xx_hal_adc.o
 .text.LL_ADC_IsDeepPowerDownEnabled
                0x00000000080038f0       0x28 ./Drivers/STM32G4xx_HAL_Driver/Src/stm32g4xx_hal_adc.o
 .text.LL_ADC_EnableInternalRegulator
                0x0000000008003918       0x28 ./Drivers/STM32G4xx_HAL_Driver/Src/stm32g4xx_hal_adc.o
 .text.LL_ADC_IsInternalRegulatorEnabled
                0x0000000008003940       0x28 ./Drivers/STM32G4xx_HAL_Driver/Src/stm32g4xx_hal_adc.o
 .text.LL_ADC_Enable
                0x0000000008003968       0x28 ./Drivers/STM32G4xx_HAL_Driver/Src/stm32g4xx_hal_adc.o
 .text.LL_ADC_Disable
                0x0000000008003990       0x28 ./Drivers/STM32G4xx_HAL_Driver/Src/stm32g4xx_hal_adc.o
 .text.LL_ADC_IsEnabled
                0x00000000080039b8       0x26 ./Drivers/STM32G4xx_HAL_Driver/Src/stm32g4xx_hal_adc.o
 .text.LL_ADC_IsDisableOngoing
                0x00000000080039de       0x26 ./Drivers/STM32G4xx_HAL_Driver/Src/stm32g4xx_hal_adc.o
 .text.LL_ADC_REG_StopConversion
                0x0000000008003a04       0x28 ./Drivers/STM32G4xx_HAL_Driver/Src/stm32g4xx_hal_adc.o
 .text.LL_ADC_REG_IsConversionOngoing
                0x0000000008003a2c       0x26 ./Drivers/STM32G4xx_HAL_Driver/Src/stm32g4xx_hal_adc.o
 .text.LL_ADC_INJ_StopConversion
                0x0000000008003a52       0x28 ./Drivers/STM32G4xx_HAL_Driver/Src/stm32g4xx_hal_adc.o
 .text.LL_ADC_INJ_IsConversionOngoing
                0x0000000008003a7a       0x26 ./Drivers/STM32G4xx_HAL_Driver/Src/stm32g4xx_hal_adc.o
 .text.HAL_ADC_Init
                0x0000000008003aa0      0x400 ./Drivers/STM32G4xx_HAL_Driver/Src/stm32g4xx_hal_adc.o
                0x0000000008003aa0                HAL_ADC_Init
 .text.HAL_ADC_RegisterCallback
                0x0000000008003ea0      0x13c ./Drivers/STM32G4xx_HAL_Driver/Src/stm32g4xx_hal_adc.o
                0x0000000008003ea0                HAL_ADC_RegisterCallback
 .text.HAL_ADC_ConvCpltCallback
                0x0000000008003fdc       0x14 ./Drivers/STM32G4xx_HAL_Driver/Src/stm32g4xx_hal_adc.o
                0x0000000008003fdc                HAL_ADC_ConvCpltCallback
 .text.HAL_ADC_ConvHalfCpltCallback
                0x0000000008003ff0       0x14 ./Drivers/STM32G4xx_HAL_Driver/Src/stm32g4xx_hal_adc.o
                0x0000000008003ff0                HAL_ADC_ConvHalfCpltCallback
 .text.HAL_ADC_LevelOutOfWindowCallback
                0x0000000008004004       0x14 ./Drivers/STM32G4xx_HAL_Driver/Src/stm32g4xx_hal_adc.o
                0x0000000008004004                HAL_ADC_LevelOutOfWindowCallback
 .text.HAL_ADC_ErrorCallback
                0x0000000008004018       0x14 ./Drivers/STM32G4xx_HAL_Driver/Src/stm32g4xx_hal_adc.o
                0x0000000008004018                HAL_ADC_ErrorCallback
 .text.HAL_ADC_ConfigChannel
                0x000000000800402c      0x880 ./Drivers/STM32G4xx_HAL_Driver/Src/stm32g4xx_hal_adc.o
                0x000000000800402c                HAL_ADC_ConfigChannel
 .text.ADC_ConversionStop
                0x00000000080048ac      0x178 ./Drivers/STM32G4xx_HAL_Driver/Src/stm32g4xx_hal_adc.o
                0x00000000080048ac                ADC_ConversionStop
 .text.ADC_Enable
                0x0000000008004a24       0xc4 ./Drivers/STM32G4xx_HAL_Driver/Src/stm32g4xx_hal_adc.o
                0x0000000008004a24                ADC_Enable
 .text.ADC_Disable
                0x0000000008004ae8       0xbe ./Drivers/STM32G4xx_HAL_Driver/Src/stm32g4xx_hal_adc.o
                0x0000000008004ae8                ADC_Disable
 .text.ADC_DMAConvCplt
                0x0000000008004ba6       0xdc ./Drivers/STM32G4xx_HAL_Driver/Src/stm32g4xx_hal_adc.o
                0x0000000008004ba6                ADC_DMAConvCplt
 .text.ADC_DMAHalfConvCplt
                0x0000000008004c82       0x1e ./Drivers/STM32G4xx_HAL_Driver/Src/stm32g4xx_hal_adc.o
                0x0000000008004c82                ADC_DMAHalfConvCplt
 .text.ADC_DMAError
                0x0000000008004ca0       0x36 ./Drivers/STM32G4xx_HAL_Driver/Src/stm32g4xx_hal_adc.o
                0x0000000008004ca0                ADC_DMAError
 .text.LL_ADC_IsEnabled
                0x0000000008004cd6       0x26 ./Drivers/STM32G4xx_HAL_Driver/Src/stm32g4xx_hal_adc_ex.o
 .text.LL_ADC_REG_StartConversion
                0x0000000008004cfc       0x28 ./Drivers/STM32G4xx_HAL_Driver/Src/stm32g4xx_hal_adc_ex.o
 .text.LL_ADC_REG_IsConversionOngoing
                0x0000000008004d24       0x26 ./Drivers/STM32G4xx_HAL_Driver/Src/stm32g4xx_hal_adc_ex.o
 *fill*         0x0000000008004d4a        0x2 
 .text.HAL_ADCEx_MultiModeStart_DMA
                0x0000000008004d4c      0x184 ./Drivers/STM32G4xx_HAL_Driver/Src/stm32g4xx_hal_adc_ex.o
                0x0000000008004d4c                HAL_ADCEx_MultiModeStart_DMA
 .text.HAL_ADCEx_MultiModeStop_DMA
                0x0000000008004ed0      0x1c0 ./Drivers/STM32G4xx_HAL_Driver/Src/stm32g4xx_hal_adc_ex.o
                0x0000000008004ed0                HAL_ADCEx_MultiModeStop_DMA
 .text.HAL_ADCEx_InjectedConvCpltCallback
                0x0000000008005090       0x14 ./Drivers/STM32G4xx_HAL_Driver/Src/stm32g4xx_hal_adc_ex.o
                0x0000000008005090                HAL_ADCEx_InjectedConvCpltCallback
 .text.HAL_ADCEx_InjectedQueueOverflowCallback
                0x00000000080050a4       0x14 ./Drivers/STM32G4xx_HAL_Driver/Src/stm32g4xx_hal_adc_ex.o
                0x00000000080050a4                HAL_ADCEx_InjectedQueueOverflowCallback
 .text.HAL_ADCEx_LevelOutOfWindow2Callback
                0x00000000080050b8       0x14 ./Drivers/STM32G4xx_HAL_Driver/Src/stm32g4xx_hal_adc_ex.o
                0x00000000080050b8                HAL_ADCEx_LevelOutOfWindow2Callback
 .text.HAL_ADCEx_LevelOutOfWindow3Callback
                0x00000000080050cc       0x14 ./Drivers/STM32G4xx_HAL_Driver/Src/stm32g4xx_hal_adc_ex.o
                0x00000000080050cc                HAL_ADCEx_LevelOutOfWindow3Callback
 .text.HAL_ADCEx_EndOfSamplingCallback
                0x00000000080050e0       0x14 ./Drivers/STM32G4xx_HAL_Driver/Src/stm32g4xx_hal_adc_ex.o
                0x00000000080050e0                HAL_ADCEx_EndOfSamplingCallback
 .text.HAL_ADCEx_MultiModeConfigChannel
                0x00000000080050f4      0x230 ./Drivers/STM32G4xx_HAL_Driver/Src/stm32g4xx_hal_adc_ex.o
                0x00000000080050f4                HAL_ADCEx_MultiModeConfigChannel
 .text.LL_EXTI_EnableIT_0_31
                0x0000000008005324       0x24 ./Drivers/STM32G4xx_HAL_Driver/Src/stm32g4xx_hal_comp.o
 .text.LL_EXTI_EnableIT_32_63
                0x0000000008005348       0x24 ./Drivers/STM32G4xx_HAL_Driver/Src/stm32g4xx_hal_comp.o
 .text.LL_EXTI_DisableIT_0_31
                0x000000000800536c       0x28 ./Drivers/STM32G4xx_HAL_Driver/Src/stm32g4xx_hal_comp.o
 .text.LL_EXTI_DisableIT_32_63
                0x0000000008005394       0x28 ./Drivers/STM32G4xx_HAL_Driver/Src/stm32g4xx_hal_comp.o
 .text.LL_EXTI_EnableEvent_0_31
                0x00000000080053bc       0x24 ./Drivers/STM32G4xx_HAL_Driver/Src/stm32g4xx_hal_comp.o
 .text.LL_EXTI_EnableEvent_32_63
                0x00000000080053e0       0x24 ./Drivers/STM32G4xx_HAL_Driver/Src/stm32g4xx_hal_comp.o
 .text.LL_EXTI_DisableEvent_0_31
                0x0000000008005404       0x28 ./Drivers/STM32G4xx_HAL_Driver/Src/stm32g4xx_hal_comp.o
 .text.LL_EXTI_DisableEvent_32_63
                0x000000000800542c       0x28 ./Drivers/STM32G4xx_HAL_Driver/Src/stm32g4xx_hal_comp.o
 .text.LL_EXTI_EnableRisingTrig_0_31
                0x0000000008005454       0x24 ./Drivers/STM32G4xx_HAL_Driver/Src/stm32g4xx_hal_comp.o
 .text.LL_EXTI_EnableRisingTrig_32_63
                0x0000000008005478       0x24 ./Drivers/STM32G4xx_HAL_Driver/Src/stm32g4xx_hal_comp.o
 .text.LL_EXTI_DisableRisingTrig_0_31
                0x000000000800549c       0x28 ./Drivers/STM32G4xx_HAL_Driver/Src/stm32g4xx_hal_comp.o
 .text.LL_EXTI_DisableRisingTrig_32_63
                0x00000000080054c4       0x28 ./Drivers/STM32G4xx_HAL_Driver/Src/stm32g4xx_hal_comp.o
 .text.LL_EXTI_EnableFallingTrig_0_31
                0x00000000080054ec       0x24 ./Drivers/STM32G4xx_HAL_Driver/Src/stm32g4xx_hal_comp.o
 .text.LL_EXTI_EnableFallingTrig_32_63
                0x0000000008005510       0x24 ./Drivers/STM32G4xx_HAL_Driver/Src/stm32g4xx_hal_comp.o
 .text.LL_EXTI_DisableFallingTrig_0_31
                0x0000000008005534       0x28 ./Drivers/STM32G4xx_HAL_Driver/Src/stm32g4xx_hal_comp.o
 .text.LL_EXTI_DisableFallingTrig_32_63
                0x000000000800555c       0x28 ./Drivers/STM32G4xx_HAL_Driver/Src/stm32g4xx_hal_comp.o
 .text.LL_EXTI_ClearFlag_0_31
                0x0000000008005584       0x20 ./Drivers/STM32G4xx_HAL_Driver/Src/stm32g4xx_hal_comp.o
 .text.LL_EXTI_ClearFlag_32_63
                0x00000000080055a4       0x20 ./Drivers/STM32G4xx_HAL_Driver/Src/stm32g4xx_hal_comp.o
 .text.HAL_COMP_Init
                0x00000000080055c4      0x334 ./Drivers/STM32G4xx_HAL_Driver/Src/stm32g4xx_hal_comp.o
                0x00000000080055c4                HAL_COMP_Init
 .text.HAL_COMP_Start
                0x00000000080058f8       0x90 ./Drivers/STM32G4xx_HAL_Driver/Src/stm32g4xx_hal_comp.o
                0x00000000080058f8                HAL_COMP_Start
 .text.__NVIC_SetPriorityGrouping
                0x0000000008005988       0x48 ./Drivers/STM32G4xx_HAL_Driver/Src/stm32g4xx_hal_cortex.o
 .text.__NVIC_GetPriorityGrouping
                0x00000000080059d0       0x1c ./Drivers/STM32G4xx_HAL_Driver/Src/stm32g4xx_hal_cortex.o
 .text.__NVIC_EnableIRQ
                0x00000000080059ec       0x3c ./Drivers/STM32G4xx_HAL_Driver/Src/stm32g4xx_hal_cortex.o
 .text.__NVIC_SetPriority
                0x0000000008005a28       0x54 ./Drivers/STM32G4xx_HAL_Driver/Src/stm32g4xx_hal_cortex.o
 .text.NVIC_EncodePriority
                0x0000000008005a7c       0x66 ./Drivers/STM32G4xx_HAL_Driver/Src/stm32g4xx_hal_cortex.o
 *fill*         0x0000000008005ae2        0x2 
 .text.SysTick_Config
                0x0000000008005ae4       0x44 ./Drivers/STM32G4xx_HAL_Driver/Src/stm32g4xx_hal_cortex.o
 .text.HAL_NVIC_SetPriorityGrouping
                0x0000000008005b28       0x16 ./Drivers/STM32G4xx_HAL_Driver/Src/stm32g4xx_hal_cortex.o
                0x0000000008005b28                HAL_NVIC_SetPriorityGrouping
 .text.HAL_NVIC_SetPriority
                0x0000000008005b3e       0x34 ./Drivers/STM32G4xx_HAL_Driver/Src/stm32g4xx_hal_cortex.o
                0x0000000008005b3e                HAL_NVIC_SetPriority
 .text.HAL_NVIC_EnableIRQ
                0x0000000008005b72       0x1c ./Drivers/STM32G4xx_HAL_Driver/Src/stm32g4xx_hal_cortex.o
                0x0000000008005b72                HAL_NVIC_EnableIRQ
 .text.HAL_SYSTICK_Config
                0x0000000008005b8e       0x18 ./Drivers/STM32G4xx_HAL_Driver/Src/stm32g4xx_hal_cortex.o
                0x0000000008005b8e                HAL_SYSTICK_Config
 *fill*         0x0000000008005ba6        0x2 
 .text.HAL_DMA_Init
                0x0000000008005ba8      0x150 ./Drivers/STM32G4xx_HAL_Driver/Src/stm32g4xx_hal_dma.o
                0x0000000008005ba8                HAL_DMA_Init
 .text.HAL_DMA_Start_IT
                0x0000000008005cf8       0xf6 ./Drivers/STM32G4xx_HAL_Driver/Src/stm32g4xx_hal_dma.o
                0x0000000008005cf8                HAL_DMA_Start_IT
 .text.HAL_DMA_Abort
                0x0000000008005dee       0xb2 ./Drivers/STM32G4xx_HAL_Driver/Src/stm32g4xx_hal_dma.o
                0x0000000008005dee                HAL_DMA_Abort
 .text.HAL_DMA_IRQHandler
                0x0000000008005ea0      0x15e ./Drivers/STM32G4xx_HAL_Driver/Src/stm32g4xx_hal_dma.o
                0x0000000008005ea0                HAL_DMA_IRQHandler
 *fill*         0x0000000008005ffe        0x2 
 .text.HAL_DMA_RegisterCallback
                0x0000000008006000       0x90 ./Drivers/STM32G4xx_HAL_Driver/Src/stm32g4xx_hal_dma.o
                0x0000000008006000                HAL_DMA_RegisterCallback
 .text.DMA_SetConfig
                0x0000000008006090       0x7c ./Drivers/STM32G4xx_HAL_Driver/Src/stm32g4xx_hal_dma.o
 .text.DMA_CalcDMAMUXChannelBaseAndMask
                0x000000000800610c       0x7c ./Drivers/STM32G4xx_HAL_Driver/Src/stm32g4xx_hal_dma.o
 .text.DMA_CalcDMAMUXRequestGenBaseAndMask
                0x0000000008006188       0x48 ./Drivers/STM32G4xx_HAL_Driver/Src/stm32g4xx_hal_dma.o
 .text.HAL_DMAEx_MUX_IRQHandler
                0x00000000080061d0       0xa4 ./Drivers/STM32G4xx_HAL_Driver/Src/stm32g4xx_hal_dma_ex.o
                0x00000000080061d0                HAL_DMAEx_MUX_IRQHandler
 .text.HAL_GPIO_Init
                0x0000000008006274      0x304 ./Drivers/STM32G4xx_HAL_Driver/Src/stm32g4xx_hal_gpio.o
                0x0000000008006274                HAL_GPIO_Init
 .text.HAL_GPIO_WritePin
                0x0000000008006578       0x30 ./Drivers/STM32G4xx_HAL_Driver/Src/stm32g4xx_hal_gpio.o
                0x0000000008006578                HAL_GPIO_WritePin
 .text.HAL_PWREx_ControlVoltageScaling
                0x00000000080065a8      0x148 ./Drivers/STM32G4xx_HAL_Driver/Src/stm32g4xx_hal_pwr_ex.o
                0x00000000080065a8                HAL_PWREx_ControlVoltageScaling
 .text.HAL_RCC_OscConfig
                0x00000000080066f0      0x630 ./Drivers/STM32G4xx_HAL_Driver/Src/stm32g4xx_hal_rcc.o
                0x00000000080066f0                HAL_RCC_OscConfig
 .text.HAL_RCC_ClockConfig
                0x0000000008006d20      0x278 ./Drivers/STM32G4xx_HAL_Driver/Src/stm32g4xx_hal_rcc.o
                0x0000000008006d20                HAL_RCC_ClockConfig
 .text.HAL_RCC_GetSysClockFreq
                0x0000000008006f98       0xc4 ./Drivers/STM32G4xx_HAL_Driver/Src/stm32g4xx_hal_rcc.o
                0x0000000008006f98                HAL_RCC_GetSysClockFreq
 .text.HAL_RCC_EnableCSS
                0x000000000800705c       0x20 ./Drivers/STM32G4xx_HAL_Driver/Src/stm32g4xx_hal_rcc.o
                0x000000000800705c                HAL_RCC_EnableCSS
 .text.HAL_RCC_NMI_IRQHandler
                0x000000000800707c       0x28 ./Drivers/STM32G4xx_HAL_Driver/Src/stm32g4xx_hal_rcc.o
                0x000000000800707c                HAL_RCC_NMI_IRQHandler
 .text.HAL_RCC_CSSCallback
                0x00000000080070a4        0xe ./Drivers/STM32G4xx_HAL_Driver/Src/stm32g4xx_hal_rcc.o
                0x00000000080070a4                HAL_RCC_CSSCallback
 *fill*         0x00000000080070b2        0x2 
 .text.RCC_GetSysClockFreqFromPLLSource
                0x00000000080070b4       0x8c ./Drivers/STM32G4xx_HAL_Driver/Src/stm32g4xx_hal_rcc.o
 .text.HAL_RCCEx_PeriphCLKConfig
                0x0000000008007140      0x49c ./Drivers/STM32G4xx_HAL_Driver/Src/stm32g4xx_hal_rcc_ex.o
                0x0000000008007140                HAL_RCCEx_PeriphCLKConfig
 .text.HAL_SPI_Init
                0x00000000080075dc      0x1c4 ./Drivers/STM32G4xx_HAL_Driver/Src/stm32g4xx_hal_spi.o
                0x00000000080075dc                HAL_SPI_Init
 .text.HAL_SPI_RegisterCallback
                0x00000000080077a0      0x14c ./Drivers/STM32G4xx_HAL_Driver/Src/stm32g4xx_hal_spi.o
                0x00000000080077a0                HAL_SPI_RegisterCallback
 .text.HAL_SPI_TxCpltCallback
                0x00000000080078ec       0x14 ./Drivers/STM32G4xx_HAL_Driver/Src/stm32g4xx_hal_spi.o
                0x00000000080078ec                HAL_SPI_TxCpltCallback
 .text.HAL_SPI_RxCpltCallback
                0x0000000008007900       0x14 ./Drivers/STM32G4xx_HAL_Driver/Src/stm32g4xx_hal_spi.o
                0x0000000008007900                HAL_SPI_RxCpltCallback
 .text.HAL_SPI_TxRxCpltCallback
                0x0000000008007914       0x14 ./Drivers/STM32G4xx_HAL_Driver/Src/stm32g4xx_hal_spi.o
                0x0000000008007914                HAL_SPI_TxRxCpltCallback
 .text.HAL_SPI_TxHalfCpltCallback
                0x0000000008007928       0x14 ./Drivers/STM32G4xx_HAL_Driver/Src/stm32g4xx_hal_spi.o
                0x0000000008007928                HAL_SPI_TxHalfCpltCallback
 .text.HAL_SPI_RxHalfCpltCallback
                0x000000000800793c       0x14 ./Drivers/STM32G4xx_HAL_Driver/Src/stm32g4xx_hal_spi.o
                0x000000000800793c                HAL_SPI_RxHalfCpltCallback
 .text.HAL_SPI_TxRxHalfCpltCallback
                0x0000000008007950       0x14 ./Drivers/STM32G4xx_HAL_Driver/Src/stm32g4xx_hal_spi.o
                0x0000000008007950                HAL_SPI_TxRxHalfCpltCallback
 .text.HAL_SPI_ErrorCallback
                0x0000000008007964       0x14 ./Drivers/STM32G4xx_HAL_Driver/Src/stm32g4xx_hal_spi.o
                0x0000000008007964                HAL_SPI_ErrorCallback
 .text.HAL_SPI_AbortCpltCallback
                0x0000000008007978       0x14 ./Drivers/STM32G4xx_HAL_Driver/Src/stm32g4xx_hal_spi.o
                0x0000000008007978                HAL_SPI_AbortCpltCallback
 .text.HAL_TIM_Base_Init
                0x000000000800798c       0xc8 ./Drivers/STM32G4xx_HAL_Driver/Src/stm32g4xx_hal_tim.o
                0x000000000800798c                HAL_TIM_Base_Init
 .text.HAL_TIM_Base_Start
                0x0000000008007a54       0xe0 ./Drivers/STM32G4xx_HAL_Driver/Src/stm32g4xx_hal_tim.o
                0x0000000008007a54                HAL_TIM_Base_Start
 .text.HAL_TIM_Base_Start_IT
                0x0000000008007b34       0xf0 ./Drivers/STM32G4xx_HAL_Driver/Src/stm32g4xx_hal_tim.o
                0x0000000008007b34                HAL_TIM_Base_Start_IT
 .text.HAL_TIM_PWM_Init
                0x0000000008007c24       0xc8 ./Drivers/STM32G4xx_HAL_Driver/Src/stm32g4xx_hal_tim.o
                0x0000000008007c24                HAL_TIM_PWM_Init
 .text.HAL_TIM_PWM_MspInit
                0x0000000008007cec       0x14 ./Drivers/STM32G4xx_HAL_Driver/Src/stm32g4xx_hal_tim.o
                0x0000000008007cec                HAL_TIM_PWM_MspInit
 .text.HAL_TIM_IC_Init
                0x0000000008007d00       0xc8 ./Drivers/STM32G4xx_HAL_Driver/Src/stm32g4xx_hal_tim.o
                0x0000000008007d00                HAL_TIM_IC_Init
 .text.HAL_TIM_IC_MspInit
                0x0000000008007dc8       0x14 ./Drivers/STM32G4xx_HAL_Driver/Src/stm32g4xx_hal_tim.o
                0x0000000008007dc8                HAL_TIM_IC_MspInit
 .text.HAL_TIM_OnePulse_Init
                0x0000000008007ddc       0xbc ./Drivers/STM32G4xx_HAL_Driver/Src/stm32g4xx_hal_tim.o
                0x0000000008007ddc                HAL_TIM_OnePulse_Init
 .text.HAL_TIM_OnePulse_Start
                0x0000000008007e98       0xfc ./Drivers/STM32G4xx_HAL_Driver/Src/stm32g4xx_hal_tim.o
                0x0000000008007e98                HAL_TIM_OnePulse_Start
 .text.HAL_TIM_OnePulse_Start_IT
                0x0000000008007f94      0x11c ./Drivers/STM32G4xx_HAL_Driver/Src/stm32g4xx_hal_tim.o
                0x0000000008007f94                HAL_TIM_OnePulse_Start_IT
 .text.HAL_TIM_IRQHandler
                0x00000000080080b0      0x352 ./Drivers/STM32G4xx_HAL_Driver/Src/stm32g4xx_hal_tim.o
                0x00000000080080b0                HAL_TIM_IRQHandler
 .text.HAL_TIM_IC_ConfigChannel
                0x0000000008008402      0x138 ./Drivers/STM32G4xx_HAL_Driver/Src/stm32g4xx_hal_tim.o
                0x0000000008008402                HAL_TIM_IC_ConfigChannel
 *fill*         0x000000000800853a        0x2 
 .text.HAL_TIM_PWM_ConfigChannel
                0x000000000800853c      0x228 ./Drivers/STM32G4xx_HAL_Driver/Src/stm32g4xx_hal_tim.o
                0x000000000800853c                HAL_TIM_PWM_ConfigChannel
 .text.HAL_TIM_ConfigClockSource
                0x0000000008008764      0x22c ./Drivers/STM32G4xx_HAL_Driver/Src/stm32g4xx_hal_tim.o
                0x0000000008008764                HAL_TIM_ConfigClockSource
 .text.HAL_TIM_SlaveConfigSynchro
                0x0000000008008990       0x84 ./Drivers/STM32G4xx_HAL_Driver/Src/stm32g4xx_hal_tim.o
                0x0000000008008990                HAL_TIM_SlaveConfigSynchro
 .text.HAL_TIM_PeriodElapsedCallback
                0x0000000008008a14       0x14 ./Drivers/STM32G4xx_HAL_Driver/Src/stm32g4xx_hal_tim.o
                0x0000000008008a14                HAL_TIM_PeriodElapsedCallback
 .text.HAL_TIM_PeriodElapsedHalfCpltCallback
                0x0000000008008a28       0x14 ./Drivers/STM32G4xx_HAL_Driver/Src/stm32g4xx_hal_tim.o
                0x0000000008008a28                HAL_TIM_PeriodElapsedHalfCpltCallback
 .text.HAL_TIM_OC_DelayElapsedCallback
                0x0000000008008a3c       0x14 ./Drivers/STM32G4xx_HAL_Driver/Src/stm32g4xx_hal_tim.o
                0x0000000008008a3c                HAL_TIM_OC_DelayElapsedCallback
 .text.HAL_TIM_IC_CaptureCallback
                0x0000000008008a50       0x14 ./Drivers/STM32G4xx_HAL_Driver/Src/stm32g4xx_hal_tim.o
                0x0000000008008a50                HAL_TIM_IC_CaptureCallback
 .text.HAL_TIM_IC_CaptureHalfCpltCallback
                0x0000000008008a64       0x14 ./Drivers/STM32G4xx_HAL_Driver/Src/stm32g4xx_hal_tim.o
                0x0000000008008a64                HAL_TIM_IC_CaptureHalfCpltCallback
 .text.HAL_TIM_PWM_PulseFinishedCallback
                0x0000000008008a78       0x14 ./Drivers/STM32G4xx_HAL_Driver/Src/stm32g4xx_hal_tim.o
                0x0000000008008a78                HAL_TIM_PWM_PulseFinishedCallback
 .text.HAL_TIM_PWM_PulseFinishedHalfCpltCallback
                0x0000000008008a8c       0x14 ./Drivers/STM32G4xx_HAL_Driver/Src/stm32g4xx_hal_tim.o
                0x0000000008008a8c                HAL_TIM_PWM_PulseFinishedHalfCpltCallback
 .text.HAL_TIM_TriggerCallback
                0x0000000008008aa0       0x14 ./Drivers/STM32G4xx_HAL_Driver/Src/stm32g4xx_hal_tim.o
                0x0000000008008aa0                HAL_TIM_TriggerCallback
 .text.HAL_TIM_TriggerHalfCpltCallback
                0x0000000008008ab4       0x14 ./Drivers/STM32G4xx_HAL_Driver/Src/stm32g4xx_hal_tim.o
                0x0000000008008ab4                HAL_TIM_TriggerHalfCpltCallback
 .text.HAL_TIM_ErrorCallback
                0x0000000008008ac8       0x14 ./Drivers/STM32G4xx_HAL_Driver/Src/stm32g4xx_hal_tim.o
                0x0000000008008ac8                HAL_TIM_ErrorCallback
 .text.HAL_TIM_RegisterCallback
                0x0000000008008adc      0x2e0 ./Drivers/STM32G4xx_HAL_Driver/Src/stm32g4xx_hal_tim.o
                0x0000000008008adc                HAL_TIM_RegisterCallback
 .text.TIM_Base_SetConfig
                0x0000000008008dbc      0x150 ./Drivers/STM32G4xx_HAL_Driver/Src/stm32g4xx_hal_tim.o
                0x0000000008008dbc                TIM_Base_SetConfig
 .text.TIM_OC1_SetConfig
                0x0000000008008f0c      0x134 ./Drivers/STM32G4xx_HAL_Driver/Src/stm32g4xx_hal_tim.o
 .text.TIM_OC2_SetConfig
                0x0000000008009040      0x128 ./Drivers/STM32G4xx_HAL_Driver/Src/stm32g4xx_hal_tim.o
                0x0000000008009040                TIM_OC2_SetConfig
 .text.TIM_OC3_SetConfig
                0x0000000008009168      0x124 ./Drivers/STM32G4xx_HAL_Driver/Src/stm32g4xx_hal_tim.o
 .text.TIM_OC4_SetConfig
                0x000000000800928c      0x128 ./Drivers/STM32G4xx_HAL_Driver/Src/stm32g4xx_hal_tim.o
 .text.TIM_OC5_SetConfig
                0x00000000080093b4       0xd4 ./Drivers/STM32G4xx_HAL_Driver/Src/stm32g4xx_hal_tim.o
 .text.TIM_OC6_SetConfig
                0x0000000008009488       0xd8 ./Drivers/STM32G4xx_HAL_Driver/Src/stm32g4xx_hal_tim.o
 .text.TIM_SlaveTimer_SetConfig
                0x0000000008009560      0x1c0 ./Drivers/STM32G4xx_HAL_Driver/Src/stm32g4xx_hal_tim.o
 .text.TIM_TI1_SetConfig
                0x0000000008009720       0xe8 ./Drivers/STM32G4xx_HAL_Driver/Src/stm32g4xx_hal_tim.o
                0x0000000008009720                TIM_TI1_SetConfig
 .text.TIM_TI1_ConfigInputStage
                0x0000000008009808       0x5e ./Drivers/STM32G4xx_HAL_Driver/Src/stm32g4xx_hal_tim.o
 .text.TIM_TI2_SetConfig
                0x0000000008009866       0x7a ./Drivers/STM32G4xx_HAL_Driver/Src/stm32g4xx_hal_tim.o
 .text.TIM_TI2_ConfigInputStage
                0x00000000080098e0       0x60 ./Drivers/STM32G4xx_HAL_Driver/Src/stm32g4xx_hal_tim.o
 .text.TIM_TI3_SetConfig
                0x0000000008009940       0x78 ./Drivers/STM32G4xx_HAL_Driver/Src/stm32g4xx_hal_tim.o
 .text.TIM_TI4_SetConfig
                0x00000000080099b8       0x7a ./Drivers/STM32G4xx_HAL_Driver/Src/stm32g4xx_hal_tim.o
 .text.TIM_ITRx_SetConfig
                0x0000000008009a32       0x3a ./Drivers/STM32G4xx_HAL_Driver/Src/stm32g4xx_hal_tim.o
 .text.TIM_ETR_SetConfig
                0x0000000008009a6c       0x40 ./Drivers/STM32G4xx_HAL_Driver/Src/stm32g4xx_hal_tim.o
                0x0000000008009a6c                TIM_ETR_SetConfig
 .text.TIM_CCxChannelCmd
                0x0000000008009aac       0x4a ./Drivers/STM32G4xx_HAL_Driver/Src/stm32g4xx_hal_tim.o
                0x0000000008009aac                TIM_CCxChannelCmd
 *fill*         0x0000000008009af6        0x2 
 .text.TIM_ResetCallback
                0x0000000008009af8       0xec ./Drivers/STM32G4xx_HAL_Driver/Src/stm32g4xx_hal_tim.o
                0x0000000008009af8                TIM_ResetCallback
 .text.HAL_TIMEx_MasterConfigSynchronization
                0x0000000008009be4      0x12c ./Drivers/STM32G4xx_HAL_Driver/Src/stm32g4xx_hal_tim_ex.o
                0x0000000008009be4                HAL_TIMEx_MasterConfigSynchronization
 .text.HAL_TIMEx_ConfigBreakDeadTime
                0x0000000008009d10      0x164 ./Drivers/STM32G4xx_HAL_Driver/Src/stm32g4xx_hal_tim_ex.o
                0x0000000008009d10                HAL_TIMEx_ConfigBreakDeadTime
 .text.HAL_TIMEx_TISelection
                0x0000000008009e74      0x11c ./Drivers/STM32G4xx_HAL_Driver/Src/stm32g4xx_hal_tim_ex.o
                0x0000000008009e74                HAL_TIMEx_TISelection
 .text.HAL_TIMEx_CommutCallback
                0x0000000008009f90       0x14 ./Drivers/STM32G4xx_HAL_Driver/Src/stm32g4xx_hal_tim_ex.o
                0x0000000008009f90                HAL_TIMEx_CommutCallback
 .text.HAL_TIMEx_CommutHalfCpltCallback
                0x0000000008009fa4       0x14 ./Drivers/STM32G4xx_HAL_Driver/Src/stm32g4xx_hal_tim_ex.o
                0x0000000008009fa4                HAL_TIMEx_CommutHalfCpltCallback
 .text.HAL_TIMEx_BreakCallback
                0x0000000008009fb8       0x14 ./Drivers/STM32G4xx_HAL_Driver/Src/stm32g4xx_hal_tim_ex.o
                0x0000000008009fb8                HAL_TIMEx_BreakCallback
 .text.HAL_TIMEx_Break2Callback
                0x0000000008009fcc       0x14 ./Drivers/STM32G4xx_HAL_Driver/Src/stm32g4xx_hal_tim_ex.o
                0x0000000008009fcc                HAL_TIMEx_Break2Callback
 .text.HAL_TIMEx_EncoderIndexCallback
                0x0000000008009fe0       0x14 ./Drivers/STM32G4xx_HAL_Driver/Src/stm32g4xx_hal_tim_ex.o
                0x0000000008009fe0                HAL_TIMEx_EncoderIndexCallback
 .text.HAL_TIMEx_DirectionChangeCallback
                0x0000000008009ff4       0x14 ./Drivers/STM32G4xx_HAL_Driver/Src/stm32g4xx_hal_tim_ex.o
                0x0000000008009ff4                HAL_TIMEx_DirectionChangeCallback
 .text.HAL_TIMEx_IndexErrorCallback
                0x000000000800a008       0x14 ./Drivers/STM32G4xx_HAL_Driver/Src/stm32g4xx_hal_tim_ex.o
                0x000000000800a008                HAL_TIMEx_IndexErrorCallback
 .text.HAL_TIMEx_TransitionErrorCallback
                0x000000000800a01c       0x14 ./Drivers/STM32G4xx_HAL_Driver/Src/stm32g4xx_hal_tim_ex.o
                0x000000000800a01c                HAL_TIMEx_TransitionErrorCallback
 .text.__cxa_pure_virtual
                0x000000000800a030        0x6 c:/st/stm32cubeide_1.9.0/stm32cubeide/plugins/com.st.stm32cube.ide.mcu.externaltools.gnu-tools-for-stm32.10.3-2021.10.win32_1.0.0.202111181127/tools/bin/../lib/gcc/arm-none-eabi/10.3.1/../../../../arm-none-eabi/lib/thumb/v7e-m+fp/hard\libstdc++_nano.a(pure.o)
                0x000000000800a030                __cxa_pure_virtual
 .text._ZN10__cxxabiv111__terminateEPFvvE
                0x000000000800a036        0x8 c:/st/stm32cubeide_1.9.0/stm32cubeide/plugins/com.st.stm32cube.ide.mcu.externaltools.gnu-tools-for-stm32.10.3-2021.10.win32_1.0.0.202111181127/tools/bin/../lib/gcc/arm-none-eabi/10.3.1/../../../../arm-none-eabi/lib/thumb/v7e-m+fp/hard\libstdc++_nano.a(eh_terminate.o)
                0x000000000800a036                __cxxabiv1::__terminate(void (*)())
 *fill*         0x000000000800a03e        0x2 
 .text._ZSt13get_terminatev
                0x000000000800a040       0x10 c:/st/stm32cubeide_1.9.0/stm32cubeide/plugins/com.st.stm32cube.ide.mcu.externaltools.gnu-tools-for-stm32.10.3-2021.10.win32_1.0.0.202111181127/tools/bin/../lib/gcc/arm-none-eabi/10.3.1/../../../../arm-none-eabi/lib/thumb/v7e-m+fp/hard\libstdc++_nano.a(eh_terminate.o)
                0x000000000800a040                std::get_terminate()
 .text._ZSt9terminatev
                0x000000000800a050        0xa c:/st/stm32cubeide_1.9.0/stm32cubeide/plugins/com.st.stm32cube.ide.mcu.externaltools.gnu-tools-for-stm32.10.3-2021.10.win32_1.0.0.202111181127/tools/bin/../lib/gcc/arm-none-eabi/10.3.1/../../../../arm-none-eabi/lib/thumb/v7e-m+fp/hard\libstdc++_nano.a(eh_terminate.o)
                0x000000000800a050                std::terminate()
 .text.abort    0x000000000800a05a        0xe c:/st/stm32cubeide_1.9.0/stm32cubeide/plugins/com.st.stm32cube.ide.mcu.externaltools.gnu-tools-for-stm32.10.3-2021.10.win32_1.0.0.202111181127/tools/bin/../lib/gcc/arm-none-eabi/10.3.1/../../../../arm-none-eabi/lib/thumb/v7e-m+fp/hard\libc_nano.a(lib_a-abort.o)
                0x000000000800a05a                abort
 .text.__errno  0x000000000800a068        0xc c:/st/stm32cubeide_1.9.0/stm32cubeide/plugins/com.st.stm32cube.ide.mcu.externaltools.gnu-tools-for-stm32.10.3-2021.10.win32_1.0.0.202111181127/tools/bin/../lib/gcc/arm-none-eabi/10.3.1/../../../../arm-none-eabi/lib/thumb/v7e-m+fp/hard\libc_nano.a(lib_a-errno.o)
                0x000000000800a068                __errno
 .text.__libc_init_array
                0x000000000800a074       0x48 c:/st/stm32cubeide_1.9.0/stm32cubeide/plugins/com.st.stm32cube.ide.mcu.externaltools.gnu-tools-for-stm32.10.3-2021.10.win32_1.0.0.202111181127/tools/bin/../lib/gcc/arm-none-eabi/10.3.1/../../../../arm-none-eabi/lib/thumb/v7e-m+fp/hard\libc_nano.a(lib_a-init.o)
                0x000000000800a074                __libc_init_array
 .text.memset   0x000000000800a0bc       0x10 c:/st/stm32cubeide_1.9.0/stm32cubeide/plugins/com.st.stm32cube.ide.mcu.externaltools.gnu-tools-for-stm32.10.3-2021.10.win32_1.0.0.202111181127/tools/bin/../lib/gcc/arm-none-eabi/10.3.1/../../../../arm-none-eabi/lib/thumb/v7e-m+fp/hard\libc_nano.a(lib_a-memset.o)
                0x000000000800a0bc                memset
 .text._raise_r
                0x000000000800a0cc       0x50 c:/st/stm32cubeide_1.9.0/stm32cubeide/plugins/com.st.stm32cube.ide.mcu.externaltools.gnu-tools-for-stm32.10.3-2021.10.win32_1.0.0.202111181127/tools/bin/../lib/gcc/arm-none-eabi/10.3.1/../../../../arm-none-eabi/lib/thumb/v7e-m+fp/hard\libc_nano.a(lib_a-signal.o)
                0x000000000800a0cc                _raise_r
 .text.raise    0x000000000800a11c       0x10 c:/st/stm32cubeide_1.9.0/stm32cubeide/plugins/com.st.stm32cube.ide.mcu.externaltools.gnu-tools-for-stm32.10.3-2021.10.win32_1.0.0.202111181127/tools/bin/../lib/gcc/arm-none-eabi/10.3.1/../../../../arm-none-eabi/lib/thumb/v7e-m+fp/hard\libc_nano.a(lib_a-signal.o)
                0x000000000800a11c                raise
 .text._kill_r  0x000000000800a12c       0x24 c:/st/stm32cubeide_1.9.0/stm32cubeide/plugins/com.st.stm32cube.ide.mcu.externaltools.gnu-tools-for-stm32.10.3-2021.10.win32_1.0.0.202111181127/tools/bin/../lib/gcc/arm-none-eabi/10.3.1/../../../../arm-none-eabi/lib/thumb/v7e-m+fp/hard\libc_nano.a(lib_a-signalr.o)
                0x000000000800a12c                _kill_r
 .text._getpid_r
                0x000000000800a150        0x4 c:/st/stm32cubeide_1.9.0/stm32cubeide/plugins/com.st.stm32cube.ide.mcu.externaltools.gnu-tools-for-stm32.10.3-2021.10.win32_1.0.0.202111181127/tools/bin/../lib/gcc/arm-none-eabi/10.3.1/../../../../arm-none-eabi/lib/thumb/v7e-m+fp/hard\libc_nano.a(lib_a-signalr.o)
                0x000000000800a150                _getpid_r
 *(.glue_7)
 .glue_7        0x000000000800a154        0x0 linker stubs
 *(.glue_7t)
 .glue_7t       0x000000000800a154        0x0 linker stubs
 *(.eh_frame)
 .eh_frame      0x000000000800a154        0x0 c:/st/stm32cubeide_1.9.0/stm32cubeide/plugins/com.st.stm32cube.ide.mcu.externaltools.gnu-tools-for-stm32.10.3-2021.10.win32_1.0.0.202111181127/tools/bin/../lib/gcc/arm-none-eabi/10.3.1/thumb/v7e-m+fp/hard/crtbegin.o
 *(.init)
 .init          0x000000000800a154        0x4 c:/st/stm32cubeide_1.9.0/stm32cubeide/plugins/com.st.stm32cube.ide.mcu.externaltools.gnu-tools-for-stm32.10.3-2021.10.win32_1.0.0.202111181127/tools/bin/../lib/gcc/arm-none-eabi/10.3.1/thumb/v7e-m+fp/hard/crti.o
                0x000000000800a154                _init
 .init          0x000000000800a158        0x8 c:/st/stm32cubeide_1.9.0/stm32cubeide/plugins/com.st.stm32cube.ide.mcu.externaltools.gnu-tools-for-stm32.10.3-2021.10.win32_1.0.0.202111181127/tools/bin/../lib/gcc/arm-none-eabi/10.3.1/thumb/v7e-m+fp/hard/crtn.o
 *(.fini)
 .fini          0x000000000800a160        0x4 c:/st/stm32cubeide_1.9.0/stm32cubeide/plugins/com.st.stm32cube.ide.mcu.externaltools.gnu-tools-for-stm32.10.3-2021.10.win32_1.0.0.202111181127/tools/bin/../lib/gcc/arm-none-eabi/10.3.1/thumb/v7e-m+fp/hard/crti.o
                0x000000000800a160                _fini
 .fini          0x000000000800a164        0x8 c:/st/stm32cubeide_1.9.0/stm32cubeide/plugins/com.st.stm32cube.ide.mcu.externaltools.gnu-tools-for-stm32.10.3-2021.10.win32_1.0.0.202111181127/tools/bin/../lib/gcc/arm-none-eabi/10.3.1/thumb/v7e-m+fp/hard/crtn.o
                0x000000000800a16c                . = ALIGN (0x4)
                0x000000000800a16c                _etext = .

.vfp11_veneer   0x000000000800a16c        0x0
 .vfp11_veneer  0x000000000800a16c        0x0 linker stubs

.v4_bx          0x000000000800a16c        0x0
 .v4_bx         0x000000000800a16c        0x0 linker stubs

.iplt           0x000000000800a16c        0x0
 .iplt          0x000000000800a16c        0x0 c:/st/stm32cubeide_1.9.0/stm32cubeide/plugins/com.st.stm32cube.ide.mcu.externaltools.gnu-tools-for-stm32.10.3-2021.10.win32_1.0.0.202111181127/tools/bin/../lib/gcc/arm-none-eabi/10.3.1/thumb/v7e-m+fp/hard/crtbegin.o

.rodata         0x000000000800a16c      0x250
                0x000000000800a16c                . = ALIGN (0x4)
 *(.rodata)
 .rodata        0x000000000800a16c       0x80 ./Core/Src/main.o
 .rodata        0x000000000800a1ec       0x22 ./Core/Src/mymain.o
 *(.rodata*)
 *fill*         0x000000000800a20e        0x2 
 .rodata._ZL17ILI932x_regValues
                0x000000000800a210       0xcc ./Core/Src/mymain.o
 .rodata._ZTV11GFX_ILI9325
                0x000000000800a2dc       0x24 ./Core/Src/mymain.o
                0x000000000800a2dc                vtable for GFX_ILI9325
 .rodata._ZTV3GFX
                0x000000000800a300       0x24 ./Core/Src/mymain.o
                0x000000000800a300                vtable for GFX
 .rodata._ZTV12GFX_HW_PAR16
                0x000000000800a324       0x4c ./Core/Src/mymain.o
                0x000000000800a324                vtable for GFX_HW_PAR16
 .rodata._ZTV6GFX_HW
                0x000000000800a370       0x3c ./Core/Src/mymain.o
                0x000000000800a370                vtable for GFX_HW
 .rodata.AHBPrescTable
                0x000000000800a3ac       0x10 ./Core/Src/system_stm32g4xx.o
                0x000000000800a3ac                AHBPrescTable
                0x000000000800a3bc                . = ALIGN (0x4)

.rel.dyn        0x000000000800a3bc        0x0
 .rel.iplt      0x000000000800a3bc        0x0 c:/st/stm32cubeide_1.9.0/stm32cubeide/plugins/com.st.stm32cube.ide.mcu.externaltools.gnu-tools-for-stm32.10.3-2021.10.win32_1.0.0.202111181127/tools/bin/../lib/gcc/arm-none-eabi/10.3.1/thumb/v7e-m+fp/hard/crtbegin.o

.ARM.extab      0x000000000800a3bc        0x0
                0x000000000800a3bc                . = ALIGN (0x4)
 *(.ARM.extab* .gnu.linkonce.armextab.*)
                0x000000000800a3bc                . = ALIGN (0x4)

.ARM            0x000000000800a3bc        0x0
                0x000000000800a3bc                . = ALIGN (0x4)
                0x000000000800a3bc                __exidx_start = .
 *(.ARM.exidx*)
                0x000000000800a3bc                __exidx_end = .
                0x000000000800a3bc                . = ALIGN (0x4)

.preinit_array  0x000000000800a3bc        0x0
                0x000000000800a3bc                . = ALIGN (0x4)
                0x000000000800a3bc                PROVIDE (__preinit_array_start = .)
 *(.preinit_array*)
                0x000000000800a3bc                PROVIDE (__preinit_array_end = .)
                0x000000000800a3bc                . = ALIGN (0x4)

.init_array     0x000000000800a3bc        0x8
                0x000000000800a3bc                . = ALIGN (0x4)
                0x000000000800a3bc                PROVIDE (__init_array_start = .)
 *(SORT_BY_NAME(.init_array.*))
 *(.init_array*)
 .init_array    0x000000000800a3bc        0x4 c:/st/stm32cubeide_1.9.0/stm32cubeide/plugins/com.st.stm32cube.ide.mcu.externaltools.gnu-tools-for-stm32.10.3-2021.10.win32_1.0.0.202111181127/tools/bin/../lib/gcc/arm-none-eabi/10.3.1/thumb/v7e-m+fp/hard/crtbegin.o
 .init_array    0x000000000800a3c0        0x4 ./Core/Src/mymain.o
                0x000000000800a3c4                PROVIDE (__init_array_end = .)
                0x000000000800a3c4                . = ALIGN (0x4)

.fini_array     0x000000000800a3c4        0x4
                0x000000000800a3c4                . = ALIGN (0x4)
                [!provide]                        PROVIDE (__fini_array_start = .)
 *(SORT_BY_NAME(.fini_array.*))
 *(.fini_array*)
 .fini_array    0x000000000800a3c4        0x4 c:/st/stm32cubeide_1.9.0/stm32cubeide/plugins/com.st.stm32cube.ide.mcu.externaltools.gnu-tools-for-stm32.10.3-2021.10.win32_1.0.0.202111181127/tools/bin/../lib/gcc/arm-none-eabi/10.3.1/thumb/v7e-m+fp/hard/crtbegin.o
                [!provide]                        PROVIDE (__fini_array_end = .)
                0x000000000800a3c8                . = ALIGN (0x4)
                0x000000000800a3c8                _sidata = LOADADDR (.data)

.data           0x0000000020000000       0x98 load address 0x000000000800a3c8
                0x0000000020000000                . = ALIGN (0x4)
                0x0000000020000000                _sdata = .
 *(.data)
 *(.data*)
 .data.rgbMap   0x0000000020000000       0x22 ./Core/Src/main.o
                0x0000000020000000                rgbMap
 *fill*         0x0000000020000022        0x2 
 .data.SystemCoreClock
                0x0000000020000024        0x4 ./Core/Src/system_stm32g4xx.o
                0x0000000020000024                SystemCoreClock
 .data.uwTickPrio
                0x0000000020000028        0x4 ./Drivers/STM32G4xx_HAL_Driver/Src/stm32g4xx_hal.o
                0x0000000020000028                uwTickPrio
 .data.uwTickFreq
                0x000000002000002c        0x4 ./Drivers/STM32G4xx_HAL_Driver/Src/stm32g4xx_hal.o
                0x000000002000002c                uwTickFreq
 .data._ZN10__cxxabiv119__terminate_handlerE
                0x0000000020000030        0x4 c:/st/stm32cubeide_1.9.0/stm32cubeide/plugins/com.st.stm32cube.ide.mcu.externaltools.gnu-tools-for-stm32.10.3-2021.10.win32_1.0.0.202111181127/tools/bin/../lib/gcc/arm-none-eabi/10.3.1/../../../../arm-none-eabi/lib/thumb/v7e-m+fp/hard\libstdc++_nano.a(eh_term_handler.o)
                0x0000000020000030                __cxxabiv1::__terminate_handler
 .data._impure_ptr
                0x0000000020000034        0x4 c:/st/stm32cubeide_1.9.0/stm32cubeide/plugins/com.st.stm32cube.ide.mcu.externaltools.gnu-tools-for-stm32.10.3-2021.10.win32_1.0.0.202111181127/tools/bin/../lib/gcc/arm-none-eabi/10.3.1/../../../../arm-none-eabi/lib/thumb/v7e-m+fp/hard\libc_nano.a(lib_a-impure.o)
                0x0000000020000034                _impure_ptr
 .data.impure_data
                0x0000000020000038       0x60 c:/st/stm32cubeide_1.9.0/stm32cubeide/plugins/com.st.stm32cube.ide.mcu.externaltools.gnu-tools-for-stm32.10.3-2021.10.win32_1.0.0.202111181127/tools/bin/../lib/gcc/arm-none-eabi/10.3.1/../../../../arm-none-eabi/lib/thumb/v7e-m+fp/hard\libc_nano.a(lib_a-impure.o)
 *(.RamFunc)
 *(.RamFunc*)
                0x0000000020000098                . = ALIGN (0x4)
                0x0000000020000098                _edata = .

.igot.plt       0x0000000020000098        0x0 load address 0x000000000800a460
 .igot.plt      0x0000000020000098        0x0 c:/st/stm32cubeide_1.9.0/stm32cubeide/plugins/com.st.stm32cube.ide.mcu.externaltools.gnu-tools-for-stm32.10.3-2021.10.win32_1.0.0.202111181127/tools/bin/../lib/gcc/arm-none-eabi/10.3.1/thumb/v7e-m+fp/hard/crtbegin.o
                0x0000000020000098                . = ALIGN (0x4)

.bss            0x0000000020000098    0x193d0 load address 0x000000000800a460
                0x0000000020000098                _sbss = .
                0x0000000020000098                __bss_start__ = _sbss
 *(.bss)
 .bss           0x0000000020000098       0x1c c:/st/stm32cubeide_1.9.0/stm32cubeide/plugins/com.st.stm32cube.ide.mcu.externaltools.gnu-tools-for-stm32.10.3-2021.10.win32_1.0.0.202111181127/tools/bin/../lib/gcc/arm-none-eabi/10.3.1/thumb/v7e-m+fp/hard/crtbegin.o
 *(.bss*)
 .bss.hadc1     0x00000000200000b4       0x98 ./Core/Src/adc.o
                0x00000000200000b4                hadc1
 .bss.hadc2     0x000000002000014c       0x98 ./Core/Src/adc.o
                0x000000002000014c                hadc2
 .bss.hdma_adc1
                0x00000000200001e4       0x60 ./Core/Src/adc.o
                0x00000000200001e4                hdma_adc1
 .bss.HAL_RCC_ADC12_CLK_ENABLED
                0x0000000020000244        0x4 ./Core/Src/adc.o
 .bss.hcomp1    0x0000000020000248       0x24 ./Core/Src/comp.o
                0x0000000020000248                hcomp1
 .bss.YMap      0x000000002000026c       0x80 ./Core/Src/main.o
                0x000000002000026c                YMap
 .bss.RYMap     0x00000000200002ec       0x80 ./Core/Src/main.o
                0x00000000200002ec                RYMap
 .bss.bitMap    0x000000002000036c      0x100 ./Core/Src/main.o
                0x000000002000036c                bitMap
 .bss.rgbBuf    0x000000002000046c    0x18000 ./Core/Src/main.o
                0x000000002000046c                rgbBuf
 .bss.rgbBufIdx
                0x000000002001846c        0x4 ./Core/Src/main.o
                0x000000002001846c                rgbBufIdx
 .bss.rgbBufchunk
                0x0000000020018470        0x1 ./Core/Src/main.o
                0x0000000020018470                rgbBufchunk
 *fill*         0x0000000020018471        0x3 
 .bss.adcbuf    0x0000000020018474      0x800 ./Core/Src/main.o
                0x0000000020018474                adcbuf
 .bss.line      0x0000000020018c74        0x2 ./Core/Src/main.o
                0x0000000020018c74                line
 .bss.captureState
                0x0000000020018c76        0x1 ./Core/Src/main.o
                0x0000000020018c76                captureState
 .bss.frameReady
                0x0000000020018c77        0x1 ./Core/Src/main.o
                0x0000000020018c77                frameReady
 .bss.dmaState  0x0000000020018c78        0x1 ./Core/Src/main.o
                0x0000000020018c78                dmaState
 *fill*         0x0000000020018c79        0x1 
 .bss.pix       0x0000000020018c7a        0x2 ./Core/Src/main.o
                0x0000000020018c7a                pix
 .bss.hwspi     0x0000000020018c7c       0x28 ./Core/Src/mymain.o
                0x0000000020018c7c                hwspi
 .bss.tft       0x0000000020018ca4       0x10 ./Core/Src/mymain.o
                0x0000000020018ca4                tft
 .bss.hspi1     0x0000000020018cb4       0x8c ./Core/Src/spi.o
                0x0000000020018cb4                hspi1
 .bss.hdma_spi1_tx
                0x0000000020018d40       0x60 ./Core/Src/spi.o
                0x0000000020018d40                hdma_spi1_tx
 .bss.htim1     0x0000000020018da0       0xcc ./Core/Src/tim.o
                0x0000000020018da0                htim1
 .bss.htim2     0x0000000020018e6c       0xcc ./Core/Src/tim.o
                0x0000000020018e6c                htim2
 .bss.htim3     0x0000000020018f38       0xcc ./Core/Src/tim.o
                0x0000000020018f38                htim3
 .bss.htim4     0x0000000020019004       0xcc ./Core/Src/tim.o
                0x0000000020019004                htim4
 .bss.htim5     0x00000000200190d0       0xcc ./Core/Src/tim.o
                0x00000000200190d0                htim5
 .bss.htim8     0x000000002001919c       0xcc ./Core/Src/tim.o
                0x000000002001919c                htim8
 .bss.htim16    0x0000000020019268       0xcc ./Core/Src/tim.o
                0x0000000020019268                htim16
 .bss.htim20    0x0000000020019334       0xcc ./Core/Src/tim.o
                0x0000000020019334                htim20
 .bss.hdma_tim20_ch1
                0x0000000020019400       0x60 ./Core/Src/tim.o
                0x0000000020019400                hdma_tim20_ch1
 .bss.uwTick    0x0000000020019460        0x4 ./Drivers/STM32G4xx_HAL_Driver/Src/stm32g4xx_hal.o
                0x0000000020019460                uwTick
 .bss.errno     0x0000000020019464        0x4 c:/st/stm32cubeide_1.9.0/stm32cubeide/plugins/com.st.stm32cube.ide.mcu.externaltools.gnu-tools-for-stm32.10.3-2021.10.win32_1.0.0.202111181127/tools/bin/../lib/gcc/arm-none-eabi/10.3.1/../../../../arm-none-eabi/lib/thumb/v7e-m+fp/hard\libc_nano.a(lib_a-reent.o)
                0x0000000020019464                errno
 *(COMMON)
                0x0000000020019468                . = ALIGN (0x4)
                0x0000000020019468                _ebss = .
                0x0000000020019468                __bss_end__ = _ebss

._user_heap_stack
                0x0000000020019468      0x600 load address 0x000000000800a460
                0x0000000020019468                . = ALIGN (0x8)
                [!provide]                        PROVIDE (end = .)
                0x0000000020019468                PROVIDE (_end = .)
                0x0000000020019668                . = (. + _Min_Heap_Size)
 *fill*         0x0000000020019468      0x200 
                0x0000000020019a68                . = (. + _Min_Stack_Size)
 *fill*         0x0000000020019668      0x400 
                0x0000000020019a68                . = ALIGN (0x8)

/DISCARD/
 libc.a(*)
 libm.a(*)
 libgcc.a(*)

.ARM.attributes
                0x0000000000000000       0x30
 *(.ARM.attributes)
 .ARM.attributes
                0x0000000000000000       0x1e c:/st/stm32cubeide_1.9.0/stm32cubeide/plugins/com.st.stm32cube.ide.mcu.externaltools.gnu-tools-for-stm32.10.3-2021.10.win32_1.0.0.202111181127/tools/bin/../lib/gcc/arm-none-eabi/10.3.1/thumb/v7e-m+fp/hard/crti.o
 .ARM.attributes
                0x000000000000001e       0x34 c:/st/stm32cubeide_1.9.0/stm32cubeide/plugins/com.st.stm32cube.ide.mcu.externaltools.gnu-tools-for-stm32.10.3-2021.10.win32_1.0.0.202111181127/tools/bin/../lib/gcc/arm-none-eabi/10.3.1/thumb/v7e-m+fp/hard/crtbegin.o
 .ARM.attributes
                0x0000000000000052       0x34 ./Core/Src/adc.o
 .ARM.attributes
                0x0000000000000086       0x34 ./Core/Src/comp.o
 .ARM.attributes
                0x00000000000000ba       0x34 ./Core/Src/dma.o
 .ARM.attributes
                0x00000000000000ee       0x34 ./Core/Src/gpio.o
 .ARM.attributes
                0x0000000000000122       0x34 ./Core/Src/main.o
 .ARM.attributes
                0x0000000000000156       0x34 ./Core/Src/mymain.o
 .ARM.attributes
                0x000000000000018a       0x34 ./Core/Src/spi.o
 .ARM.attributes
                0x00000000000001be       0x34 ./Core/Src/stm32g4xx_hal_msp.o
 .ARM.attributes
                0x00000000000001f2       0x34 ./Core/Src/stm32g4xx_it.o
 .ARM.attributes
                0x0000000000000226       0x34 ./Core/Src/syscalls.o
 .ARM.attributes
                0x000000000000025a       0x34 ./Core/Src/system_stm32g4xx.o
 .ARM.attributes
                0x000000000000028e       0x34 ./Core/Src/tim.o
 .ARM.attributes
                0x00000000000002c2       0x21 ./Core/Startup/startup_stm32g474retx.o
 .ARM.attributes
                0x00000000000002e3       0x34 ./Drivers/STM32G4xx_HAL_Driver/Src/stm32g4xx_hal.o
 .ARM.attributes
                0x0000000000000317       0x34 ./Drivers/STM32G4xx_HAL_Driver/Src/stm32g4xx_hal_adc.o
 .ARM.attributes
                0x000000000000034b       0x34 ./Drivers/STM32G4xx_HAL_Driver/Src/stm32g4xx_hal_adc_ex.o
 .ARM.attributes
                0x000000000000037f       0x34 ./Drivers/STM32G4xx_HAL_Driver/Src/stm32g4xx_hal_comp.o
 .ARM.attributes
                0x00000000000003b3       0x34 ./Drivers/STM32G4xx_HAL_Driver/Src/stm32g4xx_hal_cortex.o
 .ARM.attributes
                0x00000000000003e7       0x34 ./Drivers/STM32G4xx_HAL_Driver/Src/stm32g4xx_hal_dma.o
 .ARM.attributes
                0x000000000000041b       0x34 ./Drivers/STM32G4xx_HAL_Driver/Src/stm32g4xx_hal_dma_ex.o
 .ARM.attributes
                0x000000000000044f       0x34 ./Drivers/STM32G4xx_HAL_Driver/Src/stm32g4xx_hal_gpio.o
 .ARM.attributes
                0x0000000000000483       0x34 ./Drivers/STM32G4xx_HAL_Driver/Src/stm32g4xx_hal_pwr_ex.o
 .ARM.attributes
                0x00000000000004b7       0x34 ./Drivers/STM32G4xx_HAL_Driver/Src/stm32g4xx_hal_rcc.o
 .ARM.attributes
                0x00000000000004eb       0x34 ./Drivers/STM32G4xx_HAL_Driver/Src/stm32g4xx_hal_rcc_ex.o
 .ARM.attributes
                0x000000000000051f       0x34 ./Drivers/STM32G4xx_HAL_Driver/Src/stm32g4xx_hal_spi.o
 .ARM.attributes
                0x0000000000000553       0x34 ./Drivers/STM32G4xx_HAL_Driver/Src/stm32g4xx_hal_tim.o
 .ARM.attributes
                0x0000000000000587       0x34 ./Drivers/STM32G4xx_HAL_Driver/Src/stm32g4xx_hal_tim_ex.o
 .ARM.attributes
                0x00000000000005bb       0x34 c:/st/stm32cubeide_1.9.0/stm32cubeide/plugins/com.st.stm32cube.ide.mcu.externaltools.gnu-tools-for-stm32.10.3-2021.10.win32_1.0.0.202111181127/tools/bin/../lib/gcc/arm-none-eabi/10.3.1/../../../../arm-none-eabi/lib/thumb/v7e-m+fp/hard\libstdc++_nano.a(pure.o)
 .ARM.attributes
                0x00000000000005ef       0x34 c:/st/stm32cubeide_1.9.0/stm32cubeide/plugins/com.st.stm32cube.ide.mcu.externaltools.gnu-tools-for-stm32.10.3-2021.10.win32_1.0.0.202111181127/tools/bin/../lib/gcc/arm-none-eabi/10.3.1/../../../../arm-none-eabi/lib/thumb/v7e-m+fp/hard\libstdc++_nano.a(eh_terminate.o)
 .ARM.attributes
                0x0000000000000623       0x34 c:/st/stm32cubeide_1.9.0/stm32cubeide/plugins/com.st.stm32cube.ide.mcu.externaltools.gnu-tools-for-stm32.10.3-2021.10.win32_1.0.0.202111181127/tools/bin/../lib/gcc/arm-none-eabi/10.3.1/../../../../arm-none-eabi/lib/thumb/v7e-m+fp/hard\libstdc++_nano.a(eh_term_handler.o)
 .ARM.attributes
                0x0000000000000657       0x34 c:/st/stm32cubeide_1.9.0/stm32cubeide/plugins/com.st.stm32cube.ide.mcu.externaltools.gnu-tools-for-stm32.10.3-2021.10.win32_1.0.0.202111181127/tools/bin/../lib/gcc/arm-none-eabi/10.3.1/../../../../arm-none-eabi/lib/thumb/v7e-m+fp/hard\libc_nano.a(lib_a-abort.o)
 .ARM.attributes
                0x000000000000068b       0x34 c:/st/stm32cubeide_1.9.0/stm32cubeide/plugins/com.st.stm32cube.ide.mcu.externaltools.gnu-tools-for-stm32.10.3-2021.10.win32_1.0.0.202111181127/tools/bin/../lib/gcc/arm-none-eabi/10.3.1/../../../../arm-none-eabi/lib/thumb/v7e-m+fp/hard\libc_nano.a(lib_a-errno.o)
 .ARM.attributes
                0x00000000000006bf       0x34 c:/st/stm32cubeide_1.9.0/stm32cubeide/plugins/com.st.stm32cube.ide.mcu.externaltools.gnu-tools-for-stm32.10.3-2021.10.win32_1.0.0.202111181127/tools/bin/../lib/gcc/arm-none-eabi/10.3.1/../../../../arm-none-eabi/lib/thumb/v7e-m+fp/hard\libc_nano.a(lib_a-impure.o)
 .ARM.attributes
                0x00000000000006f3       0x34 c:/st/stm32cubeide_1.9.0/stm32cubeide/plugins/com.st.stm32cube.ide.mcu.externaltools.gnu-tools-for-stm32.10.3-2021.10.win32_1.0.0.202111181127/tools/bin/../lib/gcc/arm-none-eabi/10.3.1/../../../../arm-none-eabi/lib/thumb/v7e-m+fp/hard\libc_nano.a(lib_a-init.o)
 .ARM.attributes
                0x0000000000000727       0x34 c:/st/stm32cubeide_1.9.0/stm32cubeide/plugins/com.st.stm32cube.ide.mcu.externaltools.gnu-tools-for-stm32.10.3-2021.10.win32_1.0.0.202111181127/tools/bin/../lib/gcc/arm-none-eabi/10.3.1/../../../../arm-none-eabi/lib/thumb/v7e-m+fp/hard\libc_nano.a(lib_a-memset.o)
 .ARM.attributes
                0x000000000000075b       0x34 c:/st/stm32cubeide_1.9.0/stm32cubeide/plugins/com.st.stm32cube.ide.mcu.externaltools.gnu-tools-for-stm32.10.3-2021.10.win32_1.0.0.202111181127/tools/bin/../lib/gcc/arm-none-eabi/10.3.1/../../../../arm-none-eabi/lib/thumb/v7e-m+fp/hard\libc_nano.a(lib_a-signal.o)
 .ARM.attributes
                0x000000000000078f       0x34 c:/st/stm32cubeide_1.9.0/stm32cubeide/plugins/com.st.stm32cube.ide.mcu.externaltools.gnu-tools-for-stm32.10.3-2021.10.win32_1.0.0.202111181127/tools/bin/../lib/gcc/arm-none-eabi/10.3.1/../../../../arm-none-eabi/lib/thumb/v7e-m+fp/hard\libc_nano.a(lib_a-signalr.o)
 .ARM.attributes
                0x00000000000007c3       0x34 c:/st/stm32cubeide_1.9.0/stm32cubeide/plugins/com.st.stm32cube.ide.mcu.externaltools.gnu-tools-for-stm32.10.3-2021.10.win32_1.0.0.202111181127/tools/bin/../lib/gcc/arm-none-eabi/10.3.1/../../../../arm-none-eabi/lib/thumb/v7e-m+fp/hard\libc_nano.a(lib_a-reent.o)
 .ARM.attributes
                0x00000000000007f7       0x1e c:/st/stm32cubeide_1.9.0/stm32cubeide/plugins/com.st.stm32cube.ide.mcu.externaltools.gnu-tools-for-stm32.10.3-2021.10.win32_1.0.0.202111181127/tools/bin/../lib/gcc/arm-none-eabi/10.3.1/thumb/v7e-m+fp/hard/crtn.o
OUTPUT(VDPDMA.elf elf32-littlearm)
LOAD linker stubs
LOAD c:/st/stm32cubeide_1.9.0/stm32cubeide/plugins/com.st.stm32cube.ide.mcu.externaltools.gnu-tools-for-stm32.10.3-2021.10.win32_1.0.0.202111181127/tools/bin/../lib/gcc/arm-none-eabi/10.3.1/../../../../arm-none-eabi/lib/thumb/v7e-m+fp/hard\libc.a
LOAD c:/st/stm32cubeide_1.9.0/stm32cubeide/plugins/com.st.stm32cube.ide.mcu.externaltools.gnu-tools-for-stm32.10.3-2021.10.win32_1.0.0.202111181127/tools/bin/../lib/gcc/arm-none-eabi/10.3.1/../../../../arm-none-eabi/lib/thumb/v7e-m+fp/hard\libm.a
LOAD c:/st/stm32cubeide_1.9.0/stm32cubeide/plugins/com.st.stm32cube.ide.mcu.externaltools.gnu-tools-for-stm32.10.3-2021.10.win32_1.0.0.202111181127/tools/bin/../lib/gcc/arm-none-eabi/10.3.1/thumb/v7e-m+fp/hard\libgcc.a

.debug_info     0x0000000000000000    0x1c6e2
 .debug_info    0x0000000000000000     0x10fe ./Core/Src/adc.o
 .debug_info    0x00000000000010fe      0x6be ./Core/Src/comp.o
 .debug_info    0x00000000000017bc      0x620 ./Core/Src/dma.o
 .debug_info    0x0000000000001ddc      0x5a9 ./Core/Src/gpio.o
 .debug_info    0x0000000000002385     0x22ea ./Core/Src/main.o
 .debug_info    0x000000000000466f     0x2f8a ./Core/Src/mymain.o
 .debug_info    0x00000000000075f9      0xc5c ./Core/Src/spi.o
 .debug_info    0x0000000000008255      0x324 ./Core/Src/stm32g4xx_hal_msp.o
 .debug_info    0x0000000000008579      0xb5d ./Core/Src/stm32g4xx_it.o
 .debug_info    0x00000000000090d6      0x6e0 ./Core/Src/syscalls.o
 .debug_info    0x00000000000097b6      0x59f ./Core/Src/system_stm32g4xx.o
 .debug_info    0x0000000000009d55     0x1a90 ./Core/Src/tim.o
 .debug_info    0x000000000000b7e5       0x22 ./Core/Startup/startup_stm32g474retx.o
 .debug_info    0x000000000000b807      0xcf9 ./Drivers/STM32G4xx_HAL_Driver/Src/stm32g4xx_hal.o
 .debug_info    0x000000000000c500     0x2318 ./Drivers/STM32G4xx_HAL_Driver/Src/stm32g4xx_hal_adc.o
 .debug_info    0x000000000000e818     0x1f00 ./Drivers/STM32G4xx_HAL_Driver/Src/stm32g4xx_hal_adc_ex.o
 .debug_info    0x0000000000010718      0x8e4 ./Drivers/STM32G4xx_HAL_Driver/Src/stm32g4xx_hal_comp.o
 .debug_info    0x0000000000010ffc      0xe7e ./Drivers/STM32G4xx_HAL_Driver/Src/stm32g4xx_hal_cortex.o
 .debug_info    0x0000000000011e7a      0x8ee ./Drivers/STM32G4xx_HAL_Driver/Src/stm32g4xx_hal_dma.o
 .debug_info    0x0000000000012768      0x675 ./Drivers/STM32G4xx_HAL_Driver/Src/stm32g4xx_hal_dma_ex.o
 .debug_info    0x0000000000012ddd      0x82f ./Drivers/STM32G4xx_HAL_Driver/Src/stm32g4xx_hal_gpio.o
 .debug_info    0x000000000001360c      0x983 ./Drivers/STM32G4xx_HAL_Driver/Src/stm32g4xx_hal_pwr_ex.o
 .debug_info    0x0000000000013f8f      0xcb7 ./Drivers/STM32G4xx_HAL_Driver/Src/stm32g4xx_hal_rcc.o
 .debug_info    0x0000000000014c46      0xd32 ./Drivers/STM32G4xx_HAL_Driver/Src/stm32g4xx_hal_rcc_ex.o
 .debug_info    0x0000000000015978     0x1a56 ./Drivers/STM32G4xx_HAL_Driver/Src/stm32g4xx_hal_spi.o
 .debug_info    0x00000000000173ce     0x3262 ./Drivers/STM32G4xx_HAL_Driver/Src/stm32g4xx_hal_tim.o
 .debug_info    0x000000000001a630     0x20b2 ./Drivers/STM32G4xx_HAL_Driver/Src/stm32g4xx_hal_tim_ex.o

.debug_abbrev   0x0000000000000000     0x3b06
 .debug_abbrev  0x0000000000000000      0x204 ./Core/Src/adc.o
 .debug_abbrev  0x0000000000000204      0x1bf ./Core/Src/comp.o
 .debug_abbrev  0x00000000000003c3      0x103 ./Core/Src/dma.o
 .debug_abbrev  0x00000000000004c6      0x146 ./Core/Src/gpio.o
 .debug_abbrev  0x000000000000060c      0x3f8 ./Core/Src/main.o
 .debug_abbrev  0x0000000000000a04      0x57b ./Core/Src/mymain.o
 .debug_abbrev  0x0000000000000f7f      0x1f3 ./Core/Src/spi.o
 .debug_abbrev  0x0000000000001172       0xc2 ./Core/Src/stm32g4xx_hal_msp.o
 .debug_abbrev  0x0000000000001234      0x1f5 ./Core/Src/stm32g4xx_it.o
 .debug_abbrev  0x0000000000001429      0x1b3 ./Core/Src/syscalls.o
 .debug_abbrev  0x00000000000015dc      0x116 ./Core/Src/system_stm32g4xx.o
 .debug_abbrev  0x00000000000016f2      0x29a ./Core/Src/tim.o
 .debug_abbrev  0x000000000000198c       0x12 ./Core/Startup/startup_stm32g474retx.o
 .debug_abbrev  0x000000000000199e      0x269 ./Drivers/STM32G4xx_HAL_Driver/Src/stm32g4xx_hal.o
 .debug_abbrev  0x0000000000001c07      0x2e3 ./Drivers/STM32G4xx_HAL_Driver/Src/stm32g4xx_hal_adc.o
 .debug_abbrev  0x0000000000001eea      0x2eb ./Drivers/STM32G4xx_HAL_Driver/Src/stm32g4xx_hal_adc_ex.o
 .debug_abbrev  0x00000000000021d5      0x1ff ./Drivers/STM32G4xx_HAL_Driver/Src/stm32g4xx_hal_comp.o
 .debug_abbrev  0x00000000000023d4      0x30d ./Drivers/STM32G4xx_HAL_Driver/Src/stm32g4xx_hal_cortex.o
 .debug_abbrev  0x00000000000026e1      0x1d7 ./Drivers/STM32G4xx_HAL_Driver/Src/stm32g4xx_hal_dma.o
 .debug_abbrev  0x00000000000028b8      0x1b7 ./Drivers/STM32G4xx_HAL_Driver/Src/stm32g4xx_hal_dma_ex.o
 .debug_abbrev  0x0000000000002a6f      0x1bb ./Drivers/STM32G4xx_HAL_Driver/Src/stm32g4xx_hal_gpio.o
 .debug_abbrev  0x0000000000002c2a      0x229 ./Drivers/STM32G4xx_HAL_Driver/Src/stm32g4xx_hal_pwr_ex.o
 .debug_abbrev  0x0000000000002e53      0x2bd ./Drivers/STM32G4xx_HAL_Driver/Src/stm32g4xx_hal_rcc.o
 .debug_abbrev  0x0000000000003110      0x247 ./Drivers/STM32G4xx_HAL_Driver/Src/stm32g4xx_hal_rcc_ex.o
 .debug_abbrev  0x0000000000003357      0x254 ./Drivers/STM32G4xx_HAL_Driver/Src/stm32g4xx_hal_spi.o
 .debug_abbrev  0x00000000000035ab      0x29f ./Drivers/STM32G4xx_HAL_Driver/Src/stm32g4xx_hal_tim.o
 .debug_abbrev  0x000000000000384a      0x2bc ./Drivers/STM32G4xx_HAL_Driver/Src/stm32g4xx_hal_tim_ex.o

.debug_aranges  0x0000000000000000     0x17f8
 .debug_aranges
                0x0000000000000000       0x38 ./Core/Src/adc.o
 .debug_aranges
                0x0000000000000038       0x30 ./Core/Src/comp.o
 .debug_aranges
                0x0000000000000068       0x20 ./Core/Src/dma.o
 .debug_aranges
                0x0000000000000088       0x20 ./Core/Src/gpio.o
 .debug_aranges
                0x00000000000000a8       0x80 ./Core/Src/main.o
 .debug_aranges
                0x0000000000000128      0x130 ./Core/Src/mymain.o
 .debug_aranges
                0x0000000000000258       0x30 ./Core/Src/spi.o
 .debug_aranges
                0x0000000000000288       0x20 ./Core/Src/stm32g4xx_hal_msp.o
 .debug_aranges
                0x00000000000002a8       0x90 ./Core/Src/stm32g4xx_it.o
 .debug_aranges
                0x0000000000000338       0xa8 ./Core/Src/syscalls.o
 .debug_aranges
                0x00000000000003e0       0x28 ./Core/Src/system_stm32g4xx.o
 .debug_aranges
                0x0000000000000408       0x80 ./Core/Src/tim.o
 .debug_aranges
                0x0000000000000488       0x28 ./Core/Startup/startup_stm32g474retx.o
 .debug_aranges
                0x00000000000004b0      0x130 ./Drivers/STM32G4xx_HAL_Driver/Src/stm32g4xx_hal.o
 .debug_aranges
                0x00000000000005e0      0x258 ./Drivers/STM32G4xx_HAL_Driver/Src/stm32g4xx_hal_adc.o
 .debug_aranges
                0x0000000000000838      0x1c0 ./Drivers/STM32G4xx_HAL_Driver/Src/stm32g4xx_hal_adc_ex.o
 .debug_aranges
                0x00000000000009f8      0x118 ./Drivers/STM32G4xx_HAL_Driver/Src/stm32g4xx_hal_comp.o
 .debug_aranges
                0x0000000000000b10      0x118 ./Drivers/STM32G4xx_HAL_Driver/Src/stm32g4xx_hal_cortex.o
 .debug_aranges
                0x0000000000000c28       0x90 ./Drivers/STM32G4xx_HAL_Driver/Src/stm32g4xx_hal_dma.o
 .debug_aranges
                0x0000000000000cb8       0x40 ./Drivers/STM32G4xx_HAL_Driver/Src/stm32g4xx_hal_dma_ex.o
 .debug_aranges
                0x0000000000000cf8       0x58 ./Drivers/STM32G4xx_HAL_Driver/Src/stm32g4xx_hal_gpio.o
 .debug_aranges
                0x0000000000000d50      0x140 ./Drivers/STM32G4xx_HAL_Driver/Src/stm32g4xx_hal_pwr_ex.o
 .debug_aranges
                0x0000000000000e90       0x98 ./Drivers/STM32G4xx_HAL_Driver/Src/stm32g4xx_hal_rcc.o
 .debug_aranges
                0x0000000000000f28       0xb0 ./Drivers/STM32G4xx_HAL_Driver/Src/stm32g4xx_hal_rcc_ex.o
 .debug_aranges