Archive member included to satisfy reference by file (symbol)

c:/st/stm32cubeide_1.9.0/stm32cubeide/plugins/com.st.stm32cube.ide.mcu.externaltools.gnu-tools-for-stm32.10.3-2021.10.win32_1.0.0.202111181127/tools/bin/../lib/gcc/arm-none-eabi/10.3.1/../../../../arm-none-eabi/lib/thumb/v7e-m+fp/hard\libstdc++_nano.a(pure.o)
                              ./Core/Src/mymain.o (__cxa_pure_virtual)
c:/st/stm32cubeide_1.9.0/stm32cubeide/plugins/com.st.stm32cube.ide.mcu.externaltools.gnu-tools-for-stm32.10.3-2021.10.win32_1.0.0.202111181127/tools/bin/../lib/gcc/arm-none-eabi/10.3.1/../../../../arm-none-eabi/lib/thumb/v7e-m+fp/hard\libstdc++_nano.a(eh_terminate.o)
                              c:/st/stm32cubeide_1.9.0/stm32cubeide/plugins/com.st.stm32cube.ide.mcu.externaltools.gnu-tools-for-stm32.10.3-2021.10.win32_1.0.0.202111181127/tools/bin/../lib/gcc/arm-none-eabi/10.3.1/../../../../arm-none-eabi/lib/thumb/v7e-m+fp/hard\libstdc++_nano.a(pure.o) (std::terminate())
c:/st/stm32cubeide_1.9.0/stm32cubeide/plugins/com.st.stm32cube.ide.mcu.externaltools.gnu-tools-for-stm32.10.3-2021.10.win32_1.0.0.202111181127/tools/bin/../lib/gcc/arm-none-eabi/10.3.1/../../../../arm-none-eabi/lib/thumb/v7e-m+fp/hard\libstdc++_nano.a(eh_unex_handler.o)
                              c:/st/stm32cubeide_1.9.0/stm32cubeide/plugins/com.st.stm32cube.ide.mcu.externaltools.gnu-tools-for-stm32.10.3-2021.10.win32_1.0.0.202111181127/tools/bin/../lib/gcc/arm-none-eabi/10.3.1/../../../../arm-none-eabi/lib/thumb/v7e-m+fp/hard\libstdc++_nano.a(eh_terminate.o) (__cxxabiv1::__unexpected_handler)
c:/st/stm32cubeide_1.9.0/stm32cubeide/plugins/com.st.stm32cube.ide.mcu.externaltools.gnu-tools-for-stm32.10.3-2021.10.win32_1.0.0.202111181127/tools/bin/../lib/gcc/arm-none-eabi/10.3.1/../../../../arm-none-eabi/lib/thumb/v7e-m+fp/hard\libstdc++_nano.a(eh_term_handler.o)
                              c:/st/stm32cubeide_1.9.0/stm32cubeide/plugins/com.st.stm32cube.ide.mcu.externaltools.gnu-tools-for-stm32.10.3-2021.10.win32_1.0.0.202111181127/tools/bin/../lib/gcc/arm-none-eabi/10.3.1/../../../../arm-none-eabi/lib/thumb/v7e-m+fp/hard\libstdc++_nano.a(eh_terminate.o) (__cxxabiv1::__terminate_handler)
c:/st/stm32cubeide_1.9.0/stm32cubeide/plugins/com.st.stm32cube.ide.mcu.externaltools.gnu-tools-for-stm32.10.3-2021.10.win32_1.0.0.202111181127/tools/bin/../lib/gcc/arm-none-eabi/10.3.1/../../../../arm-none-eabi/lib/thumb/v7e-m+fp/hard\libc_nano.a(lib_a-abort.o)
                              c:/st/stm32cubeide_1.9.0/stm32cubeide/plugins/com.st.stm32cube.ide.mcu.externaltools.gnu-tools-for-stm32.10.3-2021.10.win32_1.0.0.202111181127/tools/bin/../lib/gcc/arm-none-eabi/10.3.1/../../../../arm-none-eabi/lib/thumb/v7e-m+fp/hard\libstdc++_nano.a(eh_terminate.o) (abort)
c:/st/stm32cubeide_1.9.0/stm32cubeide/plugins/com.st.stm32cube.ide.mcu.externaltools.gnu-tools-for-stm32.10.3-2021.10.win32_1.0.0.202111181127/tools/bin/../lib/gcc/arm-none-eabi/10.3.1/../../../../arm-none-eabi/lib/thumb/v7e-m+fp/hard\libc_nano.a(lib_a-errno.o)
                              ./Core/Src/syscalls.o (__errno)
c:/st/stm32cubeide_1.9.0/stm32cubeide/plugins/com.st.stm32cube.ide.mcu.externaltools.gnu-tools-for-stm32.10.3-2021.10.win32_1.0.0.202111181127/tools/bin/../lib/gcc/arm-none-eabi/10.3.1/../../../../arm-none-eabi/lib/thumb/v7e-m+fp/hard\libc_nano.a(lib_a-exit.o)
                              c:/st/stm32cubeide_1.9.0/stm32cubeide/plugins/com.st.stm32cube.ide.mcu.externaltools.gnu-tools-for-stm32.10.3-2021.10.win32_1.0.0.202111181127/tools/bin/../lib/gcc/arm-none-eabi/10.3.1/../../../../arm-none-eabi/lib/thumb/v7e-m+fp/hard/crt0.o (exit)
c:/st/stm32cubeide_1.9.0/stm32cubeide/plugins/com.st.stm32cube.ide.mcu.externaltools.gnu-tools-for-stm32.10.3-2021.10.win32_1.0.0.202111181127/tools/bin/../lib/gcc/arm-none-eabi/10.3.1/../../../../arm-none-eabi/lib/thumb/v7e-m+fp/hard\libc_nano.a(lib_a-impure.o)
                              c:/st/stm32cubeide_1.9.0/stm32cubeide/plugins/com.st.stm32cube.ide.mcu.externaltools.gnu-tools-for-stm32.10.3-2021.10.win32_1.0.0.202111181127/tools/bin/../lib/gcc/arm-none-eabi/10.3.1/../../../../arm-none-eabi/lib/thumb/v7e-m+fp/hard\libc_nano.a(lib_a-exit.o) (_global_impure_ptr)
c:/st/stm32cubeide_1.9.0/stm32cubeide/plugins/com.st.stm32cube.ide.mcu.externaltools.gnu-tools-for-stm32.10.3-2021.10.win32_1.0.0.202111181127/tools/bin/../lib/gcc/arm-none-eabi/10.3.1/../../../../arm-none-eabi/lib/thumb/v7e-m+fp/hard\libc_nano.a(lib_a-init.o)
                              c:/st/stm32cubeide_1.9.0/stm32cubeide/plugins/com.st.stm32cube.ide.mcu.externaltools.gnu-tools-for-stm32.10.3-2021.10.win32_1.0.0.202111181127/tools/bin/../lib/gcc/arm-none-eabi/10.3.1/../../../../arm-none-eabi/lib/thumb/v7e-m+fp/hard/crt0.o (__libc_init_array)
[...]
Memory Configuration

Name             Origin             Length             Attributes
RAM              0x0000000020000000 0x0000000000020000 xrw
FLASH            0x0000000008000000 0x0000000000080000 xr
*default*        0x0000000000000000 0xffffffffffffffff

Linker script and memory map

LOAD c:/st/stm32cubeide_1.9.0/stm32cubeide/plugins/com.st.stm32cube.ide.mcu.externaltools.gnu-tools-for-stm32.10.3-2021.10.win32_1.0.0.202111181127/tools/bin/../lib/gcc/arm-none-eabi/10.3.1/thumb/v7e-m+fp/hard/crti.o
LOAD c:/st/stm32cubeide_1.9.0/stm32cubeide/plugins/com.st.stm32cube.ide.mcu.externaltools.gnu-tools-for-stm32.10.3-2021.10.win32_1.0.0.202111181127/tools/bin/../lib/gcc/arm-none-eabi/10.3.1/thumb/v7e-m+fp/hard/crtbegin.o
LOAD c:/st/stm32cubeide_1.9.0/stm32cubeide/plugins/com.st.stm32cube.ide.mcu.externaltools.gnu-tools-for-stm32.10.3-2021.10.win32_1.0.0.202111181127/tools/bin/../lib/gcc/arm-none-eabi/10.3.1/../../../../arm-none-eabi/lib/thumb/v7e-m+fp/hard/crt0.o
LOAD ./Core/Src/adc.o
LOAD ./Core/Src/comp.o
LOAD ./Core/Src/dma.o
LOAD ./Core/Src/gpio.o
LOAD ./Core/Src/main.o
LOAD ./Core/Src/mymain.o
LOAD ./Core/Src/spi.o
LOAD ./Core/Src/stm32g4xx_hal_msp.o
LOAD ./Core/Src/stm32g4xx_it.o
LOAD ./Core/Src/syscalls.o
LOAD ./Core/Src/sysmem.o
LOAD ./Core/Src/system_stm32g4xx.o
LOAD ./Core/Src/tim.o
LOAD ./Core/Src/vdp.o
LOAD ./Core/Startup/startup_stm32g474retx.o
LOAD ./Drivers/STM32G4xx_HAL_Driver/Src/stm32g4xx_hal.o
LOAD ./Drivers/STM32G4xx_HAL_Driver/Src/stm32g4xx_hal_adc.o
LOAD ./Drivers/STM32G4xx_HAL_Driver/Src/stm32g4xx_hal_adc_ex.o
LOAD ./Drivers/STM32G4xx_HAL_Driver/Src/stm32g4xx_hal_comp.o
LOAD ./Drivers/STM32G4xx_HAL_Driver/Src/stm32g4xx_hal_cortex.o
LOAD ./Drivers/STM32G4xx_HAL_Driver/Src/stm32g4xx_hal_dma.o
LOAD ./Drivers/STM32G4xx_HAL_Driver/Src/stm32g4xx_hal_dma_ex.o
LOAD ./Drivers/STM32G4xx_HAL_Driver/Src/stm32g4xx_hal_exti.o
LOAD ./Drivers/STM32G4xx_HAL_Driver/Src/stm32g4xx_hal_flash.o
LOAD ./Drivers/STM32G4xx_HAL_Driver/Src/stm32g4xx_hal_flash_ex.o
LOAD ./Drivers/STM32G4xx_HAL_Driver/Src/stm32g4xx_hal_flash_ramfunc.o
LOAD ./Drivers/STM32G4xx_HAL_Driver/Src/stm32g4xx_hal_gpio.o
LOAD ./Drivers/STM32G4xx_HAL_Driver/Src/stm32g4xx_hal_pwr.o
LOAD ./Drivers/STM32G4xx_HAL_Driver/Src/stm32g4xx_hal_pwr_ex.o
LOAD ./Drivers/STM32G4xx_HAL_Driver/Src/stm32g4xx_hal_rcc.o
LOAD ./Drivers/STM32G4xx_HAL_Driver/Src/stm32g4xx_hal_rcc_ex.o
LOAD ./Drivers/STM32G4xx_HAL_Driver/Src/stm32g4xx_hal_spi.o
LOAD ./Drivers/STM32G4xx_HAL_Driver/Src/stm32g4xx_hal_spi_ex.o
LOAD ./Drivers/STM32G4xx_HAL_Driver/Src/stm32g4xx_hal_tim.o
LOAD ./Drivers/STM32G4xx_HAL_Driver/Src/stm32g4xx_hal_tim_ex.o
LOAD ./Drivers/STM32G4xx_HAL_Driver/Src/stm32g4xx_ll_adc.o
START GROUP
LOAD c:/st/stm32cubeide_1.9.0/stm32cubeide/plugins/com.st.stm32cube.ide.mcu.externaltools.gnu-tools-for-stm32.10.3-2021.10.win32_1.0.0.202111181127/tools/bin/../lib/gcc/arm-none-eabi/10.3.1/../../../../arm-none-eabi/lib/thumb/v7e-m+fp/hard\libstdc++_nano.a
LOAD c:/st/stm32cubeide_1.9.0/stm32cubeide/plugins/com.st.stm32cube.ide.mcu.externaltools.gnu-tools-for-stm32.10.3-2021.10.win32_1.0.0.202111181127/tools/bin/../lib/gcc/arm-none-eabi/10.3.1/../../../../arm-none-eabi/lib/thumb/v7e-m+fp/hard\libsupc++_nano.a
END GROUP
LOAD c:/st/stm32cubeide_1.9.0/stm32cubeide/plugins/com.st.stm32cube.ide.mcu.externaltools.gnu-tools-for-stm32.10.3-2021.10.win32_1.0.0.202111181127/tools/bin/../lib/gcc/arm-none-eabi/10.3.1/../../../../arm-none-eabi/lib/thumb/v7e-m+fp/hard\libstdc++_nano.a
LOAD c:/st/stm32cubeide_1.9.0/stm32cubeide/plugins/com.st.stm32cube.ide.mcu.externaltools.gnu-tools-for-stm32.10.3-2021.10.win32_1.0.0.202111181127/tools/bin/../lib/gcc/arm-none-eabi/10.3.1/../../../../arm-none-eabi/lib/thumb/v7e-m+fp/hard\libm.a
LOAD c:/st/stm32cubeide_1.9.0/stm32cubeide/plugins/com.st.stm32cube.ide.mcu.externaltools.gnu-tools-for-stm32.10.3-2021.10.win32_1.0.0.202111181127/tools/bin/../lib/gcc/arm-none-eabi/10.3.1/../../../../arm-none-eabi/lib/thumb/v7e-m+fp/hard\libc_nano.a
START GROUP
LOAD c:/st/stm32cubeide_1.9.0/stm32cubeide/plugins/com.st.stm32cube.ide.mcu.externaltools.gnu-tools-for-stm32.10.3-2021.10.win32_1.0.0.202111181127/tools/bin/../lib/gcc/arm-none-eabi/10.3.1/thumb/v7e-m+fp/hard\libgcc.a
LOAD c:/st/stm32cubeide_1.9.0/stm32cubeide/plugins/com.st.stm32cube.ide.mcu.externaltools.gnu-tools-for-stm32.10.3-2021.10.win32_1.0.0.202111181127/tools/bin/../lib/gcc/arm-none-eabi/10.3.1/../../../../arm-none-eabi/lib/thumb/v7e-m+fp/hard\libc_nano.a
END GROUP
START GROUP
LOAD c:/st/stm32cubeide_1.9.0/stm32cubeide/plugins/com.st.stm32cube.ide.mcu.externaltools.gnu-tools-for-stm32.10.3-2021.10.win32_1.0.0.202111181127/tools/bin/../lib/gcc/arm-none-eabi/10.3.1/thumb/v7e-m+fp/hard\libgcc.a
LOAD c:/st/stm32cubeide_1.9.0/stm32cubeide/plugins/com.st.stm32cube.ide.mcu.externaltools.gnu-tools-for-stm32.10.3-2021.10.win32_1.0.0.202111181127/tools/bin/../lib/gcc/arm-none-eabi/10.3.1/../../../../arm-none-eabi/lib/thumb/v7e-m+fp/hard\libc_nano.a
LOAD c:/st/stm32cubeide_1.9.0/stm32cubeide/plugins/com.st.stm32cube.ide.mcu.externaltools.gnu-tools-for-stm32.10.3-2021.10.win32_1.0.0.202111181127/tools/bin/../lib/gcc/arm-none-eabi/10.3.1/../../../../arm-none-eabi/lib/thumb/v7e-m+fp/hard\libnosys.a
END GROUP
START GROUP
LOAD c:/st/stm32cubeide_1.9.0/stm32cubeide/plugins/com.st.stm32cube.ide.mcu.externaltools.gnu-tools-for-stm32.10.3-2021.10.win32_1.0.0.202111181127/tools/bin/../lib/gcc/arm-none-eabi/10.3.1/thumb/v7e-m+fp/hard\libgcc.a
LOAD c:/st/stm32cubeide_1.9.0/stm32cubeide/plugins/com.st.stm32cube.ide.mcu.externaltools.gnu-tools-for-stm32.10.3-2021.10.win32_1.0.0.202111181127/tools/bin/../lib/gcc/arm-none-eabi/10.3.1/../../../../arm-none-eabi/lib/thumb/v7e-m+fp/hard\libc_nano.a
LOAD c:/st/stm32cubeide_1.9.0/stm32cubeide/plugins/com.st.stm32cube.ide.mcu.externaltools.gnu-tools-for-stm32.10.3-2021.10.win32_1.0.0.202111181127/tools/bin/../lib/gcc/arm-none-eabi/10.3.1/../../../../arm-none-eabi/lib/thumb/v7e-m+fp/hard\libnosys.a
END GROUP
LOAD c:/st/stm32cubeide_1.9.0/stm32cubeide/plugins/com.st.stm32cube.ide.mcu.externaltools.gnu-tools-for-stm32.10.3-2021.10.win32_1.0.0.202111181127/tools/bin/../lib/gcc/arm-none-eabi/10.3.1/thumb/v7e-m+fp/hard/crtend.o
LOAD c:/st/stm32cubeide_1.9.0/stm32cubeide/plugins/com.st.stm32cube.ide.mcu.externaltools.gnu-tools-for-stm32.10.3-2021.10.win32_1.0.0.202111181127/tools/bin/../lib/gcc/arm-none-eabi/10.3.1/thumb/v7e-m+fp/hard/crtn.o
                0x0000000020020000                _estack = (ORIGIN (RAM) + LENGTH (RAM))
                0x0000000000000200                _Min_Heap_Size = 0x200
                0x0000000000000400                _Min_Stack_Size = 0x400

.isr_vector     0x0000000008000000      0x1d8
                0x0000000008000000                . = ALIGN (0x4)
 *(.isr_vector)
 .isr_vector    0x0000000008000000      0x1d8 ./Core/Startup/startup_stm32g474retx.o
                0x0000000008000000                g_pfnVectors
                0x00000000080001d8                . = ALIGN (0x4)

.text           0x00000000080001d8     0xb6a8
                0x00000000080001d8                . = ALIGN (0x4)
 *(.text)
 .text          0x00000000080001d8       0x40 c:/st/stm32cubeide_1.9.0/stm32cubeide/plugins/com.st.stm32cube.ide.mcu.externaltools.gnu-tools-for-stm32.10.3-2021.10.win32_1.0.0.202111181127/tools/bin/../lib/gcc/arm-none-eabi/10.3.1/thumb/v7e-m+fp/hard/crtbegin.o
 .text          0x0000000008000218      0x378 c:/st/stm32cubeide_1.9.0/stm32cubeide/plugins/com.st.stm32cube.ide.mcu.externaltools.gnu-tools-for-stm32.10.3-2021.10.win32_1.0.0.202111181127/tools/bin/../lib/gcc/arm-none-eabi/10.3.1/thumb/v7e-m+fp/hard\libgcc.a(_arm_addsubdf3.o)
                0x0000000008000218                __aeabi_drsub
                0x0000000008000220                __aeabi_dsub
                0x0000000008000220                __subdf3
                0x0000000008000224                __aeabi_dadd
                0x0000000008000224                __adddf3
                0x000000000800049c                __floatunsidf
                0x000000000800049c                __aeabi_ui2d
                0x00000000080004bc                __floatsidf
                0x00000000080004bc                __aeabi_i2d
                0x00000000080004e0                __aeabi_f2d
                0x00000000080004e0                __extendsfdf2
                0x0000000008000524                __floatundidf
                0x0000000008000524                __aeabi_ul2d
                0x0000000008000534                __floatdidf
                0x0000000008000534                __aeabi_l2d
 .text          0x0000000008000590      0x424 c:/st/stm32cubeide_1.9.0/stm32cubeide/plugins/com.st.stm32cube.ide.mcu.externaltools.gnu-tools-for-stm32.10.3-2021.10.win32_1.0.0.202111181127/tools/bin/../lib/gcc/arm-none-eabi/10.3.1/thumb/v7e-m+fp/hard\libgcc.a(_arm_muldivdf3.o)
                0x0000000008000590                __aeabi_dmul
                0x0000000008000590                __muldf3
                0x00000000080007e4                __divdf3
                0x00000000080007e4                __aeabi_ddiv
 .text          0x00000000080009b4       0x40 c:/st/stm32cubeide_1.9.0/stm32cubeide/plugins/com.st.stm32cube.ide.mcu.externaltools.gnu-tools-for-stm32.10.3-2021.10.win32_1.0.0.202111181127/tools/bin/../lib/gcc/arm-none-eabi/10.3.1/thumb/v7e-m+fp/hard\libgcc.a(_arm_fixunsdfsi.o)
                0x00000000080009b4                __aeabi_d2uiz
                0x00000000080009b4                __fixunsdfsi
 .text          0x00000000080009f4       0xa0 c:/st/stm32cubeide_1.9.0/stm32cubeide/plugins/com.st.stm32cube.ide.mcu.externaltools.gnu-tools-for-stm32.10.3-2021.10.win32_1.0.0.202111181127/tools/bin/../lib/gcc/arm-none-eabi/10.3.1/thumb/v7e-m+fp/hard\libgcc.a(_arm_truncdfsf2.o)
                0x00000000080009f4                __truncdfsf2
                0x00000000080009f4                __aeabi_d2f
 *(.text*)
 .text.MX_ADC1_Init
                0x0000000008000a94      0x100 ./Core/Src/adc.o
                0x0000000008000a94                MX_ADC1_Init
 .text.MX_ADC2_Init
                0x0000000008000b94       0xc0 ./Core/Src/adc.o
                0x0000000008000b94                MX_ADC2_Init
 .text.HAL_ADC_MspInit
                0x0000000008000c54      0x1a8 ./Core/Src/adc.o
                0x0000000008000c54                HAL_ADC_MspInit
 .text.MX_COMP1_Init
                0x0000000008000dfc       0x50 ./Core/Src/comp.o
                0x0000000008000dfc                MX_COMP1_Init
 .text.HAL_COMP_MspInit
                0x0000000008000e4c       0xbc ./Core/Src/comp.o
                0x0000000008000e4c                HAL_COMP_MspInit
 .text.MX_DMA_Init
                0x0000000008000f08       0x9c ./Core/Src/dma.o
                0x0000000008000f08                MX_DMA_Init
 .text.MX_GPIO_Init
                0x0000000008000fa4      0x1bc ./Core/Src/gpio.o
                0x0000000008000fa4                MX_GPIO_Init
 .text.main     0x0000000008001160      0x3f4 ./Core/Src/main.o
                0x0000000008001160                main
 .text.SystemClock_Config
                0x0000000008001554       0x98 ./Core/Src/main.o
                0x0000000008001554                SystemClock_Config
 .text.ADCCallback
                0x00000000080015ec      0x130 ./Core/Src/main.o
                0x00000000080015ec                ADCCallback
 .text.VSyncCallback
                0x000000000800171c       0x80 ./Core/Src/main.o
                0x000000000800171c                VSyncCallback
 .text.SPIFullCallback
                0x000000000800179c       0x20 ./Core/Src/main.o
                0x000000000800179c                SPIFullCallback
 .text.GPIODMAComplete
                0x00000000080017bc       0x68 ./Core/Src/main.o
                0x00000000080017bc                GPIODMAComplete
 .text.handleEncoderInputs
                0x0000000008001824      0x11c ./Core/Src/main.o
                0x0000000008001824                handleEncoderInputs
 .text.updateSetupState
                0x0000000008001940       0x94 ./Core/Src/main.o
                0x0000000008001940                updateSetupState
 .text.processSetupState
                0x00000000080019d4      0x134 ./Core/Src/main.o
                0x00000000080019d4                processSetupState
 .text.cancelSetup
                0x0000000008001b08        0xc ./Core/Src/main.o
                0x0000000008001b08                cancelSetup
 .text.initSetup
                0x0000000008001b14        0xc ./Core/Src/main.o
                0x0000000008001b14                initSetup
 .text.Error_Handler
                0x0000000008001b20        0xa ./Core/Src/main.o
                0x0000000008001b20                Error_Handler
 *fill*         0x0000000008001b2a        0x2 
 .text._ZN6GFX_HWC2Ev
                0x0000000008001b2c       0x20 ./Core/Src/mymain.o
                0x0000000008001b2c                GFX_HW::GFX_HW()
                0x0000000008001b2c                GFX_HW::GFX_HW()
 .text._ZN12GFX_HW_PAR16C2EP12GPIO_TypeDefS1_tS1_tS1_tS1_tS1_t
                0x0000000008001b4c       0xbc ./Core/Src/mymain.o
                0x0000000008001b4c                GFX_HW_PAR16::GFX_HW_PAR16(GPIO_TypeDef*, GPIO_TypeDef*, unsigned short, GPIO_TypeDef*, unsigned short, GPIO_TypeDef*, unsigned short, GPIO_TypeDef*, unsigned short, GPIO_TypeDef*, unsigned short)
                0x0000000008001b4c                GFX_HW_PAR16::GFX_HW_PAR16(GPIO_TypeDef*, GPIO_TypeDef*, unsigned short, GPIO_TypeDef*, unsigned short, GPIO_TypeDef*, unsigned short, GPIO_TypeDef*, unsigned short, GPIO_TypeDef*, unsigned short)
 .text._ZN12GFX_HW_PAR165resetEm
                0x0000000008001c08       0xaa ./Core/Src/mymain.o
                0x0000000008001c08                GFX_HW_PAR16::reset(unsigned long)
 .text._ZN12GFX_HW_PAR1611sendCommandEhPKhh
                0x0000000008001cb2       0xe8 ./Core/Src/mymain.o
                0x0000000008001cb2                GFX_HW_PAR16::sendCommand(unsigned char, unsigned char const*, unsigned char)
 .text._ZN12GFX_HW_PAR1613sendCommand16EtPKhh
                0x0000000008001d9a       0xdc ./Core/Src/mymain.o
                0x0000000008001d9a                GFX_HW_PAR16::sendCommand16(unsigned short, unsigned char const*, unsigned char)
 .text._ZN12GFX_HW_PAR1613sendCommand16Ett
                0x0000000008001e76      0x13c ./Core/Src/mymain.o
                0x0000000008001e76                GFX_HW_PAR16::sendCommand16(unsigned short, unsigned short)
 .text._ZN12GFX_HW_PAR1612readcommand8Ehh
                0x0000000008001fb2      0x136 ./Core/Src/mymain.o
                0x0000000008001fb2                GFX_HW_PAR16::readcommand8(unsigned char, unsigned char)
 .text._ZN12GFX_HW_PAR1613readcommand16Eh
                0x00000000080020e8      0x130 ./Core/Src/mymain.o
                0x00000000080020e8                GFX_HW_PAR16::readcommand16(unsigned char)
 .text._ZN12GFX_HW_PAR1612beginCommandEv
                0x0000000008002218       0x5c ./Core/Src/mymain.o
                0x0000000008002218                GFX_HW_PAR16::beginCommand()
 .text._ZN12GFX_HW_PAR1612writeCommandEh
                0x0000000008002274       0x64 ./Core/Src/mymain.o
                0x0000000008002274                GFX_HW_PAR16::writeCommand(unsigned char)
 .text._ZN12GFX_HW_PAR1614writeCommand16Et
                0x00000000080022d8       0x7c ./Core/Src/mymain.o
                0x00000000080022d8                GFX_HW_PAR16::writeCommand16(unsigned short)
 .text._ZN12GFX_HW_PAR169writeDataEPKhh
                0x0000000008002354       0x72 ./Core/Src/mymain.o
                0x0000000008002354                GFX_HW_PAR16::writeData(unsigned char const*, unsigned char)
 .text._ZN12GFX_HW_PAR165writeEh
                0x00000000080023c6       0x24 ./Core/Src/mymain.o
                0x00000000080023c6                GFX_HW_PAR16::write(unsigned char)
 .text._ZN12GFX_HW_PAR167write16Et
                0x00000000080023ea       0x60 ./Core/Src/mymain.o
                0x00000000080023ea                GFX_HW_PAR16::write16(unsigned short)
 .text._ZN12GFX_HW_PAR163endEv
                0x000000000800244a       0x38 ./Core/Src/mymain.o
                0x000000000800244a                GFX_HW_PAR16::end()
 .text._ZN12GFX_HW_PAR163lowEP12GPIO_TypeDeft
                0x0000000008002482       0x20 ./Core/Src/mymain.o
                0x0000000008002482                GFX_HW_PAR16::low(GPIO_TypeDef*, unsigned short)
 .text._ZN12GFX_HW_PAR164highEP12GPIO_TypeDeft
                0x00000000080024a2       0x20 ./Core/Src/mymain.o
                0x00000000080024a2                GFX_HW_PAR16::high(GPIO_TypeDef*, unsigned short)
 .text._ZN12GFX_HW_PAR168MY_DelayEv
                0x00000000080024c2       0x16 ./Core/Src/mymain.o
                0x00000000080024c2                GFX_HW_PAR16::MY_Delay()
 .text._ZN12GFX_HW_PAR169MY_Delay1Ev
                0x00000000080024d8       0x16 ./Core/Src/mymain.o
                0x00000000080024d8                GFX_HW_PAR16::MY_Delay1()
 *fill*         0x00000000080024ee        0x2 
 .text._ZN3GFXC2ER6GFX_HW
                0x00000000080024f0       0x28 ./Core/Src/mymain.o
                0x00000000080024f0                GFX::GFX(GFX_HW&)
                0x00000000080024f0                GFX::GFX(GFX_HW&)
 .text._ZN3GFX19drawFilledRectangleEttttt
                0x0000000008002518       0x72 ./Core/Src/mymain.o
                0x0000000008002518                GFX::drawFilledRectangle(unsigned short, unsigned short, unsigned short, unsigned short, unsigned short)
 .text._ZN3GFX12fillTriangleEsssssst
                0x000000000800258a      0x2d4 ./Core/Src/mymain.o
                0x000000000800258a                GFX::fillTriangle(short, short, short, short, short, short, unsigned short)
 .text._ZN3GFX14writeFastHLineEtttt
                0x000000000800285e       0x68 ./Core/Src/mymain.o
                0x000000000800285e                GFX::writeFastHLine(unsigned short, unsigned short, unsigned short, unsigned short)
 *fill*         0x00000000080028c6        0x2 
 .text._ZN11GFX_ILI9325C2ER6GFX_HW
                0x00000000080028c8       0x30 ./Core/Src/mymain.o
                0x00000000080028c8                GFX_ILI9325::GFX_ILI9325(GFX_HW&)
                0x00000000080028c8                GFX_ILI9325::GFX_ILI9325(GFX_HW&)
 .text._ZN11GFX_ILI93254initEv
                0x00000000080028f8       0x94 ./Core/Src/mymain.o
                0x00000000080028f8                GFX_ILI9325::init()
 .text._ZN11GFX_ILI93253clsEv
                0x000000000800298c       0x14 ./Core/Src/mymain.o
                0x000000000800298c                GFX_ILI9325::cls()
 .text._ZN11GFX_ILI932511setRotationEh
                0x00000000080029a0       0xb8 ./Core/Src/mymain.o
                0x00000000080029a0                GFX_ILI9325::setRotation(unsigned char)
 .text._ZN11GFX_ILI932516setAddressWindowEtttt
                0x0000000008002a58      0x184 ./Core/Src/mymain.o
                0x0000000008002a58                GFX_ILI9325::setAddressWindow(unsigned short, unsigned short, unsigned short, unsigned short)
 .text._ZN11GFX_ILI93259drawPixelEttt
                0x0000000008002bdc       0x80 ./Core/Src/mymain.o
                0x0000000008002bdc                GFX_ILI9325::drawPixel(unsigned short, unsigned short, unsigned short)
 .text._ZN11GFX_ILI93259pushPixelEt
                0x0000000008002c5c       0x28 ./Core/Src/mymain.o
                0x0000000008002c5c                GFX_ILI9325::pushPixel(unsigned short)
 .text._ZN11GFX_ILI93253endEv
                0x0000000008002c84       0x36 ./Core/Src/mymain.o
                0x0000000008002c84                GFX_ILI9325::end()
 *fill*         0x0000000008002cba        0x2 
 .text.vsync    0x0000000008002cbc       0x28 ./Core/Src/mymain.o
                0x0000000008002cbc                vsync
 .text.mysetup  0x0000000008002ce4       0x40 ./Core/Src/mymain.o
                0x0000000008002ce4                mysetup
 .text.enableSetupGUI
                0x0000000008002d24       0x74 ./Core/Src/mymain.o
                0x0000000008002d24                enableSetupGUI
 .text.disableSetupGUI
                0x0000000008002d98       0x30 ./Core/Src/mymain.o
                0x0000000008002d98                disableSetupGUI
 .text.initSetupColour
                0x0000000008002dc8       0xbc ./Core/Src/mymain.o
                0x0000000008002dc8                initSetupColour
 *fill*         0x0000000008002e84        0x4 
 .text.drawVoltageSetting
                0x0000000008002e88      0x16c ./Core/Src/mymain.o
                0x0000000008002e88                drawVoltageSetting
 *fill*         0x0000000008002ff4        0x4 
 .text.tuneY    0x0000000008002ff8       0xa4 ./Core/Src/mymain.o
                0x0000000008002ff8                tuneY
 *fill*         0x000000000800309c        0x4 
 .text.tuneRY   0x00000000080030a0       0xa4 ./Core/Src/mymain.o
                0x00000000080030a0                tuneRY
 .text._Z41__static_initialization_and_destruction_0ii
                0x0000000008003144       0x70 ./Core/Src/mymain.o
 .text._GLOBAL__sub_I_hwspi
                0x00000000080031b4       0x10 ./Core/Src/mymain.o
 .text.MX_SPI2_Init
                0x00000000080031c4       0x7c ./Core/Src/spi.o
                0x00000000080031c4                MX_SPI2_Init
 .text.HAL_SPI_MspInit
                0x0000000008003240      0x120 ./Core/Src/spi.o
                0x0000000008003240                HAL_SPI_MspInit
 .text.HAL_MspInit
                0x0000000008003360       0x54 ./Core/Src/stm32g4xx_hal_msp.o
                0x0000000008003360                HAL_MspInit
 .text.NMI_Handler
                0x00000000080033b4        0xa ./Core/Src/stm32g4xx_it.o
                0x00000000080033b4                NMI_Handler
 .text.HardFault_Handler
                0x00000000080033be        0x6 ./Core/Src/stm32g4xx_it.o
                0x00000000080033be                HardFault_Handler
 .text.MemManage_Handler
                0x00000000080033c4        0x6 ./Core/Src/stm32g4xx_it.o
                0x00000000080033c4                MemManage_Handler
 .text.BusFault_Handler
                0x00000000080033ca        0x6 ./Core/Src/stm32g4xx_it.o
                0x00000000080033ca                BusFault_Handler
 .text.UsageFault_Handler
                0x00000000080033d0        0x6 ./Core/Src/stm32g4xx_it.o
                0x00000000080033d0                UsageFault_Handler
 .text.SVC_Handler
                0x00000000080033d6        0xe ./Core/Src/stm32g4xx_it.o
                0x00000000080033d6                SVC_Handler
 .text.DebugMon_Handler
                0x00000000080033e4        0xe ./Core/Src/stm32g4xx_it.o
                0x00000000080033e4                DebugMon_Handler
 .text.PendSV_Handler
                0x00000000080033f2        0xe ./Core/Src/stm32g4xx_it.o
                0x00000000080033f2                PendSV_Handler
 .text.SysTick_Handler
                0x0000000008003400        0xc ./Core/Src/stm32g4xx_it.o
                0x0000000008003400                SysTick_Handler
 .text.DMA1_Channel1_IRQHandler
                0x000000000800340c       0x14 ./Core/Src/stm32g4xx_it.o
                0x000000000800340c                DMA1_Channel1_IRQHandler
 .text.DMA1_Channel2_IRQHandler
                0x0000000008003420       0x14 ./Core/Src/stm32g4xx_it.o
                0x0000000008003420                DMA1_Channel2_IRQHandler
 .text.TIM1_TRG_COM_TIM17_IRQHandler
                0x0000000008003434       0x14 ./Core/Src/stm32g4xx_it.o
                0x0000000008003434                TIM1_TRG_COM_TIM17_IRQHandler
 .text.TIM2_IRQHandler
                0x0000000008003448       0x14 ./Core/Src/stm32g4xx_it.o
                0x0000000008003448                TIM2_IRQHandler
 .text.TIM3_IRQHandler
                0x000000000800345c       0x14 ./Core/Src/stm32g4xx_it.o
                0x000000000800345c                TIM3_IRQHandler
 .text.DMA2_Channel1_IRQHandler
                0x0000000008003470       0x14 ./Core/Src/stm32g4xx_it.o
                0x0000000008003470                DMA2_Channel1_IRQHandler
 .text.DMAMUX_OVR_IRQHandler
                0x0000000008003484       0x14 ./Core/Src/stm32g4xx_it.o
                0x0000000008003484                DMAMUX_OVR_IRQHandler
 .text._getpid  0x0000000008003498       0x10 ./Core/Src/syscalls.o
                0x0000000008003498                _getpid
 .text._kill    0x00000000080034a8       0x20 ./Core/Src/syscalls.o
                0x00000000080034a8                _kill
 .text._exit    0x00000000080034c8       0x14 ./Core/Src/syscalls.o
                0x00000000080034c8                _exit
 .text.SystemInit
                0x00000000080034dc       0x24 ./Core/Src/system_stm32g4xx.o
                0x00000000080034dc                SystemInit
 .text.MX_TIM1_Init
                0x0000000008003500      0x1a0 ./Core/Src/tim.o
                0x0000000008003500                MX_TIM1_Init
 .text.MX_TIM2_Init
                0x00000000080036a0       0xa8 ./Core/Src/tim.o
                0x00000000080036a0                MX_TIM2_Init
 .text.MX_TIM3_Init
                0x0000000008003748      0x168 ./Core/Src/tim.o
                0x0000000008003748                MX_TIM3_Init
 .text.MX_TIM4_Init
                0x00000000080038b0      0x190 ./Core/Src/tim.o
                0x00000000080038b0                MX_TIM4_Init
 .text.MX_TIM5_Init
                0x0000000008003a40       0x74 ./Core/Src/tim.o
                0x0000000008003a40                MX_TIM5_Init
 .text.MX_TIM8_Init
                0x0000000008003ab4      0x174 ./Core/Src/tim.o
                0x0000000008003ab4                MX_TIM8_Init
 .text.MX_TIM16_Init
                0x0000000008003c28      0x104 ./Core/Src/tim.o
                0x0000000008003c28                MX_TIM16_Init
 .text.MX_TIM20_Init
                0x0000000008003d2c      0x1a4 ./Core/Src/tim.o
                0x0000000008003d2c                MX_TIM20_Init
 .text.HAL_TIM_Base_MspInit
                0x0000000008003ed0      0x244 ./Core/Src/tim.o
                0x0000000008003ed0                HAL_TIM_Base_MspInit
 .text.HAL_TIM_Encoder_MspInit
                0x0000000008004114       0xd0 ./Core/Src/tim.o
                0x0000000008004114                HAL_TIM_Encoder_MspInit
 .text.HAL_TIM_OnePulse_MspInit
                0x00000000080041e4       0x40 ./Core/Src/tim.o
                0x00000000080041e4                HAL_TIM_OnePulse_MspInit
 .text.HAL_TIM_MspPostInit
                0x0000000008004224      0x150 ./Core/Src/tim.o
                0x0000000008004224                HAL_TIM_MspPostInit
 .text.initBitMap
                0x0000000008004374       0x5c ./Core/Src/vdp.o
                0x0000000008004374                initBitMap
 .text.initColorMaps
                0x00000000080043d0       0x98 ./Core/Src/vdp.o
                0x00000000080043d0                initColorMaps
 .text.setColorLevels
                0x0000000008004468      0x3dc ./Core/Src/vdp.o
                0x0000000008004468                setColorLevels
 .text.Reset_Handler
                0x0000000008004844       0x50 ./Core/Startup/startup_stm32g474retx.o
                0x0000000008004844                Reset_Handler
 .text.Default_Handler
                0x0000000008004894        0x2 ./Core/Startup/startup_stm32g474retx.o
                0x0000000008004894                RTC_Alarm_IRQHandler
                0x0000000008004894                EXTI2_IRQHandler
                0x0000000008004894                TIM8_TRG_COM_IRQHandler
                0x0000000008004894                TIM8_CC_IRQHandler
                0x0000000008004894                HRTIM1_Master_IRQHandler
                0x0000000008004894                SPI4_IRQHandler
                0x0000000008004894                FDCAN3_IT0_IRQHandler
                0x0000000008004894                TIM1_CC_IRQHandler
                0x0000000008004894                HRTIM1_FLT_IRQHandler
                0x0000000008004894                HRTIM1_TIMF_IRQHandler
                0x0000000008004894                USB_HP_IRQHandler
                0x0000000008004894                CORDIC_IRQHandler
                0x0000000008004894                HRTIM1_TIMD_IRQHandler
                0x0000000008004894                DMA2_Channel8_IRQHandler
                0x0000000008004894                EXTI3_IRQHandler
                0x0000000008004894                I2C3_ER_IRQHandler
                0x0000000008004894                EXTI0_IRQHandler
                0x0000000008004894                I2C2_EV_IRQHandler
                0x0000000008004894                FPU_IRQHandler
                0x0000000008004894                FDCAN1_IT1_IRQHandler
                0x0000000008004894                TIM1_UP_TIM16_IRQHandler
                0x0000000008004894                ADC1_2_IRQHandler
                0x0000000008004894                HRTIM1_TIME_IRQHandler
                0x0000000008004894                SPI1_IRQHandler
                0x0000000008004894                TIM6_DAC_IRQHandler
                0x0000000008004894                HRTIM1_TIMC_IRQHandler
                0x0000000008004894                TIM8_UP_IRQHandler
                0x0000000008004894                DMA2_Channel2_IRQHandler
                0x0000000008004894                DMA1_Channel4_IRQHandler
                0x0000000008004894                TIM20_TRG_COM_IRQHandler
                0x0000000008004894                USART3_IRQHandler
                0x0000000008004894                DMA1_Channel7_IRQHandler
                0x0000000008004894                UART5_IRQHandler
                0x0000000008004894                ADC3_IRQHandler
                0x0000000008004894                TIM4_IRQHandler
                0x0000000008004894                QUADSPI_IRQHandler
                0x0000000008004894                I2C1_EV_IRQHandler
                0x0000000008004894                DMA1_Channel6_IRQHandler
                0x0000000008004894                UART4_IRQHandler
                0x0000000008004894                DMA2_Channel4_IRQHandler
                0x0000000008004894                RCC_IRQHandler
                0x0000000008004894                TIM20_UP_IRQHandler
                0x0000000008004894                Default_Handler
                0x0000000008004894                DMA2_Channel7_IRQHandler
                0x0000000008004894                RTC_TAMP_LSECSS_IRQHandler
                0x0000000008004894                FMAC_IRQHandler
                0x0000000008004894                EXTI15_10_IRQHandler
                0x0000000008004894                DMA1_Channel8_IRQHandler
                0x0000000008004894                HRTIM1_TIMA_IRQHandler
                0x0000000008004894                TIM7_DAC_IRQHandler
                0x0000000008004894                FDCAN3_IT1_IRQHandler
                0x0000000008004894                TIM5_IRQHandler
                0x0000000008004894                UCPD1_IRQHandler
                0x0000000008004894                I2C3_EV_IRQHandler
                0x0000000008004894                EXTI9_5_IRQHandler
                0x0000000008004894                RTC_WKUP_IRQHandler
                0x0000000008004894                PVD_PVM_IRQHandler
                0x0000000008004894                SPI2_IRQHandler
                0x0000000008004894                ADC5_IRQHandler
                0x0000000008004894                DMA2_Channel5_IRQHandler
                0x0000000008004894                CRS_IRQHandler
                0x0000000008004894                DMA1_Channel5_IRQHandler
                0x0000000008004894                USB_LP_IRQHandler
                0x0000000008004894                EXTI4_IRQHandler
                0x0000000008004894                RNG_IRQHandler
                0x0000000008004894                HRTIM1_TIMB_IRQHandler
                0x0000000008004894                FDCAN2_IT1_IRQHandler
                0x0000000008004894                DMA1_Channel3_IRQHandler
                0x0000000008004894                ADC4_IRQHandler
                0x0000000008004894                WWDG_IRQHandler
                0x0000000008004894                I2C4_EV_IRQHandler
                0x0000000008004894                FDCAN2_IT0_IRQHandler
                0x0000000008004894                LPUART1_IRQHandler
                0x0000000008004894                DMA2_Channel6_IRQHandler
                0x0000000008004894                FDCAN1_IT0_IRQHandler
                0x0000000008004894                COMP7_IRQHandler
                0x0000000008004894                COMP1_2_3_IRQHandler
                0x0000000008004894                EXTI1_IRQHandler
                0x0000000008004894                USART2_IRQHandler
                0x0000000008004894                COMP4_5_6_IRQHandler
                0x0000000008004894                TIM20_BRK_IRQHandler
                0x0000000008004894                I2C2_ER_IRQHandler
                0x0000000008004894                TIM8_BRK_IRQHandler
                0x0000000008004894                FLASH_IRQHandler
                0x0000000008004894                TIM20_CC_IRQHandler
                0x0000000008004894                USART1_IRQHandler
                0x0000000008004894                SPI3_IRQHandler
                0x0000000008004894                I2C1_ER_IRQHandler
                0x0000000008004894                FMC_IRQHandler
                0x0000000008004894                LPTIM1_IRQHandler
                0x0000000008004894                I2C4_ER_IRQHandler
                0x0000000008004894                USBWakeUp_IRQHandler
                0x0000000008004894                SAI1_IRQHandler
                0x0000000008004894                DMA2_Channel3_IRQHandler
                0x0000000008004894                TIM1_BRK_TIM15_IRQHandler
 *fill*         0x0000000008004896        0x2 
 .text.HAL_Init
                0x0000000008004898       0x40 ./Drivers/STM32G4xx_HAL_Driver/Src/stm32g4xx_hal.o
                0x0000000008004898                HAL_Init
 .text.HAL_InitTick
                0x00000000080048d8       0x74 ./Drivers/STM32G4xx_HAL_Driver/Src/stm32g4xx_hal.o
                0x00000000080048d8                HAL_InitTick
 .text.HAL_IncTick
                0x000000000800494c       0x24 ./Drivers/STM32G4xx_HAL_Driver/Src/stm32g4xx_hal.o
                0x000000000800494c                HAL_IncTick
 .text.HAL_GetTick
                0x0000000008004970       0x18 ./Drivers/STM32G4xx_HAL_Driver/Src/stm32g4xx_hal.o
                0x0000000008004970                HAL_GetTick
 .text.HAL_Delay
                0x0000000008004988       0x44 ./Drivers/STM32G4xx_HAL_Driver/Src/stm32g4xx_hal.o
                0x0000000008004988                HAL_Delay
 .text.HAL_SYSCFG_VREFBUF_VoltageScalingConfig
                0x00000000080049cc       0x28 ./Drivers/STM32G4xx_HAL_Driver/Src/stm32g4xx_hal.o
                0x00000000080049cc                HAL_SYSCFG_VREFBUF_VoltageScalingConfig
 .text.HAL_SYSCFG_VREFBUF_HighImpedanceConfig
                0x00000000080049f4       0x28 ./Drivers/STM32G4xx_HAL_Driver/Src/stm32g4xx_hal.o
                0x00000000080049f4                HAL_SYSCFG_VREFBUF_HighImpedanceConfig
 .text.HAL_SYSCFG_EnableVREFBUF
                0x0000000008004a1c       0x48 ./Drivers/STM32G4xx_HAL_Driver/Src/stm32g4xx_hal.o
                0x0000000008004a1c                HAL_SYSCFG_EnableVREFBUF
 .text.LL_ADC_SetCommonClock
                0x0000000008004a64       0x26 ./Drivers/STM32G4xx_HAL_Driver/Src/stm32g4xx_hal_adc.o
 .text.LL_ADC_SetCommonPathInternalCh
                0x0000000008004a8a       0x26 ./Drivers/STM32G4xx_HAL_Driver/Src/stm32g4xx_hal_adc.o
 .text.LL_ADC_GetCommonPathInternalCh
                0x0000000008004ab0       0x1c ./Drivers/STM32G4xx_HAL_Driver/Src/stm32g4xx_hal_adc.o
 .text.LL_ADC_SetOffset
                0x0000000008004acc       0x48 ./Drivers/STM32G4xx_HAL_Driver/Src/stm32g4xx_hal_adc.o
 .text.LL_ADC_GetOffsetChannel
                0x0000000008004b14       0x2c ./Drivers/STM32G4xx_HAL_Driver/Src/stm32g4xx_hal_adc.o
 .text.LL_ADC_SetOffsetState
                0x0000000008004b40       0x36 ./Drivers/STM32G4xx_HAL_Driver/Src/stm32g4xx_hal_adc.o
 .text.LL_ADC_SetOffsetSign
                0x0000000008004b76       0x36 ./Drivers/STM32G4xx_HAL_Driver/Src/stm32g4xx_hal_adc.o
 .text.LL_ADC_SetOffsetSaturation
                0x0000000008004bac       0x36 ./Drivers/STM32G4xx_HAL_Driver/Src/stm32g4xx_hal_adc.o
 .text.LL_ADC_SetSamplingTimeCommonConfig
                0x0000000008004be2       0x26 ./Drivers/STM32G4xx_HAL_Driver/Src/stm32g4xx_hal_adc.o
 .text.LL_ADC_REG_IsTriggerSourceSWStart
                0x0000000008004c08       0x26 ./Drivers/STM32G4xx_HAL_Driver/Src/stm32g4xx_hal_adc.o
 .text.LL_ADC_REG_SetSequencerRanks
                0x0000000008004c2e       0x58 ./Drivers/STM32G4xx_HAL_Driver/Src/stm32g4xx_hal_adc.o
 .text.LL_ADC_SetChannelSamplingTime
                0x0000000008004c86       0x56 ./Drivers/STM32G4xx_HAL_Driver/Src/stm32g4xx_hal_adc.o
 .text.LL_ADC_SetChannelSingleDiff
                0x0000000008004cdc       0x50 ./Drivers/STM32G4xx_HAL_Driver/Src/stm32g4xx_hal_adc.o
 .text.LL_ADC_DisableDeepPowerDown
                0x0000000008004d2c       0x24 ./Drivers/STM32G4xx_HAL_Driver/Src/stm32g4xx_hal_adc.o
 .text.LL_ADC_IsDeepPowerDownEnabled
                0x0000000008004d50       0x28 ./Drivers/STM32G4xx_HAL_Driver/Src/stm32g4xx_hal_adc.o
 .text.LL_ADC_EnableInternalRegulator
                0x0000000008004d78       0x28 ./Drivers/STM32G4xx_HAL_Driver/Src/stm32g4xx_hal_adc.o
 .text.LL_ADC_IsInternalRegulatorEnabled
                0x0000000008004da0       0x28 ./Drivers/STM32G4xx_HAL_Driver/Src/stm32g4xx_hal_adc.o
 .text.LL_ADC_Enable
                0x0000000008004dc8       0x28 ./Drivers/STM32G4xx_HAL_Driver/Src/stm32g4xx_hal_adc.o
 .text.LL_ADC_Disable
                0x0000000008004df0       0x28 ./Drivers/STM32G4xx_HAL_Driver/Src/stm32g4xx_hal_adc.o
 .text.LL_ADC_IsEnabled
                0x0000000008004e18       0x26 ./Drivers/STM32G4xx_HAL_Driver/Src/stm32g4xx_hal_adc.o
 .text.LL_ADC_IsDisableOngoing
                0x0000000008004e3e       0x26 ./Drivers/STM32G4xx_HAL_Driver/Src/stm32g4xx_hal_adc.o
 .text.LL_ADC_REG_StopConversion
                0x0000000008004e64       0x28 ./Drivers/STM32G4xx_HAL_Driver/Src/stm32g4xx_hal_adc.o
 .text.LL_ADC_REG_IsConversionOngoing
                0x0000000008004e8c       0x26 ./Drivers/STM32G4xx_HAL_Driver/Src/stm32g4xx_hal_adc.o
 .text.LL_ADC_INJ_StopConversion
                0x0000000008004eb2       0x28 ./Drivers/STM32G4xx_HAL_Driver/Src/stm32g4xx_hal_adc.o
 .text.LL_ADC_INJ_IsConversionOngoing
                0x0000000008004eda       0x26 ./Drivers/STM32G4xx_HAL_Driver/Src/stm32g4xx_hal_adc.o
 .text.HAL_ADC_Init
                0x0000000008004f00      0x400 ./Drivers/STM32G4xx_HAL_Driver/Src/stm32g4xx_hal_adc.o
                0x0000000008004f00                HAL_ADC_Init
 .text.HAL_ADC_RegisterCallback
                0x0000000008005300      0x13c ./Drivers/STM32G4xx_HAL_Driver/Src/stm32g4xx_hal_adc.o
                0x0000000008005300                HAL_ADC_RegisterCallback
 .text.HAL_ADC_ConvCpltCallback
                0x000000000800543c       0x14 ./Drivers/STM32G4xx_HAL_Driver/Src/stm32g4xx_hal_adc.o
                0x000000000800543c                HAL_ADC_ConvCpltCallback
 .text.HAL_ADC_ConvHalfCpltCallback
                0x0000000008005450       0x14 ./Drivers/STM32G4xx_HAL_Driver/Src/stm32g4xx_hal_adc.o
                0x0000000008005450                HAL_ADC_ConvHalfCpltCallback
 .text.HAL_ADC_LevelOutOfWindowCallback
                0x0000000008005464       0x14 ./Drivers/STM32G4xx_HAL_Driver/Src/stm32g4xx_hal_adc.o
                0x0000000008005464                HAL_ADC_LevelOutOfWindowCallback
 .text.HAL_ADC_ErrorCallback
                0x0000000008005478       0x14 ./Drivers/STM32G4xx_HAL_Driver/Src/stm32g4xx_hal_adc.o
                0x0000000008005478                HAL_ADC_ErrorCallback
 .text.HAL_ADC_ConfigChannel
                0x000000000800548c      0x880 ./Drivers/STM32G4xx_HAL_Driver/Src/stm32g4xx_hal_adc.o
                0x000000000800548c                HAL_ADC_ConfigChannel
 .text.ADC_ConversionStop
                0x0000000008005d0c      0x178 ./Drivers/STM32G4xx_HAL_Driver/Src/stm32g4xx_hal_adc.o
                0x0000000008005d0c                ADC_ConversionStop
 .text.ADC_Enable
                0x0000000008005e84       0xc4 ./Drivers/STM32G4xx_HAL_Driver/Src/stm32g4xx_hal_adc.o
                0x0000000008005e84                ADC_Enable
 .text.ADC_Disable
                0x0000000008005f48       0xbe ./Drivers/STM32G4xx_HAL_Driver/Src/stm32g4xx_hal_adc.o
                0x0000000008005f48                ADC_Disable
 .text.ADC_DMAConvCplt
                0x0000000008006006       0xdc ./Drivers/STM32G4xx_HAL_Driver/Src/stm32g4xx_hal_adc.o
                0x0000000008006006                ADC_DMAConvCplt
 .text.ADC_DMAHalfConvCplt
                0x00000000080060e2       0x1e ./Drivers/STM32G4xx_HAL_Driver/Src/stm32g4xx_hal_adc.o
                0x00000000080060e2                ADC_DMAHalfConvCplt
 .text.ADC_DMAError
                0x0000000008006100       0x36 ./Drivers/STM32G4xx_HAL_Driver/Src/stm32g4xx_hal_adc.o
                0x0000000008006100                ADC_DMAError
 .text.LL_ADC_IsEnabled
                0x0000000008006136       0x26 ./Drivers/STM32G4xx_HAL_Driver/Src/stm32g4xx_hal_adc_ex.o
 .text.LL_ADC_REG_StartConversion
                0x000000000800615c       0x28 ./Drivers/STM32G4xx_HAL_Driver/Src/stm32g4xx_hal_adc_ex.o
 .text.LL_ADC_REG_IsConversionOngoing
                0x0000000008006184       0x26 ./Drivers/STM32G4xx_HAL_Driver/Src/stm32g4xx_hal_adc_ex.o
 *fill*         0x00000000080061aa        0x2 
 .text.HAL_ADCEx_MultiModeStart_DMA
                0x00000000080061ac      0x184 ./Drivers/STM32G4xx_HAL_Driver/Src/stm32g4xx_hal_adc_ex.o
                0x00000000080061ac                HAL_ADCEx_MultiModeStart_DMA
 .text.HAL_ADCEx_MultiModeStop_DMA
                0x0000000008006330      0x1c0 ./Drivers/STM32G4xx_HAL_Driver/Src/stm32g4xx_hal_adc_ex.o
                0x0000000008006330                HAL_ADCEx_MultiModeStop_DMA
 .text.HAL_ADCEx_InjectedConvCpltCallback
                0x00000000080064f0       0x14 ./Drivers/STM32G4xx_HAL_Driver/Src/stm32g4xx_hal_adc_ex.o
                0x00000000080064f0                HAL_ADCEx_InjectedConvCpltCallback
 .text.HAL_ADCEx_InjectedQueueOverflowCallback
                0x0000000008006504       0x14 ./Drivers/STM32G4xx_HAL_Driver/Src/stm32g4xx_hal_adc_ex.o
                0x0000000008006504                HAL_ADCEx_InjectedQueueOverflowCallback
 .text.HAL_ADCEx_LevelOutOfWindow2Callback
                0x0000000008006518       0x14 ./Drivers/STM32G4xx_HAL_Driver/Src/stm32g4xx_hal_adc_ex.o
                0x0000000008006518                HAL_ADCEx_LevelOutOfWindow2Callback
 .text.HAL_ADCEx_LevelOutOfWindow3Callback
                0x000000000800652c       0x14 ./Drivers/STM32G4xx_HAL_Driver/Src/stm32g4xx_hal_adc_ex.o
                0x000000000800652c                HAL_ADCEx_LevelOutOfWindow3Callback
 .text.HAL_ADCEx_EndOfSamplingCallback
                0x0000000008006540       0x14 ./Drivers/STM32G4xx_HAL_Driver/Src/stm32g4xx_hal_adc_ex.o
                0x0000000008006540                HAL_ADCEx_EndOfSamplingCallback
 .text.HAL_ADCEx_MultiModeConfigChannel
                0x0000000008006554      0x230 ./Drivers/STM32G4xx_HAL_Driver/Src/stm32g4xx_hal_adc_ex.o
                0x0000000008006554                HAL_ADCEx_MultiModeConfigChannel
 .text.LL_EXTI_EnableIT_0_31
                0x0000000008006784       0x24 ./Drivers/STM32G4xx_HAL_Driver/Src/stm32g4xx_hal_comp.o
 .text.LL_EXTI_EnableIT_32_63
                0x00000000080067a8       0x24 ./Drivers/STM32G4xx_HAL_Driver/Src/stm32g4xx_hal_comp.o
 .text.LL_EXTI_DisableIT_0_31
                0x00000000080067cc       0x28 ./Drivers/STM32G4xx_HAL_Driver/Src/stm32g4xx_hal_comp.o
 .text.LL_EXTI_DisableIT_32_63
                0x00000000080067f4       0x28 ./Drivers/STM32G4xx_HAL_Driver/Src/stm32g4xx_hal_comp.o
 .text.LL_EXTI_EnableEvent_0_31
                0x000000000800681c       0x24 ./Drivers/STM32G4xx_HAL_Driver/Src/stm32g4xx_hal_comp.o
 .text.LL_EXTI_EnableEvent_32_63
                0x0000000008006840       0x24 ./Drivers/STM32G4xx_HAL_Driver/Src/stm32g4xx_hal_comp.o
 .text.LL_EXTI_DisableEvent_0_31
                0x0000000008006864       0x28 ./Drivers/STM32G4xx_HAL_Driver/Src/stm32g4xx_hal_comp.o
 .text.LL_EXTI_DisableEvent_32_63
                0x000000000800688c       0x28 ./Drivers/STM32G4xx_HAL_Driver/Src/stm32g4xx_hal_comp.o
 .text.LL_EXTI_EnableRisingTrig_0_31
                0x00000000080068b4       0x24 ./Drivers/STM32G4xx_HAL_Driver/Src/stm32g4xx_hal_comp.o
 .text.LL_EXTI_EnableRisingTrig_32_63
                0x00000000080068d8       0x24 ./Drivers/STM32G4xx_HAL_Driver/Src/stm32g4xx_hal_comp.o
 .text.LL_EXTI_DisableRisingTrig_0_31
                0x00000000080068fc       0x28 ./Drivers/STM32G4xx_HAL_Driver/Src/stm32g4xx_hal_comp.o
 .text.LL_EXTI_DisableRisingTrig_32_63
                0x0000000008006924       0x28 ./Drivers/STM32G4xx_HAL_Driver/Src/stm32g4xx_hal_comp.o
 .text.LL_EXTI_EnableFallingTrig_0_31
                0x000000000800694c       0x24 ./Drivers/STM32G4xx_HAL_Driver/Src/stm32g4xx_hal_comp.o
 .text.LL_EXTI_EnableFallingTrig_32_63
                0x0000000008006970       0x24 ./Drivers/STM32G4xx_HAL_Driver/Src/stm32g4xx_hal_comp.o
 .text.LL_EXTI_DisableFallingTrig_0_31
                0x0000000008006994       0x28 ./Drivers/STM32G4xx_HAL_Driver/Src/stm32g4xx_hal_comp.o
 .text.LL_EXTI_DisableFallingTrig_32_63
                0x00000000080069bc       0x28 ./Drivers/STM32G4xx_HAL_Driver/Src/stm32g4xx_hal_comp.o
 .text.LL_EXTI_ClearFlag_0_31
                0x00000000080069e4       0x20 ./Drivers/STM32G4xx_HAL_Driver/Src/stm32g4xx_hal_comp.o
 .text.LL_EXTI_ClearFlag_32_63
                0x0000000008006a04       0x20 ./Drivers/STM32G4xx_HAL_Driver/Src/stm32g4xx_hal_comp.o
 .text.HAL_COMP_Init
                0x0000000008006a24      0x334 ./Drivers/STM32G4xx_HAL_Driver/Src/stm32g4xx_hal_comp.o
                0x0000000008006a24                HAL_COMP_Init
 .text.HAL_COMP_Start
                0x0000000008006d58       0x90 ./Drivers/STM32G4xx_HAL_Driver/Src/stm32g4xx_hal_comp.o
                0x0000000008006d58                HAL_COMP_Start
 .text.__NVIC_SetPriorityGrouping
                0x0000000008006de8       0x48 ./Drivers/STM32G4xx_HAL_Driver/Src/stm32g4xx_hal_cortex.o
 .text.__NVIC_GetPriorityGrouping
                0x0000000008006e30       0x1c ./Drivers/STM32G4xx_HAL_Driver/Src/stm32g4xx_hal_cortex.o
 .text.__NVIC_EnableIRQ
                0x0000000008006e4c       0x3c ./Drivers/STM32G4xx_HAL_Driver/Src/stm32g4xx_hal_cortex.o
 .text.__NVIC_SetPriority
                0x0000000008006e88       0x54 ./Drivers/STM32G4xx_HAL_Driver/Src/stm32g4xx_hal_cortex.o
 .text.NVIC_EncodePriority
                0x0000000008006edc       0x66 ./Drivers/STM32G4xx_HAL_Driver/Src/stm32g4xx_hal_cortex.o
 *fill*         0x0000000008006f42        0x2 
 .text.SysTick_Config
                0x0000000008006f44       0x44 ./Drivers/STM32G4xx_HAL_Driver/Src/stm32g4xx_hal_cortex.o
 .text.HAL_NVIC_SetPriorityGrouping
                0x0000000008006f88       0x16 ./Drivers/STM32G4xx_HAL_Driver/Src/stm32g4xx_hal_cortex.o
                0x0000000008006f88                HAL_NVIC_SetPriorityGrouping
 .text.HAL_NVIC_SetPriority
                0x0000000008006f9e       0x34 ./Drivers/STM32G4xx_HAL_Driver/Src/stm32g4xx_hal_cortex.o
                0x0000000008006f9e                HAL_NVIC_SetPriority
 .text.HAL_NVIC_EnableIRQ
                0x0000000008006fd2       0x1c ./Drivers/STM32G4xx_HAL_Driver/Src/stm32g4xx_hal_cortex.o
                0x0000000008006fd2                HAL_NVIC_EnableIRQ
 .text.HAL_SYSTICK_Config
                0x0000000008006fee       0x18 ./Drivers/STM32G4xx_HAL_Driver/Src/stm32g4xx_hal_cortex.o
                0x0000000008006fee                HAL_SYSTICK_Config
 *fill*         0x0000000008007006        0x2 
 .text.HAL_DMA_Init
                0x0000000008007008      0x150 ./Drivers/STM32G4xx_HAL_Driver/Src/stm32g4xx_hal_dma.o
                0x0000000008007008                HAL_DMA_Init
 .text.HAL_DMA_Start_IT
                0x0000000008007158       0xf6 ./Drivers/STM32G4xx_HAL_Driver/Src/stm32g4xx_hal_dma.o
                0x0000000008007158                HAL_DMA_Start_IT
 .text.HAL_DMA_Abort
                0x000000000800724e       0xb2 ./Drivers/STM32G4xx_HAL_Driver/Src/stm32g4xx_hal_dma.o
                0x000000000800724e                HAL_DMA_Abort
 .text.HAL_DMA_IRQHandler
                0x0000000008007300      0x15e ./Drivers/STM32G4xx_HAL_Driver/Src/stm32g4xx_hal_dma.o
                0x0000000008007300                HAL_DMA_IRQHandler
 *fill*         0x000000000800745e        0x2 
 .text.HAL_DMA_RegisterCallback
                0x0000000008007460       0x90 ./Drivers/STM32G4xx_HAL_Driver/Src/stm32g4xx_hal_dma.o
                0x0000000008007460                HAL_DMA_RegisterCallback
 .text.DMA_SetConfig
                0x00000000080074f0       0x7c ./Drivers/STM32G4xx_HAL_Driver/Src/stm32g4xx_hal_dma.o
 .text.DMA_CalcDMAMUXChannelBaseAndMask
                0x000000000800756c       0x7c ./Drivers/STM32G4xx_HAL_Driver/Src/stm32g4xx_hal_dma.o
 .text.DMA_CalcDMAMUXRequestGenBaseAndMask
                0x00000000080075e8       0x48 ./Drivers/STM32G4xx_HAL_Driver/Src/stm32g4xx_hal_dma.o
 .text.HAL_DMAEx_MUX_IRQHandler
                0x0000000008007630       0xa4 ./Drivers/STM32G4xx_HAL_Driver/Src/stm32g4xx_hal_dma_ex.o
                0x0000000008007630                HAL_DMAEx_MUX_IRQHandler
 .text.HAL_GPIO_Init
                0x00000000080076d4      0x304 ./Drivers/STM32G4xx_HAL_Driver/Src/stm32g4xx_hal_gpio.o
                0x00000000080076d4                HAL_GPIO_Init
 .text.HAL_GPIO_ReadPin
                0x00000000080079d8       0x30 ./Drivers/STM32G4xx_HAL_Driver/Src/stm32g4xx_hal_gpio.o
                0x00000000080079d8                HAL_GPIO_ReadPin
 .text.HAL_GPIO_WritePin
                0x0000000008007a08       0x30 ./Drivers/STM32G4xx_HAL_Driver/Src/stm32g4xx_hal_gpio.o
                0x0000000008007a08                HAL_GPIO_WritePin
 .text.HAL_PWREx_ControlVoltageScaling
                0x0000000008007a38      0x148 ./Drivers/STM32G4xx_HAL_Driver/Src/stm32g4xx_hal_pwr_ex.o
                0x0000000008007a38                HAL_PWREx_ControlVoltageScaling
 .text.HAL_RCC_OscConfig
                0x0000000008007b80      0x630 ./Drivers/STM32G4xx_HAL_Driver/Src/stm32g4xx_hal_rcc.o
                0x0000000008007b80                HAL_RCC_OscConfig
 .text.HAL_RCC_ClockConfig
                0x00000000080081b0      0x278 ./Drivers/STM32G4xx_HAL_Driver/Src/stm32g4xx_hal_rcc.o
                0x00000000080081b0                HAL_RCC_ClockConfig
 .text.HAL_RCC_GetSysClockFreq
                0x0000000008008428       0xc4 ./Drivers/STM32G4xx_HAL_Driver/Src/stm32g4xx_hal_rcc.o
                0x0000000008008428                HAL_RCC_GetSysClockFreq
 .text.HAL_RCC_EnableCSS
                0x00000000080084ec       0x20 ./Drivers/STM32G4xx_HAL_Driver/Src/stm32g4xx_hal_rcc.o
                0x00000000080084ec                HAL_RCC_EnableCSS
 .text.HAL_RCC_NMI_IRQHandler
                0x000000000800850c       0x28 ./Drivers/STM32G4xx_HAL_Driver/Src/stm32g4xx_hal_rcc.o
                0x000000000800850c                HAL_RCC_NMI_IRQHandler
 .text.HAL_RCC_CSSCallback
                0x0000000008008534        0xe ./Drivers/STM32G4xx_HAL_Driver/Src/stm32g4xx_hal_rcc.o
                0x0000000008008534                HAL_RCC_CSSCallback
 *fill*         0x0000000008008542        0x2 
 .text.RCC_GetSysClockFreqFromPLLSource
                0x0000000008008544       0x8c ./Drivers/STM32G4xx_HAL_Driver/Src/stm32g4xx_hal_rcc.o
 .text.HAL_RCCEx_PeriphCLKConfig
                0x00000000080085d0      0x49c ./Drivers/STM32G4xx_HAL_Driver/Src/stm32g4xx_hal_rcc_ex.o
                0x00000000080085d0                HAL_RCCEx_PeriphCLKConfig
 .text.HAL_SPI_Init
                0x0000000008008a6c      0x1c4 ./Drivers/STM32G4xx_HAL_Driver/Src/stm32g4xx_hal_spi.o
                0x0000000008008a6c                HAL_SPI_Init
 .text.HAL_SPI_RegisterCallback
                0x0000000008008c30      0x14c ./Drivers/STM32G4xx_HAL_Driver/Src/stm32g4xx_hal_spi.o
                0x0000000008008c30                HAL_SPI_RegisterCallback
 .text.HAL_SPI_TxCpltCallback
                0x0000000008008d7c       0x14 ./Drivers/STM32G4xx_HAL_Driver/Src/stm32g4xx_hal_spi.o
                0x0000000008008d7c                HAL_SPI_TxCpltCallback
 .text.HAL_SPI_RxCpltCallback
                0x0000000008008d90       0x14 ./Drivers/STM32G4xx_HAL_Driver/Src/stm32g4xx_hal_spi.o
                0x0000000008008d90                HAL_SPI_RxCpltCallback
 .text.HAL_SPI_TxRxCpltCallback
                0x0000000008008da4       0x14 ./Drivers/STM32G4xx_HAL_Driver/Src/stm32g4xx_hal_spi.o
                0x0000000008008da4                HAL_SPI_TxRxCpltCallback
 .text.HAL_SPI_TxHalfCpltCallback
                0x0000000008008db8       0x14 ./Drivers/STM32G4xx_HAL_Driver/Src/stm32g4xx_hal_spi.o
                0x0000000008008db8                HAL_SPI_TxHalfCpltCallback
 .text.HAL_SPI_RxHalfCpltCallback
                0x0000000008008dcc       0x14 ./Drivers/STM32G4xx_HAL_Driver/Src/stm32g4xx_hal_spi.o
                0x0000000008008dcc                HAL_SPI_RxHalfCpltCallback
 .text.HAL_SPI_TxRxHalfCpltCallback
                0x0000000008008de0       0x14 ./Drivers/STM32G4xx_HAL_Driver/Src/stm32g4xx_hal_spi.o
                0x0000000008008de0                HAL_SPI_TxRxHalfCpltCallback
 .text.HAL_SPI_ErrorCallback
                0x0000000008008df4       0x14 ./Drivers/STM32G4xx_HAL_Driver/Src/stm32g4xx_hal_spi.o
                0x0000000008008df4                HAL_SPI_ErrorCallback
 .text.HAL_SPI_AbortCpltCallback
                0x0000000008008e08       0x14 ./Drivers/STM32G4xx_HAL_Driver/Src/stm32g4xx_hal_spi.o
                0x0000000008008e08                HAL_SPI_AbortCpltCallback
 .text.HAL_TIM_Base_Init
                0x0000000008008e1c       0xc8 ./Drivers/STM32G4xx_HAL_Driver/Src/stm32g4xx_hal_tim.o
                0x0000000008008e1c                HAL_TIM_Base_Init
 .text.HAL_TIM_Base_Start
                0x0000000008008ee4       0xe0 ./Drivers/STM32G4xx_HAL_Driver/Src/stm32g4xx_hal_tim.o
                0x0000000008008ee4                HAL_TIM_Base_Start
 .text.HAL_TIM_Base_Start_IT
                0x0000000008008fc4       0xf0 ./Drivers/STM32G4xx_HAL_Driver/Src/stm32g4xx_hal_tim.o
                0x0000000008008fc4                HAL_TIM_Base_Start_IT
 .text.HAL_TIM_PWM_Init
                0x00000000080090b4       0xc8 ./Drivers/STM32G4xx_HAL_Driver/Src/stm32g4xx_hal_tim.o
                0x00000000080090b4                HAL_TIM_PWM_Init
 .text.HAL_TIM_PWM_MspInit
                0x000000000800917c       0x14 ./Drivers/STM32G4xx_HAL_Driver/Src/stm32g4xx_hal_tim.o
                0x000000000800917c                HAL_TIM_PWM_MspInit
 .text.HAL_TIM_IC_Init
                0x0000000008009190       0xc8 ./Drivers/STM32G4xx_HAL_Driver/Src/stm32g4xx_hal_tim.o
                0x0000000008009190                HAL_TIM_IC_Init
 .text.HAL_TIM_IC_MspInit
                0x0000000008009258       0x14 ./Drivers/STM32G4xx_HAL_Driver/Src/stm32g4xx_hal_tim.o
                0x0000000008009258                HAL_TIM_IC_MspInit
 .text.HAL_TIM_OnePulse_Init
                0x000000000800926c       0xbc ./Drivers/STM32G4xx_HAL_Driver/Src/stm32g4xx_hal_tim.o
                0x000000000800926c                HAL_TIM_OnePulse_Init
 .text.HAL_TIM_OnePulse_Start
                0x0000000008009328       0xfc ./Drivers/STM32G4xx_HAL_Driver/Src/stm32g4xx_hal_tim.o
                0x0000000008009328                HAL_TIM_OnePulse_Start
 .text.HAL_TIM_OnePulse_Start_IT
                0x0000000008009424      0x11c ./Drivers/STM32G4xx_HAL_Driver/Src/stm32g4xx_hal_tim.o
                0x0000000008009424                HAL_TIM_OnePulse_Start_IT
 .text.HAL_TIM_Encoder_Init
                0x0000000008009540      0x168 ./Drivers/STM32G4xx_HAL_Driver/Src/stm32g4xx_hal_tim.o
                0x0000000008009540                HAL_TIM_Encoder_Init
 .text.HAL_TIM_Encoder_Start
                0x00000000080096a8      0x11c ./Drivers/STM32G4xx_HAL_Driver/Src/stm32g4xx_hal_tim.o
                0x00000000080096a8                HAL_TIM_Encoder_Start
 .text.HAL_TIM_IRQHandler
                0x00000000080097c4      0x352 ./Drivers/STM32G4xx_HAL_Driver/Src/stm32g4xx_hal_tim.o
                0x00000000080097c4                HAL_TIM_IRQHandler
 .text.HAL_TIM_IC_ConfigChannel
                0x0000000008009b16      0x138 ./Drivers/STM32G4xx_HAL_Driver/Src/stm32g4xx_hal_tim.o
                0x0000000008009b16                HAL_TIM_IC_ConfigChannel
 *fill*         0x0000000008009c4e        0x2 
 .text.HAL_TIM_PWM_ConfigChannel
                0x0000000008009c50      0x228 ./Drivers/STM32G4xx_HAL_Driver/Src/stm32g4xx_hal_tim.o
                0x0000000008009c50                HAL_TIM_PWM_ConfigChannel
 .text.HAL_TIM_ConfigClockSource
                0x0000000008009e78      0x22c ./Drivers/STM32G4xx_HAL_Driver/Src/stm32g4xx_hal_tim.o
                0x0000000008009e78                HAL_TIM_ConfigClockSource
 .text.HAL_TIM_SlaveConfigSynchro
                0x000000000800a0a4       0x84 ./Drivers/STM32G4xx_HAL_Driver/Src/stm32g4xx_hal_tim.o
                0x000000000800a0a4                HAL_TIM_SlaveConfigSynchro
 .text.HAL_TIM_PeriodElapsedCallback
                0x000000000800a128       0x14 ./Drivers/STM32G4xx_HAL_Driver/Src/stm32g4xx_hal_tim.o
                0x000000000800a128                HAL_TIM_PeriodElapsedCallback
 .text.HAL_TIM_PeriodElapsedHalfCpltCallback
                0x000000000800a13c       0x14 ./Drivers/STM32G4xx_HAL_Driver/Src/stm32g4xx_hal_tim.o
                0x000000000800a13c                HAL_TIM_PeriodElapsedHalfCpltCallback
 .text.HAL_TIM_OC_DelayElapsedCallback
                0x000000000800a150       0x14 ./Drivers/STM32G4xx_HAL_Driver/Src/stm32g4xx_hal_tim.o
                0x000000000800a150                HAL_TIM_OC_DelayElapsedCallback
 .text.HAL_TIM_IC_CaptureCallback
                0x000000000800a164       0x14 ./Drivers/STM32G4xx_HAL_Driver/Src/stm32g4xx_hal_tim.o
                0x000000000800a164                HAL_TIM_IC_CaptureCallback
 .text.HAL_TIM_IC_CaptureHalfCpltCallback
                0x000000000800a178       0x14 ./Drivers/STM32G4xx_HAL_Driver/Src/stm32g4xx_hal_tim.o
                0x000000000800a178                HAL_TIM_IC_CaptureHalfCpltCallback
 .text.HAL_TIM_PWM_PulseFinishedCallback
                0x000000000800a18c       0x14 ./Drivers/STM32G4xx_HAL_Driver/Src/stm32g4xx_hal_tim.o
                0x000000000800a18c                HAL_TIM_PWM_PulseFinishedCallback
 .text.HAL_TIM_PWM_PulseFinishedHalfCpltCallback
                0x000000000800a1a0       0x14 ./Drivers/STM32G4xx_HAL_Driver/Src/stm32g4xx_hal_tim.o
                0x000000000800a1a0                HAL_TIM_PWM_PulseFinishedHalfCpltCallback
 .text.HAL_TIM_TriggerCallback
                0x000000000800a1b4       0x14 ./Drivers/STM32G4xx_HAL_Driver/Src/stm32g4xx_hal_tim.o
                0x000000000800a1b4                HAL_TIM_TriggerCallback
 .text.HAL_TIM_TriggerHalfCpltCallback
                0x000000000800a1c8       0x14 ./Drivers/STM32G4xx_HAL_Driver/Src/stm32g4xx_hal_tim.o
                0x000000000800a1c8                HAL_TIM_TriggerHalfCpltCallback
 .text.HAL_TIM_ErrorCallback
                0x000000000800a1dc       0x14 ./Drivers/STM32G4xx_HAL_Driver/Src/stm32g4xx_hal_tim.o
                0x000000000800a1dc                HAL_TIM_ErrorCallback
 .text.HAL_TIM_RegisterCallback
                0x000000000800a1f0      0x2e0 ./Drivers/STM32G4xx_HAL_Driver/Src/stm32g4xx_hal_tim.o
                0x000000000800a1f0                HAL_TIM_RegisterCallback
 .text.TIM_Base_SetConfig
                0x000000000800a4d0      0x150 ./Drivers/STM32G4xx_HAL_Driver/Src/stm32g4xx_hal_tim.o
                0x000000000800a4d0                TIM_Base_SetConfig
 .text.TIM_OC1_SetConfig
                0x000000000800a620      0x134 ./Drivers/STM32G4xx_HAL_Driver/Src/stm32g4xx_hal_tim.o
 .text.TIM_OC2_SetConfig
                0x000000000800a754      0x128 ./Drivers/STM32G4xx_HAL_Driver/Src/stm32g4xx_hal_tim.o
                0x000000000800a754                TIM_OC2_SetConfig
 .text.TIM_OC3_SetConfig
                0x000000000800a87c      0x124 ./Drivers/STM32G4xx_HAL_Driver/Src/stm32g4xx_hal_tim.o
 .text.TIM_OC4_SetConfig
                0x000000000800a9a0      0x128 ./Drivers/STM32G4xx_HAL_Driver/Src/stm32g4xx_hal_tim.o
 .text.TIM_OC5_SetConfig
                0x000000000800aac8       0xd4 ./Drivers/STM32G4xx_HAL_Driver/Src/stm32g4xx_hal_tim.o
 .text.TIM_OC6_SetConfig
                0x000000000800ab9c       0xd8 ./Drivers/STM32G4xx_HAL_Driver/Src/stm32g4xx_hal_tim.o
 .text.TIM_SlaveTimer_SetConfig
                0x000000000800ac74      0x1c0 ./Drivers/STM32G4xx_HAL_Driver/Src/stm32g4xx_hal_tim.o
 .text.TIM_TI1_SetConfig
                0x000000000800ae34       0xe8 ./Drivers/STM32G4xx_HAL_Driver/Src/stm32g4xx_hal_tim.o
                0x000000000800ae34                TIM_TI1_SetConfig
 .text.TIM_TI1_ConfigInputStage
                0x000000000800af1c       0x5e ./Drivers/STM32G4xx_HAL_Driver/Src/stm32g4xx_hal_tim.o
 .text.TIM_TI2_SetConfig
                0x000000000800af7a       0x7a ./Drivers/STM32G4xx_HAL_Driver/Src/stm32g4xx_hal_tim.o
 .text.TIM_TI2_ConfigInputStage
                0x000000000800aff4       0x60 ./Drivers/STM32G4xx_HAL_Driver/Src/stm32g4xx_hal_tim.o
 .text.TIM_TI3_SetConfig
                0x000000000800b054       0x78 ./Drivers/STM32G4xx_HAL_Driver/Src/stm32g4xx_hal_tim.o
 .text.TIM_TI4_SetConfig
                0x000000000800b0cc       0x7a ./Drivers/STM32G4xx_HAL_Driver/Src/stm32g4xx_hal_tim.o
 .text.TIM_ITRx_SetConfig
                0x000000000800b146       0x3a ./Drivers/STM32G4xx_HAL_Driver/Src/stm32g4xx_hal_tim.o
 .text.TIM_ETR_SetConfig
                0x000000000800b180       0x40 ./Drivers/STM32G4xx_HAL_Driver/Src/stm32g4xx_hal_tim.o
                0x000000000800b180                TIM_ETR_SetConfig
 .text.TIM_CCxChannelCmd
                0x000000000800b1c0       0x4a ./Drivers/STM32G4xx_HAL_Driver/Src/stm32g4xx_hal_tim.o
                0x000000000800b1c0                TIM_CCxChannelCmd
 *fill*         0x000000000800b20a        0x2 
 .text.TIM_ResetCallback
                0x000000000800b20c       0xec ./Drivers/STM32G4xx_HAL_Driver/Src/stm32g4xx_hal_tim.o
                0x000000000800b20c                TIM_ResetCallback
 .text.HAL_TIMEx_MasterConfigSynchronization
                0x000000000800b2f8      0x12c ./Drivers/STM32G4xx_HAL_Driver/Src/stm32g4xx_hal_tim_ex.o
                0x000000000800b2f8                HAL_TIMEx_MasterConfigSynchronization
 .text.HAL_TIMEx_ConfigBreakDeadTime
                0x000000000800b424      0x164 ./Drivers/STM32G4xx_HAL_Driver/Src/stm32g4xx_hal_tim_ex.o
                0x000000000800b424                HAL_TIMEx_ConfigBreakDeadTime
 .text.HAL_TIMEx_TISelection
                0x000000000800b588      0x11c ./Drivers/STM32G4xx_HAL_Driver/Src/stm32g4xx_hal_tim_ex.o
                0x000000000800b588                HAL_TIMEx_TISelection
 .text.HAL_TIMEx_CommutCallback
                0x000000000800b6a4       0x14 ./Drivers/STM32G4xx_HAL_Driver/Src/stm32g4xx_hal_tim_ex.o
                0x000000000800b6a4                HAL_TIMEx_CommutCallback
 .text.HAL_TIMEx_CommutHalfCpltCallback
                0x000000000800b6b8       0x14 ./Drivers/STM32G4xx_HAL_Driver/Src/stm32g4xx_hal_tim_ex.o
                0x000000000800b6b8                HAL_TIMEx_CommutHalfCpltCallback
 .text.HAL_TIMEx_BreakCallback
                0x000000000800b6cc       0x14 ./Drivers/STM32G4xx_HAL_Driver/Src/stm32g4xx_hal_tim_ex.o
                0x000000000800b6cc                HAL_TIMEx_BreakCallback
 .text.HAL_TIMEx_Break2Callback
                0x000000000800b6e0       0x14 ./Drivers/STM32G4xx_HAL_Driver/Src/stm32g4xx_hal_tim_ex.o
                0x000000000800b6e0                HAL_TIMEx_Break2Callback
 .text.HAL_TIMEx_EncoderIndexCallback
                0x000000000800b6f4       0x14 ./Drivers/STM32G4xx_HAL_Driver/Src/stm32g4xx_hal_tim_ex.o
                0x000000000800b6f4                HAL_TIMEx_EncoderIndexCallback
 .text.HAL_TIMEx_DirectionChangeCallback
                0x000000000800b708       0x14 ./Drivers/STM32G4xx_HAL_Driver/Src/stm32g4xx_hal_tim_ex.o
                0x000000000800b708                HAL_TIMEx_DirectionChangeCallback
 .text.HAL_TIMEx_IndexErrorCallback
                0x000000000800b71c       0x14 ./Drivers/STM32G4xx_HAL_Driver/Src/stm32g4xx_hal_tim_ex.o
                0x000000000800b71c                HAL_TIMEx_IndexErrorCallback
 .text.HAL_TIMEx_TransitionErrorCallback
                0x000000000800b730       0x14 ./Drivers/STM32G4xx_HAL_Driver/Src/stm32g4xx_hal_tim_ex.o
                0x000000000800b730                HAL_TIMEx_TransitionErrorCallback
 .text.__cxa_pure_virtual
                0x000000000800b744        0x6 c:/st/stm32cubeide_1.9.0/stm32cubeide/plugins/com.st.stm32cube.ide.mcu.externaltools.gnu-tools-for-stm32.10.3-2021.10.win32_1.0.0.202111181127/tools/bin/../lib/gcc/arm-none-eabi/10.3.1/../../../../arm-none-eabi/lib/thumb/v7e-m+fp/hard\libstdc++_nano.a(pure.o)
                0x000000000800b744                __cxa_pure_virtual
 .text._ZN10__cxxabiv111__terminateEPFvvE
                0x000000000800b74a        0x8 c:/st/stm32cubeide_1.9.0/stm32cubeide/plugins/com.st.stm32cube.ide.mcu.externaltools.gnu-tools-for-stm32.10.3-2021.10.win32_1.0.0.202111181127/tools/bin/../lib/gcc/arm-none-eabi/10.3.1/../../../../arm-none-eabi/lib/thumb/v7e-m+fp/hard\libstdc++_nano.a(eh_terminate.o)
                0x000000000800b74a                __cxxabiv1::__terminate(void (*)())
 *fill*         0x000000000800b752        0x2 
 .text._ZSt13get_terminatev
                0x000000000800b754       0x10 c:/st/stm32cubeide_1.9.0/stm32cubeide/plugins/com.st.stm32cube.ide.mcu.externaltools.gnu-tools-for-stm32.10.3-2021.10.win32_1.0.0.202111181127/tools/bin/../lib/gcc/arm-none-eabi/10.3.1/../../../../arm-none-eabi/lib/thumb/v7e-m+fp/hard\libstdc++_nano.a(eh_terminate.o)
                0x000000000800b754                std::get_terminate()
 .text._ZSt9terminatev
                0x000000000800b764        0xa c:/st/stm32cubeide_1.9.0/stm32cubeide/plugins/com.st.stm32cube.ide.mcu.externaltools.gnu-tools-for-stm32.10.3-2021.10.win32_1.0.0.202111181127/tools/bin/../lib/gcc/arm-none-eabi/10.3.1/../../../../arm-none-eabi/lib/thumb/v7e-m+fp/hard\libstdc++_nano.a(eh_terminate.o)
                0x000000000800b764                std::terminate()
 .text.abort    0x000000000800b76e        0xe c:/st/stm32cubeide_1.9.0/stm32cubeide/plugins/com.st.stm32cube.ide.mcu.externaltools.gnu-tools-for-stm32.10.3-2021.10.win32_1.0.0.202111181127/tools/bin/../lib/gcc/arm-none-eabi/10.3.1/../../../../arm-none-eabi/lib/thumb/v7e-m+fp/hard\libc_nano.a(lib_a-abort.o)
                0x000000000800b76e                abort
 .text.__errno  0x000000000800b77c        0xc c:/st/stm32cubeide_1.9.0/stm32cubeide/plugins/com.st.stm32cube.ide.mcu.externaltools.gnu-tools-for-stm32.10.3-2021.10.win32_1.0.0.202111181127/tools/bin/../lib/gcc/arm-none-eabi/10.3.1/../../../../arm-none-eabi/lib/thumb/v7e-m+fp/hard\libc_nano.a(lib_a-errno.o)
                0x000000000800b77c                __errno
 .text.__libc_init_array
                0x000000000800b788       0x48 c:/st/stm32cubeide_1.9.0/stm32cubeide/plugins/com.st.stm32cube.ide.mcu.externaltools.gnu-tools-for-stm32.10.3-2021.10.win32_1.0.0.202111181127/tools/bin/../lib/gcc/arm-none-eabi/10.3.1/../../../../arm-none-eabi/lib/thumb/v7e-m+fp/hard\libc_nano.a(lib_a-init.o)
                0x000000000800b788                __libc_init_array
 .text.memset   0x000000000800b7d0       0x10 c:/st/stm32cubeide_1.9.0/stm32cubeide/plugins/com.st.stm32cube.ide.mcu.externaltools.gnu-tools-for-stm32.10.3-2021.10.win32_1.0.0.202111181127/tools/bin/../lib/gcc/arm-none-eabi/10.3.1/../../../../arm-none-eabi/lib/thumb/v7e-m+fp/hard\libc_nano.a(lib_a-memset.o)
                0x000000000800b7d0                memset
 .text._raise_r
                0x000000000800b7e0       0x50 c:/st/stm32cubeide_1.9.0/stm32cubeide/plugins/com.st.stm32cube.ide.mcu.externaltools.gnu-tools-for-stm32.10.3-2021.10.win32_1.0.0.202111181127/tools/bin/../lib/gcc/arm-none-eabi/10.3.1/../../../../arm-none-eabi/lib/thumb/v7e-m+fp/hard\libc_nano.a(lib_a-signal.o)
                0x000000000800b7e0                _raise_r
 .text.raise    0x000000000800b830       0x10 c:/st/stm32cubeide_1.9.0/stm32cubeide/plugins/com.st.stm32cube.ide.mcu.externaltools.gnu-tools-for-stm32.10.3-2021.10.win32_1.0.0.202111181127/tools/bin/../lib/gcc/arm-none-eabi/10.3.1/../../../../arm-none-eabi/lib/thumb/v7e-m+fp/hard\libc_nano.a(lib_a-signal.o)
                0x000000000800b830                raise
 .text._kill_r  0x000000000800b840       0x24 c:/st/stm32cubeide_1.9.0/stm32cubeide/plugins/com.st.stm32cube.ide.mcu.externaltools.gnu-tools-for-stm32.10.3-2021.10.win32_1.0.0.202111181127/tools/bin/../lib/gcc/arm-none-eabi/10.3.1/../../../../arm-none-eabi/lib/thumb/v7e-m+fp/hard\libc_nano.a(lib_a-signalr.o)
                0x000000000800b840                _kill_r
 .text._getpid_r
                0x000000000800b864        0x4 c:/st/stm32cubeide_1.9.0/stm32cubeide/plugins/com.st.stm32cube.ide.mcu.externaltools.gnu-tools-for-stm32.10.3-2021.10.win32_1.0.0.202111181127/tools/bin/../lib/gcc/arm-none-eabi/10.3.1/../../../../arm-none-eabi/lib/thumb/v7e-m+fp/hard\libc_nano.a(lib_a-signalr.o)
                0x000000000800b864                _getpid_r
 *(.glue_7)
 .glue_7        0x000000000800b868        0x0 linker stubs
 *(.glue_7t)
 .glue_7t       0x000000000800b868        0x0 linker stubs
 *(.eh_frame)
 .eh_frame      0x000000000800b868        0x0 c:/st/stm32cubeide_1.9.0/stm32cubeide/plugins/com.st.stm32cube.ide.mcu.externaltools.gnu-tools-for-stm32.10.3-2021.10.win32_1.0.0.202111181127/tools/bin/../lib/gcc/arm-none-eabi/10.3.1/thumb/v7e-m+fp/hard/crtbegin.o
 *(.init)
 .init          0x000000000800b868        0x4 c:/st/stm32cubeide_1.9.0/stm32cubeide/plugins/com.st.stm32cube.ide.mcu.externaltools.gnu-tools-for-stm32.10.3-2021.10.win32_1.0.0.202111181127/tools/bin/../lib/gcc/arm-none-eabi/10.3.1/thumb/v7e-m+fp/hard/crti.o
                0x000000000800b868                _init
 .init          0x000000000800b86c        0x8 c:/st/stm32cubeide_1.9.0/stm32cubeide/plugins/com.st.stm32cube.ide.mcu.externaltools.gnu-tools-for-stm32.10.3-2021.10.win32_1.0.0.202111181127/tools/bin/../lib/gcc/arm-none-eabi/10.3.1/thumb/v7e-m+fp/hard/crtn.o
 *(.fini)
 .fini          0x000000000800b874        0x4 c:/st/stm32cubeide_1.9.0/stm32cubeide/plugins/com.st.stm32cube.ide.mcu.externaltools.gnu-tools-for-stm32.10.3-2021.10.win32_1.0.0.202111181127/tools/bin/../lib/gcc/arm-none-eabi/10.3.1/thumb/v7e-m+fp/hard/crti.o
                0x000000000800b874                _fini
 .fini          0x000000000800b878        0x8 c:/st/stm32cubeide_1.9.0/stm32cubeide/plugins/com.st.stm32cube.ide.mcu.externaltools.gnu-tools-for-stm32.10.3-2021.10.win32_1.0.0.202111181127/tools/bin/../lib/gcc/arm-none-eabi/10.3.1/thumb/v7e-m+fp/hard/crtn.o
                0x000000000800b880                . = ALIGN (0x4)
                0x000000000800b880                _etext = .

.vfp11_veneer   0x000000000800b880        0x0
 .vfp11_veneer  0x000000000800b880        0x0 linker stubs

.v4_bx          0x000000000800b880        0x0
 .v4_bx         0x000000000800b880        0x0 linker stubs

.iplt           0x000000000800b880        0x0
 .iplt          0x000000000800b880        0x0 c:/st/stm32cubeide_1.9.0/stm32cubeide/plugins/com.st.stm32cube.ide.mcu.externaltools.gnu-tools-for-stm32.10.3-2021.10.win32_1.0.0.202111181127/tools/bin/../lib/gcc/arm-none-eabi/10.3.1/thumb/v7e-m+fp/hard/crtbegin.o

.rodata         0x000000000800b880      0x1ac
                0x000000000800b880                . = ALIGN (0x4)
 *(.rodata)
 *(.rodata*)
 .rodata._ZL17ILI932x_regValues
                0x000000000800b880       0xcc ./Core/Src/mymain.o
 .rodata._ZTV11GFX_ILI9325
                0x000000000800b94c       0x24 ./Core/Src/mymain.o
                0x000000000800b94c                vtable for GFX_ILI9325
 .rodata._ZTV3GFX
                0x000000000800b970       0x24 ./Core/Src/mymain.o
                0x000000000800b970                vtable for GFX
 .rodata._ZTV12GFX_HW_PAR16
                0x000000000800b994       0x4c ./Core/Src/mymain.o
                0x000000000800b994                vtable for GFX_HW_PAR16
 .rodata._ZTV6GFX_HW
                0x000000000800b9e0       0x3c ./Core/Src/mymain.o
                0x000000000800b9e0                vtable for GFX_HW
 .rodata.AHBPrescTable
                0x000000000800ba1c       0x10 ./Core/Src/system_stm32g4xx.o
                0x000000000800ba1c                AHBPrescTable
                0x000000000800ba2c                . = ALIGN (0x4)

.rel.dyn        0x000000000800ba2c        0x0
 .rel.iplt      0x000000000800ba2c        0x0 c:/st/stm32cubeide_1.9.0/stm32cubeide/plugins/com.st.stm32cube.ide.mcu.externaltools.gnu-tools-for-stm32.10.3-2021.10.win32_1.0.0.202111181127/tools/bin/../lib/gcc/arm-none-eabi/10.3.1/thumb/v7e-m+fp/hard/crtbegin.o

.ARM.extab      0x000000000800ba2c        0x0
                0x000000000800ba2c                . = ALIGN (0x4)
 *(.ARM.extab* .gnu.linkonce.armextab.*)
                0x000000000800ba2c                . = ALIGN (0x4)

.ARM            0x000000000800ba2c        0x0
                0x000000000800ba2c                . = ALIGN (0x4)
                0x000000000800ba2c                __exidx_start = .
 *(.ARM.exidx*)
                0x000000000800ba2c                __exidx_end = .
                0x000000000800ba2c                . = ALIGN (0x4)

.preinit_array  0x000000000800ba2c        0x0
                0x000000000800ba2c                . = ALIGN (0x4)
                0x000000000800ba2c                PROVIDE (__preinit_array_start = .)
 *(.preinit_array*)
                0x000000000800ba2c                PROVIDE (__preinit_array_end = .)
                0x000000000800ba2c                . = ALIGN (0x4)

.init_array     0x000000000800ba2c        0x8
                0x000000000800ba2c                . = ALIGN (0x4)
                0x000000000800ba2c                PROVIDE (__init_array_start = .)
 *(SORT_BY_NAME(.init_array.*))
 *(.init_array*)
 .init_array    0x000000000800ba2c        0x4 c:/st/stm32cubeide_1.9.0/stm32cubeide/plugins/com.st.stm32cube.ide.mcu.externaltools.gnu-tools-for-stm32.10.3-2021.10.win32_1.0.0.202111181127/tools/bin/../lib/gcc/arm-none-eabi/10.3.1/thumb/v7e-m+fp/hard/crtbegin.o
 .init_array    0x000000000800ba30        0x4 ./Core/Src/mymain.o
                0x000000000800ba34                PROVIDE (__init_array_end = .)
                0x000000000800ba34                . = ALIGN (0x4)

.fini_array     0x000000000800ba34        0x4
                0x000000000800ba34                . = ALIGN (0x4)
                [!provide]                        PROVIDE (__fini_array_start = .)
 *(SORT_BY_NAME(.fini_array.*))
 *(.fini_array*)
 .fini_array    0x000000000800ba34        0x4 c:/st/stm32cubeide_1.9.0/stm32cubeide/plugins/com.st.stm32cube.ide.mcu.externaltools.gnu-tools-for-stm32.10.3-2021.10.win32_1.0.0.202111181127/tools/bin/../lib/gcc/arm-none-eabi/10.3.1/thumb/v7e-m+fp/hard/crtbegin.o
                [!provide]                        PROVIDE (__fini_array_end = .)
                0x000000000800ba38                . = ALIGN (0x4)
                0x000000000800ba38                _sidata = LOADADDR (.data)

.data           0x0000000020000000      0x198 load address 0x000000000800ba38
                0x0000000020000000                . = ALIGN (0x4)
                0x0000000020000000                _sdata = .
 *(.data)
 *(.data*)
 .data.SystemCoreClock
                0x0000000020000000        0x4 ./Core/Src/system_stm32g4xx.o
                0x0000000020000000                SystemCoreClock
 .data.rgbMap   0x0000000020000004       0x22 ./Core/Src/vdp.o
                0x0000000020000004                rgbMap
 *fill*         0x0000000020000026        0x2 
 .data.YVoltsDatasheet
                0x0000000020000028       0x40 ./Core/Src/vdp.o
                0x0000000020000028                YVoltsDatasheet
 .data.YVolts   0x0000000020000068       0x40 ./Core/Src/vdp.o
                0x0000000020000068                YVolts
 .data.RYVoltsDatasheet
                0x00000000200000a8       0x40 ./Core/Src/vdp.o
                0x00000000200000a8                RYVoltsDatasheet
 .data.RYVolts  0x00000000200000e8       0x40 ./Core/Src/vdp.o
                0x00000000200000e8                RYVolts
 .data.uwTickPrio
                0x0000000020000128        0x4 ./Drivers/STM32G4xx_HAL_Driver/Src/stm32g4xx_hal.o
                0x0000000020000128                uwTickPrio
 .data.uwTickFreq
                0x000000002000012c        0x4 ./Drivers/STM32G4xx_HAL_Driver/Src/stm32g4xx_hal.o
                0x000000002000012c                uwTickFreq
 .data._ZN10__cxxabiv119__terminate_handlerE
                0x0000000020000130        0x4 c:/st/stm32cubeide_1.9.0/stm32cubeide/plugins/com.st.stm32cube.ide.mcu.externaltools.gnu-tools-for-stm32.10.3-2021.10.win32_1.0.0.202111181127/tools/bin/../lib/gcc/arm-none-eabi/10.3.1/../../../../arm-none-eabi/lib/thumb/v7e-m+fp/hard\libstdc++_nano.a(eh_term_handler.o)
                0x0000000020000130                __cxxabiv1::__terminate_handler
 .data._impure_ptr
                0x0000000020000134        0x4 c:/st/stm32cubeide_1.9.0/stm32cubeide/plugins/com.st.stm32cube.ide.mcu.externaltools.gnu-tools-for-stm32.10.3-2021.10.win32_1.0.0.202111181127/tools/bin/../lib/gcc/arm-none-eabi/10.3.1/../../../../arm-none-eabi/lib/thumb/v7e-m+fp/hard\libc_nano.a(lib_a-impure.o)
                0x0000000020000134                _impure_ptr
 .data.impure_data
                0x0000000020000138       0x60 c:/st/stm32cubeide_1.9.0/stm32cubeide/plugins/com.st.stm32cube.ide.mcu.externaltools.gnu-tools-for-stm32.10.3-2021.10.win32_1.0.0.202111181127/tools/bin/../lib/gcc/arm-none-eabi/10.3.1/../../../../arm-none-eabi/lib/thumb/v7e-m+fp/hard\libc_nano.a(lib_a-impure.o)
 *(.RamFunc)
 *(.RamFunc*)
                0x0000000020000198                . = ALIGN (0x4)
                0x0000000020000198                _edata = .

.igot.plt       0x0000000020000198        0x0 load address 0x000000000800bbd0
 .igot.plt      0x0000000020000198        0x0 c:/st/stm32cubeide_1.9.0/stm32cubeide/plugins/com.st.stm32cube.ide.mcu.externaltools.gnu-tools-for-stm32.10.3-2021.10.win32_1.0.0.202111181127/tools/bin/../lib/gcc/arm-none-eabi/10.3.1/thumb/v7e-m+fp/hard/crtbegin.o
                0x0000000020000198                . = ALIGN (0x4)

.bss            0x0000000020000198    0x193ec load address 0x000000000800bbd0
                0x0000000020000198                _sbss = .
                0x0000000020000198                __bss_start__ = _sbss
 *(.bss)
 .bss           0x0000000020000198       0x1c c:/st/stm32cubeide_1.9.0/stm32cubeide/plugins/com.st.stm32cube.ide.mcu.externaltools.gnu-tools-for-stm32.10.3-2021.10.win32_1.0.0.202111181127/tools/bin/../lib/gcc/arm-none-eabi/10.3.1/thumb/v7e-m+fp/hard/crtbegin.o
 *(.bss*)
 .bss.hadc1     0x00000000200001b4       0x98 ./Core/Src/adc.o
                0x00000000200001b4                hadc1
 .bss.hadc2     0x000000002000024c       0x98 ./Core/Src/adc.o
                0x000000002000024c                hadc2
 .bss.hdma_adc1
                0x00000000200002e4       0x60 ./Core/Src/adc.o
                0x00000000200002e4                hdma_adc1
 .bss.HAL_RCC_ADC12_CLK_ENABLED
                0x0000000020000344        0x4 ./Core/Src/adc.o
 .bss.hcomp1    0x0000000020000348       0x24 ./Core/Src/comp.o
                0x0000000020000348                hcomp1
 .bss.rgbBuf    0x000000002000036c    0x18000 ./Core/Src/main.o
                0x000000002000036c                rgbBuf
 .bss.rgbBufIdx
                0x000000002001836c        0x4 ./Core/Src/main.o
                0x000000002001836c                rgbBufIdx
 .bss.rgbBufchunk
                0x0000000020018370        0x1 ./Core/Src/main.o
                0x0000000020018370                rgbBufchunk
 *fill*         0x0000000020018371        0x3 
 .bss.adcbuf    0x0000000020018374      0x800 ./Core/Src/main.o
                0x0000000020018374                adcbuf
 .bss.line      0x0000000020018b74        0x2 ./Core/Src/main.o
                0x0000000020018b74                line
 .bss.captureState
                0x0000000020018b76        0x1 ./Core/Src/main.o
                0x0000000020018b76                captureState
 .bss.frameReady
                0x0000000020018b77        0x1 ./Core/Src/main.o
                0x0000000020018b77                frameReady
 .bss.dmaState  0x0000000020018b78        0x1 ./Core/Src/main.o
                0x0000000020018b78                dmaState
 *fill*         0x0000000020018b79        0x1 
 .bss.pix       0x0000000020018b7a        0x2 ./Core/Src/main.o
                0x0000000020018b7a                pix
 .bss.encoderChanged
                0x0000000020018b7c        0x1 ./Core/Src/main.o
                0x0000000020018b7c                encoderChanged
 .bss.encoderPosition
                0x0000000020018b7d        0x1 ./Core/Src/main.o
                0x0000000020018b7d                encoderPosition
 .bss.lastPressed
                0x0000000020018b7e        0x1 ./Core/Src/main.o
                0x0000000020018b7e                lastPressed
 *fill*         0x0000000020018b7f        0x1 
 .bss.encoderButtonChangedTicks
                0x0000000020018b80        0x4 ./Core/Src/main.o
                0x0000000020018b80                encoderButtonChangedTicks
 .bss.setupColour
                0x0000000020018b84        0x1 ./Core/Src/main.o
                0x0000000020018b84                setupColour
 .bss.raisedClickedEvent
                0x0000000020018b85        0x1 ./Core/Src/main.o
                0x0000000020018b85                raisedClickedEvent
 .bss.raisedLongPressEvent
                0x0000000020018b86        0x1 ./Core/Src/main.o
                0x0000000020018b86                raisedLongPressEvent
 .bss.encoderClickedEvent
                0x0000000020018b87        0x1 ./Core/Src/main.o
                0x0000000020018b87                encoderClickedEvent
 .bss.encoderLongPressEvent
                0x0000000020018b88        0x1 ./Core/Src/main.o
                0x0000000020018b88                encoderLongPressEvent
 .bss.setupState
                0x0000000020018b89        0x1 ./Core/Src/main.o
                0x0000000020018b89                setupState
 *fill*         0x0000000020018b8a        0x2 
 .bss.hwspi     0x0000000020018b8c       0x28 ./Core/Src/mymain.o
                0x0000000020018b8c                hwspi
 .bss.tft       0x0000000020018bb4       0x10 ./Core/Src/mymain.o
                0x0000000020018bb4                tft
 .bss.setupYLevel
                0x0000000020018bc4        0x4 ./Core/Src/mymain.o
                0x0000000020018bc4                setupYLevel
 .bss.setupRYLevel
                0x0000000020018bc8        0x4 ./Core/Src/mymain.o
                0x0000000020018bc8                setupRYLevel
 .bss.hspi2     0x0000000020018bcc       0x8c ./Core/Src/spi.o
                0x0000000020018bcc                hspi2
 .bss.hdma_spi2_tx
                0x0000000020018c58       0x60 ./Core/Src/spi.o
                0x0000000020018c58                hdma_spi2_tx
 .bss.htim1     0x0000000020018cb8       0xcc ./Core/Src/tim.o
                0x0000000020018cb8                htim1
 .bss.htim2     0x0000000020018d84       0xcc ./Core/Src/tim.o
                0x0000000020018d84                htim2
 .bss.htim3     0x0000000020018e50       0xcc ./Core/Src/tim.o
                0x0000000020018e50                htim3
 .bss.htim4     0x0000000020018f1c       0xcc ./Core/Src/tim.o
                0x0000000020018f1c                htim4
 .bss.htim5     0x0000000020018fe8       0xcc ./Core/Src/tim.o
                0x0000000020018fe8                htim5
 .bss.htim8     0x00000000200190b4       0xcc ./Core/Src/tim.o
                0x00000000200190b4                htim8
 .bss.htim16    0x0000000020019180       0xcc ./Core/Src/tim.o
                0x0000000020019180                htim16
 .bss.htim20    0x000000002001924c       0xcc ./Core/Src/tim.o
                0x000000002001924c                htim20
 .bss.hdma_tim20_ch1
                0x0000000020019318       0x60 ./Core/Src/tim.o
                0x0000000020019318                hdma_tim20_ch1
 .bss.YMap      0x0000000020019378       0x80 ./Core/Src/vdp.o
                0x0000000020019378                YMap
 .bss.RYMap     0x00000000200193f8       0x80 ./Core/Src/vdp.o
                0x00000000200193f8                RYMap
 .bss.bitMap    0x0000000020019478      0x100 ./Core/Src/vdp.o
                0x0000000020019478                bitMap
 .bss.offset    0x0000000020019578        0x4 ./Core/Src/vdp.o
                0x0000000020019578                offset
 .bss.uwTick    0x000000002001957c        0x4 ./Drivers/STM32G4xx_HAL_Driver/Src/stm32g4xx_hal.o
                0x000000002001957c                uwTick
 .bss.errno     0x0000000020019580        0x4 c:/st/stm32cubeide_1.9.0/stm32cubeide/plugins/com.st.stm32cube.ide.mcu.externaltools.gnu-tools-for-stm32.10.3-2021.10.win32_1.0.0.202111181127/tools/bin/../lib/gcc/arm-none-eabi/10.3.1/../../../../arm-none-eabi/lib/thumb/v7e-m+fp/hard\libc_nano.a(lib_a-reent.o)
                0x0000000020019580                errno
 *(COMMON)
                0x0000000020019584                . = ALIGN (0x4)
                0x0000000020019584                _ebss = .
                0x0000000020019584                __bss_end__ = _ebss

._user_heap_stack
                0x0000000020019584      0x604 load address 0x000000000800bbd0
                0x0000000020019588                . = ALIGN (0x8)
 *fill*         0x0000000020019584        0x4 
                [!provide]                        PROVIDE (end = .)
                0x0000000020019588                PROVIDE (_end = .)
                0x0000000020019788                . = (. + _Min_Heap_Size)
 *fill*         0x0000000020019588      0x200 
                0x0000000020019b88                . = (. + _Min_Stack_Size)
 *fill*         0x0000000020019788      0x400 
                0x0000000020019b88                . = ALIGN (0x8)

/DISCARD/
 libc.a(*)
 libm.a(*)
 libgcc.a(*)

.ARM.attributes
                0x0000000000000000       0x30
 *(.ARM.attributes)
 .ARM.attributes
                0x0000000000000000       0x1e c:/st/stm32cubeide_1.9.0/stm32cubeide/plugins/com.st.stm32cube.ide.mcu.externaltools.gnu-tools-for-stm32.10.3-2021.10.win32_1.0.0.202111181127/tools/bin/../lib/gcc/arm-none-eabi/10.3.1/thumb/v7e-m+fp/hard/crti.o
 .ARM.attributes
                0x000000000000001e       0x34 c:/st/stm32cubeide_1.9.0/stm32cubeide/plugins/com.st.stm32cube.ide.mcu.externaltools.gnu-tools-for-stm32.10.3-2021.10.win32_1.0.0.202111181127/tools/bin/../lib/gcc/arm-none-eabi/10.3.1/thumb/v7e-m+fp/hard/crtbegin.o
 .ARM.attributes
                0x0000000000000052       0x34 ./Core/Src/adc.o
 .ARM.attributes
                0x0000000000000086       0x34 ./Core/Src/comp.o
 .ARM.attributes
                0x00000000000000ba       0x34 ./Core/Src/dma.o
 .ARM.attributes
                0x00000000000000ee       0x34 ./Core/Src/gpio.o
 .ARM.attributes
                0x0000000000000122       0x34 ./Core/Src/main.o
 .ARM.attributes
                0x0000000000000156       0x34 ./Core/Src/mymain.o
 .ARM.attributes
                0x000000000000018a       0x34 ./Core/Src/spi.o
 .ARM.attributes
                0x00000000000001be       0x34 ./Core/Src/stm32g4xx_hal_msp.o
 .ARM.attributes
                0x00000000000001f2       0x34 ./Core/Src/stm32g4xx_it.o
 .ARM.attributes
                0x0000000000000226       0x34 ./Core/Src/syscalls.o
 .ARM.attributes
                0x000000000000025a       0x34 ./Core/Src/system_stm32g4xx.o
 .ARM.attributes
                0x000000000000028e       0x34 ./Core/Src/tim.o
 .ARM.attributes
                0x00000000000002c2       0x34 ./Core/Src/vdp.o
 .ARM.attributes
                0x00000000000002f6       0x21 ./Core/Startup/startup_stm32g474retx.o
 .ARM.attributes
                0x0000000000000317       0x34 ./Drivers/STM32G4xx_HAL_Driver/Src/stm32g4xx_hal.o
 .ARM.attributes
                0x000000000000034b       0x34 ./Drivers/STM32G4xx_HAL_Driver/Src/stm32g4xx_hal_adc.o
 .ARM.attributes
                0x000000000000037f       0x34 ./Drivers/STM32G4xx_HAL_Driver/Src/stm32g4xx_hal_adc_ex.o
 .ARM.attributes
                0x00000000000003b3       0x34 ./Drivers/STM32G4xx_HAL_Driver/Src/stm32g4xx_hal_comp.o
 .ARM.attributes
                0x00000000000003e7       0x34 ./Drivers/STM32G4xx_HAL_Driver/Src/stm32g4xx_hal_cortex.o
 .ARM.attributes
                0x000000000000041b       0x34 ./Drivers/STM32G4xx_HAL_Driver/Src/stm32g4xx_hal_dma.o
 .ARM.attributes
                0x000000000000044f       0x34 ./Drivers/STM32G4xx_HAL_Driver/Src/stm32g4xx_hal_dma_ex.o
 .ARM.attributes
                0x0000000000000483       0x34 ./Drivers/STM32G4xx_HAL_Driver/Src/stm32g4xx_hal_gpio.o
 .ARM.attributes
                0x00000000000004b7       0x34 ./Drivers/STM32G4xx_HAL_Driver/Src/stm32g4xx_hal_pwr_ex.o
 .ARM.attributes
                0x00000000000004eb       0x34 ./Drivers/STM32G4xx_HAL_Driver/Src/stm32g4xx_hal_rcc.o
 .ARM.attributes
                0x000000000000051f       0x34 ./Drivers/STM32G4xx_HAL_Driver/Src/stm32g4xx_hal_rcc_ex.o
 .ARM.attributes
                0x0000000000000553       0x34 ./Drivers/STM32G4xx_HAL_Driver/Src/stm32g4xx_hal_spi.o
 .ARM.attributes
                0x0000000000000587       0x34 ./Drivers/STM32G4xx_HAL_Driver/Src/stm32g4xx_hal_tim.o
 .ARM.attributes
                0x00000000000005bb       0x34 ./Drivers/STM32G4xx_HAL_Driver/Src/stm32g4xx_hal_tim_ex.o
 .ARM.attributes
                0x00000000000005ef       0x34 c:/st/stm32cubeide_1.9.0/stm32cubeide/plugins/com.st.stm32cube.ide.mcu.externaltools.gnu-tools-for-stm32.10.3-2021.10.win32_1.0.0.202111181127/tools/bin/../lib/gcc/arm-none-eabi/10.3.1/../../../../arm-none-eabi/lib/thumb/v7e-m+fp/hard\libstdc++_nano.a(pure.o)
 .ARM.attributes
                0x0000000000000623       0x34 c:/st/stm32cubeide_1.9.0/stm32cubeide/plugins/com.st.stm32cube.ide.mcu.externaltools.gnu-tools-for-stm32.10.3-2021.10.win32_1.0.0.202111181127/tools/bin/../lib/gcc/arm-none-eabi/10.3.1/../../../../arm-none-eabi/lib/thumb/v7e-m+fp/hard\libstdc++_nano.a(eh_terminate.o)
 .ARM.attributes
                0x0000000000000657       0x34 c:/st/stm32cubeide_1.9.0/stm32cubeide/plugins/com.st.stm32cube.ide.mcu.externaltools.gnu-tools-for-stm32.10.3-2021.10.win32_1.0.0.202111181127/tools/bin/../lib/gcc/arm-none-eabi/10.3.1/../../../../arm-none-eabi/lib/thumb/v7e-m+fp/hard\libstdc++_nano.a(eh_term_handler.o)
 .ARM.attributes
                0x000000000000068b       0x34 c:/st/stm32cubeide_1.9.0/stm32cubeide/plugins/com.st.stm32cube.ide.mcu.externaltools.gnu-tools-for-stm32.10.3-2021.10.win32_1.0.0.202111181127/tools/bin/../lib/gcc/arm-none-eabi/10.3.1/../../../../arm-none-eabi/lib/thumb/v7e-m+fp/hard\libc_nano.a(lib_a-abort.o)
 .ARM.attributes
                0x00000000000006bf       0x34 c:/st/stm32cubeide_1.9.0/stm32cubeide/plugins/com.st.stm32cube.ide.mcu.externaltools.gnu-tools-for-stm32.10.3-2021.10.win32_1.0.0.202111181127/tools/bin/../lib/gcc/arm-none-eabi/10.3.1/../../../../arm-none-eabi/lib/thumb/v7e-m+fp/hard\libc_nano.a(lib_a-errno.o)
 .ARM.attributes
                0x00000000000006f3       0x34 c:/st/stm32cubeide_1.9.0/stm32cubeide/plugins/com.st.stm32cube.ide.mcu.externaltools.gnu-tools-for-stm32.10.3-2021.10.win32_1.0.0.202111181127/tools/bin/../lib/gcc/arm-none-eabi/10.3.1/../../../../arm-none-eabi/lib/thumb/v7e-m+fp/hard\libc_nano.a(lib_a-impure.o)
 .ARM.attributes
                0x0000000000000727       0x34 c:/st/stm32cubeide_1.9.0/stm32cubeide/plugins/com.st.stm32cube.ide.mcu.externaltools.gnu-tools-for-stm32.10.3-2021.10.win32_1.0.0.202111181127/tools/bin/../lib/gcc/arm-none-eabi/10.3.1/../../../../arm-none-eabi/lib/thumb/v7e-m+fp/hard\libc_nano.a(lib_a-init.o)
 .ARM.attributes
                0x000000000000075b       0x34 c:/st/stm32cubeide_1.9.0/stm32cubeide/plugins/com.st.stm32cube.ide.mcu.externaltools.gnu-tools-for-stm32.10.3-2021.10.win32_1.0.0.202111181127/tools/bin/../lib/gcc/arm-none-eabi/10.3.1/../../../../arm-none-eabi/lib/thumb/v7e-m+fp/hard\libc_nano.a(lib_a-memset.o)
 .ARM.attributes